19782 futex(0x7e56ec0846e8, FUTEX_WAIT_BITSET_PRIVATE, 0, {tv_sec=6974, tv_nsec=500228473}, FUTEX_BITSET_MATCH_ANY <unfinished ...>
19776 <... poll resumed>)               = 0 (Timeout)
19776 poll([{fd=105<pipe:[51666]>, events=POLLIN}, {fd=125<TCP:[0.0.0.0:57621]>, events=POLLIN|POLLOUT}, {fd=112<TCP:[192.168.30.128:52472->104.199.240.237:4070]>, events=POLLIN}], 3, 199 <unfinished ...>
19748 <... epoll_wait resumed>[{events=EPOLLIN, data={u32=2202872460, u64=105495189596812}}], 128, -1) = 1
19748 timerfd_settime(96<anon_inode:[timerfd]>, 0, {it_interval={tv_sec=0, tv_nsec=0}, it_value={tv_sec=300, tv_nsec=0}}, {it_interval={tv_sec=0, tv_nsec=0}, it_value={tv_sec=0, tv_nsec=0}}) = 0
19748 timerfd_settime(96<anon_inode:[timerfd]>, 0, {it_interval={tv_sec=0, tv_nsec=0}, it_value={tv_sec=0, tv_nsec=49998000}}, {it_interval={tv_sec=0, tv_nsec=0}, it_value={tv_sec=299, tv_nsec=999915553}}) = 0
19748 epoll_wait(95<anon_inode:[eventpoll]>,  <unfinished ...>
19778 <... poll resumed>)               = 0 (Timeout)
19778 poll([{fd=114<pipe:[50812]>, events=POLLIN}, {fd=116<TCP:[192.168.30.128:45584->35.186.224.35:443]>, events=POLLIN}], 2, 50 <unfinished ...>
19748 <... epoll_wait resumed>[{events=EPOLLIN, data={u32=2202872460, u64=105495189596812}}], 128, -1) = 1
19748 timerfd_settime(96<anon_inode:[timerfd]>, 0, {it_interval={tv_sec=0, tv_nsec=0}, it_value={tv_sec=300, tv_nsec=0}}, {it_interval={tv_sec=0, tv_nsec=0}, it_value={tv_sec=0, tv_nsec=0}}) = 0
19748 timerfd_settime(96<anon_inode:[timerfd]>, 0, {it_interval={tv_sec=0, tv_nsec=0}, it_value={tv_sec=0, tv_nsec=49962000}}, {it_interval={tv_sec=0, tv_nsec=0}, it_value={tv_sec=299, tv_nsec=999716202}}) = 0
19748 epoll_wait(95<anon_inode:[eventpoll]>,  <unfinished ...>
19778 <... poll resumed>)               = 0 (Timeout)
19778 poll([{fd=114<pipe:[50812]>, events=POLLIN}, {fd=116<TCP:[192.168.30.128:45584->35.186.224.35:443]>, events=POLLIN}], 2, 50 <unfinished ...>
19794 <... clock_nanosleep resumed>0x7e5713dfe140) = 0
19794 clock_nanosleep(CLOCK_REALTIME, 0, {tv_sec=0, tv_nsec=100000000},  <unfinished ...>
19782 <... futex resumed>)              = -1 ETIMEDOUT (Connection timed out)
19782 futex(0x7e56ec097d88, FUTEX_WAKE_PRIVATE, 1) = 0
19782 futex(0x7e56ec0846e8, FUTEX_WAIT_BITSET_PRIVATE, 0, {tv_sec=6974, tv_nsec=600536426}, FUTEX_BITSET_MATCH_ANY <unfinished ...>
19748 <... epoll_wait resumed>[{events=EPOLLIN, data={u32=2202872460, u64=105495189596812}}], 128, -1) = 1
19748 timerfd_settime(96<anon_inode:[timerfd]>, 0, {it_interval={tv_sec=0, tv_nsec=0}, it_value={tv_sec=300, tv_nsec=0}}, {it_interval={tv_sec=0, tv_nsec=0}, it_value={tv_sec=0, tv_nsec=0}}) = 0
19748 timerfd_settime(96<anon_inode:[timerfd]>, 0, {it_interval={tv_sec=0, tv_nsec=0}, it_value={tv_sec=0, tv_nsec=48998000}}, {it_interval={tv_sec=0, tv_nsec=0}, it_value={tv_sec=299, tv_nsec=999915254}}) = 0
19748 epoll_wait(95<anon_inode:[eventpoll]>,  <unfinished ...>
19778 <... poll resumed>)               = 0 (Timeout)
19778 poll([{fd=114<pipe:[50812]>, events=POLLIN}, {fd=116<TCP:[192.168.30.128:45584->35.186.224.35:443]>, events=POLLIN}], 2, 50 <unfinished ...>
19748 <... epoll_wait resumed>[{events=EPOLLIN, data={u32=2202872460, u64=105495189596812}}], 128, -1) = 1
19748 timerfd_settime(96<anon_inode:[timerfd]>, 0, {it_interval={tv_sec=0, tv_nsec=0}, it_value={tv_sec=300, tv_nsec=0}}, {it_interval={tv_sec=0, tv_nsec=0}, it_value={tv_sec=0, tv_nsec=0}}) = 0
19748 timerfd_settime(96<anon_inode:[timerfd]>, 0, {it_interval={tv_sec=0, tv_nsec=0}, it_value={tv_sec=0, tv_nsec=49998000}}, {it_interval={tv_sec=0, tv_nsec=0}, it_value={tv_sec=299, tv_nsec=999648003}}) = 0
19748 epoll_wait(95<anon_inode:[eventpoll]>,  <unfinished ...>
19778 <... poll resumed>)               = 0 (Timeout)
19778 poll([{fd=114<pipe:[50812]>, events=POLLIN}, {fd=116<TCP:[192.168.30.128:45584->35.186.224.35:443]>, events=POLLIN}], 2, 50 <unfinished ...>
19794 <... clock_nanosleep resumed>0x7e5713dfe140) = 0
19794 clock_nanosleep(CLOCK_REALTIME, 0, {tv_sec=0, tv_nsec=100000000},  <unfinished ...>
19782 <... futex resumed>)              = -1 ETIMEDOUT (Connection timed out)
19782 futex(0x7e56ec097d88, FUTEX_WAKE_PRIVATE, 1) = 0
19782 futex(0x7e56ec0846e8, FUTEX_WAIT_BITSET_PRIVATE, 0, {tv_sec=6974, tv_nsec=700864593}, FUTEX_BITSET_MATCH_ANY <unfinished ...>
19776 <... poll resumed>)               = 0 (Timeout)
19776 poll([{fd=105<pipe:[51666]>, events=POLLIN}, {fd=125<TCP:[0.0.0.0:57621]>, events=POLLIN|POLLOUT}, {fd=112<TCP:[192.168.30.128:52472->104.199.240.237:4070]>, events=POLLIN}], 3, 200 <unfinished ...>
19748 <... epoll_wait resumed>[{events=EPOLLIN, data={u32=2202872460, u64=105495189596812}}], 128, -1) = 1
19748 timerfd_settime(96<anon_inode:[timerfd]>, 0, {it_interval={tv_sec=0, tv_nsec=0}, it_value={tv_sec=300, tv_nsec=0}}, {it_interval={tv_sec=0, tv_nsec=0}, it_value={tv_sec=0, tv_nsec=0}}) = 0
19748 timerfd_settime(96<anon_inode:[timerfd]>, 0, {it_interval={tv_sec=0, tv_nsec=0}, it_value={tv_sec=0, tv_nsec=48998000}}, {it_interval={tv_sec=0, tv_nsec=0}, it_value={tv_sec=299, tv_nsec=999920600}}) = 0
19748 epoll_wait(95<anon_inode:[eventpoll]>,  <unfinished ...>
19778 <... poll resumed>)               = 0 (Timeout)
19778 poll([{fd=114<pipe:[50812]>, events=POLLIN}, {fd=116<TCP:[192.168.30.128:45584->35.186.224.35:443]>, events=POLLIN}], 2, 50 <unfinished ...>
19748 <... epoll_wait resumed>[{events=EPOLLIN, data={u32=2202872460, u64=105495189596812}}], 128, -1) = 1
19748 timerfd_settime(96<anon_inode:[timerfd]>, 0, {it_interval={tv_sec=0, tv_nsec=0}, it_value={tv_sec=300, tv_nsec=0}}, {it_interval={tv_sec=0, tv_nsec=0}, it_value={tv_sec=0, tv_nsec=0}}) = 0
19748 timerfd_settime(96<anon_inode:[timerfd]>, 0, {it_interval={tv_sec=0, tv_nsec=0}, it_value={tv_sec=0, tv_nsec=49999000}}, {it_interval={tv_sec=0, tv_nsec=0}, it_value={tv_sec=299, tv_nsec=999914900}}) = 0
19748 epoll_wait(95<anon_inode:[eventpoll]>,  <unfinished ...>
19778 <... poll resumed>)               = 0 (Timeout)
19778 poll([{fd=114<pipe:[50812]>, events=POLLIN}, {fd=116<TCP:[192.168.30.128:45584->35.186.224.35:443]>, events=POLLIN}], 2, 50 <unfinished ...>
19794 <... clock_nanosleep resumed>0x7e5713dfe140) = 0
19794 clock_nanosleep(CLOCK_REALTIME, 0, {tv_sec=0, tv_nsec=100000000},  <unfinished ...>
19782 <... futex resumed>)              = -1 ETIMEDOUT (Connection timed out)
19782 futex(0x7e56ec097d88, FUTEX_WAKE_PRIVATE, 1) = 0
19782 futex(0x7e56ec0846e8, FUTEX_WAIT_BITSET_PRIVATE, 0, {tv_sec=6974, tv_nsec=800094770}, FUTEX_BITSET_MATCH_ANY <unfinished ...>
19748 <... epoll_wait resumed>[{events=EPOLLIN, data={u32=2202872460, u64=105495189596812}}], 128, -1) = 1
19748 timerfd_settime(96<anon_inode:[timerfd]>, 0, {it_interval={tv_sec=0, tv_nsec=0}, it_value={tv_sec=300, tv_nsec=0}}, {it_interval={tv_sec=0, tv_nsec=0}, it_value={tv_sec=0, tv_nsec=0}}) = 0
19748 timerfd_settime(96<anon_inode:[timerfd]>, 0, {it_interval={tv_sec=0, tv_nsec=0}, it_value={tv_sec=0, tv_nsec=48997000}}, {it_interval={tv_sec=0, tv_nsec=0}, it_value={tv_sec=299, tv_nsec=999808149}}) = 0
19748 epoll_wait(95<anon_inode:[eventpoll]>,  <unfinished ...>
19778 <... poll resumed>)               = 0 (Timeout)
19778 poll([{fd=114<pipe:[50812]>, events=POLLIN}, {fd=116<TCP:[192.168.30.128:45584->35.186.224.35:443]>, events=POLLIN}], 2, 50 <unfinished ...>
19748 <... epoll_wait resumed>[{events=EPOLLIN, data={u32=2202872460, u64=105495189596812}}], 128, -1) = 1
19748 timerfd_settime(96<anon_inode:[timerfd]>, 0, {it_interval={tv_sec=0, tv_nsec=0}, it_value={tv_sec=300, tv_nsec=0}}, {it_interval={tv_sec=0, tv_nsec=0}, it_value={tv_sec=0, tv_nsec=0}}) = 0
19748 timerfd_settime(96<anon_inode:[timerfd]>, 0, {it_interval={tv_sec=0, tv_nsec=0}, it_value={tv_sec=0, tv_nsec=49997000}}, {it_interval={tv_sec=0, tv_nsec=0}, it_value={tv_sec=299, tv_nsec=999914078}}) = 0
19748 epoll_wait(95<anon_inode:[eventpoll]>,  <unfinished ...>
19655 <... poll resumed>)               = 0 (Timeout)
19655 recvmsg(17<UNIX-STREAM:[48650->54739]>, {msg_namelen=0}, 0) = -1 EAGAIN (Resource temporarily unavailable)
19655 poll([{fd=17<UNIX-STREAM:[48650->54739]>, events=POLLIN|POLLOUT}], 1, -1) = 1 ([{fd=17, revents=POLLOUT}])
19655 writev(17<UNIX-STREAM:[48650->54739]>, [{iov_base="\220\1\2\0 \4\0\0", iov_len=8}], 1) = 8
19655 poll([{fd=17<UNIX-STREAM:[48650->54739]>, events=POLLIN}], 1, -1) = 1 ([{fd=17, revents=POLLIN}])
19655 recvmsg(17<UNIX-STREAM:[48650->54739]>, {msg_name=NULL, msg_namelen=0, msg_iov=[{iov_base="\1\3E\1\0\0\0\0\37\4\0\0\0\0\0\0f\361\0\0\1\0\0\0\0\0\0\0\0\0\0\0", iov_len=4096}], msg_iovlen=1, msg_controllen=0, msg_flags=0}, 0) = 32
19655 recvmsg(32<UNIX-STREAM:[48651->54740]>, {msg_namelen=0}, 0) = -1 EAGAIN (Resource temporarily unavailable)
19655 recvmsg(32<UNIX-STREAM:[48651->54740]>, {msg_namelen=0}, 0) = -1 EAGAIN (Resource temporarily unavailable)
19655 poll([{fd=13<anon_inode:[eventfd]>, events=POLLIN}, {fd=17<UNIX-STREAM:[48650->54739]>, events=POLLIN}, {fd=32<UNIX-STREAM:[48651->54740]>, events=POLLIN}], 3, 0) = 0 (Timeout)
19655 recvmsg(32<UNIX-STREAM:[48651->54740]>, {msg_namelen=0}, 0) = -1 EAGAIN (Resource temporarily unavailable)
19655 recvmsg(32<UNIX-STREAM:[48651->54740]>, {msg_namelen=0}, 0) = -1 EAGAIN (Resource temporarily unavailable)
19655 poll([{fd=13<anon_inode:[eventfd]>, events=POLLIN}, {fd=14<pipe:[48647]>, events=POLLIN}, {fd=17<UNIX-STREAM:[48650->54739]>, events=POLLIN}, {fd=32<UNIX-STREAM:[48651->54740]>, events=POLLIN}], 4, 0) = 0 (Timeout)
19655 recvmsg(32<UNIX-STREAM:[48651->54740]>, {msg_namelen=0}, 0) = -1 EAGAIN (Resource temporarily unavailable)
19655 recvmsg(32<UNIX-STREAM:[48651->54740]>, {msg_namelen=0}, 0) = -1 EAGAIN (Resource temporarily unavailable)
19655 poll([{fd=13<anon_inode:[eventfd]>, events=POLLIN}, {fd=14<pipe:[48647]>, events=POLLIN}, {fd=17<UNIX-STREAM:[48650->54739]>, events=POLLIN}, {fd=32<UNIX-STREAM:[48651->54740]>, events=POLLIN}], 4, 4088 <unfinished ...>
19778 <... poll resumed>)               = 0 (Timeout)
19778 poll([{fd=114<pipe:[50812]>, events=POLLIN}, {fd=116<TCP:[192.168.30.128:45584->35.186.224.35:443]>, events=POLLIN}], 2, 50 <unfinished ...>
19794 <... clock_nanosleep resumed>0x7e5713dfe140) = 0
19794 clock_nanosleep(CLOCK_REALTIME, 0, {tv_sec=0, tv_nsec=100000000},  <unfinished ...>
19782 <... futex resumed>)              = -1 ETIMEDOUT (Connection timed out)
19782 futex(0x7e56ec097d88, FUTEX_WAKE_PRIVATE, 1) = 0
19782 futex(0x7e56ec0846e8, FUTEX_WAIT_BITSET_PRIVATE, 0, {tv_sec=6974, tv_nsec=900405230}, FUTEX_BITSET_MATCH_ANY <unfinished ...>
19776 <... poll resumed>)               = 0 (Timeout)
19776 poll([{fd=105<pipe:[51666]>, events=POLLIN}, {fd=125<TCP:[0.0.0.0:57621]>, events=POLLIN|POLLOUT}, {fd=112<TCP:[192.168.30.128:52472->104.199.240.237:4070]>, events=POLLIN}], 3, 199 <unfinished ...>
19748 <... epoll_wait resumed>[{events=EPOLLIN, data={u32=2202872460, u64=105495189596812}}], 128, -1) = 1
19748 timerfd_settime(96<anon_inode:[timerfd]>, 0, {it_interval={tv_sec=0, tv_nsec=0}, it_value={tv_sec=300, tv_nsec=0}}, {it_interval={tv_sec=0, tv_nsec=0}, it_value={tv_sec=0, tv_nsec=0}}) = 0
19748 timerfd_settime(96<anon_inode:[timerfd]>, 0, {it_interval={tv_sec=0, tv_nsec=0}, it_value={tv_sec=0, tv_nsec=48998000}}, {it_interval={tv_sec=0, tv_nsec=0}, it_value={tv_sec=299, tv_nsec=999916547}}) = 0
19748 epoll_wait(95<anon_inode:[eventpoll]>,  <unfinished ...>
19778 <... poll resumed>)               = 0 (Timeout)
19778 poll([{fd=114<pipe:[50812]>, events=POLLIN}, {fd=116<TCP:[192.168.30.128:45584->35.186.224.35:443]>, events=POLLIN}], 2, 50 <unfinished ...>
19748 <... epoll_wait resumed>[{events=EPOLLIN, data={u32=2202872460, u64=105495189596812}}], 128, -1) = 1
19748 timerfd_settime(96<anon_inode:[timerfd]>, 0, {it_interval={tv_sec=0, tv_nsec=0}, it_value={tv_sec=300, tv_nsec=0}}, {it_interval={tv_sec=0, tv_nsec=0}, it_value={tv_sec=0, tv_nsec=0}}) = 0
19748 timerfd_settime(96<anon_inode:[timerfd]>, 0, {it_interval={tv_sec=0, tv_nsec=0}, it_value={tv_sec=0, tv_nsec=49998000}}, {it_interval={tv_sec=0, tv_nsec=0}, it_value={tv_sec=299, tv_nsec=999914171}}) = 0
19748 epoll_wait(95<anon_inode:[eventpoll]>,  <unfinished ...>
19778 <... poll resumed>)               = 0 (Timeout)
19778 poll([{fd=114<pipe:[50812]>, events=POLLIN}, {fd=116<TCP:[192.168.30.128:45584->35.186.224.35:443]>, events=POLLIN}], 2, 50 <unfinished ...>
19794 <... clock_nanosleep resumed>0x7e5713dfe140) = 0
19794 clock_nanosleep(CLOCK_REALTIME, 0, {tv_sec=0, tv_nsec=100000000},  <unfinished ...>
19782 <... futex resumed>)              = -1 ETIMEDOUT (Connection timed out)
19782 futex(0x7e56ec097d88, FUTEX_WAKE_PRIVATE, 1) = 0
19782 futex(0x7e56ec0846e8, FUTEX_WAIT_BITSET_PRIVATE, 0, {tv_sec=6975, tv_nsec=742993}, FUTEX_BITSET_MATCH_ANY <unfinished ...>
19748 <... epoll_wait resumed>[{events=EPOLLIN, data={u32=2202872460, u64=105495189596812}}], 128, -1) = 1
19748 timerfd_settime(96<anon_inode:[timerfd]>, 0, {it_interval={tv_sec=0, tv_nsec=0}, it_value={tv_sec=300, tv_nsec=0}}, {it_interval={tv_sec=0, tv_nsec=0}, it_value={tv_sec=0, tv_nsec=0}}) = 0
19748 timerfd_settime(96<anon_inode:[timerfd]>, 0, {it_interval={tv_sec=0, tv_nsec=0}, it_value={tv_sec=0, tv_nsec=48998000}}, {it_interval={tv_sec=0, tv_nsec=0}, it_value={tv_sec=299, tv_nsec=999804207}}) = 0
19748 epoll_wait(95<anon_inode:[eventpoll]>,  <unfinished ...>
19778 <... poll resumed>)               = 0 (Timeout)
19778 poll([{fd=114<pipe:[50812]>, events=POLLIN}, {fd=116<TCP:[192.168.30.128:45584->35.186.224.35:443]>, events=POLLIN}], 2, 50 <unfinished ...>
19748 <... epoll_wait resumed>[{events=EPOLLIN, data={u32=2202872460, u64=105495189596812}}], 128, -1) = 1
19748 timerfd_settime(96<anon_inode:[timerfd]>, 0, {it_interval={tv_sec=0, tv_nsec=0}, it_value={tv_sec=300, tv_nsec=0}}, {it_interval={tv_sec=0, tv_nsec=0}, it_value={tv_sec=0, tv_nsec=0}}) = 0
19748 timerfd_settime(96<anon_inode:[timerfd]>, 0, {it_interval={tv_sec=0, tv_nsec=0}, it_value={tv_sec=0, tv_nsec=34999000}}, {it_interval={tv_sec=0, tv_nsec=0}, it_value={tv_sec=299, tv_nsec=999971599}}) = 0
19748 epoll_wait(95<anon_inode:[eventpoll]>,  <unfinished ...>
19778 <... poll resumed>)               = 0 (Timeout)
19778 poll([{fd=114<pipe:[50812]>, events=POLLIN}, {fd=116<TCP:[192.168.30.128:45584->35.186.224.35:443]>, events=POLLIN}], 2, 50 <unfinished ...>
19794 <... clock_nanosleep resumed>0x7e5713dfe140) = 0
19794 clock_nanosleep(CLOCK_REALTIME, 0, {tv_sec=0, tv_nsec=100000000},  <unfinished ...>
19748 <... epoll_wait resumed>[{events=EPOLLIN, data={u32=2202872460, u64=105495189596812}}], 128, -1) = 1
19748 timerfd_settime(96<anon_inode:[timerfd]>, 0, {it_interval={tv_sec=0, tv_nsec=0}, it_value={tv_sec=300, tv_nsec=0}},  <unfinished ...>
19776 <... poll resumed>)               = 0 (Timeout)
19748 <... timerfd_settime resumed>{it_interval={tv_sec=0, tv_nsec=0}, it_value={tv_sec=0, tv_nsec=0}}) = 0
19776 poll([{fd=105<pipe:[51666]>, events=POLLIN}, {fd=125<TCP:[0.0.0.0:57621]>, events=POLLIN|POLLOUT}, {fd=112<TCP:[192.168.30.128:52472->104.199.240.237:4070]>, events=POLLIN}], 3, 200 <unfinished ...>
19782 <... futex resumed>)              = -1 ETIMEDOUT (Connection timed out)
19748 timerfd_settime(96<anon_inode:[timerfd]>, 0, {it_interval={tv_sec=0, tv_nsec=0}, it_value={tv_sec=0, tv_nsec=14998000}},  <unfinished ...>
19782 futex(0x7e56ec097d88, FUTEX_WAKE_PRIVATE, 1 <unfinished ...>
19748 <... timerfd_settime resumed>{it_interval={tv_sec=0, tv_nsec=0}, it_value={tv_sec=299, tv_nsec=999785954}}) = 0
19782 <... futex resumed>)              = 0
19748 epoll_wait(95<anon_inode:[eventpoll]>,  <unfinished ...>
19782 futex(0x7e56ec0846e8, FUTEX_WAIT_BITSET_PRIVATE, 0, {tv_sec=6975, tv_nsec=100161603}, FUTEX_BITSET_MATCH_ANY <unfinished ...>
19748 <... epoll_wait resumed>[{events=EPOLLIN, data={u32=2202872460, u64=105495189596812}}], 128, -1) = 1
19748 timerfd_settime(96<anon_inode:[timerfd]>, 0, {it_interval={tv_sec=0, tv_nsec=0}, it_value={tv_sec=300, tv_nsec=0}}, {it_interval={tv_sec=0, tv_nsec=0}, it_value={tv_sec=0, tv_nsec=0}}) = 0
19748 timerfd_settime(96<anon_inode:[timerfd]>, 0, {it_interval={tv_sec=0, tv_nsec=0}, it_value={tv_sec=0, tv_nsec=48999000}}, {it_interval={tv_sec=0, tv_nsec=0}, it_value={tv_sec=299, tv_nsec=999921225}}) = 0
19748 epoll_wait(95<anon_inode:[eventpoll]>,  <unfinished ...>
19778 <... poll resumed>)               = 0 (Timeout)
19778 poll([{fd=114<pipe:[50812]>, events=POLLIN}, {fd=116<TCP:[192.168.30.128:45584->35.186.224.35:443]>, events=POLLIN}], 2, 50 <unfinished ...>
19748 <... epoll_wait resumed>[{events=EPOLLIN, data={u32=2202872460, u64=105495189596812}}], 128, -1) = 1
19748 timerfd_settime(96<anon_inode:[timerfd]>, 0, {it_interval={tv_sec=0, tv_nsec=0}, it_value={tv_sec=300, tv_nsec=0}}, {it_interval={tv_sec=0, tv_nsec=0}, it_value={tv_sec=0, tv_nsec=0}}) = 0
19748 timerfd_settime(96<anon_inode:[timerfd]>, 0, {it_interval={tv_sec=0, tv_nsec=0}, it_value={tv_sec=0, tv_nsec=42998000}}, {it_interval={tv_sec=0, tv_nsec=0}, it_value={tv_sec=299, tv_nsec=999867937}}) = 0
19748 epoll_wait(95<anon_inode:[eventpoll]>,  <unfinished ...>
19778 <... poll resumed>)               = 0 (Timeout)
19778 poll([{fd=114<pipe:[50812]>, events=POLLIN}, {fd=116<TCP:[192.168.30.128:45584->35.186.224.35:443]>, events=POLLIN}], 2, 50 <unfinished ...>
19794 <... clock_nanosleep resumed>0x7e5713dfe140) = 0
19794 clock_nanosleep(CLOCK_REALTIME, 0, {tv_sec=0, tv_nsec=100000000},  <unfinished ...>
19782 <... futex resumed>)              = -1 ETIMEDOUT (Connection timed out)
19782 futex(0x7e56ec097d88, FUTEX_WAKE_PRIVATE, 1) = 0
19782 futex(0x7e56ec0846e8, FUTEX_WAIT_BITSET_PRIVATE, 0, {tv_sec=6975, tv_nsec=200235510}, FUTEX_BITSET_MATCH_ANY <unfinished ...>
19748 <... epoll_wait resumed>[{events=EPOLLIN, data={u32=2202872460, u64=105495189596812}}], 128, -1) = 1
19748 timerfd_settime(96<anon_inode:[timerfd]>, 0, {it_interval={tv_sec=0, tv_nsec=0}, it_value={tv_sec=300, tv_nsec=0}}, {it_interval={tv_sec=0, tv_nsec=0}, it_value={tv_sec=0, tv_nsec=0}}) = 0
19748 timerfd_settime(96<anon_inode:[timerfd]>, 0, {it_interval={tv_sec=0, tv_nsec=0}, it_value={tv_sec=0, tv_nsec=49997000}}, {it_interval={tv_sec=0, tv_nsec=0}, it_value={tv_sec=299, tv_nsec=999866495}}) = 0
19748 epoll_wait(95<anon_inode:[eventpoll]>,  <unfinished ...>
19778 <... poll resumed>)               = 0 (Timeout)
19778 poll([{fd=114<pipe:[50812]>, events=POLLIN}, {fd=116<TCP:[192.168.30.128:45584->35.186.224.35:443]>, events=POLLIN}], 2, 50 <unfinished ...>
19748 <... epoll_wait resumed>[{events=EPOLLIN, data={u32=2202872460, u64=105495189596812}}], 128, -1) = 1
19748 timerfd_settime(96<anon_inode:[timerfd]>, 0, {it_interval={tv_sec=0, tv_nsec=0}, it_value={tv_sec=300, tv_nsec=0}}, {it_interval={tv_sec=0, tv_nsec=0}, it_value={tv_sec=0, tv_nsec=0}}) = 0
19748 timerfd_settime(96<anon_inode:[timerfd]>, 0, {it_interval={tv_sec=0, tv_nsec=0}, it_value={tv_sec=0, tv_nsec=48998000}}, {it_interval={tv_sec=0, tv_nsec=0}, it_value={tv_sec=299, tv_nsec=999808934}}) = 0
19748 epoll_wait(95<anon_inode:[eventpoll]>,  <unfinished ...>
19778 <... poll resumed>)               = 0 (Timeout)
19778 poll([{fd=114<pipe:[50812]>, events=POLLIN}, {fd=116<TCP:[192.168.30.128:45584->35.186.224.35:443]>, events=POLLIN}], 2, 50 <unfinished ...>
19782 <... futex resumed>)              = -1 ETIMEDOUT (Connection timed out)
19782 futex(0x7e56ec097d88, FUTEX_WAKE_PRIVATE, 1) = 0
19782 futex(0x7e56ec0846e8, FUTEX_WAIT_BITSET_PRIVATE, 0, {tv_sec=6975, tv_nsec=300689199}, FUTEX_BITSET_MATCH_ANY <unfinished ...>
19776 <... poll resumed>)               = 0 (Timeout)
19776 poll([{fd=105<pipe:[51666]>, events=POLLIN}, {fd=125<TCP:[0.0.0.0:57621]>, events=POLLIN|POLLOUT}, {fd=112<TCP:[192.168.30.128:52472->104.199.240.237:4070]>, events=POLLIN}], 3, 199 <unfinished ...>
19794 <... clock_nanosleep resumed>0x7e5713dfe140) = 0
19794 clock_nanosleep(CLOCK_REALTIME, 0, {tv_sec=0, tv_nsec=100000000},  <unfinished ...>
19748 <... epoll_wait resumed>[{events=EPOLLIN, data={u32=2202872460, u64=105495189596812}}], 128, -1) = 1
19748 timerfd_settime(96<anon_inode:[timerfd]>, 0, {it_interval={tv_sec=0, tv_nsec=0}, it_value={tv_sec=300, tv_nsec=0}}, {it_interval={tv_sec=0, tv_nsec=0}, it_value={tv_sec=0, tv_nsec=0}}) = 0
19748 timerfd_settime(96<anon_inode:[timerfd]>, 0, {it_interval={tv_sec=0, tv_nsec=0}, it_value={tv_sec=0, tv_nsec=49998000}}, {it_interval={tv_sec=0, tv_nsec=0}, it_value={tv_sec=299, tv_nsec=999873877}}) = 0
19748 epoll_wait(95<anon_inode:[eventpoll]>,  <unfinished ...>
19778 <... poll resumed>)               = 0 (Timeout)
19778 poll([{fd=114<pipe:[50812]>, events=POLLIN}, {fd=116<TCP:[192.168.30.128:45584->35.186.224.35:443]>, events=POLLIN}], 2, 50 <unfinished ...>
19748 <... epoll_wait resumed>[{events=EPOLLIN, data={u32=2202872460, u64=105495189596812}}], 128, -1) = 1
19748 timerfd_settime(96<anon_inode:[timerfd]>, 0, {it_interval={tv_sec=0, tv_nsec=0}, it_value={tv_sec=300, tv_nsec=0}}, {it_interval={tv_sec=0, tv_nsec=0}, it_value={tv_sec=0, tv_nsec=0}}) = 0
19748 timerfd_settime(96<anon_inode:[timerfd]>, 0, {it_interval={tv_sec=0, tv_nsec=0}, it_value={tv_sec=0, tv_nsec=48998000}}, {it_interval={tv_sec=0, tv_nsec=0}, it_value={tv_sec=299, tv_nsec=999870126}}) = 0
19748 epoll_wait(95<anon_inode:[eventpoll]>,  <unfinished ...>
19782 <... futex resumed>)              = -1 ETIMEDOUT (Connection timed out)
19782 futex(0x7e56ec097d88, FUTEX_WAKE_PRIVATE, 1) = 0
19778 <... poll resumed>)               = 0 (Timeout)
19782 futex(0x7e56ec0846e8, FUTEX_WAIT_BITSET_PRIVATE, 0, {tv_sec=6975, tv_nsec=400153464}, FUTEX_BITSET_MATCH_ANY <unfinished ...>
19778 poll([{fd=114<pipe:[50812]>, events=POLLIN}, {fd=116<TCP:[192.168.30.128:45584->35.186.224.35:443]>, events=POLLIN}], 2, 50 <unfinished ...>
19794 <... clock_nanosleep resumed>0x7e5713dfe140) = 0
19794 clock_nanosleep(CLOCK_REALTIME, 0, {tv_sec=0, tv_nsec=100000000},  <unfinished ...>
19748 <... epoll_wait resumed>[{events=EPOLLIN, data={u32=2202872460, u64=105495189596812}}], 128, -1) = 1
19748 timerfd_settime(96<anon_inode:[timerfd]>, 0, {it_interval={tv_sec=0, tv_nsec=0}, it_value={tv_sec=300, tv_nsec=0}}, {it_interval={tv_sec=0, tv_nsec=0}, it_value={tv_sec=0, tv_nsec=0}}) = 0
19748 timerfd_settime(96<anon_inode:[timerfd]>, 0, {it_interval={tv_sec=0, tv_nsec=0}, it_value={tv_sec=0, tv_nsec=48998000}}, {it_interval={tv_sec=0, tv_nsec=0}, it_value={tv_sec=299, tv_nsec=999909315}}) = 0
19748 epoll_wait(95<anon_inode:[eventpoll]>,  <unfinished ...>
19778 <... poll resumed>)               = 0 (Timeout)
19778 poll([{fd=114<pipe:[50812]>, events=POLLIN}, {fd=116<TCP:[192.168.30.128:45584->35.186.224.35:443]>, events=POLLIN}], 2, 50 <unfinished ...>
19748 <... epoll_wait resumed>[{events=EPOLLIN, data={u32=2202872460, u64=105495189596812}}], 128, -1) = 1
19748 timerfd_settime(96<anon_inode:[timerfd]>, 0, {it_interval={tv_sec=0, tv_nsec=0}, it_value={tv_sec=300, tv_nsec=0}}, {it_interval={tv_sec=0, tv_nsec=0}, it_value={tv_sec=0, tv_nsec=0}}) = 0
19748 timerfd_settime(96<anon_inode:[timerfd]>, 0, {it_interval={tv_sec=0, tv_nsec=0}, it_value={tv_sec=0, tv_nsec=49998000}}, {it_interval={tv_sec=0, tv_nsec=0}, it_value={tv_sec=299, tv_nsec=999914210}}) = 0
19748 epoll_wait(95<anon_inode:[eventpoll]>,  <unfinished ...>
19782 <... futex resumed>)              = -1 ETIMEDOUT (Connection timed out)
19782 futex(0x7e56ec097d88, FUTEX_WAKE_PRIVATE, 1) = 0
19782 futex(0x7e56ec0846e8, FUTEX_WAIT_BITSET_PRIVATE, 0, {tv_sec=6975, tv_nsec=500495665}, FUTEX_BITSET_MATCH_ANY <unfinished ...>
19776 <... poll resumed>)               = 0 (Timeout)
19776 poll([{fd=105<pipe:[51666]>, events=POLLIN}, {fd=125<TCP:[0.0.0.0:57621]>, events=POLLIN|POLLOUT}, {fd=112<TCP:[192.168.30.128:52472->104.199.240.237:4070]>, events=POLLIN}], 3, 200 <unfinished ...>
19778 <... poll resumed>)               = 0 (Timeout)
19778 poll([{fd=114<pipe:[50812]>, events=POLLIN}, {fd=116<TCP:[192.168.30.128:45584->35.186.224.35:443]>, events=POLLIN}], 2, 50 <unfinished ...>
19794 <... clock_nanosleep resumed>0x7e5713dfe140) = 0
19794 clock_nanosleep(CLOCK_REALTIME, 0, {tv_sec=0, tv_nsec=100000000},  <unfinished ...>
19748 <... epoll_wait resumed>[{events=EPOLLIN, data={u32=2202872460, u64=105495189596812}}], 128, -1) = 1
19748 timerfd_settime(96<anon_inode:[timerfd]>, 0, {it_interval={tv_sec=0, tv_nsec=0}, it_value={tv_sec=300, tv_nsec=0}}, {it_interval={tv_sec=0, tv_nsec=0}, it_value={tv_sec=0, tv_nsec=0}}) = 0
19748 timerfd_settime(96<anon_inode:[timerfd]>, 0, {it_interval={tv_sec=0, tv_nsec=0}, it_value={tv_sec=0, tv_nsec=49963000}}, {it_interval={tv_sec=0, tv_nsec=0}, it_value={tv_sec=299, tv_nsec=999925556}}) = 0
19748 epoll_wait(95<anon_inode:[eventpoll]>,  <unfinished ...>
19778 <... poll resumed>)               = 0 (Timeout)
19778 poll([{fd=114<pipe:[50812]>, events=POLLIN}, {fd=116<TCP:[192.168.30.128:45584->35.186.224.35:443]>, events=POLLIN}], 2, 50 <unfinished ...>
19748 <... epoll_wait resumed>[{events=EPOLLIN, data={u32=2202872460, u64=105495189596812}}], 128, -1) = 1
19748 timerfd_settime(96<anon_inode:[timerfd]>, 0, {it_interval={tv_sec=0, tv_nsec=0}, it_value={tv_sec=300, tv_nsec=0}}, {it_interval={tv_sec=0, tv_nsec=0}, it_value={tv_sec=0, tv_nsec=0}}) = 0
19748 timerfd_settime(96<anon_inode:[timerfd]>, 0, {it_interval={tv_sec=0, tv_nsec=0}, it_value={tv_sec=0, tv_nsec=48999000}}, {it_interval={tv_sec=0, tv_nsec=0}, it_value={tv_sec=299, tv_nsec=999971417}}) = 0
19748 epoll_wait(95<anon_inode:[eventpoll]>,  <unfinished ...>
19782 <... futex resumed>)              = -1 ETIMEDOUT (Connection timed out)
19782 futex(0x7e56ec097d88, FUTEX_WAKE_PRIVATE, 1) = 0
19782 futex(0x7e56ec0846e8, FUTEX_WAIT_BITSET_PRIVATE, 0, {tv_sec=6975, tv_nsec=600850904}, FUTEX_BITSET_MATCH_ANY <unfinished ...>
19778 <... poll resumed>)               = 0 (Timeout)
19778 poll([{fd=114<pipe:[50812]>, events=POLLIN}, {fd=116<TCP:[192.168.30.128:45584->35.186.224.35:443]>, events=POLLIN}], 2, 50 <unfinished ...>
19794 <... clock_nanosleep resumed>0x7e5713dfe140) = 0
19794 clock_nanosleep(CLOCK_REALTIME, 0, {tv_sec=0, tv_nsec=100000000},  <unfinished ...>
19748 <... epoll_wait resumed>[{events=EPOLLIN, data={u32=2202872460, u64=105495189596812}}], 128, -1) = 1
19748 timerfd_settime(96<anon_inode:[timerfd]>, 0, {it_interval={tv_sec=0, tv_nsec=0}, it_value={tv_sec=300, tv_nsec=0}}, {it_interval={tv_sec=0, tv_nsec=0}, it_value={tv_sec=0, tv_nsec=0}}) = 0
19748 timerfd_settime(96<anon_inode:[timerfd]>, 0, {it_interval={tv_sec=0, tv_nsec=0}, it_value={tv_sec=0, tv_nsec=49998000}}, {it_interval={tv_sec=0, tv_nsec=0}, it_value={tv_sec=299, tv_nsec=999912984}}) = 0
19748 epoll_wait(95<anon_inode:[eventpoll]>,  <unfinished ...>
19778 <... poll resumed>)               = 0 (Timeout)
19778 poll([{fd=114<pipe:[50812]>, events=POLLIN}, {fd=116<TCP:[192.168.30.128:45584->35.186.224.35:443]>, events=POLLIN}], 2, 50 <unfinished ...>
19748 <... epoll_wait resumed>[{events=EPOLLIN, data={u32=2202872460, u64=105495189596812}}], 128, -1) = 1
19748 timerfd_settime(96<anon_inode:[timerfd]>, 0, {it_interval={tv_sec=0, tv_nsec=0}, it_value={tv_sec=300, tv_nsec=0}}, {it_interval={tv_sec=0, tv_nsec=0}, it_value={tv_sec=0, tv_nsec=0}}) = 0
19748 timerfd_settime(96<anon_inode:[timerfd]>, 0, {it_interval={tv_sec=0, tv_nsec=0}, it_value={tv_sec=0, tv_nsec=48998000}}, {it_interval={tv_sec=0, tv_nsec=0}, it_value={tv_sec=299, tv_nsec=999885787}}) = 0
19748 epoll_wait(95<anon_inode:[eventpoll]>,  <unfinished ...>
19782 <... futex resumed>)              = -1 ETIMEDOUT (Connection timed out)
19776 <... poll resumed>)               = 0 (Timeout)
19782 futex(0x7e56ec097d88, FUTEX_WAKE_PRIVATE, 1 <unfinished ...>
19776 poll([{fd=105<pipe:[51666]>, events=POLLIN}, {fd=125<TCP:[0.0.0.0:57621]>, events=POLLIN|POLLOUT}, {fd=112<TCP:[192.168.30.128:52472->104.199.240.237:4070]>, events=POLLIN}], 3, 199 <unfinished ...>
19782 <... futex resumed>)              = 0
19782 futex(0x7e56ec0846e8, FUTEX_WAIT_BITSET_PRIVATE, 0, {tv_sec=6975, tv_nsec=700551402}, FUTEX_BITSET_MATCH_ANY <unfinished ...>
19794 <... clock_nanosleep resumed>0x7e5713dfe140) = 0
19778 <... poll resumed>)               = 0 (Timeout)
19794 clock_nanosleep(CLOCK_REALTIME, 0, {tv_sec=0, tv_nsec=100000000},  <unfinished ...>
19778 poll([{fd=114<pipe:[50812]>, events=POLLIN}, {fd=116<TCP:[192.168.30.128:45584->35.186.224.35:443]>, events=POLLIN}], 2, 50 <unfinished ...>
19748 <... epoll_wait resumed>[{events=EPOLLIN, data={u32=2202872460, u64=105495189596812}}], 128, -1) = 1
19748 timerfd_settime(96<anon_inode:[timerfd]>, 0, {it_interval={tv_sec=0, tv_nsec=0}, it_value={tv_sec=300, tv_nsec=0}}, {it_interval={tv_sec=0, tv_nsec=0}, it_value={tv_sec=0, tv_nsec=0}}) = 0
19748 timerfd_settime(96<anon_inode:[timerfd]>, 0, {it_interval={tv_sec=0, tv_nsec=0}, it_value={tv_sec=0, tv_nsec=49998000}}, {it_interval={tv_sec=0, tv_nsec=0}, it_value={tv_sec=299, tv_nsec=999913987}}) = 0
19748 epoll_wait(95<anon_inode:[eventpoll]>,  <unfinished ...>
19778 <... poll resumed>)               = 0 (Timeout)
19778 poll([{fd=114<pipe:[50812]>, events=POLLIN}, {fd=116<TCP:[192.168.30.128:45584->35.186.224.35:443]>, events=POLLIN}], 2, 50 <unfinished ...>
19748 <... epoll_wait resumed>[{events=EPOLLIN, data={u32=2202872460, u64=105495189596812}}], 128, -1) = 1
19748 timerfd_settime(96<anon_inode:[timerfd]>, 0, {it_interval={tv_sec=0, tv_nsec=0}, it_value={tv_sec=300, tv_nsec=0}}, {it_interval={tv_sec=0, tv_nsec=0}, it_value={tv_sec=0, tv_nsec=0}}) = 0
19748 timerfd_settime(96<anon_inode:[timerfd]>, 0, {it_interval={tv_sec=0, tv_nsec=0}, it_value={tv_sec=0, tv_nsec=49998000}}, {it_interval={tv_sec=0, tv_nsec=0}, it_value={tv_sec=299, tv_nsec=999914276}}) = 0
19748 epoll_wait(95<anon_inode:[eventpoll]>,  <unfinished ...>
19782 <... futex resumed>)              = -1 ETIMEDOUT (Connection timed out)
19782 futex(0x7e56ec097d88, FUTEX_WAKE_PRIVATE, 1) = 0
19782 futex(0x7e56ec0846e8, FUTEX_WAIT_BITSET_PRIVATE, 0, {tv_sec=6975, tv_nsec=800973968}, FUTEX_BITSET_MATCH_ANY <unfinished ...>
19794 <... clock_nanosleep resumed>0x7e5713dfe140) = 0
19794 clock_nanosleep(CLOCK_REALTIME, 0, {tv_sec=0, tv_nsec=100000000},  <unfinished ...>
19778 <... poll resumed>)               = 0 (Timeout)
19778 poll([{fd=114<pipe:[50812]>, events=POLLIN}, {fd=116<TCP:[192.168.30.128:45584->35.186.224.35:443]>, events=POLLIN}], 2, 50 <unfinished ...>
19748 <... epoll_wait resumed>[{events=EPOLLIN, data={u32=2202872460, u64=105495189596812}}], 128, -1) = 1
19748 timerfd_settime(96<anon_inode:[timerfd]>, 0, {it_interval={tv_sec=0, tv_nsec=0}, it_value={tv_sec=300, tv_nsec=0}}, {it_interval={tv_sec=0, tv_nsec=0}, it_value={tv_sec=0, tv_nsec=0}}) = 0
19748 timerfd_settime(96<anon_inode:[timerfd]>, 0, {it_interval={tv_sec=0, tv_nsec=0}, it_value={tv_sec=0, tv_nsec=48999000}}, {it_interval={tv_sec=0, tv_nsec=0}, it_value={tv_sec=299, tv_nsec=999938659}}) = 0
19748 epoll_wait(95<anon_inode:[eventpoll]>,  <unfinished ...>
19778 <... poll resumed>)               = 0 (Timeout)
19778 poll([{fd=114<pipe:[50812]>, events=POLLIN}, {fd=116<TCP:[192.168.30.128:45584->35.186.224.35:443]>, events=POLLIN}], 2, 50 <unfinished ...>
19748 <... epoll_wait resumed>[{events=EPOLLIN, data={u32=2202872460, u64=105495189596812}}], 128, -1) = 1
19748 timerfd_settime(96<anon_inode:[timerfd]>, 0, {it_interval={tv_sec=0, tv_nsec=0}, it_value={tv_sec=300, tv_nsec=0}}, {it_interval={tv_sec=0, tv_nsec=0}, it_value={tv_sec=0, tv_nsec=0}}) = 0
19748 timerfd_settime(96<anon_inode:[timerfd]>, 0, {it_interval={tv_sec=0, tv_nsec=0}, it_value={tv_sec=0, tv_nsec=49998000}}, {it_interval={tv_sec=0, tv_nsec=0}, it_value={tv_sec=299, tv_nsec=999912073}}) = 0
19748 epoll_wait(95<anon_inode:[eventpoll]>,  <unfinished ...>
19776 <... poll resumed>)               = 0 (Timeout)
19782 <... futex resumed>)              = -1 ETIMEDOUT (Connection timed out)
19782 futex(0x7e56ec097d88, FUTEX_WAKE_PRIVATE, 1 <unfinished ...>
19776 poll([{fd=105<pipe:[51666]>, events=POLLIN}, {fd=125<TCP:[0.0.0.0:57621]>, events=POLLIN|POLLOUT}, {fd=112<TCP:[192.168.30.128:52472->104.199.240.237:4070]>, events=POLLIN}], 3, 198 <unfinished ...>
19782 <... futex resumed>)              = 0
19782 futex(0x7e56ec0846e8, FUTEX_WAIT_BITSET_PRIVATE, 0, {tv_sec=6975, tv_nsec=900451959}, FUTEX_BITSET_MATCH_ANY <unfinished ...>
19794 <... clock_nanosleep resumed>0x7e5713dfe140) = 0
19794 clock_nanosleep(CLOCK_REALTIME, 0, {tv_sec=0, tv_nsec=100000000},  <unfinished ...>
19778 <... poll resumed>)               = 0 (Timeout)
19778 poll([{fd=114<pipe:[50812]>, events=POLLIN}, {fd=116<TCP:[192.168.30.128:45584->35.186.224.35:443]>, events=POLLIN}], 2, 50 <unfinished ...>
19748 <... epoll_wait resumed>[{events=EPOLLIN, data={u32=2202872460, u64=105495189596812}}], 128, -1) = 1
19748 timerfd_settime(96<anon_inode:[timerfd]>, 0, {it_interval={tv_sec=0, tv_nsec=0}, it_value={tv_sec=300, tv_nsec=0}}, {it_interval={tv_sec=0, tv_nsec=0}, it_value={tv_sec=0, tv_nsec=0}}) = 0
19748 timerfd_settime(96<anon_inode:[timerfd]>, 0, {it_interval={tv_sec=0, tv_nsec=0}, it_value={tv_sec=0, tv_nsec=49997000}}, {it_interval={tv_sec=0, tv_nsec=0}, it_value={tv_sec=299, tv_nsec=999818387}}) = 0
19748 epoll_wait(95<anon_inode:[eventpoll]>,  <unfinished ...>
19778 <... poll resumed>)               = 0 (Timeout)
19778 poll([{fd=114<pipe:[50812]>, events=POLLIN}, {fd=116<TCP:[192.168.30.128:45584->35.186.224.35:443]>, events=POLLIN}], 2, 50 <unfinished ...>
19748 <... epoll_wait resumed>[{events=EPOLLIN, data={u32=2202872460, u64=105495189596812}}], 128, -1) = 1
19748 timerfd_settime(96<anon_inode:[timerfd]>, 0, {it_interval={tv_sec=0, tv_nsec=0}, it_value={tv_sec=300, tv_nsec=0}}, {it_interval={tv_sec=0, tv_nsec=0}, it_value={tv_sec=0, tv_nsec=0}}) = 0
19748 timerfd_settime(96<anon_inode:[timerfd]>, 0, {it_interval={tv_sec=0, tv_nsec=0}, it_value={tv_sec=0, tv_nsec=48999000}}, {it_interval={tv_sec=0, tv_nsec=0}, it_value={tv_sec=299, tv_nsec=999916919}}) = 0
19748 epoll_wait(95<anon_inode:[eventpoll]>,  <unfinished ...>
19782 <... futex resumed>)              = -1 ETIMEDOUT (Connection timed out)
19782 futex(0x7e56ec097d88, FUTEX_WAKE_PRIVATE, 1) = 0
19782 futex(0x7e56ec0846e8, FUTEX_WAIT_BITSET_PRIVATE, 0, {tv_sec=6976, tv_nsec=887578}, FUTEX_BITSET_MATCH_ANY <unfinished ...>
19794 <... clock_nanosleep resumed>0x7e5713dfe140) = 0
19794 clock_nanosleep(CLOCK_REALTIME, 0, {tv_sec=0, tv_nsec=100000000},  <unfinished ...>
19778 <... poll resumed>)               = 0 (Timeout)
19778 poll([{fd=114<pipe:[50812]>, events=POLLIN}, {fd=116<TCP:[192.168.30.128:45584->35.186.224.35:443]>, events=POLLIN}], 2, 50 <unfinished ...>
19748 <... epoll_wait resumed>[{events=EPOLLIN, data={u32=2202872460, u64=105495189596812}}], 128, -1) = 1
19748 timerfd_settime(96<anon_inode:[timerfd]>, 0, {it_interval={tv_sec=0, tv_nsec=0}, it_value={tv_sec=300, tv_nsec=0}}, {it_interval={tv_sec=0, tv_nsec=0}, it_value={tv_sec=0, tv_nsec=0}}) = 0
19748 timerfd_settime(96<anon_inode:[timerfd]>, 0, {it_interval={tv_sec=0, tv_nsec=0}, it_value={tv_sec=0, tv_nsec=49998000}}, {it_interval={tv_sec=0, tv_nsec=0}, it_value={tv_sec=299, tv_nsec=999918837}}) = 0
19748 epoll_wait(95<anon_inode:[eventpoll]>,  <unfinished ...>
19778 <... poll resumed>)               = 0 (Timeout)
19778 poll([{fd=114<pipe:[50812]>, events=POLLIN}, {fd=116<TCP:[192.168.30.128:45584->35.186.224.35:443]>, events=POLLIN}], 2, 50 <unfinished ...>
19748 <... epoll_wait resumed>[{events=EPOLLIN, data={u32=2202872460, u64=105495189596812}}], 128, -1) = 1
19748 timerfd_settime(96<anon_inode:[timerfd]>, 0, {it_interval={tv_sec=0, tv_nsec=0}, it_value={tv_sec=300, tv_nsec=0}}, {it_interval={tv_sec=0, tv_nsec=0}, it_value={tv_sec=0, tv_nsec=0}}) = 0
19748 timerfd_settime(96<anon_inode:[timerfd]>, 0, {it_interval={tv_sec=0, tv_nsec=0}, it_value={tv_sec=0, tv_nsec=48999000}}, {it_interval={tv_sec=0, tv_nsec=0}, it_value={tv_sec=299, tv_nsec=999964470}}) = 0
19748 epoll_wait(95<anon_inode:[eventpoll]>,  <unfinished ...>
19776 <... poll resumed>)               = 0 (Timeout)
19776 poll([{fd=105<pipe:[51666]>, events=POLLIN}, {fd=125<TCP:[0.0.0.0:57621]>, events=POLLIN|POLLOUT}, {fd=112<TCP:[192.168.30.128:52472->104.199.240.237:4070]>, events=POLLIN}], 3, 200 <unfinished ...>
19782 <... futex resumed>)              = -1 ETIMEDOUT (Connection timed out)
19782 futex(0x7e56ec097d88, FUTEX_WAKE_PRIVATE, 1) = 0
19782 futex(0x7e56ec0846e8, FUTEX_WAIT_BITSET_PRIVATE, 0, {tv_sec=6976, tv_nsec=100260764}, FUTEX_BITSET_MATCH_ANY <unfinished ...>
19794 <... clock_nanosleep resumed>0x7e5713dfe140) = 0
19794 clock_nanosleep(CLOCK_REALTIME, 0, {tv_sec=0, tv_nsec=100000000},  <unfinished ...>
19778 <... poll resumed>)               = 0 (Timeout)
19778 poll([{fd=114<pipe:[50812]>, events=POLLIN}, {fd=116<TCP:[192.168.30.128:45584->35.186.224.35:443]>, events=POLLIN}], 2, 50 <unfinished ...>
19748 <... epoll_wait resumed>[{events=EPOLLIN, data={u32=2202872460, u64=105495189596812}}], 128, -1) = 1
19748 timerfd_settime(96<anon_inode:[timerfd]>, 0, {it_interval={tv_sec=0, tv_nsec=0}, it_value={tv_sec=300, tv_nsec=0}}, {it_interval={tv_sec=0, tv_nsec=0}, it_value={tv_sec=0, tv_nsec=0}}) = 0
19748 timerfd_settime(96<anon_inode:[timerfd]>, 0, {it_interval={tv_sec=0, tv_nsec=0}, it_value={tv_sec=0, tv_nsec=49998000}}, {it_interval={tv_sec=0, tv_nsec=0}, it_value={tv_sec=299, tv_nsec=999915591}}) = 0
19748 epoll_wait(95<anon_inode:[eventpoll]>,  <unfinished ...>
19778 <... poll resumed>)               = 0 (Timeout)
19778 poll([{fd=114<pipe:[50812]>, events=POLLIN}, {fd=116<TCP:[192.168.30.128:45584->35.186.224.35:443]>, events=POLLIN}], 2, 50 <unfinished ...>
19748 <... epoll_wait resumed>[{events=EPOLLIN, data={u32=2202872460, u64=105495189596812}}], 128, -1) = 1
19748 timerfd_settime(96<anon_inode:[timerfd]>, 0, {it_interval={tv_sec=0, tv_nsec=0}, it_value={tv_sec=300, tv_nsec=0}}, {it_interval={tv_sec=0, tv_nsec=0}, it_value={tv_sec=0, tv_nsec=0}}) = 0
19748 timerfd_settime(96<anon_inode:[timerfd]>, 0, {it_interval={tv_sec=0, tv_nsec=0}, it_value={tv_sec=0, tv_nsec=49999000}}, {it_interval={tv_sec=0, tv_nsec=0}, it_value={tv_sec=299, tv_nsec=999961586}}) = 0
19748 epoll_wait(95<anon_inode:[eventpoll]>,  <unfinished ...>
19782 <... futex resumed>)              = -1 ETIMEDOUT (Connection timed out)
19782 futex(0x7e56ec097d88, FUTEX_WAKE_PRIVATE, 1) = 0
19782 futex(0x7e56ec0846e8, FUTEX_WAIT_BITSET_PRIVATE, 0, {tv_sec=6976, tv_nsec=200732800}, FUTEX_BITSET_MATCH_ANY <unfinished ...>
19794 <... clock_nanosleep resumed>0x7e5713dfe140) = 0
19794 clock_nanosleep(CLOCK_REALTIME, 0, {tv_sec=0, tv_nsec=100000000},  <unfinished ...>
19778 <... poll resumed>)               = 0 (Timeout)
19778 poll([{fd=114<pipe:[50812]>, events=POLLIN}, {fd=116<TCP:[192.168.30.128:45584->35.186.224.35:443]>, events=POLLIN}], 2, 50 <unfinished ...>
19748 <... epoll_wait resumed>[{events=EPOLLIN, data={u32=2202872460, u64=105495189596812}}], 128, -1) = 1
19748 timerfd_settime(96<anon_inode:[timerfd]>, 0, {it_interval={tv_sec=0, tv_nsec=0}, it_value={tv_sec=300, tv_nsec=0}}, {it_interval={tv_sec=0, tv_nsec=0}, it_value={tv_sec=0, tv_nsec=0}}) = 0
19748 timerfd_settime(96<anon_inode:[timerfd]>, 0, {it_interval={tv_sec=0, tv_nsec=0}, it_value={tv_sec=0, tv_nsec=48998000}}, {it_interval={tv_sec=0, tv_nsec=0}, it_value={tv_sec=299, tv_nsec=999879076}}) = 0
19748 epoll_wait(95<anon_inode:[eventpoll]>,  <unfinished ...>
19778 <... poll resumed>)               = 0 (Timeout)
19778 poll([{fd=114<pipe:[50812]>, events=POLLIN}, {fd=116<TCP:[192.168.30.128:45584->35.186.224.35:443]>, events=POLLIN}], 2, 50 <unfinished ...>
19748 <... epoll_wait resumed>[{events=EPOLLIN, data={u32=2202872460, u64=105495189596812}}], 128, -1) = 1
19748 timerfd_settime(96<anon_inode:[timerfd]>, 0, {it_interval={tv_sec=0, tv_nsec=0}, it_value={tv_sec=300, tv_nsec=0}}, {it_interval={tv_sec=0, tv_nsec=0}, it_value={tv_sec=0, tv_nsec=0}}) = 0
19748 timerfd_settime(96<anon_inode:[timerfd]>, 0, {it_interval={tv_sec=0, tv_nsec=0}, it_value={tv_sec=0, tv_nsec=48997000}}, {it_interval={tv_sec=0, tv_nsec=0}, it_value={tv_sec=299, tv_nsec=999866689}}) = 0
19748 epoll_wait(95<anon_inode:[eventpoll]>,  <unfinished ...>
19782 <... futex resumed>)              = -1 ETIMEDOUT (Connection timed out)
19782 futex(0x7e56ec097d88, FUTEX_WAKE_PRIVATE, 1 <unfinished ...>
19776 <... poll resumed>)               = 0 (Timeout)
19782 <... futex resumed>)              = 0
19782 futex(0x7e56ec0846e8, FUTEX_WAIT_BITSET_PRIVATE, 0, {tv_sec=6976, tv_nsec=300240915}, FUTEX_BITSET_MATCH_ANY <unfinished ...>
19776 poll([{fd=105<pipe:[51666]>, events=POLLIN}, {fd=125<TCP:[0.0.0.0:57621]>, events=POLLIN|POLLOUT}, {fd=112<TCP:[192.168.30.128:52472->104.199.240.237:4070]>, events=POLLIN}], 3, 199 <unfinished ...>
19794 <... clock_nanosleep resumed>0x7e5713dfe140) = 0
19794 clock_nanosleep(CLOCK_REALTIME, 0, {tv_sec=0, tv_nsec=100000000},  <unfinished ...>
19778 <... poll resumed>)               = 0 (Timeout)
19778 poll([{fd=114<pipe:[50812]>, events=POLLIN}, {fd=116<TCP:[192.168.30.128:45584->35.186.224.35:443]>, events=POLLIN}], 2, 50 <unfinished ...>
19748 <... epoll_wait resumed>[{events=EPOLLIN, data={u32=2202872460, u64=105495189596812}}], 128, -1) = 1
19748 timerfd_settime(96<anon_inode:[timerfd]>, 0, {it_interval={tv_sec=0, tv_nsec=0}, it_value={tv_sec=300, tv_nsec=0}}, {it_interval={tv_sec=0, tv_nsec=0}, it_value={tv_sec=0, tv_nsec=0}}) = 0
19748 timerfd_settime(96<anon_inode:[timerfd]>, 0, {it_interval={tv_sec=0, tv_nsec=0}, it_value={tv_sec=0, tv_nsec=49997000}}, {it_interval={tv_sec=0, tv_nsec=0}, it_value={tv_sec=299, tv_nsec=999918566}}) = 0
19748 epoll_wait(95<anon_inode:[eventpoll]>,  <unfinished ...>
19778 <... poll resumed>)               = 0 (Timeout)
19778 poll([{fd=114<pipe:[50812]>, events=POLLIN}, {fd=116<TCP:[192.168.30.128:45584->35.186.224.35:443]>, events=POLLIN}], 2, 50 <unfinished ...>
19748 <... epoll_wait resumed>[{events=EPOLLIN, data={u32=2202872460, u64=105495189596812}}], 128, -1) = 1
19748 timerfd_settime(96<anon_inode:[timerfd]>, 0, {it_interval={tv_sec=0, tv_nsec=0}, it_value={tv_sec=300, tv_nsec=0}}, {it_interval={tv_sec=0, tv_nsec=0}, it_value={tv_sec=0, tv_nsec=0}}) = 0
19748 timerfd_settime(96<anon_inode:[timerfd]>, 0, {it_interval={tv_sec=0, tv_nsec=0}, it_value={tv_sec=0, tv_nsec=47999000}}, {it_interval={tv_sec=0, tv_nsec=0}, it_value={tv_sec=299, tv_nsec=999886013}}) = 0
19748 epoll_wait(95<anon_inode:[eventpoll]>,  <unfinished ...>
19782 <... futex resumed>)              = -1 ETIMEDOUT (Connection timed out)
19782 futex(0x7e56ec097d88, FUTEX_WAKE_PRIVATE, 1) = 0
19782 futex(0x7e56ec0846e8, FUTEX_WAIT_BITSET_PRIVATE, 0, {tv_sec=6976, tv_nsec=400583429}, FUTEX_BITSET_MATCH_ANY <unfinished ...>
19794 <... clock_nanosleep resumed>0x7e5713dfe140) = 0
19794 clock_nanosleep(CLOCK_REALTIME, 0, {tv_sec=0, tv_nsec=100000000},  <unfinished ...>
19778 <... poll resumed>)               = 0 (Timeout)
19778 poll([{fd=114<pipe:[50812]>, events=POLLIN}, {fd=116<TCP:[192.168.30.128:45584->35.186.224.35:443]>, events=POLLIN}], 2, 50 <unfinished ...>
19748 <... epoll_wait resumed>[{events=EPOLLIN, data={u32=2202872460, u64=105495189596812}}], 128, -1) = 1
19748 timerfd_settime(96<anon_inode:[timerfd]>, 0, {it_interval={tv_sec=0, tv_nsec=0}, it_value={tv_sec=300, tv_nsec=0}}, {it_interval={tv_sec=0, tv_nsec=0}, it_value={tv_sec=0, tv_nsec=0}}) = 0
19748 timerfd_settime(96<anon_inode:[timerfd]>, 0, {it_interval={tv_sec=0, tv_nsec=0}, it_value={tv_sec=0, tv_nsec=49998000}}, {it_interval={tv_sec=0, tv_nsec=0}, it_value={tv_sec=299, tv_nsec=999912079}}) = 0
19748 epoll_wait(95<anon_inode:[eventpoll]>,  <unfinished ...>
19778 <... poll resumed>)               = 0 (Timeout)
19778 poll([{fd=114<pipe:[50812]>, events=POLLIN}, {fd=116<TCP:[192.168.30.128:45584->35.186.224.35:443]>, events=POLLIN}], 2, 50 <unfinished ...>
19748 <... epoll_wait resumed>[{events=EPOLLIN, data={u32=2202872460, u64=105495189596812}}], 128, -1) = 1
19748 timerfd_settime(96<anon_inode:[timerfd]>, 0, {it_interval={tv_sec=0, tv_nsec=0}, it_value={tv_sec=300, tv_nsec=0}}, {it_interval={tv_sec=0, tv_nsec=0}, it_value={tv_sec=0, tv_nsec=0}}) = 0
19748 timerfd_settime(96<anon_inode:[timerfd]>, 0, {it_interval={tv_sec=0, tv_nsec=0}, it_value={tv_sec=0, tv_nsec=48998000}}, {it_interval={tv_sec=0, tv_nsec=0}, it_value={tv_sec=299, tv_nsec=999911360}}) = 0
19748 epoll_wait(95<anon_inode:[eventpoll]>,  <unfinished ...>
19776 <... poll resumed>)               = 0 (Timeout)
19782 <... futex resumed>)              = -1 ETIMEDOUT (Connection timed out)
19776 poll([{fd=105<pipe:[51666]>, events=POLLIN}, {fd=125<TCP:[0.0.0.0:57621]>, events=POLLIN|POLLOUT}, {fd=112<TCP:[192.168.30.128:52472->104.199.240.237:4070]>, events=POLLIN}], 3, 200 <unfinished ...>
19782 futex(0x7e56ec097d88, FUTEX_WAKE_PRIVATE, 1) = 0
19782 futex(0x7e56ec0846e8, FUTEX_WAIT_BITSET_PRIVATE, 0, {tv_sec=6976, tv_nsec=500996534}, FUTEX_BITSET_MATCH_ANY <unfinished ...>
19794 <... clock_nanosleep resumed>0x7e5713dfe140) = 0
19794 clock_nanosleep(CLOCK_REALTIME, 0, {tv_sec=0, tv_nsec=100000000},  <unfinished ...>
19778 <... poll resumed>)               = 0 (Timeout)
19778 poll([{fd=114<pipe:[50812]>, events=POLLIN}, {fd=116<TCP:[192.168.30.128:45584->35.186.224.35:443]>, events=POLLIN}], 2, 50 <unfinished ...>
19748 <... epoll_wait resumed>[{events=EPOLLIN, data={u32=2202872460, u64=105495189596812}}], 128, -1) = 1
19748 timerfd_settime(96<anon_inode:[timerfd]>, 0, {it_interval={tv_sec=0, tv_nsec=0}, it_value={tv_sec=300, tv_nsec=0}}, {it_interval={tv_sec=0, tv_nsec=0}, it_value={tv_sec=0, tv_nsec=0}}) = 0
19748 timerfd_settime(96<anon_inode:[timerfd]>, 0, {it_interval={tv_sec=0, tv_nsec=0}, it_value={tv_sec=0, tv_nsec=49998000}}, {it_interval={tv_sec=0, tv_nsec=0}, it_value={tv_sec=299, tv_nsec=999915420}}) = 0
19748 epoll_wait(95<anon_inode:[eventpoll]>,  <unfinished ...>
19778 <... poll resumed>)               = 0 (Timeout)
19778 poll([{fd=114<pipe:[50812]>, events=POLLIN}, {fd=116<TCP:[192.168.30.128:45584->35.186.224.35:443]>, events=POLLIN}], 2, 50 <unfinished ...>
19748 <... epoll_wait resumed>[{events=EPOLLIN, data={u32=2202872460, u64=105495189596812}}], 128, -1) = 1
19748 timerfd_settime(96<anon_inode:[timerfd]>, 0, {it_interval={tv_sec=0, tv_nsec=0}, it_value={tv_sec=300, tv_nsec=0}}, {it_interval={tv_sec=0, tv_nsec=0}, it_value={tv_sec=0, tv_nsec=0}}) = 0
19748 timerfd_settime(96<anon_inode:[timerfd]>, 0, {it_interval={tv_sec=0, tv_nsec=0}, it_value={tv_sec=0, tv_nsec=48998000}}, {it_interval={tv_sec=0, tv_nsec=0}, it_value={tv_sec=299, tv_nsec=999903290}}) = 0
19748 epoll_wait(95<anon_inode:[eventpoll]>,  <unfinished ...>
19782 <... futex resumed>)              = -1 ETIMEDOUT (Connection timed out)
19782 futex(0x7e56ec097d88, FUTEX_WAKE_PRIVATE, 1) = 0
19782 futex(0x7e56ec0846e8, FUTEX_WAIT_BITSET_PRIVATE, 0, {tv_sec=6976, tv_nsec=600201664}, FUTEX_BITSET_MATCH_ANY <unfinished ...>
19794 <... clock_nanosleep resumed>0x7e5713dfe140) = 0
19794 clock_nanosleep(CLOCK_REALTIME, 0, {tv_sec=0, tv_nsec=100000000},  <unfinished ...>
19778 <... poll resumed>)               = 0 (Timeout)
19778 poll([{fd=114<pipe:[50812]>, events=POLLIN}, {fd=116<TCP:[192.168.30.128:45584->35.186.224.35:443]>, events=POLLIN}], 2, 50 <unfinished ...>
19748 <... epoll_wait resumed>[{events=EPOLLIN, data={u32=2202872460, u64=105495189596812}}], 128, -1) = 1
19748 timerfd_settime(96<anon_inode:[timerfd]>, 0, {it_interval={tv_sec=0, tv_nsec=0}, it_value={tv_sec=300, tv_nsec=0}}, {it_interval={tv_sec=0, tv_nsec=0}, it_value={tv_sec=0, tv_nsec=0}}) = 0
19748 timerfd_settime(96<anon_inode:[timerfd]>, 0, {it_interval={tv_sec=0, tv_nsec=0}, it_value={tv_sec=0, tv_nsec=49998000}}, {it_interval={tv_sec=0, tv_nsec=0}, it_value={tv_sec=299, tv_nsec=999914460}}) = 0
19748 epoll_wait(95<anon_inode:[eventpoll]>,  <unfinished ...>
19778 <... poll resumed>)               = 0 (Timeout)
19778 poll([{fd=114<pipe:[50812]>, events=POLLIN}, {fd=116<TCP:[192.168.30.128:45584->35.186.224.35:443]>, events=POLLIN}], 2, 50 <unfinished ...>
19748 <... epoll_wait resumed>[{events=EPOLLIN, data={u32=2202872460, u64=105495189596812}}], 128, -1) = 1
19748 timerfd_settime(96<anon_inode:[timerfd]>, 0, {it_interval={tv_sec=0, tv_nsec=0}, it_value={tv_sec=300, tv_nsec=0}}, {it_interval={tv_sec=0, tv_nsec=0}, it_value={tv_sec=0, tv_nsec=0}}) = 0
19748 timerfd_settime(96<anon_inode:[timerfd]>, 0, {it_interval={tv_sec=0, tv_nsec=0}, it_value={tv_sec=0, tv_nsec=48997000}}, {it_interval={tv_sec=0, tv_nsec=0}, it_value={tv_sec=299, tv_nsec=999913092}}) = 0
19748 epoll_wait(95<anon_inode:[eventpoll]>,  <unfinished ...>
19782 <... futex resumed>)              = -1 ETIMEDOUT (Connection timed out)
19782 futex(0x7e56ec097d88, FUTEX_WAKE_PRIVATE, 1) = 0
19782 futex(0x7e56ec0846e8, FUTEX_WAIT_BITSET_PRIVATE, 0, {tv_sec=6976, tv_nsec=700609783}, FUTEX_BITSET_MATCH_ANY <unfinished ...>
19776 <... poll resumed>)               = 0 (Timeout)
19776 poll([{fd=105<pipe:[51666]>, events=POLLIN}, {fd=125<TCP:[0.0.0.0:57621]>, events=POLLIN|POLLOUT}, {fd=112<TCP:[192.168.30.128:52472->104.199.240.237:4070]>, events=POLLIN}], 3, 199 <unfinished ...>
19794 <... clock_nanosleep resumed>0x7e5713dfe140) = 0
19794 clock_nanosleep(CLOCK_REALTIME, 0, {tv_sec=0, tv_nsec=100000000},  <unfinished ...>
19778 <... poll resumed>)               = 0 (Timeout)
19778 poll([{fd=114<pipe:[50812]>, events=POLLIN}, {fd=116<TCP:[192.168.30.128:45584->35.186.224.35:443]>, events=POLLIN}], 2, 50 <unfinished ...>
19748 <... epoll_wait resumed>[{events=EPOLLIN, data={u32=2202872460, u64=105495189596812}}], 128, -1) = 1
19748 timerfd_settime(96<anon_inode:[timerfd]>, 0, {it_interval={tv_sec=0, tv_nsec=0}, it_value={tv_sec=300, tv_nsec=0}}, {it_interval={tv_sec=0, tv_nsec=0}, it_value={tv_sec=0, tv_nsec=0}}) = 0
19748 timerfd_settime(96<anon_inode:[timerfd]>, 0, {it_interval={tv_sec=0, tv_nsec=0}, it_value={tv_sec=0, tv_nsec=49998000}}, {it_interval={tv_sec=0, tv_nsec=0}, it_value={tv_sec=299, tv_nsec=999918604}}) = 0
19748 epoll_wait(95<anon_inode:[eventpoll]>,  <unfinished ...>
19778 <... poll resumed>)               = 0 (Timeout)
