19778 poll([{fd=114<pipe:[50812]>, events=POLLIN}, {fd=116<TCP:[192.168.30.128:45584->35.186.224.35:443]>, events=POLLIN}], 2, 50 <unfinished ...>
19782 <... futex resumed>)              = -1 ETIMEDOUT (Connection timed out)
19782 futex(0x7e56ec097d88, FUTEX_WAKE_PRIVATE, 1) = 0
19782 futex(0x7e56ec0846e8, FUTEX_WAIT_BITSET_PRIVATE, 0, {tv_sec=6979, tv_nsec=100498085}, FUTEX_BITSET_MATCH_ANY <unfinished ...>
19776 <... poll resumed>)               = 0 (Timeout)
19776 poll([{fd=105<pipe:[51666]>, events=POLLIN}, {fd=125<TCP:[0.0.0.0:57621]>, events=POLLIN|POLLOUT}, {fd=112<TCP:[192.168.30.128:52472->104.199.240.237:4070]>, events=POLLIN}], 3, 200 <unfinished ...>
19748 <... epoll_wait resumed>[{events=EPOLLIN, data={u32=2202872460, u64=105495189596812}}], 128, -1) = 1
19748 timerfd_settime(96<anon_inode:[timerfd]>, 0, {it_interval={tv_sec=0, tv_nsec=0}, it_value={tv_sec=300, tv_nsec=0}}, {it_interval={tv_sec=0, tv_nsec=0}, it_value={tv_sec=0, tv_nsec=0}}) = 0
19748 timerfd_settime(96<anon_inode:[timerfd]>, 0, {it_interval={tv_sec=0, tv_nsec=0}, it_value={tv_sec=0, tv_nsec=49998000}}, {it_interval={tv_sec=0, tv_nsec=0}, it_value={tv_sec=299, tv_nsec=999920323}}) = 0
19748 epoll_wait(95<anon_inode:[eventpoll]>,  <unfinished ...>
19794 <... clock_nanosleep resumed>0x7e5713dfe140) = 0
19794 clock_nanosleep(CLOCK_REALTIME, 0, {tv_sec=0, tv_nsec=100000000},  <unfinished ...>
19778 <... poll resumed>)               = 0 (Timeout)
19778 poll([{fd=114<pipe:[50812]>, events=POLLIN}, {fd=116<TCP:[192.168.30.128:45584->35.186.224.35:443]>, events=POLLIN}], 2, 50 <unfinished ...>
19748 <... epoll_wait resumed>[{events=EPOLLIN, data={u32=2202872460, u64=105495189596812}}], 128, -1) = 1
19748 timerfd_settime(96<anon_inode:[timerfd]>, 0, {it_interval={tv_sec=0, tv_nsec=0}, it_value={tv_sec=300, tv_nsec=0}}, {it_interval={tv_sec=0, tv_nsec=0}, it_value={tv_sec=0, tv_nsec=0}}) = 0
19748 timerfd_settime(96<anon_inode:[timerfd]>, 0, {it_interval={tv_sec=0, tv_nsec=0}, it_value={tv_sec=0, tv_nsec=49998000}}, {it_interval={tv_sec=0, tv_nsec=0}, it_value={tv_sec=299, tv_nsec=999919184}}) = 0
19748 epoll_wait(95<anon_inode:[eventpoll]>,  <unfinished ...>
19778 <... poll resumed>)               = 0 (Timeout)
19778 poll([{fd=114<pipe:[50812]>, events=POLLIN}, {fd=116<TCP:[192.168.30.128:45584->35.186.224.35:443]>, events=POLLIN}], 2, 50 <unfinished ...>
19782 <... futex resumed>)              = -1 ETIMEDOUT (Connection timed out)
19782 futex(0x7e56ec097d88, FUTEX_WAKE_PRIVATE, 1) = 0
19782 futex(0x7e56ec0846e8, FUTEX_WAIT_BITSET_PRIVATE, 0, {tv_sec=6979, tv_nsec=200866649}, FUTEX_BITSET_MATCH_ANY <unfinished ...>
19683 <... epoll_wait resumed>[{events=EPOLLIN, data={u32=2417204472, u64=138914544459000}}], 16, 45832) = 1
19683 recvmsg(221<UDP:[224.0.0.251:5353]>, {msg_name={sa_family=AF_INET, sin_port=htons(5353), sin_addr=inet_addr("192.168.30.1")}, msg_namelen=128 => 16, msg_iov=[{iov_base="\0\0\0\0\0\1\0\0\0\0\0\0\16_microsoft_mcc\4_tcp"..., iov_len=9000}], msg_iovlen=1, msg_controllen=0, msg_flags=0}, 0) = 43
19683 epoll_ctl(30<anon_inode:[eventpoll]>, EPOLL_CTL_DEL, 221<UDP:[224.0.0.251:5353]>, NULL) = 0
19683 recvmsg(221<UDP:[224.0.0.251:5353]>, {msg_namelen=128}, 0) = -1 EAGAIN (Resource temporarily unavailable)
19683 epoll_ctl(30<anon_inode:[eventpoll]>, EPOLL_CTL_ADD, 221<UDP:[224.0.0.251:5353]>, {events=EPOLLIN, data={u32=2417204472, u64=138914544459000}}) = 0
19683 epoll_wait(30<anon_inode:[eventpoll]>, [], 16, 0) = 0
19683 epoll_wait(30<anon_inode:[eventpoll]>, [], 16, 0) = 0
19683 epoll_wait(30<anon_inode:[eventpoll]>,  <unfinished ...>
19788 <... epoll_wait resumed>[{events=EPOLLIN, data={u32=2684369472, u64=138910516656704}}, {events=EPOLLIN, data={u32=2684374736, u64=138910516661968}}], 128, -1) = 2
19788 recvfrom(177<UDP:[0.0.0.0:5353]>, "\0\0\0\0\0\1\0\0\0\0\0\0\16_microsoft_mcc\4_tcp"..., 4096, 0, {sa_family=AF_INET, sin_port=htons(5353), sin_addr=inet_addr("192.168.30.1")}, [28 => 16]) = 43
19788 recvfrom(177<UDP:[0.0.0.0:5353]>, 0x7e56a0003d98, 4096, 0, 0x7e56a0004d98, [28]) = -1 EAGAIN (Resource temporarily unavailable)
19788 recvfrom(178<UDPv6:[[::]:5353]>, "\0\0\0\0\0\1\0\0\0\0\0\0\16_microsoft_mcc\4_tcp"..., 4096, 0, {sa_family=AF_INET6, sin6_port=htons(5353), sin6_flowinfo=htonl(0), inet_pton(AF_INET6, "fe80::165e:9feb:afb0:384c", &sin6_addr), sin6_scope_id=if_nametoindex("ens33")}, [28]) = 43
19788 recvfrom(178<UDPv6:[[::]:5353]>, 0x7e56a00052a8, 4096, 0, 0x7e56a00062a8, [28]) = -1 EAGAIN (Resource temporarily unavailable)
19788 epoll_wait(167<anon_inode:[eventpoll]>,  <unfinished ...>
19748 <... epoll_wait resumed>[{events=EPOLLIN, data={u32=2202872460, u64=105495189596812}}], 128, -1) = 1
19748 timerfd_settime(96<anon_inode:[timerfd]>, 0, {it_interval={tv_sec=0, tv_nsec=0}, it_value={tv_sec=300, tv_nsec=0}}, {it_interval={tv_sec=0, tv_nsec=0}, it_value={tv_sec=0, tv_nsec=0}}) = 0
19748 timerfd_settime(96<anon_inode:[timerfd]>, 0, {it_interval={tv_sec=0, tv_nsec=0}, it_value={tv_sec=0, tv_nsec=48998000}}, {it_interval={tv_sec=0, tv_nsec=0}, it_value={tv_sec=299, tv_nsec=999914323}}) = 0
19748 epoll_wait(95<anon_inode:[eventpoll]>,  <unfinished ...>
19794 <... clock_nanosleep resumed>0x7e5713dfe140) = 0
19794 clock_nanosleep(CLOCK_REALTIME, 0, {tv_sec=0, tv_nsec=100000000},  <unfinished ...>
19778 <... poll resumed>)               = 0 (Timeout)
19778 poll([{fd=114<pipe:[50812]>, events=POLLIN}, {fd=116<TCP:[192.168.30.128:45584->35.186.224.35:443]>, events=POLLIN}], 2, 50 <unfinished ...>
19748 <... epoll_wait resumed>[{events=EPOLLIN, data={u32=2202872460, u64=105495189596812}}], 128, -1) = 1
19748 timerfd_settime(96<anon_inode:[timerfd]>, 0, {it_interval={tv_sec=0, tv_nsec=0}, it_value={tv_sec=300, tv_nsec=0}}, {it_interval={tv_sec=0, tv_nsec=0}, it_value={tv_sec=0, tv_nsec=0}}) = 0
19748 timerfd_settime(96<anon_inode:[timerfd]>, 0, {it_interval={tv_sec=0, tv_nsec=0}, it_value={tv_sec=0, tv_nsec=49998000}}, {it_interval={tv_sec=0, tv_nsec=0}, it_value={tv_sec=299, tv_nsec=999913978}}) = 0
19748 epoll_wait(95<anon_inode:[eventpoll]>,  <unfinished ...>
19683 <... epoll_wait resumed>[{events=EPOLLIN, data={u32=2415941544, u64=138914543196072}}], 16, 40625) = 1
19683 recvmsg(67<UNIX-STREAM:[57371->57372]>, {msg_name=NULL, msg_namelen=0, msg_iov=[{iov_base="\10\0\0\0h\22\0\0\30\0\24\0\0\0\0\0Q\22\0\0\0\0\0\0\0\0\0\0\0\0\0\0"..., iov_len=4096}], msg_iovlen=1, msg_controllen=0, msg_flags=0}, MSG_DONTWAIT) = 4096
19683 recvmsg(67<UNIX-STREAM:[57371->57372]>, {msg_name=NULL, msg_namelen=0, msg_iov=[{iov_base="rl.pki.goog/gsr1/gsr1.crl0;\6\3U\35 "..., iov_len=616}], msg_iovlen=1, msg_controllen=0, msg_flags=0}, MSG_DONTWAIT) = 616
19683 write(15<pipe:[48647]>, "!", 1)   = 1
19655 <... poll resumed>)               = 1 ([{fd=14, revents=POLLIN}])
19683 epoll_wait(30<anon_inode:[eventpoll]>,  <unfinished ...>
19778 <... poll resumed>)               = 0 (Timeout)
19683 <... epoll_wait resumed>[], 16, 0) = 0
19655 read(14<pipe:[48647]>,  <unfinished ...>
19778 poll([{fd=114<pipe:[50812]>, events=POLLIN}, {fd=116<TCP:[192.168.30.128:45584->35.186.224.35:443]>, events=POLLIN}], 2, 50 <unfinished ...>
19683 epoll_wait(30<anon_inode:[eventpoll]>,  <unfinished ...>
19655 <... read resumed>"!", 2)         = 1
19683 <... epoll_wait resumed>[], 16, 0) = 0
19683 epoll_wait(30<anon_inode:[eventpoll]>,  <unfinished ...>
19655 futex(0x7e57b5ffdf10, FUTEX_WAKE_PRIVATE, 2147483647 <unfinished ...>
19680 <... futex resumed>)              = 0
19655 <... futex resumed>)              = 1
19680 futex(0x7e57b5ffdec0, FUTEX_WAIT_PRIVATE, 2, NULL <unfinished ...>
19655 futex(0x7e57b5ffdec0, FUTEX_WAKE_PRIVATE, 1 <unfinished ...>
19680 <... futex resumed>)              = -1 EAGAIN (Resource temporarily unavailable)
19680 futex(0x7e57b5ffdec0, FUTEX_WAKE_PRIVATE, 1 <unfinished ...>
19655 <... futex resumed>)              = 0
19680 <... futex resumed>)              = 0
19655 recvmsg(32<UNIX-STREAM:[48651->54740]>, {msg_namelen=0}, 0) = -1 EAGAIN (Resource temporarily unavailable)
19655 recvmsg(32<UNIX-STREAM:[48651->54740]>,  <unfinished ...>
19680 fcntl(182</home/venice/.pki/nssdb/cert9.db>, F_SETLK, {l_type=F_RDLCK, l_whence=SEEK_SET, l_start=1073741824, l_len=1} <unfinished ...>
19655 <... recvmsg resumed>{msg_namelen=0}, 0) = -1 EAGAIN (Resource temporarily unavailable)
19680 <... fcntl resumed>)              = 0
19680 fcntl(182</home/venice/.pki/nssdb/cert9.db>, F_SETLK, {l_type=F_RDLCK, l_whence=SEEK_SET, l_start=1073741826, l_len=510} <unfinished ...>
19655 poll([{fd=13<anon_inode:[eventfd]>, events=POLLIN}, {fd=14<pipe:[48647]>, events=POLLIN}, {fd=17<UNIX-STREAM:[48650->54739]>, events=POLLIN}, {fd=32<UNIX-STREAM:[48651->54740]>, events=POLLIN}], 4, 0 <unfinished ...>
19680 <... fcntl resumed>)              = 0
19655 <... poll resumed>)               = 0 (Timeout)
19680 fcntl(182</home/venice/.pki/nssdb/cert9.db>, F_SETLK, {l_type=F_UNLCK, l_whence=SEEK_SET, l_start=1073741824, l_len=1} <unfinished ...>
19655 recvmsg(32<UNIX-STREAM:[48651->54740]>,  <unfinished ...>
19680 <... fcntl resumed>)              = 0
19655 <... recvmsg resumed>{msg_namelen=0}, 0) = -1 EAGAIN (Resource temporarily unavailable)
19680 newfstatat(AT_FDCWD</home/venice>, "/home/venice/.pki/nssdb/cert9.db-journal",  <unfinished ...>
19655 recvmsg(32<UNIX-STREAM:[48651->54740]>,  <unfinished ...>
19680 <... newfstatat resumed>0x7e57b5ffc910, 0) = -1 ENOENT (No such file or directory)
19655 <... recvmsg resumed>{msg_namelen=0}, 0) = -1 EAGAIN (Resource temporarily unavailable)
19680 pread64(182</home/venice/.pki/nssdb/cert9.db>,  <unfinished ...>
19655 poll([{fd=13<anon_inode:[eventfd]>, events=POLLIN}, {fd=14<pipe:[48647]>, events=POLLIN}, {fd=17<UNIX-STREAM:[48650->54739]>, events=POLLIN}, {fd=32<UNIX-STREAM:[48651->54740]>, events=POLLIN}], 4, 10559 <unfinished ...>
19680 <... pread64 resumed>"\0\0\0\1\0\0\0\7\0\0\0\0\0\0\0\0", 16, 24) = 16
19680 newfstatat(AT_FDCWD</home/venice>, "/home/venice/.pki/nssdb/cert9.db-wal", 0x7e57b5ffc910, 0) = -1 ENOENT (No such file or directory)
19680 fstat(182</home/venice/.pki/nssdb/cert9.db>, {st_mode=S_IFREG|0600, st_size=28672, ...}) = 0
19680 fcntl(182</home/venice/.pki/nssdb/cert9.db>, F_SETLK, {l_type=F_UNLCK, l_whence=SEEK_SET, l_start=0, l_len=0}) = 0
19680 fcntl(182</home/venice/.pki/nssdb/cert9.db>, F_SETLK, {l_type=F_RDLCK, l_whence=SEEK_SET, l_start=1073741824, l_len=1}) = 0
19680 fcntl(182</home/venice/.pki/nssdb/cert9.db>, F_SETLK, {l_type=F_RDLCK, l_whence=SEEK_SET, l_start=1073741826, l_len=510}) = 0
19680 fcntl(182</home/venice/.pki/nssdb/cert9.db>, F_SETLK, {l_type=F_UNLCK, l_whence=SEEK_SET, l_start=1073741824, l_len=1}) = 0
19680 newfstatat(AT_FDCWD</home/venice>, "/home/venice/.pki/nssdb/cert9.db-journal", 0x7e57b5ffc910, 0) = -1 ENOENT (No such file or directory)
19680 pread64(182</home/venice/.pki/nssdb/cert9.db>, "\0\0\0\1\0\0\0\7\0\0\0\0\0\0\0\0", 16, 24) = 16
19680 newfstatat(AT_FDCWD</home/venice>, "/home/venice/.pki/nssdb/cert9.db-wal", 0x7e57b5ffc910, 0) = -1 ENOENT (No such file or directory)
19680 fstat(182</home/venice/.pki/nssdb/cert9.db>, {st_mode=S_IFREG|0600, st_size=28672, ...}) = 0
19680 fcntl(182</home/venice/.pki/nssdb/cert9.db>, F_SETLK, {l_type=F_UNLCK, l_whence=SEEK_SET, l_start=0, l_len=0}) = 0
19680 fcntl(182</home/venice/.pki/nssdb/cert9.db>, F_SETLK, {l_type=F_RDLCK, l_whence=SEEK_SET, l_start=1073741824, l_len=1}) = 0
19680 fcntl(182</home/venice/.pki/nssdb/cert9.db>, F_SETLK, {l_type=F_RDLCK, l_whence=SEEK_SET, l_start=1073741826, l_len=510}) = 0
19680 fcntl(182</home/venice/.pki/nssdb/cert9.db>, F_SETLK, {l_type=F_UNLCK, l_whence=SEEK_SET, l_start=1073741824, l_len=1}) = 0
19680 newfstatat(AT_FDCWD</home/venice>, "/home/venice/.pki/nssdb/cert9.db-journal", 0x7e57b5ffc810, 0) = -1 ENOENT (No such file or directory)
19680 pread64(182</home/venice/.pki/nssdb/cert9.db>, "\0\0\0\1\0\0\0\7\0\0\0\0\0\0\0\0", 16, 24) = 16
19680 newfstatat(AT_FDCWD</home/venice>, "/home/venice/.pki/nssdb/cert9.db-wal", 0x7e57b5ffc810, 0) = -1 ENOENT (No such file or directory)
19680 fstat(182</home/venice/.pki/nssdb/cert9.db>, {st_mode=S_IFREG|0600, st_size=28672, ...}) = 0
19680 fcntl(182</home/venice/.pki/nssdb/cert9.db>, F_SETLK, {l_type=F_UNLCK, l_whence=SEEK_SET, l_start=0, l_len=0}) = 0
19680 fcntl(182</home/venice/.pki/nssdb/cert9.db>, F_SETLK, {l_type=F_RDLCK, l_whence=SEEK_SET, l_start=1073741824, l_len=1}) = 0
19680 fcntl(182</home/venice/.pki/nssdb/cert9.db>, F_SETLK, {l_type=F_RDLCK, l_whence=SEEK_SET, l_start=1073741826, l_len=510}) = 0
19680 fcntl(182</home/venice/.pki/nssdb/cert9.db>, F_SETLK, {l_type=F_UNLCK, l_whence=SEEK_SET, l_start=1073741824, l_len=1}) = 0
19680 newfstatat(AT_FDCWD</home/venice>, "/home/venice/.pki/nssdb/cert9.db-journal", 0x7e57b5ffc7a0, 0) = -1 ENOENT (No such file or directory)
19680 pread64(182</home/venice/.pki/nssdb/cert9.db>, "\0\0\0\1\0\0\0\7\0\0\0\0\0\0\0\0", 16, 24) = 16
19680 newfstatat(AT_FDCWD</home/venice>, "/home/venice/.pki/nssdb/cert9.db-wal", 0x7e57b5ffc7a0, 0) = -1 ENOENT (No such file or directory)
19680 fstat(182</home/venice/.pki/nssdb/cert9.db>, {st_mode=S_IFREG|0600, st_size=28672, ...}) = 0
19680 fcntl(182</home/venice/.pki/nssdb/cert9.db>, F_SETLK, {l_type=F_UNLCK, l_whence=SEEK_SET, l_start=0, l_len=0}) = 0
19680 fcntl(182</home/venice/.pki/nssdb/cert9.db>, F_SETLK, {l_type=F_RDLCK, l_whence=SEEK_SET, l_start=1073741824, l_len=1}) = 0
19680 fcntl(182</home/venice/.pki/nssdb/cert9.db>, F_SETLK, {l_type=F_RDLCK, l_whence=SEEK_SET, l_start=1073741826, l_len=510}) = 0
19680 fcntl(182</home/venice/.pki/nssdb/cert9.db>, F_SETLK, {l_type=F_UNLCK, l_whence=SEEK_SET, l_start=1073741824, l_len=1}) = 0
19680 newfstatat(AT_FDCWD</home/venice>, "/home/venice/.pki/nssdb/cert9.db-journal", 0x7e57b5ffc7a0, 0) = -1 ENOENT (No such file or directory)
19680 pread64(182</home/venice/.pki/nssdb/cert9.db>, "\0\0\0\1\0\0\0\7\0\0\0\0\0\0\0\0", 16, 24) = 16
19680 newfstatat(AT_FDCWD</home/venice>, "/home/venice/.pki/nssdb/cert9.db-wal", 0x7e57b5ffc7a0, 0) = -1 ENOENT (No such file or directory)
19680 fstat(182</home/venice/.pki/nssdb/cert9.db>, {st_mode=S_IFREG|0600, st_size=28672, ...}) = 0
19680 fcntl(182</home/venice/.pki/nssdb/cert9.db>, F_SETLK, {l_type=F_UNLCK, l_whence=SEEK_SET, l_start=0, l_len=0}) = 0
19680 fcntl(182</home/venice/.pki/nssdb/cert9.db>, F_SETLK, {l_type=F_RDLCK, l_whence=SEEK_SET, l_start=1073741824, l_len=1}) = 0
19680 fcntl(182</home/venice/.pki/nssdb/cert9.db>, F_SETLK, {l_type=F_RDLCK, l_whence=SEEK_SET, l_start=1073741826, l_len=510}) = 0
19680 fcntl(182</home/venice/.pki/nssdb/cert9.db>, F_SETLK, {l_type=F_UNLCK, l_whence=SEEK_SET, l_start=1073741824, l_len=1}) = 0
19680 newfstatat(AT_FDCWD</home/venice>, "/home/venice/.pki/nssdb/cert9.db-journal", 0x7e57b5ffc810, 0) = -1 ENOENT (No such file or directory)
19680 pread64(182</home/venice/.pki/nssdb/cert9.db>, "\0\0\0\1\0\0\0\7\0\0\0\0\0\0\0\0", 16, 24) = 16
19680 newfstatat(AT_FDCWD</home/venice>, "/home/venice/.pki/nssdb/cert9.db-wal", 0x7e57b5ffc810, 0) = -1 ENOENT (No such file or directory)
19680 fstat(182</home/venice/.pki/nssdb/cert9.db>, {st_mode=S_IFREG|0600, st_size=28672, ...}) = 0
19680 fcntl(182</home/venice/.pki/nssdb/cert9.db>, F_SETLK, {l_type=F_UNLCK, l_whence=SEEK_SET, l_start=0, l_len=0}) = 0
19680 fcntl(182</home/venice/.pki/nssdb/cert9.db>, F_SETLK, {l_type=F_RDLCK, l_whence=SEEK_SET, l_start=1073741824, l_len=1}) = 0
19680 fcntl(182</home/venice/.pki/nssdb/cert9.db>, F_SETLK, {l_type=F_RDLCK, l_whence=SEEK_SET, l_start=1073741826, l_len=510}) = 0
19680 fcntl(182</home/venice/.pki/nssdb/cert9.db>, F_SETLK, {l_type=F_UNLCK, l_whence=SEEK_SET, l_start=1073741824, l_len=1}) = 0
19680 newfstatat(AT_FDCWD</home/venice>, "/home/venice/.pki/nssdb/cert9.db-journal", 0x7e57b5ffc590, 0) = -1 ENOENT (No such file or directory)
19680 pread64(182</home/venice/.pki/nssdb/cert9.db>, "\0\0\0\1\0\0\0\7\0\0\0\0\0\0\0\0", 16, 24) = 16
19680 newfstatat(AT_FDCWD</home/venice>, "/home/venice/.pki/nssdb/cert9.db-wal", 0x7e57b5ffc590, 0) = -1 ENOENT (No such file or directory)
19680 fstat(182</home/venice/.pki/nssdb/cert9.db>, {st_mode=S_IFREG|0600, st_size=28672, ...}) = 0
19680 fcntl(182</home/venice/.pki/nssdb/cert9.db>, F_SETLK, {l_type=F_UNLCK, l_whence=SEEK_SET, l_start=0, l_len=0}) = 0
19680 fcntl(182</home/venice/.pki/nssdb/cert9.db>, F_SETLK, {l_type=F_RDLCK, l_whence=SEEK_SET, l_start=1073741824, l_len=1}) = 0
19680 fcntl(182</home/venice/.pki/nssdb/cert9.db>, F_SETLK, {l_type=F_RDLCK, l_whence=SEEK_SET, l_start=1073741826, l_len=510}) = 0
19680 fcntl(182</home/venice/.pki/nssdb/cert9.db>, F_SETLK, {l_type=F_UNLCK, l_whence=SEEK_SET, l_start=1073741824, l_len=1}) = 0
19680 newfstatat(AT_FDCWD</home/venice>, "/home/venice/.pki/nssdb/cert9.db-journal", 0x7e57b5ffc7a0, 0) = -1 ENOENT (No such file or directory)
19680 pread64(182</home/venice/.pki/nssdb/cert9.db>, "\0\0\0\1\0\0\0\7\0\0\0\0\0\0\0\0", 16, 24) = 16
19680 newfstatat(AT_FDCWD</home/venice>, "/home/venice/.pki/nssdb/cert9.db-wal", 0x7e57b5ffc7a0, 0) = -1 ENOENT (No such file or directory)
19680 fstat(182</home/venice/.pki/nssdb/cert9.db>, {st_mode=S_IFREG|0600, st_size=28672, ...}) = 0
19680 fcntl(182</home/venice/.pki/nssdb/cert9.db>, F_SETLK, {l_type=F_UNLCK, l_whence=SEEK_SET, l_start=0, l_len=0}) = 0
19680 fcntl(182</home/venice/.pki/nssdb/cert9.db>, F_SETLK, {l_type=F_RDLCK, l_whence=SEEK_SET, l_start=1073741824, l_len=1}) = 0
19680 fcntl(182</home/venice/.pki/nssdb/cert9.db>, F_SETLK, {l_type=F_RDLCK, l_whence=SEEK_SET, l_start=1073741826, l_len=510}) = 0
19680 fcntl(182</home/venice/.pki/nssdb/cert9.db>, F_SETLK, {l_type=F_UNLCK, l_whence=SEEK_SET, l_start=1073741824, l_len=1}) = 0
19680 newfstatat(AT_FDCWD</home/venice>, "/home/venice/.pki/nssdb/cert9.db-journal", 0x7e57b5ffc7a0, 0) = -1 ENOENT (No such file or directory)
19680 pread64(182</home/venice/.pki/nssdb/cert9.db>, "\0\0\0\1\0\0\0\7\0\0\0\0\0\0\0\0", 16, 24) = 16
19680 newfstatat(AT_FDCWD</home/venice>, "/home/venice/.pki/nssdb/cert9.db-wal", 0x7e57b5ffc7a0, 0) = -1 ENOENT (No such file or directory)
19680 fstat(182</home/venice/.pki/nssdb/cert9.db>, {st_mode=S_IFREG|0600, st_size=28672, ...}) = 0
19680 fcntl(182</home/venice/.pki/nssdb/cert9.db>, F_SETLK, {l_type=F_UNLCK, l_whence=SEEK_SET, l_start=0, l_len=0}) = 0
19680 fcntl(182</home/venice/.pki/nssdb/cert9.db>, F_SETLK, {l_type=F_RDLCK, l_whence=SEEK_SET, l_start=1073741824, l_len=1}) = 0
19680 fcntl(182</home/venice/.pki/nssdb/cert9.db>, F_SETLK, {l_type=F_RDLCK, l_whence=SEEK_SET, l_start=1073741826, l_len=510}) = 0
19680 fcntl(182</home/venice/.pki/nssdb/cert9.db>, F_SETLK, {l_type=F_UNLCK, l_whence=SEEK_SET, l_start=1073741824, l_len=1}) = 0
19680 newfstatat(AT_FDCWD</home/venice>, "/home/venice/.pki/nssdb/cert9.db-journal", 0x7e57b5ffc580, 0) = -1 ENOENT (No such file or directory)
19680 pread64(182</home/venice/.pki/nssdb/cert9.db>, "\0\0\0\1\0\0\0\7\0\0\0\0\0\0\0\0", 16, 24) = 16
19680 newfstatat(AT_FDCWD</home/venice>, "/home/venice/.pki/nssdb/cert9.db-wal", 0x7e57b5ffc580, 0) = -1 ENOENT (No such file or directory)
19680 fstat(182</home/venice/.pki/nssdb/cert9.db>, {st_mode=S_IFREG|0600, st_size=28672, ...}) = 0
19680 fcntl(182</home/venice/.pki/nssdb/cert9.db>, F_SETLK, {l_type=F_UNLCK, l_whence=SEEK_SET, l_start=0, l_len=0}) = 0
19680 fcntl(182</home/venice/.pki/nssdb/cert9.db>, F_SETLK, {l_type=F_RDLCK, l_whence=SEEK_SET, l_start=1073741824, l_len=1}) = 0
19680 fcntl(182</home/venice/.pki/nssdb/cert9.db>, F_SETLK, {l_type=F_RDLCK, l_whence=SEEK_SET, l_start=1073741826, l_len=510}) = 0
19680 fcntl(182</home/venice/.pki/nssdb/cert9.db>, F_SETLK, {l_type=F_UNLCK, l_whence=SEEK_SET, l_start=1073741824, l_len=1}) = 0
19680 newfstatat(AT_FDCWD</home/venice>, "/home/venice/.pki/nssdb/cert9.db-journal", 0x7e57b5ffc990, 0) = -1 ENOENT (No such file or directory)
19680 pread64(182</home/venice/.pki/nssdb/cert9.db>, "\0\0\0\1\0\0\0\7\0\0\0\0\0\0\0\0", 16, 24) = 16
19680 newfstatat(AT_FDCWD</home/venice>, "/home/venice/.pki/nssdb/cert9.db-wal", 0x7e57b5ffc990, 0) = -1 ENOENT (No such file or directory)
19680 fstat(182</home/venice/.pki/nssdb/cert9.db>, {st_mode=S_IFREG|0600, st_size=28672, ...}) = 0
19680 fcntl(182</home/venice/.pki/nssdb/cert9.db>, F_SETLK, {l_type=F_UNLCK, l_whence=SEEK_SET, l_start=0, l_len=0}) = 0
19680 fcntl(182</home/venice/.pki/nssdb/cert9.db>, F_SETLK, {l_type=F_RDLCK, l_whence=SEEK_SET, l_start=1073741824, l_len=1}) = 0
19680 fcntl(182</home/venice/.pki/nssdb/cert9.db>, F_SETLK, {l_type=F_RDLCK, l_whence=SEEK_SET, l_start=1073741826, l_len=510} <unfinished ...>
19782 <... futex resumed>)              = -1 ETIMEDOUT (Connection timed out)
19680 <... fcntl resumed>)              = 0
19782 futex(0x7e56ec097d88, FUTEX_WAKE_PRIVATE, 1 <unfinished ...>
19680 fcntl(182</home/venice/.pki/nssdb/cert9.db>, F_SETLK, {l_type=F_UNLCK, l_whence=SEEK_SET, l_start=1073741824, l_len=1} <unfinished ...>
19782 <... futex resumed>)              = 0
19680 <... fcntl resumed>)              = 0
19782 futex(0x7e56ec0846e8, FUTEX_WAIT_BITSET_PRIVATE, 0, {tv_sec=6979, tv_nsec=300342984}, FUTEX_BITSET_MATCH_ANY <unfinished ...>
19680 newfstatat(AT_FDCWD</home/venice>, "/home/venice/.pki/nssdb/cert9.db-journal",  <unfinished ...>
19776 <... poll resumed>)               = 0 (Timeout)
19680 <... newfstatat resumed>0x7e57b5ffc7a0, 0) = -1 ENOENT (No such file or directory)
19776 poll([{fd=105<pipe:[51666]>, events=POLLIN}, {fd=125<TCP:[0.0.0.0:57621]>, events=POLLIN|POLLOUT}, {fd=112<TCP:[192.168.30.128:52472->104.199.240.237:4070]>, events=POLLIN}], 3, 199 <unfinished ...>
19680 pread64(182</home/venice/.pki/nssdb/cert9.db>, "\0\0\0\1\0\0\0\7\0\0\0\0\0\0\0\0", 16, 24) = 16
19680 newfstatat(AT_FDCWD</home/venice>, "/home/venice/.pki/nssdb/cert9.db-wal", 0x7e57b5ffc7a0, 0) = -1 ENOENT (No such file or directory)
19680 fstat(182</home/venice/.pki/nssdb/cert9.db>, {st_mode=S_IFREG|0600, st_size=28672, ...}) = 0
19680 fcntl(182</home/venice/.pki/nssdb/cert9.db>, F_SETLK, {l_type=F_UNLCK, l_whence=SEEK_SET, l_start=0, l_len=0}) = 0
19680 fcntl(182</home/venice/.pki/nssdb/cert9.db>, F_SETLK, {l_type=F_RDLCK, l_whence=SEEK_SET, l_start=1073741824, l_len=1}) = 0
19680 fcntl(182</home/venice/.pki/nssdb/cert9.db>, F_SETLK, {l_type=F_RDLCK, l_whence=SEEK_SET, l_start=1073741826, l_len=510}) = 0
19680 fcntl(182</home/venice/.pki/nssdb/cert9.db>, F_SETLK, {l_type=F_UNLCK, l_whence=SEEK_SET, l_start=1073741824, l_len=1}) = 0
19680 newfstatat(AT_FDCWD</home/venice>, "/home/venice/.pki/nssdb/cert9.db-journal", 0x7e57b5ffc7a0, 0) = -1 ENOENT (No such file or directory)
19680 pread64(182</home/venice/.pki/nssdb/cert9.db>, "\0\0\0\1\0\0\0\7\0\0\0\0\0\0\0\0", 16, 24) = 16
19680 newfstatat(AT_FDCWD</home/venice>, "/home/venice/.pki/nssdb/cert9.db-wal", 0x7e57b5ffc7a0, 0) = -1 ENOENT (No such file or directory)
19680 fstat(182</home/venice/.pki/nssdb/cert9.db>, {st_mode=S_IFREG|0600, st_size=28672, ...}) = 0
19680 fcntl(182</home/venice/.pki/nssdb/cert9.db>, F_SETLK, {l_type=F_UNLCK, l_whence=SEEK_SET, l_start=0, l_len=0}) = 0
19680 write(15<pipe:[48647]>, "!", 1)   = 1
19655 <... poll resumed>)               = 1 ([{fd=14, revents=POLLIN}])
19655 clock_gettime(CLOCK_THREAD_CPUTIME_ID,  <unfinished ...>
19680 futex(0x7e57b5ffdf10, FUTEX_WAIT_BITSET_PRIVATE|FUTEX_CLOCK_REALTIME, 0, NULL, FUTEX_BITSET_MATCH_ANY <unfinished ...>
19655 <... clock_gettime resumed>{tv_sec=2, tv_nsec=156749859}) = 0
19655 read(14<pipe:[48647]>, "!", 2)    = 1
19655 sendto(67<UNIX-STREAM:[57371->57372]>, "\10\0\0\0\370\21\0\0\30\0\24\0\0\0\0\0W\n\0\0\0\0\0\0\0\0\0\0\0\0\0\0"..., 4600, MSG_NOSIGNAL, NULL, 0) = 4600
19655 sendto(67<UNIX-STREAM:[57371->57372]>, "\10\0\0\08\0\0\0\30\0\26\0\0\0\0\0X\n\0\0\0\0\0\0\0\0\0\0\0\0\0\0"..., 56, MSG_NOSIGNAL, NULL, 0) = 56
19655 recvmsg(32<UNIX-STREAM:[48651->54740]>, {msg_namelen=0}, 0) = -1 EAGAIN (Resource temporarily unavailable)
19655 recvmsg(32<UNIX-STREAM:[48651->54740]>, {msg_namelen=0}, 0) = -1 EAGAIN (Resource temporarily unavailable)
19655 clock_gettime(CLOCK_THREAD_CPUTIME_ID, {tv_sec=2, tv_nsec=157040014}) = 0
19655 poll([{fd=13<anon_inode:[eventfd]>, events=POLLIN}, {fd=14<pipe:[48647]>, events=POLLIN}, {fd=17<UNIX-STREAM:[48650->54739]>, events=POLLIN}, {fd=32<UNIX-STREAM:[48651->54740]>, events=POLLIN}], 4, 0) = 0 (Timeout)
19655 recvmsg(32<UNIX-STREAM:[48651->54740]>, {msg_namelen=0}, 0) = -1 EAGAIN (Resource temporarily unavailable)
19655 recvmsg(32<UNIX-STREAM:[48651->54740]>, {msg_namelen=0}, 0) = -1 EAGAIN (Resource temporarily unavailable)
19655 poll([{fd=13<anon_inode:[eventfd]>, events=POLLIN}, {fd=14<pipe:[48647]>, events=POLLIN}, {fd=17<UNIX-STREAM:[48650->54739]>, events=POLLIN}, {fd=32<UNIX-STREAM:[48651->54740]>, events=POLLIN}], 4, 10537 <unfinished ...>
19748 <... epoll_wait resumed>[{events=EPOLLIN, data={u32=2202872460, u64=105495189596812}}], 128, -1) = 1
19748 timerfd_settime(96<anon_inode:[timerfd]>, 0, {it_interval={tv_sec=0, tv_nsec=0}, it_value={tv_sec=300, tv_nsec=0}}, {it_interval={tv_sec=0, tv_nsec=0}, it_value={tv_sec=0, tv_nsec=0}}) = 0
19748 timerfd_settime(96<anon_inode:[timerfd]>, 0, {it_interval={tv_sec=0, tv_nsec=0}, it_value={tv_sec=0, tv_nsec=48999000}}, {it_interval={tv_sec=0, tv_nsec=0}, it_value={tv_sec=299, tv_nsec=999945260}}) = 0
19748 epoll_wait(95<anon_inode:[eventpoll]>,  <unfinished ...>
19794 <... clock_nanosleep resumed>0x7e5713dfe140) = 0
19794 clock_nanosleep(CLOCK_REALTIME, 0, {tv_sec=0, tv_nsec=100000000},  <unfinished ...>
19778 <... poll resumed>)               = 0 (Timeout)
19778 poll([{fd=114<pipe:[50812]>, events=POLLIN}, {fd=116<TCP:[192.168.30.128:45584->35.186.224.35:443]>, events=POLLIN}], 2, 50 <unfinished ...>
19748 <... epoll_wait resumed>[{events=EPOLLIN, data={u32=2202872460, u64=105495189596812}}], 128, -1) = 1
19748 timerfd_settime(96<anon_inode:[timerfd]>, 0, {it_interval={tv_sec=0, tv_nsec=0}, it_value={tv_sec=300, tv_nsec=0}}, {it_interval={tv_sec=0, tv_nsec=0}, it_value={tv_sec=0, tv_nsec=0}}) = 0
19748 timerfd_settime(96<anon_inode:[timerfd]>, 0, {it_interval={tv_sec=0, tv_nsec=0}, it_value={tv_sec=0, tv_nsec=49998000}}, {it_interval={tv_sec=0, tv_nsec=0}, it_value={tv_sec=299, tv_nsec=999913893}}) = 0
19748 epoll_wait(95<anon_inode:[eventpoll]>,  <unfinished ...>
19778 <... poll resumed>)               = 0 (Timeout)
19778 poll([{fd=114<pipe:[50812]>, events=POLLIN}, {fd=116<TCP:[192.168.30.128:45584->35.186.224.35:443]>, events=POLLIN}], 2, 50 <unfinished ...>
19678 <... futex resumed>)              = -1 ETIMEDOUT (Connection timed out)
19678 futex(0x7e57b73fdfb0, FUTEX_WAKE_PRIVATE, 1) = 0
19678 futex(0x7e57b73fe000, FUTEX_WAIT_BITSET_PRIVATE, 0, {tv_sec=6989, tv_nsec=293270688}, FUTEX_BITSET_MATCH_ANY <unfinished ...>
19782 <... futex resumed>)              = -1 ETIMEDOUT (Connection timed out)
19782 futex(0x7e56ec097d88, FUTEX_WAKE_PRIVATE, 1) = 0
19782 futex(0x7e56ec0846e8, FUTEX_WAIT_BITSET_PRIVATE, 0, {tv_sec=6979, tv_nsec=400741764}, FUTEX_BITSET_MATCH_ANY <unfinished ...>
19748 <... epoll_wait resumed>[{events=EPOLLIN, data={u32=2202872460, u64=105495189596812}}], 128, -1) = 1
19748 timerfd_settime(96<anon_inode:[timerfd]>, 0, {it_interval={tv_sec=0, tv_nsec=0}, it_value={tv_sec=300, tv_nsec=0}}, {it_interval={tv_sec=0, tv_nsec=0}, it_value={tv_sec=0, tv_nsec=0}}) = 0
19748 timerfd_settime(96<anon_inode:[timerfd]>, 0, {it_interval={tv_sec=0, tv_nsec=0}, it_value={tv_sec=0, tv_nsec=49997000}}, {it_interval={tv_sec=0, tv_nsec=0}, it_value={tv_sec=299, tv_nsec=999911618}}) = 0
19748 epoll_wait(95<anon_inode:[eventpoll]>,  <unfinished ...>
19794 <... clock_nanosleep resumed>0x7e5713dfe140) = 0
19794 clock_nanosleep(CLOCK_REALTIME, 0, {tv_sec=0, tv_nsec=100000000},  <unfinished ...>
19778 <... poll resumed>)               = 0 (Timeout)
19778 poll([{fd=114<pipe:[50812]>, events=POLLIN}, {fd=116<TCP:[192.168.30.128:45584->35.186.224.35:443]>, events=POLLIN}], 2, 50 <unfinished ...>
19748 <... epoll_wait resumed>[{events=EPOLLIN, data={u32=2202872460, u64=105495189596812}}], 128, -1) = 1
19748 timerfd_settime(96<anon_inode:[timerfd]>, 0, {it_interval={tv_sec=0, tv_nsec=0}, it_value={tv_sec=300, tv_nsec=0}}, {it_interval={tv_sec=0, tv_nsec=0}, it_value={tv_sec=0, tv_nsec=0}}) = 0
19748 timerfd_settime(96<anon_inode:[timerfd]>, 0, {it_interval={tv_sec=0, tv_nsec=0}, it_value={tv_sec=0, tv_nsec=48998000}}, {it_interval={tv_sec=0, tv_nsec=0}, it_value={tv_sec=299, tv_nsec=999884117}}) = 0
19748 epoll_wait(95<anon_inode:[eventpoll]>,  <unfinished ...>
19778 <... poll resumed>)               = 0 (Timeout)
19778 poll([{fd=114<pipe:[50812]>, events=POLLIN}, {fd=116<TCP:[192.168.30.128:45584->35.186.224.35:443]>, events=POLLIN}], 2, 50 <unfinished ...>
19782 <... futex resumed>)              = -1 ETIMEDOUT (Connection timed out)
19782 futex(0x7e56ec097d88, FUTEX_WAKE_PRIVATE, 1) = 0
19782 futex(0x7e56ec0846e8, FUTEX_WAIT_BITSET_PRIVATE, 0, {tv_sec=6979, tv_nsec=500992614}, FUTEX_BITSET_MATCH_ANY <unfinished ...>
19776 <... poll resumed>)               = 0 (Timeout)
19776 poll([{fd=105<pipe:[51666]>, events=POLLIN}, {fd=125<TCP:[0.0.0.0:57621]>, events=POLLIN|POLLOUT}, {fd=112<TCP:[192.168.30.128:52472->104.199.240.237:4070]>, events=POLLIN}], 3, 199 <unfinished ...>
19748 <... epoll_wait resumed>[{events=EPOLLIN, data={u32=2202872460, u64=105495189596812}}], 128, -1) = 1
19748 timerfd_settime(96<anon_inode:[timerfd]>, 0, {it_interval={tv_sec=0, tv_nsec=0}, it_value={tv_sec=300, tv_nsec=0}}, {it_interval={tv_sec=0, tv_nsec=0}, it_value={tv_sec=0, tv_nsec=0}}) = 0
19748 timerfd_settime(96<anon_inode:[timerfd]>, 0, {it_interval={tv_sec=0, tv_nsec=0}, it_value={tv_sec=0, tv_nsec=49998000}}, {it_interval={tv_sec=0, tv_nsec=0}, it_value={tv_sec=299, tv_nsec=999918198}}) = 0
19748 epoll_wait(95<anon_inode:[eventpoll]>,  <unfinished ...>
19794 <... clock_nanosleep resumed>0x7e5713dfe140) = 0
19794 clock_nanosleep(CLOCK_REALTIME, 0, {tv_sec=0, tv_nsec=100000000},  <unfinished ...>
19778 <... poll resumed>)               = 0 (Timeout)
19778 poll([{fd=114<pipe:[50812]>, events=POLLIN}, {fd=116<TCP:[192.168.30.128:45584->35.186.224.35:443]>, events=POLLIN}], 2, 50 <unfinished ...>
19748 <... epoll_wait resumed>[{events=EPOLLIN, data={u32=2202872460, u64=105495189596812}}], 128, -1) = 1
19748 timerfd_settime(96<anon_inode:[timerfd]>, 0, {it_interval={tv_sec=0, tv_nsec=0}, it_value={tv_sec=300, tv_nsec=0}}, {it_interval={tv_sec=0, tv_nsec=0}, it_value={tv_sec=0, tv_nsec=0}}) = 0
19748 timerfd_settime(96<anon_inode:[timerfd]>, 0, {it_interval={tv_sec=0, tv_nsec=0}, it_value={tv_sec=0, tv_nsec=48998000}}, {it_interval={tv_sec=0, tv_nsec=0}, it_value={tv_sec=299, tv_nsec=999910153}}) = 0
19748 epoll_wait(95<anon_inode:[eventpoll]>,  <unfinished ...>
19778 <... poll resumed>)               = 0 (Timeout)
19778 poll([{fd=114<pipe:[50812]>, events=POLLIN}, {fd=116<TCP:[192.168.30.128:45584->35.186.224.35:443]>, events=POLLIN}], 2, 50 <unfinished ...>
19782 <... futex resumed>)              = -1 ETIMEDOUT (Connection timed out)
19782 futex(0x7e56ec097d88, FUTEX_WAKE_PRIVATE, 1) = 0
19782 futex(0x7e56ec0846e8, FUTEX_WAIT_BITSET_PRIVATE, 0, {tv_sec=6979, tv_nsec=600240640}, FUTEX_BITSET_MATCH_ANY <unfinished ...>
19748 <... epoll_wait resumed>[{events=EPOLLIN, data={u32=2202872460, u64=105495189596812}}], 128, -1) = 1
19748 timerfd_settime(96<anon_inode:[timerfd]>, 0, {it_interval={tv_sec=0, tv_nsec=0}, it_value={tv_sec=300, tv_nsec=0}}, {it_interval={tv_sec=0, tv_nsec=0}, it_value={tv_sec=0, tv_nsec=0}}) = 0
19748 timerfd_settime(96<anon_inode:[timerfd]>, 0, {it_interval={tv_sec=0, tv_nsec=0}, it_value={tv_sec=0, tv_nsec=49997000}}, {it_interval={tv_sec=0, tv_nsec=0}, it_value={tv_sec=299, tv_nsec=999852597}}) = 0
19748 epoll_wait(95<anon_inode:[eventpoll]>,  <unfinished ...>
19794 <... clock_nanosleep resumed>0x7e5713dfe140) = 0
19794 clock_nanosleep(CLOCK_REALTIME, 0, {tv_sec=0, tv_nsec=100000000},  <unfinished ...>
19778 <... poll resumed>)               = 0 (Timeout)
19778 poll([{fd=114<pipe:[50812]>, events=POLLIN}, {fd=116<TCP:[192.168.30.128:45584->35.186.224.35:443]>, events=POLLIN}], 2, 50 <unfinished ...>
19683 <... epoll_wait resumed>[{events=EPOLLIN, data={u32=2415941544, u64=138914543196072}}], 16, 40550) = 1
19683 recvmsg(67<UNIX-STREAM:[57371->57372]>, {msg_name=NULL, msg_namelen=0, msg_iov=[{iov_base="\10\0\1\08\1\0\0\30\0\24\0\0\0\0\0R\22\0\0\0\0\0\0\330\0\0\0\0\0\0\0"..., iov_len=4096}], msg_iovlen=1, msg_control=[{cmsg_len=20, cmsg_level=SOL_SOCKET, cmsg_type=SCM_RIGHTS, cmsg_data=[223</dev/shm/.org.chromium.Chromium.GPb9y1>(deleted)]}], msg_controllen=24, msg_flags=0}, MSG_DONTWAIT) = 312
19683 fcntl(223</dev/shm/.org.chromium.Chromium.GPb9y1>(deleted), F_GETFL) = 0x8002 (flags O_RDWR|O_LARGEFILE)
19683 mmap(NULL, 2097152, PROT_READ|PROT_WRITE, MAP_SHARED, 223</dev/shm/.org.chromium.Chromium.GPb9y1>(deleted), 0) = 0x7e57ac200000
19683 sendto(67<UNIX-STREAM:[57371->57372]>, "\10\0\0\0000\0\0\0\30\0$\0\0\0\0\0Y\n\0\0\0\0\0\0\0\0\0\0\0\0\0\0"..., 48, MSG_NOSIGNAL, NULL, 0) = 48
19683 write(15<pipe:[48647]>, "!", 1)   = 1
19655 <... poll resumed>)               = 1 ([{fd=14, revents=POLLIN}])
19683 epoll_wait(30<anon_inode:[eventpoll]>, [{events=EPOLLIN, data={u32=2415941544, u64=138914543196072}}], 16, 0) = 1
19655 read(14<pipe:[48647]>,  <unfinished ...>
19683 recvmsg(67<UNIX-STREAM:[57371->57372]>,  <unfinished ...>
19655 <... read resumed>"!", 2)         = 1
19683 <... recvmsg resumed>{msg_name=NULL, msg_namelen=0, msg_iov=[{iov_base="\10\0\0\0h\0\0\0\30\0\24\0\0\0\0\0S\22\0\0\0\0\0\0\0\0\0\0\0\0\0\0"..., iov_len=4096}], msg_iovlen=1, msg_controllen=0, msg_flags=0}, MSG_DONTWAIT) = 480
19655 getrandom("\xf8\x61\xa5\xba\x5f\xd0\x6e\x63", 8, 0) = 8
19683 epoll_wait(30<anon_inode:[eventpoll]>, [], 16, 0) = 0
19655 munmap(0x7e57ac200000, 2097152 <unfinished ...>
19683 epoll_wait(30<anon_inode:[eventpoll]>,  <unfinished ...>
19655 <... munmap resumed>)             = 0
19655 close(223</dev/shm/.org.chromium.Chromium.GPb9y1>(deleted)) = 0
19655 recvmsg(32<UNIX-STREAM:[48651->54740]>, {msg_namelen=0}, 0) = -1 EAGAIN (Resource temporarily unavailable)
19655 recvmsg(32<UNIX-STREAM:[48651->54740]>, {msg_namelen=0}, 0) = -1 EAGAIN (Resource temporarily unavailable)
19655 poll([{fd=13<anon_inode:[eventfd]>, events=POLLIN}, {fd=14<pipe:[48647]>, events=POLLIN}, {fd=17<UNIX-STREAM:[48650->54739]>, events=POLLIN}, {fd=32<UNIX-STREAM:[48651->54740]>, events=POLLIN}], 4, 0) = 0 (Timeout)
19655 recvmsg(32<UNIX-STREAM:[48651->54740]>, {msg_namelen=0}, 0) = -1 EAGAIN (Resource temporarily unavailable)
19655 recvmsg(32<UNIX-STREAM:[48651->54740]>, {msg_namelen=0}, 0) = -1 EAGAIN (Resource temporarily unavailable)
19655 poll([{fd=13<anon_inode:[eventfd]>, events=POLLIN}, {fd=14<pipe:[48647]>, events=POLLIN}, {fd=17<UNIX-STREAM:[48650->54739]>, events=POLLIN}, {fd=32<UNIX-STREAM:[48651->54740]>, events=POLLIN}], 4, 10198 <unfinished ...>
19748 <... epoll_wait resumed>[{events=EPOLLIN, data={u32=2202872460, u64=105495189596812}}], 128, -1) = 1
19748 timerfd_settime(96<anon_inode:[timerfd]>, 0, {it_interval={tv_sec=0, tv_nsec=0}, it_value={tv_sec=300, tv_nsec=0}}, {it_interval={tv_sec=0, tv_nsec=0}, it_value={tv_sec=0, tv_nsec=0}}) = 0
19748 timerfd_settime(96<anon_inode:[timerfd]>, 0, {it_interval={tv_sec=0, tv_nsec=0}, it_value={tv_sec=0, tv_nsec=48997000}}, {it_interval={tv_sec=0, tv_nsec=0}, it_value={tv_sec=299, tv_nsec=999862935}}) = 0
19748 epoll_wait(95<anon_inode:[eventpoll]>,  <unfinished ...>
19778 <... poll resumed>)               = 0 (Timeout)
19778 poll([{fd=114<pipe:[50812]>, events=POLLIN}, {fd=116<TCP:[192.168.30.128:45584->35.186.224.35:443]>, events=POLLIN}], 2, 50 <unfinished ...>
19782 <... futex resumed>)              = -1 ETIMEDOUT (Connection timed out)
19782 futex(0x7e56ec097d88, FUTEX_WAKE_PRIVATE, 1) = 0
19782 futex(0x7e56ec0846e8, FUTEX_WAIT_BITSET_PRIVATE, 0, {tv_sec=6979, tv_nsec=700589898}, FUTEX_BITSET_MATCH_ANY <unfinished ...>
19776 <... poll resumed>)               = 0 (Timeout)
19776 poll([{fd=105<pipe:[51666]>, events=POLLIN}, {fd=125<TCP:[0.0.0.0:57621]>, events=POLLIN|POLLOUT}, {fd=112<TCP:[192.168.30.128:52472->104.199.240.237:4070]>, events=POLLIN}], 3, 200 <unfinished ...>
19748 <... epoll_wait resumed>[{events=EPOLLIN, data={u32=2202872460, u64=105495189596812}}], 128, -1) = 1
19748 timerfd_settime(96<anon_inode:[timerfd]>, 0, {it_interval={tv_sec=0, tv_nsec=0}, it_value={tv_sec=300, tv_nsec=0}}, {it_interval={tv_sec=0, tv_nsec=0}, it_value={tv_sec=0, tv_nsec=0}}) = 0
19748 timerfd_settime(96<anon_inode:[timerfd]>, 0, {it_interval={tv_sec=0, tv_nsec=0}, it_value={tv_sec=0, tv_nsec=48997000}}, {it_interval={tv_sec=0, tv_nsec=0}, it_value={tv_sec=299, tv_nsec=999884263}}) = 0
19748 epoll_wait(95<anon_inode:[eventpoll]>,  <unfinished ...>
19794 <... clock_nanosleep resumed>0x7e5713dfe140) = 0
19794 clock_nanosleep(CLOCK_REALTIME, 0, {tv_sec=0, tv_nsec=100000000},  <unfinished ...>
19778 <... poll resumed>)               = 0 (Timeout)
19778 poll([{fd=114<pipe:[50812]>, events=POLLIN}, {fd=116<TCP:[192.168.30.128:45584->35.186.224.35:443]>, events=POLLIN}], 2, 50 <unfinished ...>
19748 <... epoll_wait resumed>[{events=EPOLLIN, data={u32=2202872460, u64=105495189596812}}], 128, -1) = 1
19748 timerfd_settime(96<anon_inode:[timerfd]>, 0, {it_interval={tv_sec=0, tv_nsec=0}, it_value={tv_sec=300, tv_nsec=0}}, {it_interval={tv_sec=0, tv_nsec=0}, it_value={tv_sec=0, tv_nsec=0}}) = 0
19748 timerfd_settime(96<anon_inode:[timerfd]>, 0, {it_interval={tv_sec=0, tv_nsec=0}, it_value={tv_sec=0, tv_nsec=49998000}}, {it_interval={tv_sec=0, tv_nsec=0}, it_value={tv_sec=299, tv_nsec=999904793}}) = 0
19748 epoll_wait(95<anon_inode:[eventpoll]>,  <unfinished ...>
19778 <... poll resumed>)               = 0 (Timeout)
19778 poll([{fd=114<pipe:[50812]>, events=POLLIN}, {fd=116<TCP:[192.168.30.128:45584->35.186.224.35:443]>, events=POLLIN}], 2, 50 <unfinished ...>
19782 <... futex resumed>)              = -1 ETIMEDOUT (Connection timed out)
19782 futex(0x7e56ec097d88, FUTEX_WAKE_PRIVATE, 1) = 0
19782 futex(0x7e56ec0846e8, FUTEX_WAIT_BITSET_PRIVATE, 0, {tv_sec=6979, tv_nsec=800983751}, FUTEX_BITSET_MATCH_ANY <unfinished ...>
19748 <... epoll_wait resumed>[{events=EPOLLIN, data={u32=2202872460, u64=105495189596812}}], 128, -1) = 1
19748 timerfd_settime(96<anon_inode:[timerfd]>, 0, {it_interval={tv_sec=0, tv_nsec=0}, it_value={tv_sec=300, tv_nsec=0}}, {it_interval={tv_sec=0, tv_nsec=0}, it_value={tv_sec=0, tv_nsec=0}}) = 0
19748 timerfd_settime(96<anon_inode:[timerfd]>, 0, {it_interval={tv_sec=0, tv_nsec=0}, it_value={tv_sec=0, tv_nsec=48997000}}, {it_interval={tv_sec=0, tv_nsec=0}, it_value={tv_sec=299, tv_nsec=999910184}}) = 0
19748 epoll_wait(95<anon_inode:[eventpoll]>,  <unfinished ...>
19794 <... clock_nanosleep resumed>0x7e5713dfe140) = 0
19794 clock_nanosleep(CLOCK_REALTIME, 0, {tv_sec=0, tv_nsec=100000000},  <unfinished ...>
19778 <... poll resumed>)               = 0 (Timeout)
19778 poll([{fd=114<pipe:[50812]>, events=POLLIN}, {fd=116<TCP:[192.168.30.128:45584->35.186.224.35:443]>, events=POLLIN}], 2, 50 <unfinished ...>
19748 <... epoll_wait resumed>[{events=EPOLLIN, data={u32=2202872460, u64=105495189596812}}], 128, -1) = 1
19748 timerfd_settime(96<anon_inode:[timerfd]>, 0, {it_interval={tv_sec=0, tv_nsec=0}, it_value={tv_sec=300, tv_nsec=0}}, {it_interval={tv_sec=0, tv_nsec=0}, it_value={tv_sec=0, tv_nsec=0}}) = 0
19748 timerfd_settime(96<anon_inode:[timerfd]>, 0, {it_interval={tv_sec=0, tv_nsec=0}, it_value={tv_sec=0, tv_nsec=49998000}}, {it_interval={tv_sec=0, tv_nsec=0}, it_value={tv_sec=299, tv_nsec=999909898}}) = 0
19748 epoll_wait(95<anon_inode:[eventpoll]>,  <unfinished ...>
19778 <... poll resumed>)               = 0 (Timeout)
19778 poll([{fd=114<pipe:[50812]>, events=POLLIN}, {fd=116<TCP:[192.168.30.128:45584->35.186.224.35:443]>, events=POLLIN}], 2, 50 <unfinished ...>
19782 <... futex resumed>)              = -1 ETIMEDOUT (Connection timed out)
19776 <... poll resumed>)               = 0 (Timeout)
19782 futex(0x7e56ec097d88, FUTEX_WAKE_PRIVATE, 1) = 0
19776 poll([{fd=105<pipe:[51666]>, events=POLLIN}, {fd=125<TCP:[0.0.0.0:57621]>, events=POLLIN|POLLOUT}, {fd=112<TCP:[192.168.30.128:52472->104.199.240.237:4070]>, events=POLLIN}], 3, 199 <unfinished ...>
19782 futex(0x7e56ec0846e8, FUTEX_WAIT_BITSET_PRIVATE, 0, {tv_sec=6979, tv_nsec=900371920}, FUTEX_BITSET_MATCH_ANY <unfinished ...>
19748 <... epoll_wait resumed>[{events=EPOLLIN, data={u32=2202872460, u64=105495189596812}}], 128, -1) = 1
19748 timerfd_settime(96<anon_inode:[timerfd]>, 0, {it_interval={tv_sec=0, tv_nsec=0}, it_value={tv_sec=300, tv_nsec=0}}, {it_interval={tv_sec=0, tv_nsec=0}, it_value={tv_sec=0, tv_nsec=0}}) = 0
19748 timerfd_settime(96<anon_inode:[timerfd]>, 0, {it_interval={tv_sec=0, tv_nsec=0}, it_value={tv_sec=0, tv_nsec=48999000}}, {it_interval={tv_sec=0, tv_nsec=0}, it_value={tv_sec=299, tv_nsec=999974030}}) = 0
19748 epoll_wait(95<anon_inode:[eventpoll]>,  <unfinished ...>
19794 <... clock_nanosleep resumed>0x7e5713dfe140) = 0
19794 clock_nanosleep(CLOCK_REALTIME, 0, {tv_sec=0, tv_nsec=100000000},  <unfinished ...>
19778 <... poll resumed>)               = 0 (Timeout)
19778 poll([{fd=114<pipe:[50812]>, events=POLLIN}, {fd=116<TCP:[192.168.30.128:45584->35.186.224.35:443]>, events=POLLIN}], 2, 50 <unfinished ...>
19748 <... epoll_wait resumed>[{events=EPOLLIN, data={u32=2202872460, u64=105495189596812}}], 128, -1) = 1
19748 timerfd_settime(96<anon_inode:[timerfd]>, 0, {it_interval={tv_sec=0, tv_nsec=0}, it_value={tv_sec=300, tv_nsec=0}}, {it_interval={tv_sec=0, tv_nsec=0}, it_value={tv_sec=0, tv_nsec=0}}) = 0
19748 timerfd_settime(96<anon_inode:[timerfd]>, 0, {it_interval={tv_sec=0, tv_nsec=0}, it_value={tv_sec=0, tv_nsec=49998000}}, {it_interval={tv_sec=0, tv_nsec=0}, it_value={tv_sec=299, tv_nsec=999915756}}) = 0
19748 epoll_wait(95<anon_inode:[eventpoll]>,  <unfinished ...>
19778 <... poll resumed>)               = 0 (Timeout)
19778 poll([{fd=114<pipe:[50812]>, events=POLLIN}, {fd=116<TCP:[192.168.30.128:45584->35.186.224.35:443]>, events=POLLIN}], 2, 50 <unfinished ...>
19782 <... futex resumed>)              = -1 ETIMEDOUT (Connection timed out)
19782 futex(0x7e56ec097d88, FUTEX_WAKE_PRIVATE, 1) = 0
19782 futex(0x7e56ec0846e8, FUTEX_WAIT_BITSET_PRIVATE, 0, {tv_sec=6980, tv_nsec=825744}, FUTEX_BITSET_MATCH_ANY <unfinished ...>
19748 <... epoll_wait resumed>[{events=EPOLLIN, data={u32=2202872460, u64=105495189596812}}], 128, -1) = 1
19748 timerfd_settime(96<anon_inode:[timerfd]>, 0, {it_interval={tv_sec=0, tv_nsec=0}, it_value={tv_sec=300, tv_nsec=0}}, {it_interval={tv_sec=0, tv_nsec=0}, it_value={tv_sec=0, tv_nsec=0}}) = 0
19748 timerfd_settime(96<anon_inode:[timerfd]>, 0, {it_interval={tv_sec=0, tv_nsec=0}, it_value={tv_sec=0, tv_nsec=49998000}}, {it_interval={tv_sec=0, tv_nsec=0}, it_value={tv_sec=299, tv_nsec=999867566}}) = 0
19748 epoll_wait(95<anon_inode:[eventpoll]>,  <unfinished ...>
19794 <... clock_nanosleep resumed>0x7e5713dfe140) = 0
19794 clock_nanosleep(CLOCK_REALTIME, 0, {tv_sec=0, tv_nsec=100000000},  <unfinished ...>
19778 <... poll resumed>)               = 0 (Timeout)
19778 poll([{fd=114<pipe:[50812]>, events=POLLIN}, {fd=116<TCP:[192.168.30.128:45584->35.186.224.35:443]>, events=POLLIN}], 2, 50 <unfinished ...>
19748 <... epoll_wait resumed>[{events=EPOLLIN, data={u32=2202872460, u64=105495189596812}}], 128, -1) = 1
19748 timerfd_settime(96<anon_inode:[timerfd]>, 0, {it_interval={tv_sec=0, tv_nsec=0}, it_value={tv_sec=300, tv_nsec=0}}, {it_interval={tv_sec=0, tv_nsec=0}, it_value={tv_sec=0, tv_nsec=0}}) = 0
19748 timerfd_settime(96<anon_inode:[timerfd]>, 0, {it_interval={tv_sec=0, tv_nsec=0}, it_value={tv_sec=0, tv_nsec=33997000}}, {it_interval={tv_sec=0, tv_nsec=0}, it_value={tv_sec=299, tv_nsec=999912792}}) = 0
19748 epoll_wait(95<anon_inode:[eventpoll]>,  <unfinished ...>
19778 <... poll resumed>)               = 0 (Timeout)
19778 poll([{fd=114<pipe:[50812]>, events=POLLIN}, {fd=116<TCP:[192.168.30.128:45584->35.186.224.35:443]>, events=POLLIN}], 2, 50 <unfinished ...>
19748 <... epoll_wait resumed>[{events=EPOLLIN, data={u32=2202872460, u64=105495189596812}}], 128, -1) = 1
19748 timerfd_settime(96<anon_inode:[timerfd]>, 0, {it_interval={tv_sec=0, tv_nsec=0}, it_value={tv_sec=300, tv_nsec=0}}, {it_interval={tv_sec=0, tv_nsec=0}, it_value={tv_sec=0, tv_nsec=0}}) = 0
19748 timerfd_settime(96<anon_inode:[timerfd]>, 0, {it_interval={tv_sec=0, tv_nsec=0}, it_value={tv_sec=0, tv_nsec=14998000}}, {it_interval={tv_sec=0, tv_nsec=0}, it_value={tv_sec=299, tv_nsec=999701895}}) = 0
19748 epoll_wait(95<anon_inode:[eventpoll]>,  <unfinished ...>
19776 <... poll resumed>)               = 0 (Timeout)
19776 poll([{fd=105<pipe:[51666]>, events=POLLIN}, {fd=125<TCP:[0.0.0.0:57621]>, events=POLLIN|POLLOUT}, {fd=112<TCP:[192.168.30.128:52472->104.199.240.237:4070]>, events=POLLIN}], 3, 199 <unfinished ...>
19782 <... futex resumed>)              = -1 ETIMEDOUT (Connection timed out)
19782 futex(0x7e56ec097d88, FUTEX_WAKE_PRIVATE, 1) = 0
19782 futex(0x7e56ec0846e8, FUTEX_WAIT_BITSET_PRIVATE, 0, {tv_sec=6980, tv_nsec=100178606}, FUTEX_BITSET_MATCH_ANY <unfinished ...>
19748 <... epoll_wait resumed>[{events=EPOLLIN, data={u32=2202872460, u64=105495189596812}}], 128, -1) = 1
19748 timerfd_settime(96<anon_inode:[timerfd]>, 0, {it_interval={tv_sec=0, tv_nsec=0}, it_value={tv_sec=300, tv_nsec=0}}, {it_interval={tv_sec=0, tv_nsec=0}, it_value={tv_sec=0, tv_nsec=0}}) = 0
19748 timerfd_settime(96<anon_inode:[timerfd]>, 0, {it_interval={tv_sec=0, tv_nsec=0}, it_value={tv_sec=0, tv_nsec=48998000}}, {it_interval={tv_sec=0, tv_nsec=0}, it_value={tv_sec=299, tv_nsec=999918386}}) = 0
19748 epoll_wait(95<anon_inode:[eventpoll]>,  <unfinished ...>
19794 <... clock_nanosleep resumed>0x7e5713dfe140) = 0
19794 clock_nanosleep(CLOCK_REALTIME, 0, {tv_sec=0, tv_nsec=100000000},  <unfinished ...>
19778 <... poll resumed>)               = 0 (Timeout)
19778 poll([{fd=114<pipe:[50812]>, events=POLLIN}, {fd=116<TCP:[192.168.30.128:45584->35.186.224.35:443]>, events=POLLIN}], 2, 50 <unfinished ...>
19748 <... epoll_wait resumed>[{events=EPOLLIN, data={u32=2202872460, u64=105495189596812}}], 128, -1) = 1
19748 timerfd_settime(96<anon_inode:[timerfd]>, 0, {it_interval={tv_sec=0, tv_nsec=0}, it_value={tv_sec=300, tv_nsec=0}}, {it_interval={tv_sec=0, tv_nsec=0}, it_value={tv_sec=0, tv_nsec=0}}) = 0
19748 timerfd_settime(96<anon_inode:[timerfd]>, 0, {it_interval={tv_sec=0, tv_nsec=0}, it_value={tv_sec=0, tv_nsec=48999000}}, {it_interval={tv_sec=0, tv_nsec=0}, it_value={tv_sec=299, tv_nsec=999969067}}) = 0
19748 epoll_wait(95<anon_inode:[eventpoll]>,  <unfinished ...>
19778 <... poll resumed>)               = 0 (Timeout)
19778 poll([{fd=114<pipe:[50812]>, events=POLLIN}, {fd=116<TCP:[192.168.30.128:45584->35.186.224.35:443]>, events=POLLIN}], 2, 50 <unfinished ...>
19782 <... futex resumed>)              = -1 ETIMEDOUT (Connection timed out)
19782 futex(0x7e56ec097d88, FUTEX_WAKE_PRIVATE, 1) = 0
19782 futex(0x7e56ec0846e8, FUTEX_WAIT_BITSET_PRIVATE, 0, {tv_sec=6980, tv_nsec=200439610}, FUTEX_BITSET_MATCH_ANY <unfinished ...>
19788 <... epoll_wait resumed>[{events=EPOLLIN, data={u32=2684369472, u64=138910516656704}}], 128, -1) = 1
19683 <... epoll_wait resumed>[{events=EPOLLIN, data={u32=2417204472, u64=138914544459000}}], 16, 40190) = 1
19788 recvfrom(177<UDP:[0.0.0.0:5353]>,  <unfinished ...>
19683 recvmsg(221<UDP:[224.0.0.251:5353]>,  <unfinished ...>
19788 <... recvfrom resumed>"\0\0\0\0\0\1\0\0\0\0\0\0\16_microsoft_mcc\4_tcp"..., 4096, 0, {sa_family=AF_INET, sin_port=htons(5353), sin_addr=inet_addr("192.168.30.1")}, [28 => 16]) = 43
19788 recvfrom(177<UDP:[0.0.0.0:5353]>,  <unfinished ...>
19683 <... recvmsg resumed>{msg_name={sa_family=AF_INET, sin_port=htons(5353), sin_addr=inet_addr("192.168.30.1")}, msg_namelen=128 => 16, msg_iov=[{iov_base="\0\0\0\0\0\1\0\0\0\0\0\0\16_microsoft_mcc\4_tcp"..., iov_len=9000}], msg_iovlen=1, msg_controllen=0, msg_flags=0}, 0) = 43
19788 <... recvfrom resumed>0x7e56a0003d98, 4096, 0, 0x7e56a0004d98, [28]) = -1 EAGAIN (Resource temporarily unavailable)
19788 epoll_wait(167<anon_inode:[eventpoll]>,  <unfinished ...>
19683 epoll_ctl(30<anon_inode:[eventpoll]>, EPOLL_CTL_DEL, 221<UDP:[224.0.0.251:5353]>, NULL <unfinished ...>
19788 <... epoll_wait resumed>[{events=EPOLLIN, data={u32=2684374736, u64=138910516661968}}], 128, -1) = 1
19788 recvfrom(178<UDPv6:[[::]:5353]>, "\0\0\0\0\0\1\0\0\0\0\0\0\16_microsoft_mcc\4_tcp"..., 4096, 0, {sa_family=AF_INET6, sin6_port=htons(5353), sin6_flowinfo=htonl(0), inet_pton(AF_INET6, "fe80::165e:9feb:afb0:384c", &sin6_addr), sin6_scope_id=if_nametoindex("ens33")}, [28]) = 43
19788 recvfrom(178<UDPv6:[[::]:5353]>, 0x7e56a00052a8, 4096, 0, 0x7e56a00062a8, [28]) = -1 EAGAIN (Resource temporarily unavailable)
19788 epoll_wait(167<anon_inode:[eventpoll]>,  <unfinished ...>
19683 <... epoll_ctl resumed>)          = 0
19683 recvmsg(221<UDP:[224.0.0.251:5353]>, {msg_namelen=128}, 0) = -1 EAGAIN (Resource temporarily unavailable)
19683 epoll_ctl(30<anon_inode:[eventpoll]>, EPOLL_CTL_ADD, 221<UDP:[224.0.0.251:5353]>, {events=EPOLLIN, data={u32=2417204472, u64=138914544459000}}) = 0
19683 epoll_wait(30<anon_inode:[eventpoll]>, [], 16, 0) = 0
19683 epoll_wait(30<anon_inode:[eventpoll]>, [], 16, 0) = 0
19683 epoll_wait(30<anon_inode:[eventpoll]>,  <unfinished ...>
19748 <... epoll_wait resumed>[{events=EPOLLIN, data={u32=2202872460, u64=105495189596812}}], 128, -1) = 1
19748 timerfd_settime(96<anon_inode:[timerfd]>, 0, {it_interval={tv_sec=0, tv_nsec=0}, it_value={tv_sec=300, tv_nsec=0}}, {it_interval={tv_sec=0, tv_nsec=0}, it_value={tv_sec=0, tv_nsec=0}}) = 0
19748 timerfd_settime(96<anon_inode:[timerfd]>, 0, {it_interval={tv_sec=0, tv_nsec=0}, it_value={tv_sec=0, tv_nsec=46999000}}, {it_interval={tv_sec=0, tv_nsec=0}, it_value={tv_sec=299, tv_nsec=999468287}}) = 0
19748 epoll_wait(95<anon_inode:[eventpoll]>,  <unfinished ...>
19794 <... clock_nanosleep resumed>0x7e5713dfe140) = 0
19794 clock_nanosleep(CLOCK_REALTIME, 0, {tv_sec=0, tv_nsec=100000000},  <unfinished ...>
19778 <... poll resumed>)               = 0 (Timeout)
