19778 poll([{fd=114<pipe:[50812]>, events=POLLIN}, {fd=116<TCP:[192.168.30.128:45584->35.186.224.35:443]>, events=POLLIN}], 2, 50 <unfinished ...>
19748 <... epoll_wait resumed>[{events=EPOLLIN, data={u32=2202872460, u64=105495189596812}}], 128, -1) = 1
19748 timerfd_settime(96<anon_inode:[timerfd]>, 0, {it_interval={tv_sec=0, tv_nsec=0}, it_value={tv_sec=300, tv_nsec=0}}, {it_interval={tv_sec=0, tv_nsec=0}, it_value={tv_sec=0, tv_nsec=0}}) = 0
19748 timerfd_settime(96<anon_inode:[timerfd]>, 0, {it_interval={tv_sec=0, tv_nsec=0}, it_value={tv_sec=0, tv_nsec=48998000}}, {it_interval={tv_sec=0, tv_nsec=0}, it_value={tv_sec=299, tv_nsec=999907564}}) = 0
19748 epoll_wait(95<anon_inode:[eventpoll]>,  <unfinished ...>
19782 <... futex resumed>)              = -1 ETIMEDOUT (Connection timed out)
19782 futex(0x7e56ec097d88, FUTEX_WAKE_PRIVATE, 1) = 0
19782 futex(0x7e56ec0846e8, FUTEX_WAIT_BITSET_PRIVATE, 0, {tv_sec=6976, tv_nsec=800026025}, FUTEX_BITSET_MATCH_ANY <unfinished ...>
19794 <... clock_nanosleep resumed>0x7e5713dfe140) = 0
19794 clock_nanosleep(CLOCK_REALTIME, 0, {tv_sec=0, tv_nsec=100000000},  <unfinished ...>
19778 <... poll resumed>)               = 0 (Timeout)
19778 poll([{fd=114<pipe:[50812]>, events=POLLIN}, {fd=116<TCP:[192.168.30.128:45584->35.186.224.35:443]>, events=POLLIN}], 2, 50 <unfinished ...>
19748 <... epoll_wait resumed>[{events=EPOLLIN, data={u32=2202872460, u64=105495189596812}}], 128, -1) = 1
19748 timerfd_settime(96<anon_inode:[timerfd]>, 0, {it_interval={tv_sec=0, tv_nsec=0}, it_value={tv_sec=300, tv_nsec=0}}, {it_interval={tv_sec=0, tv_nsec=0}, it_value={tv_sec=0, tv_nsec=0}}) = 0
19748 timerfd_settime(96<anon_inode:[timerfd]>, 0, {it_interval={tv_sec=0, tv_nsec=0}, it_value={tv_sec=0, tv_nsec=49998000}}, {it_interval={tv_sec=0, tv_nsec=0}, it_value={tv_sec=299, tv_nsec=999914870}}) = 0
19748 epoll_wait(95<anon_inode:[eventpoll]>,  <unfinished ...>
19778 <... poll resumed>)               = 0 (Timeout)
19778 poll([{fd=114<pipe:[50812]>, events=POLLIN}, {fd=116<TCP:[192.168.30.128:45584->35.186.224.35:443]>, events=POLLIN}], 2, 50 <unfinished ...>
19748 <... epoll_wait resumed>[{events=EPOLLIN, data={u32=2202872460, u64=105495189596812}}], 128, -1) = 1
19748 timerfd_settime(96<anon_inode:[timerfd]>, 0, {it_interval={tv_sec=0, tv_nsec=0}, it_value={tv_sec=300, tv_nsec=0}}, {it_interval={tv_sec=0, tv_nsec=0}, it_value={tv_sec=0, tv_nsec=0}}) = 0
19748 timerfd_settime(96<anon_inode:[timerfd]>, 0, {it_interval={tv_sec=0, tv_nsec=0}, it_value={tv_sec=0, tv_nsec=49999000}}, {it_interval={tv_sec=0, tv_nsec=0}, it_value={tv_sec=299, tv_nsec=999790054}}) = 0
19748 epoll_wait(95<anon_inode:[eventpoll]>,  <unfinished ...>
19782 <... futex resumed>)              = -1 ETIMEDOUT (Connection timed out)
19782 futex(0x7e56ec097d88, FUTEX_WAKE_PRIVATE, 1) = 0
19782 futex(0x7e56ec0846e8, FUTEX_WAIT_BITSET_PRIVATE, 0, {tv_sec=6976, tv_nsec=900301463}, FUTEX_BITSET_MATCH_ANY <unfinished ...>
19776 <... poll resumed>)               = 0 (Timeout)
19776 poll([{fd=105<pipe:[51666]>, events=POLLIN}, {fd=125<TCP:[0.0.0.0:57621]>, events=POLLIN|POLLOUT}, {fd=112<TCP:[192.168.30.128:52472->104.199.240.237:4070]>, events=POLLIN}], 3, 200 <unfinished ...>
19794 <... clock_nanosleep resumed>0x7e5713dfe140) = 0
19794 clock_nanosleep(CLOCK_REALTIME, 0, {tv_sec=0, tv_nsec=100000000},  <unfinished ...>
19778 <... poll resumed>)               = 0 (Timeout)
19778 poll([{fd=114<pipe:[50812]>, events=POLLIN}, {fd=116<TCP:[192.168.30.128:45584->35.186.224.35:443]>, events=POLLIN}], 2, 50 <unfinished ...>
19748 <... epoll_wait resumed>[{events=EPOLLIN, data={u32=2202872460, u64=105495189596812}}], 128, -1) = 1
19748 timerfd_settime(96<anon_inode:[timerfd]>, 0, {it_interval={tv_sec=0, tv_nsec=0}, it_value={tv_sec=300, tv_nsec=0}}, {it_interval={tv_sec=0, tv_nsec=0}, it_value={tv_sec=0, tv_nsec=0}}) = 0
19748 timerfd_settime(96<anon_inode:[timerfd]>, 0, {it_interval={tv_sec=0, tv_nsec=0}, it_value={tv_sec=0, tv_nsec=48998000}}, {it_interval={tv_sec=0, tv_nsec=0}, it_value={tv_sec=299, tv_nsec=999914427}}) = 0
19748 epoll_wait(95<anon_inode:[eventpoll]>,  <unfinished ...>
19778 <... poll resumed>)               = 0 (Timeout)
19778 poll([{fd=114<pipe:[50812]>, events=POLLIN}, {fd=116<TCP:[192.168.30.128:45584->35.186.224.35:443]>, events=POLLIN}], 2, 50 <unfinished ...>
19748 <... epoll_wait resumed>[{events=EPOLLIN, data={u32=2202872460, u64=105495189596812}}], 128, -1) = 1
19748 timerfd_settime(96<anon_inode:[timerfd]>, 0, {it_interval={tv_sec=0, tv_nsec=0}, it_value={tv_sec=300, tv_nsec=0}}, {it_interval={tv_sec=0, tv_nsec=0}, it_value={tv_sec=0, tv_nsec=0}}) = 0
19748 timerfd_settime(96<anon_inode:[timerfd]>, 0, {it_interval={tv_sec=0, tv_nsec=0}, it_value={tv_sec=0, tv_nsec=49999000}}, {it_interval={tv_sec=0, tv_nsec=0}, it_value={tv_sec=299, tv_nsec=999972939}}) = 0
19748 epoll_wait(95<anon_inode:[eventpoll]>,  <unfinished ...>
19782 <... futex resumed>)              = -1 ETIMEDOUT (Connection timed out)
19782 futex(0x7e56ec097d88, FUTEX_WAKE_PRIVATE, 1) = 0
19782 futex(0x7e56ec0846e8, FUTEX_WAIT_BITSET_PRIVATE, 0, {tv_sec=6977, tv_nsec=613504}, FUTEX_BITSET_MATCH_ANY <unfinished ...>
19794 <... clock_nanosleep resumed>0x7e5713dfe140) = 0
19794 clock_nanosleep(CLOCK_REALTIME, 0, {tv_sec=0, tv_nsec=100000000},  <unfinished ...>
19778 <... poll resumed>)               = 0 (Timeout)
19778 poll([{fd=114<pipe:[50812]>, events=POLLIN}, {fd=116<TCP:[192.168.30.128:45584->35.186.224.35:443]>, events=POLLIN}], 2, 50 <unfinished ...>
19748 <... epoll_wait resumed>[{events=EPOLLIN, data={u32=2202872460, u64=105495189596812}}], 128, -1) = 1
19748 timerfd_settime(96<anon_inode:[timerfd]>, 0, {it_interval={tv_sec=0, tv_nsec=0}, it_value={tv_sec=300, tv_nsec=0}}, {it_interval={tv_sec=0, tv_nsec=0}, it_value={tv_sec=0, tv_nsec=0}}) = 0
19748 timerfd_settime(96<anon_inode:[timerfd]>, 0, {it_interval={tv_sec=0, tv_nsec=0}, it_value={tv_sec=0, tv_nsec=49999000}}, {it_interval={tv_sec=0, tv_nsec=0}, it_value={tv_sec=299, tv_nsec=999973135}}) = 0
19748 epoll_wait(95<anon_inode:[eventpoll]>,  <unfinished ...>
19778 <... poll resumed>)               = 0 (Timeout)
19778 poll([{fd=114<pipe:[50812]>, events=POLLIN}, {fd=116<TCP:[192.168.30.128:45584->35.186.224.35:443]>, events=POLLIN}], 2, 50 <unfinished ...>
19748 <... epoll_wait resumed>[{events=EPOLLIN, data={u32=2202872460, u64=105495189596812}}], 128, -1) = 1
19748 timerfd_settime(96<anon_inode:[timerfd]>, 0, {it_interval={tv_sec=0, tv_nsec=0}, it_value={tv_sec=300, tv_nsec=0}}, {it_interval={tv_sec=0, tv_nsec=0}, it_value={tv_sec=0, tv_nsec=0}}) = 0
19748 timerfd_settime(96<anon_inode:[timerfd]>, 0, {it_interval={tv_sec=0, tv_nsec=0}, it_value={tv_sec=0, tv_nsec=48997000}}, {it_interval={tv_sec=0, tv_nsec=0}, it_value={tv_sec=299, tv_nsec=999868407}}) = 0
19748 epoll_wait(95<anon_inode:[eventpoll]>,  <unfinished ...>
19782 <... futex resumed>)              = -1 ETIMEDOUT (Connection timed out)
19782 futex(0x7e56ec097d88, FUTEX_WAKE_PRIVATE, 1 <unfinished ...>
19776 <... poll resumed>)               = 0 (Timeout)
19782 <... futex resumed>)              = 0
19782 futex(0x7e56ec0846e8, FUTEX_WAIT_BITSET_PRIVATE, 0, {tv_sec=6977, tv_nsec=100022839}, FUTEX_BITSET_MATCH_ANY <unfinished ...>
19776 poll([{fd=105<pipe:[51666]>, events=POLLIN}, {fd=125<TCP:[0.0.0.0:57621]>, events=POLLIN|POLLOUT}, {fd=112<TCP:[192.168.30.128:52472->104.199.240.237:4070]>, events=POLLIN}], 3, 194 <unfinished ...>
19794 <... clock_nanosleep resumed>0x7e5713dfe140) = 0
19794 clock_nanosleep(CLOCK_REALTIME, 0, {tv_sec=0, tv_nsec=100000000},  <unfinished ...>
19778 <... poll resumed>)               = 0 (Timeout)
19778 poll([{fd=114<pipe:[50812]>, events=POLLIN}, {fd=116<TCP:[192.168.30.128:45584->35.186.224.35:443]>, events=POLLIN}], 2, 50 <unfinished ...>
19748 <... epoll_wait resumed>[{events=EPOLLIN, data={u32=2202872460, u64=105495189596812}}], 128, -1) = 1
19748 timerfd_settime(96<anon_inode:[timerfd]>, 0, {it_interval={tv_sec=0, tv_nsec=0}, it_value={tv_sec=300, tv_nsec=0}}, {it_interval={tv_sec=0, tv_nsec=0}, it_value={tv_sec=0, tv_nsec=0}}) = 0
19748 timerfd_settime(96<anon_inode:[timerfd]>, 0, {it_interval={tv_sec=0, tv_nsec=0}, it_value={tv_sec=0, tv_nsec=49998000}}, {it_interval={tv_sec=0, tv_nsec=0}, it_value={tv_sec=299, tv_nsec=999919942}}) = 0
19748 epoll_wait(95<anon_inode:[eventpoll]>,  <unfinished ...>
19778 <... poll resumed>)               = 0 (Timeout)
19778 poll([{fd=114<pipe:[50812]>, events=POLLIN}, {fd=116<TCP:[192.168.30.128:45584->35.186.224.35:443]>, events=POLLIN}], 2, 50 <unfinished ...>
19748 <... epoll_wait resumed>[{events=EPOLLIN, data={u32=2202872460, u64=105495189596812}}], 128, -1) = 1
19748 timerfd_settime(96<anon_inode:[timerfd]>, 0, {it_interval={tv_sec=0, tv_nsec=0}, it_value={tv_sec=300, tv_nsec=0}}, {it_interval={tv_sec=0, tv_nsec=0}, it_value={tv_sec=0, tv_nsec=0}}) = 0
19748 timerfd_settime(96<anon_inode:[timerfd]>, 0, {it_interval={tv_sec=0, tv_nsec=0}, it_value={tv_sec=0, tv_nsec=49998000}}, {it_interval={tv_sec=0, tv_nsec=0}, it_value={tv_sec=299, tv_nsec=999919893}}) = 0
19748 epoll_wait(95<anon_inode:[eventpoll]>,  <unfinished ...>
19782 <... futex resumed>)              = -1 ETIMEDOUT (Connection timed out)
19782 futex(0x7e56ec097d88, FUTEX_WAKE_PRIVATE, 1) = 0
19782 futex(0x7e56ec0846e8, FUTEX_WAIT_BITSET_PRIVATE, 0, {tv_sec=6977, tv_nsec=200578905}, FUTEX_BITSET_MATCH_ANY <unfinished ...>
19794 <... clock_nanosleep resumed>0x7e5713dfe140) = 0
19794 clock_nanosleep(CLOCK_REALTIME, 0, {tv_sec=0, tv_nsec=100000000},  <unfinished ...>
19778 <... poll resumed>)               = 0 (Timeout)
19778 poll([{fd=114<pipe:[50812]>, events=POLLIN}, {fd=116<TCP:[192.168.30.128:45584->35.186.224.35:443]>, events=POLLIN}], 2, 50 <unfinished ...>
19748 <... epoll_wait resumed>[{events=EPOLLIN, data={u32=2202872460, u64=105495189596812}}], 128, -1) = 1
19748 timerfd_settime(96<anon_inode:[timerfd]>, 0, {it_interval={tv_sec=0, tv_nsec=0}, it_value={tv_sec=300, tv_nsec=0}}, {it_interval={tv_sec=0, tv_nsec=0}, it_value={tv_sec=0, tv_nsec=0}}) = 0
19748 timerfd_settime(96<anon_inode:[timerfd]>, 0, {it_interval={tv_sec=0, tv_nsec=0}, it_value={tv_sec=0, tv_nsec=49998000}}, {it_interval={tv_sec=0, tv_nsec=0}, it_value={tv_sec=299, tv_nsec=999914635}}) = 0
19748 epoll_wait(95<anon_inode:[eventpoll]>,  <unfinished ...>
19778 <... poll resumed>)               = 0 (Timeout)
19778 poll([{fd=114<pipe:[50812]>, events=POLLIN}, {fd=116<TCP:[192.168.30.128:45584->35.186.224.35:443]>, events=POLLIN}], 2, 50 <unfinished ...>
19748 <... epoll_wait resumed>[{events=EPOLLIN, data={u32=2202872460, u64=105495189596812}}], 128, -1) = 1
19748 timerfd_settime(96<anon_inode:[timerfd]>, 0, {it_interval={tv_sec=0, tv_nsec=0}, it_value={tv_sec=300, tv_nsec=0}}, {it_interval={tv_sec=0, tv_nsec=0}, it_value={tv_sec=0, tv_nsec=0}}) = 0
19748 timerfd_settime(96<anon_inode:[timerfd]>, 0, {it_interval={tv_sec=0, tv_nsec=0}, it_value={tv_sec=0, tv_nsec=44997000}}, {it_interval={tv_sec=0, tv_nsec=0}, it_value={tv_sec=299, tv_nsec=999869527}}) = 0
19748 epoll_wait(95<anon_inode:[eventpoll]>,  <unfinished ...>
19782 <... futex resumed>)              = -1 ETIMEDOUT (Connection timed out)
19776 <... poll resumed>)               = 0 (Timeout)
19782 futex(0x7e56ec097d88, FUTEX_WAKE_PRIVATE, 1 <unfinished ...>
19776 poll([{fd=105<pipe:[51666]>, events=POLLIN}, {fd=125<TCP:[0.0.0.0:57621]>, events=POLLIN|POLLOUT}, {fd=112<TCP:[192.168.30.128:52472->104.199.240.237:4070]>, events=POLLIN}], 3, 200 <unfinished ...>
19782 <... futex resumed>)              = 0
19782 futex(0x7e56ec0846e8, FUTEX_WAIT_BITSET_PRIVATE, 0, {tv_sec=6977, tv_nsec=300078019}, FUTEX_BITSET_MATCH_ANY <unfinished ...>
19794 <... clock_nanosleep resumed>0x7e5713dfe140) = 0
19794 clock_nanosleep(CLOCK_REALTIME, 0, {tv_sec=0, tv_nsec=100000000},  <unfinished ...>
19748 <... epoll_wait resumed>[{events=EPOLLIN, data={u32=2202872460, u64=105495189596812}}], 128, -1) = 1
19748 timerfd_settime(96<anon_inode:[timerfd]>, 0, {it_interval={tv_sec=0, tv_nsec=0}, it_value={tv_sec=300, tv_nsec=0}},  <unfinished ...>
19778 <... poll resumed>)               = 0 (Timeout)
19748 <... timerfd_settime resumed>{it_interval={tv_sec=0, tv_nsec=0}, it_value={tv_sec=0, tv_nsec=0}}) = 0
19778 poll([{fd=114<pipe:[50812]>, events=POLLIN}, {fd=116<TCP:[192.168.30.128:45584->35.186.224.35:443]>, events=POLLIN}], 2, 50 <unfinished ...>
19748 timerfd_settime(96<anon_inode:[timerfd]>, 0, {it_interval={tv_sec=0, tv_nsec=0}, it_value={tv_sec=0, tv_nsec=48998000}}, {it_interval={tv_sec=0, tv_nsec=0}, it_value={tv_sec=299, tv_nsec=999746356}}) = 0
19748 epoll_wait(95<anon_inode:[eventpoll]>, [{events=EPOLLIN, data={u32=2202872460, u64=105495189596812}}], 128, -1) = 1
19748 timerfd_settime(96<anon_inode:[timerfd]>, 0, {it_interval={tv_sec=0, tv_nsec=0}, it_value={tv_sec=300, tv_nsec=0}}, {it_interval={tv_sec=0, tv_nsec=0}, it_value={tv_sec=0, tv_nsec=0}}) = 0
19748 timerfd_settime(96<anon_inode:[timerfd]>, 0, {it_interval={tv_sec=0, tv_nsec=0}, it_value={tv_sec=0, tv_nsec=49999000}}, {it_interval={tv_sec=0, tv_nsec=0}, it_value={tv_sec=299, tv_nsec=999968492}}) = 0
19748 epoll_wait(95<anon_inode:[eventpoll]>,  <unfinished ...>
19778 <... poll resumed>)               = 0 (Timeout)
19778 poll([{fd=114<pipe:[50812]>, events=POLLIN}, {fd=116<TCP:[192.168.30.128:45584->35.186.224.35:443]>, events=POLLIN}], 2, 50 <unfinished ...>
19782 <... futex resumed>)              = -1 ETIMEDOUT (Connection timed out)
19782 futex(0x7e56ec097d88, FUTEX_WAKE_PRIVATE, 1) = 0
19782 futex(0x7e56ec0846e8, FUTEX_WAIT_BITSET_PRIVATE, 0, {tv_sec=6977, tv_nsec=400424887}, FUTEX_BITSET_MATCH_ANY <unfinished ...>
19794 <... clock_nanosleep resumed>0x7e5713dfe140) = 0
19794 clock_nanosleep(CLOCK_REALTIME, 0, {tv_sec=0, tv_nsec=100000000},  <unfinished ...>
19748 <... epoll_wait resumed>[{events=EPOLLIN, data={u32=2202872460, u64=105495189596812}}], 128, -1) = 1
19748 timerfd_settime(96<anon_inode:[timerfd]>, 0, {it_interval={tv_sec=0, tv_nsec=0}, it_value={tv_sec=300, tv_nsec=0}}, {it_interval={tv_sec=0, tv_nsec=0}, it_value={tv_sec=0, tv_nsec=0}}) = 0
19748 timerfd_settime(96<anon_inode:[timerfd]>, 0, {it_interval={tv_sec=0, tv_nsec=0}, it_value={tv_sec=0, tv_nsec=49998000}}, {it_interval={tv_sec=0, tv_nsec=0}, it_value={tv_sec=299, tv_nsec=999808252}}) = 0
19748 epoll_wait(95<anon_inode:[eventpoll]>,  <unfinished ...>
19778 <... poll resumed>)               = 0 (Timeout)
19778 poll([{fd=114<pipe:[50812]>, events=POLLIN}, {fd=116<TCP:[192.168.30.128:45584->35.186.224.35:443]>, events=POLLIN}], 2, 50 <unfinished ...>
19748 <... epoll_wait resumed>[{events=EPOLLIN, data={u32=2202872460, u64=105495189596812}}], 128, -1) = 1
19778 <... poll resumed>)               = 0 (Timeout)
19748 timerfd_settime(96<anon_inode:[timerfd]>, 0, {it_interval={tv_sec=0, tv_nsec=0}, it_value={tv_sec=300, tv_nsec=0}},  <unfinished ...>
19778 poll([{fd=114<pipe:[50812]>, events=POLLIN}, {fd=116<TCP:[192.168.30.128:45584->35.186.224.35:443]>, events=POLLIN}], 2, 50 <unfinished ...>
19748 <... timerfd_settime resumed>{it_interval={tv_sec=0, tv_nsec=0}, it_value={tv_sec=0, tv_nsec=0}}) = 0
19748 timerfd_settime(96<anon_inode:[timerfd]>, 0, {it_interval={tv_sec=0, tv_nsec=0}, it_value={tv_sec=0, tv_nsec=47999000}}, {it_interval={tv_sec=0, tv_nsec=0}, it_value={tv_sec=299, tv_nsec=999915797}}) = 0
19748 epoll_wait(95<anon_inode:[eventpoll]>,  <unfinished ...>
19782 <... futex resumed>)              = -1 ETIMEDOUT (Connection timed out)
19782 futex(0x7e56ec097d88, FUTEX_WAKE_PRIVATE, 1) = 0
19782 futex(0x7e56ec0846e8, FUTEX_WAIT_BITSET_PRIVATE, 0, {tv_sec=6977, tv_nsec=500805150}, FUTEX_BITSET_MATCH_ANY <unfinished ...>
19776 <... poll resumed>)               = 0 (Timeout)
19776 poll([{fd=105<pipe:[51666]>, events=POLLIN}, {fd=125<TCP:[0.0.0.0:57621]>, events=POLLIN|POLLOUT}, {fd=112<TCP:[192.168.30.128:52472->104.199.240.237:4070]>, events=POLLIN}], 3, 199 <unfinished ...>
19794 <... clock_nanosleep resumed>0x7e5713dfe140) = 0
19794 clock_nanosleep(CLOCK_REALTIME, 0, {tv_sec=0, tv_nsec=100000000},  <unfinished ...>
19748 <... epoll_wait resumed>[{events=EPOLLIN, data={u32=2202872460, u64=105495189596812}}], 128, -1) = 1
19748 timerfd_settime(96<anon_inode:[timerfd]>, 0, {it_interval={tv_sec=0, tv_nsec=0}, it_value={tv_sec=300, tv_nsec=0}}, {it_interval={tv_sec=0, tv_nsec=0}, it_value={tv_sec=0, tv_nsec=0}}) = 0
19748 timerfd_settime(96<anon_inode:[timerfd]>, 0, {it_interval={tv_sec=0, tv_nsec=0}, it_value={tv_sec=0, tv_nsec=49998000}}, {it_interval={tv_sec=0, tv_nsec=0}, it_value={tv_sec=299, tv_nsec=999913061}}) = 0
19748 epoll_wait(95<anon_inode:[eventpoll]>,  <unfinished ...>
19778 <... poll resumed>)               = 0 (Timeout)
19778 poll([{fd=114<pipe:[50812]>, events=POLLIN}, {fd=116<TCP:[192.168.30.128:45584->35.186.224.35:443]>, events=POLLIN}], 2, 50 <unfinished ...>
19748 <... epoll_wait resumed>[{events=EPOLLIN, data={u32=2202872460, u64=105495189596812}}], 128, -1) = 1
19748 timerfd_settime(96<anon_inode:[timerfd]>, 0, {it_interval={tv_sec=0, tv_nsec=0}, it_value={tv_sec=300, tv_nsec=0}}, {it_interval={tv_sec=0, tv_nsec=0}, it_value={tv_sec=0, tv_nsec=0}}) = 0
19748 timerfd_settime(96<anon_inode:[timerfd]>, 0, {it_interval={tv_sec=0, tv_nsec=0}, it_value={tv_sec=0, tv_nsec=48999000}}, {it_interval={tv_sec=0, tv_nsec=0}, it_value={tv_sec=299, tv_nsec=999969501}}) = 0
19748 epoll_wait(95<anon_inode:[eventpoll]>,  <unfinished ...>
19778 <... poll resumed>)               = 0 (Timeout)
19778 poll([{fd=114<pipe:[50812]>, events=POLLIN}, {fd=116<TCP:[192.168.30.128:45584->35.186.224.35:443]>, events=POLLIN}], 2, 50 <unfinished ...>
19782 <... futex resumed>)              = -1 ETIMEDOUT (Connection timed out)
19782 futex(0x7e56ec097d88, FUTEX_WAKE_PRIVATE, 1) = 0
19782 futex(0x7e56ec0846e8, FUTEX_WAIT_BITSET_PRIVATE, 0, {tv_sec=6977, tv_nsec=600171052}, FUTEX_BITSET_MATCH_ANY <unfinished ...>
19794 <... clock_nanosleep resumed>0x7e5713dfe140) = 0
19794 clock_nanosleep(CLOCK_REALTIME, 0, {tv_sec=0, tv_nsec=100000000},  <unfinished ...>
19748 <... epoll_wait resumed>[{events=EPOLLIN, data={u32=2202872460, u64=105495189596812}}], 128, -1) = 1
19748 timerfd_settime(96<anon_inode:[timerfd]>, 0, {it_interval={tv_sec=0, tv_nsec=0}, it_value={tv_sec=300, tv_nsec=0}}, {it_interval={tv_sec=0, tv_nsec=0}, it_value={tv_sec=0, tv_nsec=0}}) = 0
19748 timerfd_settime(96<anon_inode:[timerfd]>, 0, {it_interval={tv_sec=0, tv_nsec=0}, it_value={tv_sec=0, tv_nsec=49999000}}, {it_interval={tv_sec=0, tv_nsec=0}, it_value={tv_sec=299, tv_nsec=999918617}}) = 0
19748 epoll_wait(95<anon_inode:[eventpoll]>,  <unfinished ...>
19778 <... poll resumed>)               = 0 (Timeout)
19778 poll([{fd=114<pipe:[50812]>, events=POLLIN}, {fd=116<TCP:[192.168.30.128:45584->35.186.224.35:443]>, events=POLLIN}], 2, 50 <unfinished ...>
19748 <... epoll_wait resumed>[{events=EPOLLIN, data={u32=2202872460, u64=105495189596812}}], 128, -1) = 1
19748 timerfd_settime(96<anon_inode:[timerfd]>, 0, {it_interval={tv_sec=0, tv_nsec=0}, it_value={tv_sec=300, tv_nsec=0}}, {it_interval={tv_sec=0, tv_nsec=0}, it_value={tv_sec=0, tv_nsec=0}}) = 0
19748 timerfd_settime(96<anon_inode:[timerfd]>, 0, {it_interval={tv_sec=0, tv_nsec=0}, it_value={tv_sec=0, tv_nsec=49999000}}, {it_interval={tv_sec=0, tv_nsec=0}, it_value={tv_sec=299, tv_nsec=999913370}}) = 0
19748 epoll_wait(95<anon_inode:[eventpoll]>,  <unfinished ...>
19778 <... poll resumed>)               = 0 (Timeout)
19778 poll([{fd=114<pipe:[50812]>, events=POLLIN}, {fd=116<TCP:[192.168.30.128:45584->35.186.224.35:443]>, events=POLLIN}], 2, 50 <unfinished ...>
19782 <... futex resumed>)              = -1 ETIMEDOUT (Connection timed out)
19782 futex(0x7e56ec097d88, FUTEX_WAKE_PRIVATE, 1) = 0
19782 futex(0x7e56ec0846e8, FUTEX_WAIT_BITSET_PRIVATE, 0, {tv_sec=6977, tv_nsec=700579612}, FUTEX_BITSET_MATCH_ANY <unfinished ...>
19776 <... poll resumed>)               = 0 (Timeout)
19776 poll([{fd=105<pipe:[51666]>, events=POLLIN}, {fd=125<TCP:[0.0.0.0:57621]>, events=POLLIN|POLLOUT}, {fd=112<TCP:[192.168.30.128:52472->104.199.240.237:4070]>, events=POLLIN}], 3, 200 <unfinished ...>
19794 <... clock_nanosleep resumed>0x7e5713dfe140) = 0
19794 clock_nanosleep(CLOCK_REALTIME, 0, {tv_sec=0, tv_nsec=100000000},  <unfinished ...>
19748 <... epoll_wait resumed>[{events=EPOLLIN, data={u32=2202872460, u64=105495189596812}}], 128, -1) = 1
19748 timerfd_settime(96<anon_inode:[timerfd]>, 0, {it_interval={tv_sec=0, tv_nsec=0}, it_value={tv_sec=300, tv_nsec=0}}, {it_interval={tv_sec=0, tv_nsec=0}, it_value={tv_sec=0, tv_nsec=0}}) = 0
19748 timerfd_settime(96<anon_inode:[timerfd]>, 0, {it_interval={tv_sec=0, tv_nsec=0}, it_value={tv_sec=0, tv_nsec=48998000}}, {it_interval={tv_sec=0, tv_nsec=0}, it_value={tv_sec=299, tv_nsec=999892412}}) = 0
19748 epoll_wait(95<anon_inode:[eventpoll]>,  <unfinished ...>
19778 <... poll resumed>)               = 0 (Timeout)
19778 poll([{fd=114<pipe:[50812]>, events=POLLIN}, {fd=116<TCP:[192.168.30.128:45584->35.186.224.35:443]>, events=POLLIN}], 2, 50 <unfinished ...>
19748 <... epoll_wait resumed>[{events=EPOLLIN, data={u32=2202872460, u64=105495189596812}}], 128, -1) = 1
19748 timerfd_settime(96<anon_inode:[timerfd]>, 0, {it_interval={tv_sec=0, tv_nsec=0}, it_value={tv_sec=300, tv_nsec=0}}, {it_interval={tv_sec=0, tv_nsec=0}, it_value={tv_sec=0, tv_nsec=0}}) = 0
19748 timerfd_settime(96<anon_inode:[timerfd]>, 0, {it_interval={tv_sec=0, tv_nsec=0}, it_value={tv_sec=0, tv_nsec=49998000}}, {it_interval={tv_sec=0, tv_nsec=0}, it_value={tv_sec=299, tv_nsec=999908368}}) = 0
19748 epoll_wait(95<anon_inode:[eventpoll]>,  <unfinished ...>
19778 <... poll resumed>)               = 0 (Timeout)
19778 poll([{fd=114<pipe:[50812]>, events=POLLIN}, {fd=116<TCP:[192.168.30.128:45584->35.186.224.35:443]>, events=POLLIN}], 2, 50 <unfinished ...>
19782 <... futex resumed>)              = -1 ETIMEDOUT (Connection timed out)
19782 futex(0x7e56ec097d88, FUTEX_WAKE_PRIVATE, 1) = 0
19782 futex(0x7e56ec0846e8, FUTEX_WAIT_BITSET_PRIVATE, 0, {tv_sec=6977, tv_nsec=800063170}, FUTEX_BITSET_MATCH_ANY <unfinished ...>
19794 <... clock_nanosleep resumed>0x7e5713dfe140) = 0
19794 clock_nanosleep(CLOCK_REALTIME, 0, {tv_sec=0, tv_nsec=100000000},  <unfinished ...>
19748 <... epoll_wait resumed>[{events=EPOLLIN, data={u32=2202872460, u64=105495189596812}}], 128, -1) = 1
19748 timerfd_settime(96<anon_inode:[timerfd]>, 0, {it_interval={tv_sec=0, tv_nsec=0}, it_value={tv_sec=300, tv_nsec=0}}, {it_interval={tv_sec=0, tv_nsec=0}, it_value={tv_sec=0, tv_nsec=0}}) = 0
19748 timerfd_settime(96<anon_inode:[timerfd]>, 0, {it_interval={tv_sec=0, tv_nsec=0}, it_value={tv_sec=0, tv_nsec=48997000}}, {it_interval={tv_sec=0, tv_nsec=0}, it_value={tv_sec=299, tv_nsec=999909894}}) = 0
19748 epoll_wait(95<anon_inode:[eventpoll]>,  <unfinished ...>
19778 <... poll resumed>)               = 0 (Timeout)
19778 poll([{fd=114<pipe:[50812]>, events=POLLIN}, {fd=116<TCP:[192.168.30.128:45584->35.186.224.35:443]>, events=POLLIN}], 2, 50 <unfinished ...>
19748 <... epoll_wait resumed>[{events=EPOLLIN, data={u32=2202872460, u64=105495189596812}}], 128, -1) = 1
19748 timerfd_settime(96<anon_inode:[timerfd]>, 0, {it_interval={tv_sec=0, tv_nsec=0}, it_value={tv_sec=300, tv_nsec=0}}, {it_interval={tv_sec=0, tv_nsec=0}, it_value={tv_sec=0, tv_nsec=0}}) = 0
19748 timerfd_settime(96<anon_inode:[timerfd]>, 0, {it_interval={tv_sec=0, tv_nsec=0}, it_value={tv_sec=0, tv_nsec=49998000}}, {it_interval={tv_sec=0, tv_nsec=0}, it_value={tv_sec=299, tv_nsec=999914210}}) = 0
19748 epoll_wait(95<anon_inode:[eventpoll]>,  <unfinished ...>
19778 <... poll resumed>)               = 0 (Timeout)
19778 poll([{fd=114<pipe:[50812]>, events=POLLIN}, {fd=116<TCP:[192.168.30.128:45584->35.186.224.35:443]>, events=POLLIN}], 2, 50 <unfinished ...>
19782 <... futex resumed>)              = -1 ETIMEDOUT (Connection timed out)
19782 futex(0x7e56ec097d88, FUTEX_WAKE_PRIVATE, 1) = 0
19782 futex(0x7e56ec0846e8, FUTEX_WAIT_BITSET_PRIVATE, 0, {tv_sec=6977, tv_nsec=900374537}, FUTEX_BITSET_MATCH_ANY <unfinished ...>
19776 <... poll resumed>)               = 0 (Timeout)
19776 poll([{fd=105<pipe:[51666]>, events=POLLIN}, {fd=125<TCP:[0.0.0.0:57621]>, events=POLLIN|POLLOUT}, {fd=112<TCP:[192.168.30.128:52472->104.199.240.237:4070]>, events=POLLIN}], 3, 199 <unfinished ...>
19794 <... clock_nanosleep resumed>0x7e5713dfe140) = 0
19794 clock_nanosleep(CLOCK_REALTIME, 0, {tv_sec=0, tv_nsec=100000000},  <unfinished ...>
19748 <... epoll_wait resumed>[{events=EPOLLIN, data={u32=2202872460, u64=105495189596812}}], 128, -1) = 1
19748 timerfd_settime(96<anon_inode:[timerfd]>, 0, {it_interval={tv_sec=0, tv_nsec=0}, it_value={tv_sec=300, tv_nsec=0}}, {it_interval={tv_sec=0, tv_nsec=0}, it_value={tv_sec=0, tv_nsec=0}}) = 0
19748 timerfd_settime(96<anon_inode:[timerfd]>, 0, {it_interval={tv_sec=0, tv_nsec=0}, it_value={tv_sec=0, tv_nsec=48997000}}, {it_interval={tv_sec=0, tv_nsec=0}, it_value={tv_sec=299, tv_nsec=999779036}}) = 0
19748 epoll_wait(95<anon_inode:[eventpoll]>,  <unfinished ...>
19778 <... poll resumed>)               = 0 (Timeout)
19778 poll([{fd=114<pipe:[50812]>, events=POLLIN}, {fd=116<TCP:[192.168.30.128:45584->35.186.224.35:443]>, events=POLLIN}], 2, 50 <unfinished ...>
19748 <... epoll_wait resumed>[{events=EPOLLIN, data={u32=2202872460, u64=105495189596812}}], 128, -1) = 1
19748 timerfd_settime(96<anon_inode:[timerfd]>, 0, {it_interval={tv_sec=0, tv_nsec=0}, it_value={tv_sec=300, tv_nsec=0}}, {it_interval={tv_sec=0, tv_nsec=0}, it_value={tv_sec=0, tv_nsec=0}}) = 0
19748 timerfd_settime(96<anon_inode:[timerfd]>, 0, {it_interval={tv_sec=0, tv_nsec=0}, it_value={tv_sec=0, tv_nsec=49997000}}, {it_interval={tv_sec=0, tv_nsec=0}, it_value={tv_sec=299, tv_nsec=999918708}}) = 0
19748 epoll_wait(95<anon_inode:[eventpoll]>,  <unfinished ...>
19778 <... poll resumed>)               = 0 (Timeout)
19778 poll([{fd=114<pipe:[50812]>, events=POLLIN}, {fd=116<TCP:[192.168.30.128:45584->35.186.224.35:443]>, events=POLLIN}], 2, 50 <unfinished ...>
19782 <... futex resumed>)              = -1 ETIMEDOUT (Connection timed out)
19782 futex(0x7e56ec097d88, FUTEX_WAKE_PRIVATE, 1) = 0
19782 futex(0x7e56ec0846e8, FUTEX_WAIT_BITSET_PRIVATE, 0, {tv_sec=6978, tv_nsec=665748}, FUTEX_BITSET_MATCH_ANY <unfinished ...>
19794 <... clock_nanosleep resumed>0x7e5713dfe140) = 0
19794 clock_nanosleep(CLOCK_REALTIME, 0, {tv_sec=0, tv_nsec=100000000},  <unfinished ...>
19748 <... epoll_wait resumed>[{events=EPOLLIN, data={u32=2202872460, u64=105495189596812}}], 128, -1) = 1
19748 timerfd_settime(96<anon_inode:[timerfd]>, 0, {it_interval={tv_sec=0, tv_nsec=0}, it_value={tv_sec=300, tv_nsec=0}}, {it_interval={tv_sec=0, tv_nsec=0}, it_value={tv_sec=0, tv_nsec=0}}) = 0
19748 timerfd_settime(96<anon_inode:[timerfd]>, 0, {it_interval={tv_sec=0, tv_nsec=0}, it_value={tv_sec=0, tv_nsec=48997000}}, {it_interval={tv_sec=0, tv_nsec=0}, it_value={tv_sec=299, tv_nsec=999914386}}) = 0
19748 epoll_wait(95<anon_inode:[eventpoll]>,  <unfinished ...>
19778 <... poll resumed>)               = 0 (Timeout)
19778 poll([{fd=114<pipe:[50812]>, events=POLLIN}, {fd=116<TCP:[192.168.30.128:45584->35.186.224.35:443]>, events=POLLIN}], 2, 50 <unfinished ...>
19748 <... epoll_wait resumed>[{events=EPOLLIN, data={u32=2202872460, u64=105495189596812}}], 128, -1) = 1
19748 timerfd_settime(96<anon_inode:[timerfd]>, 0, {it_interval={tv_sec=0, tv_nsec=0}, it_value={tv_sec=300, tv_nsec=0}}, {it_interval={tv_sec=0, tv_nsec=0}, it_value={tv_sec=0, tv_nsec=0}}) = 0
19748 timerfd_settime(96<anon_inode:[timerfd]>, 0, {it_interval={tv_sec=0, tv_nsec=0}, it_value={tv_sec=0, tv_nsec=49998000}}, {it_interval={tv_sec=0, tv_nsec=0}, it_value={tv_sec=299, tv_nsec=999905667}}) = 0
19748 epoll_wait(95<anon_inode:[eventpoll]>,  <unfinished ...>
19778 <... poll resumed>)               = 0 (Timeout)
19778 poll([{fd=114<pipe:[50812]>, events=POLLIN}, {fd=116<TCP:[192.168.30.128:45584->35.186.224.35:443]>, events=POLLIN}], 2, 50 <unfinished ...>
19776 <... poll resumed>)               = 0 (Timeout)
19776 poll([{fd=105<pipe:[51666]>, events=POLLIN}, {fd=125<TCP:[0.0.0.0:57621]>, events=POLLIN|POLLOUT}, {fd=112<TCP:[192.168.30.128:52472->104.199.240.237:4070]>, events=POLLIN}], 3, 200 <unfinished ...>
19782 <... futex resumed>)              = -1 ETIMEDOUT (Connection timed out)
19782 futex(0x7e56ec097d88, FUTEX_WAKE_PRIVATE, 1) = 0
19782 futex(0x7e56ec0846e8, FUTEX_WAIT_BITSET_PRIVATE, 0, {tv_sec=6978, tv_nsec=100891256}, FUTEX_BITSET_MATCH_ANY <unfinished ...>
19794 <... clock_nanosleep resumed>0x7e5713dfe140) = 0
19794 clock_nanosleep(CLOCK_REALTIME, 0, {tv_sec=0, tv_nsec=100000000},  <unfinished ...>
19748 <... epoll_wait resumed>[{events=EPOLLIN, data={u32=2202872460, u64=105495189596812}}], 128, -1) = 1
19748 timerfd_settime(96<anon_inode:[timerfd]>, 0, {it_interval={tv_sec=0, tv_nsec=0}, it_value={tv_sec=300, tv_nsec=0}}, {it_interval={tv_sec=0, tv_nsec=0}, it_value={tv_sec=0, tv_nsec=0}}) = 0
19748 timerfd_settime(96<anon_inode:[timerfd]>, 0, {it_interval={tv_sec=0, tv_nsec=0}, it_value={tv_sec=0, tv_nsec=48998000}}, {it_interval={tv_sec=0, tv_nsec=0}, it_value={tv_sec=299, tv_nsec=999795619}}) = 0
19748 epoll_wait(95<anon_inode:[eventpoll]>,  <unfinished ...>
19778 <... poll resumed>)               = 0 (Timeout)
19778 poll([{fd=114<pipe:[50812]>, events=POLLIN}, {fd=116<TCP:[192.168.30.128:45584->35.186.224.35:443]>, events=POLLIN}], 2, 50 <unfinished ...>
19748 <... epoll_wait resumed>[{events=EPOLLIN, data={u32=2202872460, u64=105495189596812}}], 128, -1) = 1
19748 timerfd_settime(96<anon_inode:[timerfd]>, 0, {it_interval={tv_sec=0, tv_nsec=0}, it_value={tv_sec=300, tv_nsec=0}}, {it_interval={tv_sec=0, tv_nsec=0}, it_value={tv_sec=0, tv_nsec=0}}) = 0
19748 timerfd_settime(96<anon_inode:[timerfd]>, 0, {it_interval={tv_sec=0, tv_nsec=0}, it_value={tv_sec=0, tv_nsec=49998000}}, {it_interval={tv_sec=0, tv_nsec=0}, it_value={tv_sec=299, tv_nsec=999912182}}) = 0
19748 epoll_wait(95<anon_inode:[eventpoll]>,  <unfinished ...>
19778 <... poll resumed>)               = 0 (Timeout)
19778 poll([{fd=114<pipe:[50812]>, events=POLLIN}, {fd=116<TCP:[192.168.30.128:45584->35.186.224.35:443]>, events=POLLIN}], 2, 50 <unfinished ...>
19782 <... futex resumed>)              = -1 ETIMEDOUT (Connection timed out)
19782 futex(0x7e56ec097d88, FUTEX_WAKE_PRIVATE, 1) = 0
19782 futex(0x7e56ec0846e8, FUTEX_WAIT_BITSET_PRIVATE, 0, {tv_sec=6978, tv_nsec=200194561}, FUTEX_BITSET_MATCH_ANY <unfinished ...>
19794 <... clock_nanosleep resumed>0x7e5713dfe140) = 0
19794 clock_nanosleep(CLOCK_REALTIME, 0, {tv_sec=0, tv_nsec=100000000},  <unfinished ...>
19748 <... epoll_wait resumed>[{events=EPOLLIN, data={u32=2202872460, u64=105495189596812}}], 128, -1) = 1
19748 timerfd_settime(96<anon_inode:[timerfd]>, 0, {it_interval={tv_sec=0, tv_nsec=0}, it_value={tv_sec=300, tv_nsec=0}}, {it_interval={tv_sec=0, tv_nsec=0}, it_value={tv_sec=0, tv_nsec=0}}) = 0
19748 timerfd_settime(96<anon_inode:[timerfd]>, 0, {it_interval={tv_sec=0, tv_nsec=0}, it_value={tv_sec=0, tv_nsec=49998000}}, {it_interval={tv_sec=0, tv_nsec=0}, it_value={tv_sec=299, tv_nsec=999922242}}) = 0
19748 epoll_wait(95<anon_inode:[eventpoll]>,  <unfinished ...>
19778 <... poll resumed>)               = 0 (Timeout)
19778 poll([{fd=114<pipe:[50812]>, events=POLLIN}, {fd=116<TCP:[192.168.30.128:45584->35.186.224.35:443]>, events=POLLIN}], 2, 50 <unfinished ...>
19748 <... epoll_wait resumed>[{events=EPOLLIN, data={u32=2202872460, u64=105495189596812}}], 128, -1) = 1
19748 timerfd_settime(96<anon_inode:[timerfd]>, 0, {it_interval={tv_sec=0, tv_nsec=0}, it_value={tv_sec=300, tv_nsec=0}}, {it_interval={tv_sec=0, tv_nsec=0}, it_value={tv_sec=0, tv_nsec=0}}) = 0
19748 timerfd_settime(96<anon_inode:[timerfd]>, 0, {it_interval={tv_sec=0, tv_nsec=0}, it_value={tv_sec=0, tv_nsec=48999000}}, {it_interval={tv_sec=0, tv_nsec=0}, it_value={tv_sec=299, tv_nsec=999873260}}) = 0
19748 epoll_wait(95<anon_inode:[eventpoll]>,  <unfinished ...>
19778 <... poll resumed>)               = 0 (Timeout)
19778 poll([{fd=114<pipe:[50812]>, events=POLLIN}, {fd=116<TCP:[192.168.30.128:45584->35.186.224.35:443]>, events=POLLIN}], 2, 50 <unfinished ...>
19782 <... futex resumed>)              = -1 ETIMEDOUT (Connection timed out)
19782 futex(0x7e56ec097d88, FUTEX_WAKE_PRIVATE, 1) = 0
19782 futex(0x7e56ec0846e8, FUTEX_WAIT_BITSET_PRIVATE, 0, {tv_sec=6978, tv_nsec=300616255}, FUTEX_BITSET_MATCH_ANY <unfinished ...>
19776 <... poll resumed>)               = 0 (Timeout)
19776 poll([{fd=105<pipe:[51666]>, events=POLLIN}, {fd=125<TCP:[0.0.0.0:57621]>, events=POLLIN|POLLOUT}, {fd=112<TCP:[192.168.30.128:52472->104.199.240.237:4070]>, events=POLLIN}], 3, 199 <unfinished ...>
19794 <... clock_nanosleep resumed>0x7e5713dfe140) = 0
19794 clock_nanosleep(CLOCK_REALTIME, 0, {tv_sec=0, tv_nsec=100000000},  <unfinished ...>
19748 <... epoll_wait resumed>[{events=EPOLLIN, data={u32=2202872460, u64=105495189596812}}], 128, -1) = 1
19748 timerfd_settime(96<anon_inode:[timerfd]>, 0, {it_interval={tv_sec=0, tv_nsec=0}, it_value={tv_sec=300, tv_nsec=0}}, {it_interval={tv_sec=0, tv_nsec=0}, it_value={tv_sec=0, tv_nsec=0}}) = 0
19748 timerfd_settime(96<anon_inode:[timerfd]>, 0, {it_interval={tv_sec=0, tv_nsec=0}, it_value={tv_sec=0, tv_nsec=49998000}}, {it_interval={tv_sec=0, tv_nsec=0}, it_value={tv_sec=299, tv_nsec=999921249}}) = 0
19748 epoll_wait(95<anon_inode:[eventpoll]>,  <unfinished ...>
19778 <... poll resumed>)               = 0 (Timeout)
19778 poll([{fd=114<pipe:[50812]>, events=POLLIN}, {fd=116<TCP:[192.168.30.128:45584->35.186.224.35:443]>, events=POLLIN}], 2, 50 <unfinished ...>
19748 <... epoll_wait resumed>[{events=EPOLLIN, data={u32=2202872460, u64=105495189596812}}], 128, -1) = 1
19748 timerfd_settime(96<anon_inode:[timerfd]>, 0, {it_interval={tv_sec=0, tv_nsec=0}, it_value={tv_sec=300, tv_nsec=0}}, {it_interval={tv_sec=0, tv_nsec=0}, it_value={tv_sec=0, tv_nsec=0}}) = 0
19748 timerfd_settime(96<anon_inode:[timerfd]>, 0, {it_interval={tv_sec=0, tv_nsec=0}, it_value={tv_sec=0, tv_nsec=49999000}}, {it_interval={tv_sec=0, tv_nsec=0}, it_value={tv_sec=299, tv_nsec=999970386}}) = 0
19748 epoll_wait(95<anon_inode:[eventpoll]>,  <unfinished ...>
19778 <... poll resumed>)               = 0 (Timeout)
19778 poll([{fd=114<pipe:[50812]>, events=POLLIN}, {fd=116<TCP:[192.168.30.128:45584->35.186.224.35:443]>, events=POLLIN}], 2, 50 <unfinished ...>
19782 <... futex resumed>)              = -1 ETIMEDOUT (Connection timed out)
19782 futex(0x7e56ec097d88, FUTEX_WAKE_PRIVATE, 1) = 0
19782 futex(0x7e56ec0846e8, FUTEX_WAIT_BITSET_PRIVATE, 0, {tv_sec=6978, tv_nsec=400016736}, FUTEX_BITSET_MATCH_ANY <unfinished ...>
19794 <... clock_nanosleep resumed>0x7e5713dfe140) = 0
19794 clock_nanosleep(CLOCK_REALTIME, 0, {tv_sec=0, tv_nsec=100000000},  <unfinished ...>
19748 <... epoll_wait resumed>[{events=EPOLLIN, data={u32=2202872460, u64=105495189596812}}], 128, -1) = 1
19748 timerfd_settime(96<anon_inode:[timerfd]>, 0, {it_interval={tv_sec=0, tv_nsec=0}, it_value={tv_sec=300, tv_nsec=0}}, {it_interval={tv_sec=0, tv_nsec=0}, it_value={tv_sec=0, tv_nsec=0}}) = 0
19748 timerfd_settime(96<anon_inode:[timerfd]>, 0, {it_interval={tv_sec=0, tv_nsec=0}, it_value={tv_sec=0, tv_nsec=49999000}}, {it_interval={tv_sec=0, tv_nsec=0}, it_value={tv_sec=299, tv_nsec=999973612}}) = 0
19748 epoll_wait(95<anon_inode:[eventpoll]>,  <unfinished ...>
19778 <... poll resumed>)               = 0 (Timeout)
19778 poll([{fd=114<pipe:[50812]>, events=POLLIN}, {fd=116<TCP:[192.168.30.128:45584->35.186.224.35:443]>, events=POLLIN}], 2, 50 <unfinished ...>
19748 <... epoll_wait resumed>[{events=EPOLLIN, data={u32=2202872460, u64=105495189596812}}], 128, -1) = 1
19748 timerfd_settime(96<anon_inode:[timerfd]>, 0, {it_interval={tv_sec=0, tv_nsec=0}, it_value={tv_sec=300, tv_nsec=0}}, {it_interval={tv_sec=0, tv_nsec=0}, it_value={tv_sec=0, tv_nsec=0}}) = 0
19748 timerfd_settime(96<anon_inode:[timerfd]>, 0, {it_interval={tv_sec=0, tv_nsec=0}, it_value={tv_sec=0, tv_nsec=48998000}}, {it_interval={tv_sec=0, tv_nsec=0}, it_value={tv_sec=299, tv_nsec=999914048}}) = 0
19748 epoll_wait(95<anon_inode:[eventpoll]>,  <unfinished ...>
19778 <... poll resumed>)               = 0 (Timeout)
19778 poll([{fd=114<pipe:[50812]>, events=POLLIN}, {fd=116<TCP:[192.168.30.128:45584->35.186.224.35:443]>, events=POLLIN}], 2, 50 <unfinished ...>
19782 <... futex resumed>)              = -1 ETIMEDOUT (Connection timed out)
19782 futex(0x7e56ec097d88, FUTEX_WAKE_PRIVATE, 1) = 0
19782 futex(0x7e56ec0846e8, FUTEX_WAIT_BITSET_PRIVATE, 0, {tv_sec=6978, tv_nsec=500315595}, FUTEX_BITSET_MATCH_ANY <unfinished ...>
19776 <... poll resumed>)               = 0 (Timeout)
19776 poll([{fd=105<pipe:[51666]>, events=POLLIN}, {fd=125<TCP:[0.0.0.0:57621]>, events=POLLIN|POLLOUT}, {fd=112<TCP:[192.168.30.128:52472->104.199.240.237:4070]>, events=POLLIN}], 3, 200 <unfinished ...>
19794 <... clock_nanosleep resumed>0x7e5713dfe140) = 0
19794 clock_nanosleep(CLOCK_REALTIME, 0, {tv_sec=0, tv_nsec=100000000},  <unfinished ...>
19748 <... epoll_wait resumed>[{events=EPOLLIN, data={u32=2202872460, u64=105495189596812}}], 128, -1) = 1
19748 timerfd_settime(96<anon_inode:[timerfd]>, 0, {it_interval={tv_sec=0, tv_nsec=0}, it_value={tv_sec=300, tv_nsec=0}}, {it_interval={tv_sec=0, tv_nsec=0}, it_value={tv_sec=0, tv_nsec=0}}) = 0
19748 timerfd_settime(96<anon_inode:[timerfd]>, 0, {it_interval={tv_sec=0, tv_nsec=0}, it_value={tv_sec=0, tv_nsec=49998000}}, {it_interval={tv_sec=0, tv_nsec=0}, it_value={tv_sec=299, tv_nsec=999914142}}) = 0
19748 epoll_wait(95<anon_inode:[eventpoll]>,  <unfinished ...>
19778 <... poll resumed>)               = 0 (Timeout)
19778 poll([{fd=114<pipe:[50812]>, events=POLLIN}, {fd=116<TCP:[192.168.30.128:45584->35.186.224.35:443]>, events=POLLIN}], 2, 50 <unfinished ...>
19748 <... epoll_wait resumed>[{events=EPOLLIN, data={u32=2202872460, u64=105495189596812}}], 128, -1) = 1
19748 timerfd_settime(96<anon_inode:[timerfd]>, 0, {it_interval={tv_sec=0, tv_nsec=0}, it_value={tv_sec=300, tv_nsec=0}}, {it_interval={tv_sec=0, tv_nsec=0}, it_value={tv_sec=0, tv_nsec=0}}) = 0
19748 timerfd_settime(96<anon_inode:[timerfd]>, 0, {it_interval={tv_sec=0, tv_nsec=0}, it_value={tv_sec=0, tv_nsec=49999000}}, {it_interval={tv_sec=0, tv_nsec=0}, it_value={tv_sec=299, tv_nsec=999970923}}) = 0
19748 epoll_wait(95<anon_inode:[eventpoll]>,  <unfinished ...>
19778 <... poll resumed>)               = 0 (Timeout)
19778 poll([{fd=114<pipe:[50812]>, events=POLLIN}, {fd=116<TCP:[192.168.30.128:45584->35.186.224.35:443]>, events=POLLIN}], 2, 50 <unfinished ...>
19782 <... futex resumed>)              = -1 ETIMEDOUT (Connection timed out)
19782 futex(0x7e56ec097d88, FUTEX_WAKE_PRIVATE, 1) = 0
19782 futex(0x7e56ec0846e8, FUTEX_WAIT_BITSET_PRIVATE, 0, {tv_sec=6978, tv_nsec=600649982}, FUTEX_BITSET_MATCH_ANY <unfinished ...>
19794 <... clock_nanosleep resumed>0x7e5713dfe140) = 0
19794 clock_nanosleep(CLOCK_REALTIME, 0, {tv_sec=0, tv_nsec=100000000},  <unfinished ...>
19748 <... epoll_wait resumed>[{events=EPOLLIN, data={u32=2202872460, u64=105495189596812}}], 128, -1) = 1
19748 timerfd_settime(96<anon_inode:[timerfd]>, 0, {it_interval={tv_sec=0, tv_nsec=0}, it_value={tv_sec=300, tv_nsec=0}}, {it_interval={tv_sec=0, tv_nsec=0}, it_value={tv_sec=0, tv_nsec=0}}) = 0
19748 timerfd_settime(96<anon_inode:[timerfd]>, 0, {it_interval={tv_sec=0, tv_nsec=0}, it_value={tv_sec=0, tv_nsec=48999000}}, {it_interval={tv_sec=0, tv_nsec=0}, it_value={tv_sec=299, tv_nsec=999916436}}) = 0
19748 epoll_wait(95<anon_inode:[eventpoll]>,  <unfinished ...>
19778 <... poll resumed>)               = 0 (Timeout)
19778 poll([{fd=114<pipe:[50812]>, events=POLLIN}, {fd=116<TCP:[192.168.30.128:45584->35.186.224.35:443]>, events=POLLIN}], 2, 50 <unfinished ...>
19748 <... epoll_wait resumed>[{events=EPOLLIN, data={u32=2202872460, u64=105495189596812}}], 128, -1) = 1
19748 timerfd_settime(96<anon_inode:[timerfd]>, 0, {it_interval={tv_sec=0, tv_nsec=0}, it_value={tv_sec=300, tv_nsec=0}}, {it_interval={tv_sec=0, tv_nsec=0}, it_value={tv_sec=0, tv_nsec=0}}) = 0
19748 timerfd_settime(96<anon_inode:[timerfd]>, 0, {it_interval={tv_sec=0, tv_nsec=0}, it_value={tv_sec=0, tv_nsec=49998000}}, {it_interval={tv_sec=0, tv_nsec=0}, it_value={tv_sec=299, tv_nsec=999915091}}) = 0
19748 epoll_wait(95<anon_inode:[eventpoll]>,  <unfinished ...>
19778 <... poll resumed>)               = 0 (Timeout)
19778 poll([{fd=114<pipe:[50812]>, events=POLLIN}, {fd=116<TCP:[192.168.30.128:45584->35.186.224.35:443]>, events=POLLIN}], 2, 50 <unfinished ...>
19782 <... futex resumed>)              = -1 ETIMEDOUT (Connection timed out)
19776 <... poll resumed>)               = 0 (Timeout)
19782 futex(0x7e56ec097d88, FUTEX_WAKE_PRIVATE, 1) = 0
19776 poll([{fd=105<pipe:[51666]>, events=POLLIN}, {fd=125<TCP:[0.0.0.0:57621]>, events=POLLIN|POLLOUT}, {fd=112<TCP:[192.168.30.128:52472->104.199.240.237:4070]>, events=POLLIN}], 3, 199 <unfinished ...>
19782 futex(0x7e56ec0846e8, FUTEX_WAIT_BITSET_PRIVATE, 0, {tv_sec=6978, tv_nsec=700141781}, FUTEX_BITSET_MATCH_ANY <unfinished ...>
19794 <... clock_nanosleep resumed>0x7e5713dfe140) = 0
19794 clock_nanosleep(CLOCK_REALTIME, 0, {tv_sec=0, tv_nsec=100000000},  <unfinished ...>
19748 <... epoll_wait resumed>[{events=EPOLLIN, data={u32=2202872460, u64=105495189596812}}], 128, -1) = 1
19748 timerfd_settime(96<anon_inode:[timerfd]>, 0, {it_interval={tv_sec=0, tv_nsec=0}, it_value={tv_sec=300, tv_nsec=0}}, {it_interval={tv_sec=0, tv_nsec=0}, it_value={tv_sec=0, tv_nsec=0}}) = 0
19748 timerfd_settime(96<anon_inode:[timerfd]>, 0, {it_interval={tv_sec=0, tv_nsec=0}, it_value={tv_sec=0, tv_nsec=49998000}}, {it_interval={tv_sec=0, tv_nsec=0}, it_value={tv_sec=299, tv_nsec=999847115}}) = 0
19748 epoll_wait(95<anon_inode:[eventpoll]>,  <unfinished ...>
19778 <... poll resumed>)               = 0 (Timeout)
19778 poll([{fd=114<pipe:[50812]>, events=POLLIN}, {fd=116<TCP:[192.168.30.128:45584->35.186.224.35:443]>, events=POLLIN}], 2, 50 <unfinished ...>
19748 <... epoll_wait resumed>[{events=EPOLLIN, data={u32=2202872460, u64=105495189596812}}], 128, -1) = 1
19748 timerfd_settime(96<anon_inode:[timerfd]>, 0, {it_interval={tv_sec=0, tv_nsec=0}, it_value={tv_sec=300, tv_nsec=0}}, {it_interval={tv_sec=0, tv_nsec=0}, it_value={tv_sec=0, tv_nsec=0}}) = 0
19748 timerfd_settime(96<anon_inode:[timerfd]>, 0, {it_interval={tv_sec=0, tv_nsec=0}, it_value={tv_sec=0, tv_nsec=48998000}}, {it_interval={tv_sec=0, tv_nsec=0}, it_value={tv_sec=299, tv_nsec=999910159}}) = 0
19748 epoll_wait(95<anon_inode:[eventpoll]>,  <unfinished ...>
19778 <... poll resumed>)               = 0 (Timeout)
19778 poll([{fd=114<pipe:[50812]>, events=POLLIN}, {fd=116<TCP:[192.168.30.128:45584->35.186.224.35:443]>, events=POLLIN}], 2, 50 <unfinished ...>
19782 <... futex resumed>)              = -1 ETIMEDOUT (Connection timed out)
19782 futex(0x7e56ec097d88, FUTEX_WAKE_PRIVATE, 1) = 0
19782 futex(0x7e56ec0846e8, FUTEX_WAIT_BITSET_PRIVATE, 0, {tv_sec=6978, tv_nsec=800777730}, FUTEX_BITSET_MATCH_ANY <unfinished ...>
19748 <... epoll_wait resumed>[{events=EPOLLIN, data={u32=2202872460, u64=105495189596812}}], 128, -1) = 1
19794 <... clock_nanosleep resumed>0x7e5713dfe140) = 0
19748 timerfd_settime(96<anon_inode:[timerfd]>, 0, {it_interval={tv_sec=0, tv_nsec=0}, it_value={tv_sec=300, tv_nsec=0}},  <unfinished ...>
19794 clock_nanosleep(CLOCK_REALTIME, 0, {tv_sec=0, tv_nsec=100000000},  <unfinished ...>
19748 <... timerfd_settime resumed>{it_interval={tv_sec=0, tv_nsec=0}, it_value={tv_sec=0, tv_nsec=0}}) = 0
19748 timerfd_settime(96<anon_inode:[timerfd]>, 0, {it_interval={tv_sec=0, tv_nsec=0}, it_value={tv_sec=0, tv_nsec=49998000}}, {it_interval={tv_sec=0, tv_nsec=0}, it_value={tv_sec=299, tv_nsec=999864877}}) = 0
19748 epoll_wait(95<anon_inode:[eventpoll]>,  <unfinished ...>
19778 <... poll resumed>)               = 0 (Timeout)
19778 poll([{fd=114<pipe:[50812]>, events=POLLIN}, {fd=116<TCP:[192.168.30.128:45584->35.186.224.35:443]>, events=POLLIN}], 2, 50 <unfinished ...>
19748 <... epoll_wait resumed>[{events=EPOLLIN, data={u32=2202872460, u64=105495189596812}}], 128, -1) = 1
19748 timerfd_settime(96<anon_inode:[timerfd]>, 0, {it_interval={tv_sec=0, tv_nsec=0}, it_value={tv_sec=300, tv_nsec=0}}, {it_interval={tv_sec=0, tv_nsec=0}, it_value={tv_sec=0, tv_nsec=0}}) = 0
19748 timerfd_settime(96<anon_inode:[timerfd]>, 0, {it_interval={tv_sec=0, tv_nsec=0}, it_value={tv_sec=0, tv_nsec=48999000}}, {it_interval={tv_sec=0, tv_nsec=0}, it_value={tv_sec=299, tv_nsec=999970943}}) = 0
19748 epoll_wait(95<anon_inode:[eventpoll]>,  <unfinished ...>
19778 <... poll resumed>)               = 0 (Timeout)
19778 poll([{fd=114<pipe:[50812]>, events=POLLIN}, {fd=116<TCP:[192.168.30.128:45584->35.186.224.35:443]>, events=POLLIN}], 2, 50 <unfinished ...>
19776 <... poll resumed>)               = 0 (Timeout)
19776 poll([{fd=105<pipe:[51666]>, events=POLLIN}, {fd=125<TCP:[0.0.0.0:57621]>, events=POLLIN|POLLOUT}, {fd=112<TCP:[192.168.30.128:52472->104.199.240.237:4070]>, events=POLLIN}], 3, 200 <unfinished ...>
19782 <... futex resumed>)              = -1 ETIMEDOUT (Connection timed out)
19782 futex(0x7e56ec097d88, FUTEX_WAKE_PRIVATE, 1) = 0
19782 futex(0x7e56ec0846e8, FUTEX_WAIT_BITSET_PRIVATE, 0, {tv_sec=6978, tv_nsec=900041728}, FUTEX_BITSET_MATCH_ANY <unfinished ...>
19748 <... epoll_wait resumed>[{events=EPOLLIN, data={u32=2202872460, u64=105495189596812}}], 128, -1) = 1
19748 timerfd_settime(96<anon_inode:[timerfd]>, 0, {it_interval={tv_sec=0, tv_nsec=0}, it_value={tv_sec=300, tv_nsec=0}}, {it_interval={tv_sec=0, tv_nsec=0}, it_value={tv_sec=0, tv_nsec=0}}) = 0
19748 timerfd_settime(96<anon_inode:[timerfd]>, 0, {it_interval={tv_sec=0, tv_nsec=0}, it_value={tv_sec=0, tv_nsec=49998000}}, {it_interval={tv_sec=0, tv_nsec=0}, it_value={tv_sec=299, tv_nsec=999915248}}) = 0
19748 epoll_wait(95<anon_inode:[eventpoll]>,  <unfinished ...>
19794 <... clock_nanosleep resumed>0x7e5713dfe140) = 0
19794 clock_nanosleep(CLOCK_REALTIME, 0, {tv_sec=0, tv_nsec=100000000},  <unfinished ...>
19778 <... poll resumed>)               = 0 (Timeout)
19778 poll([{fd=114<pipe:[50812]>, events=POLLIN}, {fd=116<TCP:[192.168.30.128:45584->35.186.224.35:443]>, events=POLLIN}], 2, 50 <unfinished ...>
19748 <... epoll_wait resumed>[{events=EPOLLIN, data={u32=2202872460, u64=105495189596812}}], 128, -1) = 1
19748 timerfd_settime(96<anon_inode:[timerfd]>, 0, {it_interval={tv_sec=0, tv_nsec=0}, it_value={tv_sec=300, tv_nsec=0}}, {it_interval={tv_sec=0, tv_nsec=0}, it_value={tv_sec=0, tv_nsec=0}}) = 0
19748 timerfd_settime(96<anon_inode:[timerfd]>, 0, {it_interval={tv_sec=0, tv_nsec=0}, it_value={tv_sec=0, tv_nsec=48997000}}, {it_interval={tv_sec=0, tv_nsec=0}, it_value={tv_sec=299, tv_nsec=999910072}}) = 0
19748 epoll_wait(95<anon_inode:[eventpoll]>,  <unfinished ...>
19778 <... poll resumed>)               = 0 (Timeout)
19778 poll([{fd=114<pipe:[50812]>, events=POLLIN}, {fd=116<TCP:[192.168.30.128:45584->35.186.224.35:443]>, events=POLLIN}], 2, 50 <unfinished ...>
19655 <... poll resumed>)               = 0 (Timeout)
19655 getrandom("\x54\xb5\xf5\x59\xef\xda\xc3\x9c\xdd\x61\x33\xff\xd4\x9f\x4e\x54", 16, 0) = 16
19655 sendto(67<UNIX-STREAM:[57371->57372]>, "\10\0\0\0@\1\0\0\30\0\24\0\0\0\0\0V\n\0\0\0\0\0\0\0\0\0\0\0\0\0\0"..., 320, MSG_NOSIGNAL, NULL, 0) = 320
19655 recvmsg(32<UNIX-STREAM:[48651->54740]>, {msg_namelen=0}, 0) = -1 EAGAIN (Resource temporarily unavailable)
19655 recvmsg(32<UNIX-STREAM:[48651->54740]>, {msg_namelen=0}, 0) = -1 EAGAIN (Resource temporarily unavailable)
19655 poll([{fd=13<anon_inode:[eventfd]>, events=POLLIN}, {fd=14<pipe:[48647]>, events=POLLIN}, {fd=17<UNIX-STREAM:[48650->54739]>, events=POLLIN}, {fd=32<UNIX-STREAM:[48651->54740]>, events=POLLIN}], 4, 0) = 0 (Timeout)
19655 recvmsg(32<UNIX-STREAM:[48651->54740]>, {msg_namelen=0}, 0) = -1 EAGAIN (Resource temporarily unavailable)
19655 recvmsg(32<UNIX-STREAM:[48651->54740]>, {msg_namelen=0}, 0) = -1 EAGAIN (Resource temporarily unavailable)
19655 poll([{fd=13<anon_inode:[eventfd]>, events=POLLIN}, {fd=14<pipe:[48647]>, events=POLLIN}, {fd=17<UNIX-STREAM:[48650->54739]>, events=POLLIN}, {fd=32<UNIX-STREAM:[48651->54740]>, events=POLLIN}], 4, 10847 <unfinished ...>
19782 <... futex resumed>)              = -1 ETIMEDOUT (Connection timed out)
19782 futex(0x7e56ec097d88, FUTEX_WAKE_PRIVATE, 1) = 0
19782 futex(0x7e56ec0846e8, FUTEX_WAIT_BITSET_PRIVATE, 0, {tv_sec=6979, tv_nsec=256675}, FUTEX_BITSET_MATCH_ANY <unfinished ...>
19748 <... epoll_wait resumed>[{events=EPOLLIN, data={u32=2202872460, u64=105495189596812}}], 128, -1) = 1
19748 timerfd_settime(96<anon_inode:[timerfd]>, 0, {it_interval={tv_sec=0, tv_nsec=0}, it_value={tv_sec=300, tv_nsec=0}}, {it_interval={tv_sec=0, tv_nsec=0}, it_value={tv_sec=0, tv_nsec=0}}) = 0
19748 timerfd_settime(96<anon_inode:[timerfd]>, 0, {it_interval={tv_sec=0, tv_nsec=0}, it_value={tv_sec=0, tv_nsec=49998000}}, {it_interval={tv_sec=0, tv_nsec=0}, it_value={tv_sec=299, tv_nsec=999910549}}) = 0
19748 epoll_wait(95<anon_inode:[eventpoll]>,  <unfinished ...>
19794 <... clock_nanosleep resumed>0x7e5713dfe140) = 0
19794 clock_nanosleep(CLOCK_REALTIME, 0, {tv_sec=0, tv_nsec=100000000},  <unfinished ...>
19778 <... poll resumed>)               = 0 (Timeout)
19778 poll([{fd=114<pipe:[50812]>, events=POLLIN}, {fd=116<TCP:[192.168.30.128:45584->35.186.224.35:443]>, events=POLLIN}], 2, 50 <unfinished ...>
19748 <... epoll_wait resumed>[{events=EPOLLIN, data={u32=2202872460, u64=105495189596812}}], 128, -1) = 1
19748 timerfd_settime(96<anon_inode:[timerfd]>, 0, {it_interval={tv_sec=0, tv_nsec=0}, it_value={tv_sec=300, tv_nsec=0}}, {it_interval={tv_sec=0, tv_nsec=0}, it_value={tv_sec=0, tv_nsec=0}}) = 0
19748 timerfd_settime(96<anon_inode:[timerfd]>, 0, {it_interval={tv_sec=0, tv_nsec=0}, it_value={tv_sec=0, tv_nsec=48999000}}, {it_interval={tv_sec=0, tv_nsec=0}, it_value={tv_sec=299, tv_nsec=999972281}}) = 0
19748 epoll_wait(95<anon_inode:[eventpoll]>,  <unfinished ...>
19778 <... poll resumed>)               = 0 (Timeout)
