19782 futex(0x7e56ec0846e8, FUTEX_WAIT_BITSET_PRIVATE, 0, {tv_sec=6969, tv_nsec=800491374}, FUTEX_BITSET_MATCH_ANY <unfinished ...>
19778 <... poll resumed>)               = 0 (Timeout)
19778 poll([{fd=114<pipe:[50812]>, events=POLLIN}, {fd=116<TCP:[192.168.30.128:45584->35.186.224.35:443]>, events=POLLIN}], 2, 50 <unfinished ...>
19748 <... epoll_wait resumed>[{events=EPOLLIN, data={u32=2202872460, u64=105495189596812}}], 128, -1) = 1
19748 timerfd_settime(96<anon_inode:[timerfd]>, 0, {it_interval={tv_sec=0, tv_nsec=0}, it_value={tv_sec=300, tv_nsec=0}}, {it_interval={tv_sec=0, tv_nsec=0}, it_value={tv_sec=0, tv_nsec=0}}) = 0
19748 timerfd_settime(96<anon_inode:[timerfd]>, 0, {it_interval={tv_sec=0, tv_nsec=0}, it_value={tv_sec=0, tv_nsec=10999000}}, {it_interval={tv_sec=0, tv_nsec=0}, it_value={tv_sec=299, tv_nsec=999820304}}) = 0
19748 epoll_wait(95<anon_inode:[eventpoll]>, [{events=EPOLLIN, data={u32=2202872460, u64=105495189596812}}], 128, -1) = 1
19748 timerfd_settime(96<anon_inode:[timerfd]>, 0, {it_interval={tv_sec=0, tv_nsec=0}, it_value={tv_sec=300, tv_nsec=0}}, {it_interval={tv_sec=0, tv_nsec=0}, it_value={tv_sec=0, tv_nsec=0}}) = 0
19748 write(139</home/venice/.cache/spotify/Users/31waz63mxefnxl5bakboiai4mnbu-user/primary.ldb/000547.log>, "2\351\250\25-\0\1\326\213\0\0\0\0\0\0\1\0\0\0\1\33/col#col#in"..., 52) = 52
19748 write(139</home/venice/.cache/spotify/Users/31waz63mxefnxl5bakboiai4mnbu-user/primary.ldb/000547.log>, "z\365\5\n-\0\1\327\213\0\0\0\0\0\0\1\0\0\0\1\33/col#art#in"..., 52) = 52
19748 timerfd_settime(96<anon_inode:[timerfd]>, 0, {it_interval={tv_sec=0, tv_nsec=0}, it_value={tv_sec=0, tv_nsec=1999000}}, {it_interval={tv_sec=0, tv_nsec=0}, it_value={tv_sec=299, tv_nsec=999749619}}) = 0
19748 epoll_wait(95<anon_inode:[eventpoll]>, [{events=EPOLLIN, data={u32=2202872460, u64=105495189596812}}], 128, -1) = 1
19748 timerfd_settime(96<anon_inode:[timerfd]>, 0, {it_interval={tv_sec=0, tv_nsec=0}, it_value={tv_sec=300, tv_nsec=0}}, {it_interval={tv_sec=0, tv_nsec=0}, it_value={tv_sec=0, tv_nsec=0}}) = 0
19748 write(139</home/venice/.cache/spotify/Users/31waz63mxefnxl5bakboiai4mnbu-user/primary.ldb/000547.log>, "&]\322G/\0\1\330\213\0\0\0\0\0\0\1\0\0\0\1\35/col#later#"..., 54) = 54
19748 write(139</home/venice/.cache/spotify/Users/31waz63mxefnxl5bakboiai4mnbu-user/primary.ldb/000547.log>, "\202x$P.\0\1\331\213\0\0\0\0\0\0\1\0\0\0\1\34/col#show#i"..., 53) = 53
19748 timerfd_settime(96<anon_inode:[timerfd]>, 0, {it_interval={tv_sec=0, tv_nsec=0}, it_value={tv_sec=0, tv_nsec=35000000}}, {it_interval={tv_sec=0, tv_nsec=0}, it_value={tv_sec=299, tv_nsec=999889536}}) = 0
19748 epoll_wait(95<anon_inode:[eventpoll]>,  <unfinished ...>
19794 <... clock_nanosleep resumed>0x7e5713dfe140) = 0
19794 clock_nanosleep(CLOCK_REALTIME, 0, {tv_sec=0, tv_nsec=100000000},  <unfinished ...>
19778 <... poll resumed>)               = 0 (Timeout)
19778 poll([{fd=114<pipe:[50812]>, events=POLLIN}, {fd=116<TCP:[192.168.30.128:45584->35.186.224.35:443]>, events=POLLIN}], 2, 50 <unfinished ...>
19748 <... epoll_wait resumed>[{events=EPOLLIN, data={u32=2202872460, u64=105495189596812}}], 128, -1) = 1
19748 timerfd_settime(96<anon_inode:[timerfd]>, 0, {it_interval={tv_sec=0, tv_nsec=0}, it_value={tv_sec=300, tv_nsec=0}}, {it_interval={tv_sec=0, tv_nsec=0}, it_value={tv_sec=0, tv_nsec=0}}) = 0
19748 timerfd_settime(96<anon_inode:[timerfd]>, 0, {it_interval={tv_sec=0, tv_nsec=0}, it_value={tv_sec=0, tv_nsec=50000000}}, {it_interval={tv_sec=0, tv_nsec=0}, it_value={tv_sec=299, tv_nsec=999964663}}) = 0
19748 epoll_wait(95<anon_inode:[eventpoll]>,  <unfinished ...>
19782 <... futex resumed>)              = -1 ETIMEDOUT (Connection timed out)
19782 futex(0x7e56ec097d88, FUTEX_WAKE_PRIVATE, 1) = 0
19782 futex(0x7e56ec0846e8, FUTEX_WAIT_BITSET_PRIVATE, 0, {tv_sec=6969, tv_nsec=900144417}, FUTEX_BITSET_MATCH_ANY <unfinished ...>
19776 <... poll resumed>)               = 0 (Timeout)
19776 poll([{fd=105<pipe:[51666]>, events=POLLIN}, {fd=125<TCP:[0.0.0.0:57621]>, events=POLLIN|POLLOUT}, {fd=112<TCP:[192.168.30.128:52472->104.199.240.237:4070]>, events=POLLIN}], 3, 199 <unfinished ...>
19778 <... poll resumed>)               = 0 (Timeout)
19778 poll([{fd=114<pipe:[50812]>, events=POLLIN}, {fd=116<TCP:[192.168.30.128:45584->35.186.224.35:443]>, events=POLLIN}], 2, 50 <unfinished ...>
19748 <... epoll_wait resumed>[{events=EPOLLIN, data={u32=2202872460, u64=105495189596812}}], 128, -1) = 1
19748 timerfd_settime(96<anon_inode:[timerfd]>, 0, {it_interval={tv_sec=0, tv_nsec=0}, it_value={tv_sec=300, tv_nsec=0}}, {it_interval={tv_sec=0, tv_nsec=0}, it_value={tv_sec=0, tv_nsec=0}}) = 0
19748 timerfd_settime(96<anon_inode:[timerfd]>, 0, {it_interval={tv_sec=0, tv_nsec=0}, it_value={tv_sec=0, tv_nsec=49998000}}, {it_interval={tv_sec=0, tv_nsec=0}, it_value={tv_sec=299, tv_nsec=999917403}}) = 0
19748 epoll_wait(95<anon_inode:[eventpoll]>,  <unfinished ...>
19794 <... clock_nanosleep resumed>0x7e5713dfe140) = 0
19794 clock_nanosleep(CLOCK_REALTIME, 0, {tv_sec=0, tv_nsec=100000000},  <unfinished ...>
19778 <... poll resumed>)               = 0 (Timeout)
19778 poll([{fd=114<pipe:[50812]>, events=POLLIN}, {fd=116<TCP:[192.168.30.128:45584->35.186.224.35:443]>, events=POLLIN}], 2, 50 <unfinished ...>
19748 <... epoll_wait resumed>[{events=EPOLLIN, data={u32=2202872460, u64=105495189596812}}], 128, -1) = 1
19748 timerfd_settime(96<anon_inode:[timerfd]>, 0, {it_interval={tv_sec=0, tv_nsec=0}, it_value={tv_sec=300, tv_nsec=0}}, {it_interval={tv_sec=0, tv_nsec=0}, it_value={tv_sec=0, tv_nsec=0}}) = 0
19748 timerfd_settime(96<anon_inode:[timerfd]>, 0, {it_interval={tv_sec=0, tv_nsec=0}, it_value={tv_sec=0, tv_nsec=48997000}}, {it_interval={tv_sec=0, tv_nsec=0}, it_value={tv_sec=299, tv_nsec=999774217}}) = 0
19748 epoll_wait(95<anon_inode:[eventpoll]>,  <unfinished ...>
19782 <... futex resumed>)              = -1 ETIMEDOUT (Connection timed out)
19782 futex(0x7e56ec097d88, FUTEX_WAKE_PRIVATE, 1) = 0
19782 futex(0x7e56ec0846e8, FUTEX_WAIT_BITSET_PRIVATE, 0, {tv_sec=6970, tv_nsec=819606}, FUTEX_BITSET_MATCH_ANY <unfinished ...>
19748 <... epoll_wait resumed>[{events=EPOLLIN, data={u32=2202872460, u64=105495189596812}}], 128, -1) = 1
19778 <... poll resumed>)               = 0 (Timeout)
19748 timerfd_settime(96<anon_inode:[timerfd]>, 0, {it_interval={tv_sec=0, tv_nsec=0}, it_value={tv_sec=300, tv_nsec=0}},  <unfinished ...>
19778 poll([{fd=114<pipe:[50812]>, events=POLLIN}, {fd=116<TCP:[192.168.30.128:45584->35.186.224.35:443]>, events=POLLIN}], 2, 50 <unfinished ...>
19748 <... timerfd_settime resumed>{it_interval={tv_sec=0, tv_nsec=0}, it_value={tv_sec=0, tv_nsec=0}}) = 0
19748 timerfd_settime(96<anon_inode:[timerfd]>, 0, {it_interval={tv_sec=0, tv_nsec=0}, it_value={tv_sec=0, tv_nsec=49997000}}, {it_interval={tv_sec=0, tv_nsec=0}, it_value={tv_sec=299, tv_nsec=999905133}}) = 0
19748 epoll_wait(95<anon_inode:[eventpoll]>,  <unfinished ...>
19794 <... clock_nanosleep resumed>0x7e5713dfe140) = 0
19794 clock_nanosleep(CLOCK_REALTIME, 0, {tv_sec=0, tv_nsec=100000000},  <unfinished ...>
19778 <... poll resumed>)               = 0 (Timeout)
19778 poll([{fd=114<pipe:[50812]>, events=POLLIN}, {fd=116<TCP:[192.168.30.128:45584->35.186.224.35:443]>, events=POLLIN}], 2, 50 <unfinished ...>
19748 <... epoll_wait resumed>[{events=EPOLLIN, data={u32=2202872460, u64=105495189596812}}], 128, -1) = 1
19748 timerfd_settime(96<anon_inode:[timerfd]>, 0, {it_interval={tv_sec=0, tv_nsec=0}, it_value={tv_sec=300, tv_nsec=0}}, {it_interval={tv_sec=0, tv_nsec=0}, it_value={tv_sec=0, tv_nsec=0}}) = 0
19748 timerfd_settime(96<anon_inode:[timerfd]>, 0, {it_interval={tv_sec=0, tv_nsec=0}, it_value={tv_sec=0, tv_nsec=33998000}}, {it_interval={tv_sec=0, tv_nsec=0}, it_value={tv_sec=299, tv_nsec=999864358}}) = 0
19748 epoll_wait(95<anon_inode:[eventpoll]>, [{events=EPOLLIN, data={u32=2202872460, u64=105495189596812}}], 128, -1) = 1
19748 timerfd_settime(96<anon_inode:[timerfd]>, 0, {it_interval={tv_sec=0, tv_nsec=0}, it_value={tv_sec=300, tv_nsec=0}}, {it_interval={tv_sec=0, tv_nsec=0}, it_value={tv_sec=0, tv_nsec=0}}) = 0
19748 timerfd_settime(96<anon_inode:[timerfd]>, 0, {it_interval={tv_sec=0, tv_nsec=0}, it_value={tv_sec=0, tv_nsec=14999000}}, {it_interval={tv_sec=0, tv_nsec=0}, it_value={tv_sec=299, tv_nsec=999904967}}) = 0
19748 epoll_wait(95<anon_inode:[eventpoll]>,  <unfinished ...>
19782 <... futex resumed>)              = -1 ETIMEDOUT (Connection timed out)
19776 <... poll resumed>)               = 0 (Timeout)
19782 futex(0x7e56ec097d88, FUTEX_WAKE_PRIVATE, 1 <unfinished ...>
19776 poll([{fd=105<pipe:[51666]>, events=POLLIN}, {fd=125<TCP:[0.0.0.0:57621]>, events=POLLIN|POLLOUT}, {fd=112<TCP:[192.168.30.128:52472->104.199.240.237:4070]>, events=POLLIN}], 3, 199 <unfinished ...>
19782 <... futex resumed>)              = 0
19782 futex(0x7e56ec0846e8, FUTEX_WAIT_BITSET_PRIVATE, 0, {tv_sec=6970, tv_nsec=100850130}, FUTEX_BITSET_MATCH_ANY <unfinished ...>
19748 <... epoll_wait resumed>[{events=EPOLLIN, data={u32=2202872460, u64=105495189596812}}], 128, -1) = 1
19748 timerfd_settime(96<anon_inode:[timerfd]>, 0, {it_interval={tv_sec=0, tv_nsec=0}, it_value={tv_sec=300, tv_nsec=0}}, {it_interval={tv_sec=0, tv_nsec=0}, it_value={tv_sec=0, tv_nsec=0}}) = 0
19748 timerfd_settime(96<anon_inode:[timerfd]>, 0, {it_interval={tv_sec=0, tv_nsec=0}, it_value={tv_sec=0, tv_nsec=48998000}}, {it_interval={tv_sec=0, tv_nsec=0}, it_value={tv_sec=299, tv_nsec=999926581}}) = 0
19748 epoll_wait(95<anon_inode:[eventpoll]>,  <unfinished ...>
19778 <... poll resumed>)               = 0 (Timeout)
19778 poll([{fd=114<pipe:[50812]>, events=POLLIN}, {fd=116<TCP:[192.168.30.128:45584->35.186.224.35:443]>, events=POLLIN}], 2, 50 <unfinished ...>
19655 <... poll resumed>)               = 0 (Timeout)
19655 futex(0x7e57b5ffdf10, FUTEX_WAKE_PRIVATE, 2147483647 <unfinished ...>
19680 <... futex resumed>)              = 0
19655 <... futex resumed>)              = 1
19680 futex(0x7e57b5ffdec0, FUTEX_WAIT_PRIVATE, 2, NULL <unfinished ...>
19655 futex(0x7e57b5ffdec0, FUTEX_WAKE_PRIVATE, 1 <unfinished ...>
19680 <... futex resumed>)              = -1 EAGAIN (Resource temporarily unavailable)
19655 <... futex resumed>)              = 0
19680 futex(0x7e57b5ffdec0, FUTEX_WAKE_PRIVATE, 1) = 0
19655 recvmsg(32<UNIX-STREAM:[48651->54740]>,  <unfinished ...>
19680 openat(AT_FDCWD</home/venice>, "/home/venice/.cache/spotify/.org.chromium.Chromium.ia6Yd1", O_RDWR|O_CREAT|O_EXCL, 0600 <unfinished ...>
19655 <... recvmsg resumed>{msg_namelen=0}, 0) = -1 EAGAIN (Resource temporarily unavailable)
19680 <... openat resumed>)             = 223</home/venice/.cache/spotify/.org.chromium.Chromium.ia6Yd1>
19655 recvmsg(32<UNIX-STREAM:[48651->54740]>,  <unfinished ...>
19680 write(223</home/venice/.cache/spotify/.org.chromium.Chromium.ia6Yd1>, "{\"autofill\":{\"states_data_dir\":\""..., 7319 <unfinished ...>
19655 <... recvmsg resumed>{msg_namelen=0}, 0) = -1 EAGAIN (Resource temporarily unavailable)
19680 <... write resumed>)              = 7319
19655 poll([{fd=13<anon_inode:[eventfd]>, events=POLLIN}, {fd=14<pipe:[48647]>, events=POLLIN}, {fd=17<UNIX-STREAM:[48650->54739]>, events=POLLIN}, {fd=32<UNIX-STREAM:[48651->54740]>, events=POLLIN}], 4, 0 <unfinished ...>
19680 fdatasync(223</home/venice/.cache/spotify/.org.chromium.Chromium.ia6Yd1> <unfinished ...>
19655 <... poll resumed>)               = 0 (Timeout)
19655 recvmsg(32<UNIX-STREAM:[48651->54740]>, {msg_namelen=0}, 0) = -1 EAGAIN (Resource temporarily unavailable)
19655 recvmsg(32<UNIX-STREAM:[48651->54740]>, {msg_namelen=0}, 0) = -1 EAGAIN (Resource temporarily unavailable)
19655 poll([{fd=13<anon_inode:[eventfd]>, events=POLLIN}, {fd=14<pipe:[48647]>, events=POLLIN}, {fd=17<UNIX-STREAM:[48650->54739]>, events=POLLIN}, {fd=32<UNIX-STREAM:[48651->54740]>, events=POLLIN}], 4, 68 <unfinished ...>
19680 <... fdatasync resumed>)          = 0
19680 close(223</home/venice/.cache/spotify/.org.chromium.Chromium.ia6Yd1>) = 0
19680 rename("/home/venice/.cache/spotify/.org.chromium.Chromium.ia6Yd1", "/home/venice/.cache/spotify/Local State") = 0
19680 futex(0x7e57b5ffdf10, FUTEX_WAIT_BITSET_PRIVATE|FUTEX_CLOCK_REALTIME, 0, NULL, FUTEX_BITSET_MATCH_ANY <unfinished ...>
19794 <... clock_nanosleep resumed>0x7e5713dfe140) = 0
19794 clock_nanosleep(CLOCK_REALTIME, 0, {tv_sec=0, tv_nsec=100000000},  <unfinished ...>
19748 <... epoll_wait resumed>[{events=EPOLLIN, data={u32=2202872460, u64=105495189596812}}], 128, -1) = 1
19748 timerfd_settime(96<anon_inode:[timerfd]>, 0, {it_interval={tv_sec=0, tv_nsec=0}, it_value={tv_sec=300, tv_nsec=0}}, {it_interval={tv_sec=0, tv_nsec=0}, it_value={tv_sec=0, tv_nsec=0}}) = 0
19748 timerfd_settime(96<anon_inode:[timerfd]>, 0, {it_interval={tv_sec=0, tv_nsec=0}, it_value={tv_sec=0, tv_nsec=46997000}}, {it_interval={tv_sec=0, tv_nsec=0}, it_value={tv_sec=299, tv_nsec=999871179}}) = 0
19748 epoll_wait(95<anon_inode:[eventpoll]>,  <unfinished ...>
19778 <... poll resumed>)               = 0 (Timeout)
19778 poll([{fd=114<pipe:[50812]>, events=POLLIN}, {fd=116<TCP:[192.168.30.128:45584->35.186.224.35:443]>, events=POLLIN}], 2, 50 <unfinished ...>
19782 <... futex resumed>)              = -1 ETIMEDOUT (Connection timed out)
19782 futex(0x7e56ec097d88, FUTEX_WAKE_PRIVATE, 1) = 0
19782 futex(0x7e56ec0846e8, FUTEX_WAIT_BITSET_PRIVATE, 0, {tv_sec=6970, tv_nsec=200952991}, FUTEX_BITSET_MATCH_ANY <unfinished ...>
19655 <... poll resumed>)               = 0 (Timeout)
19655 futex(0x7e57b5ffdf10, FUTEX_WAKE_PRIVATE, 2147483647 <unfinished ...>
19680 <... futex resumed>)              = 0
19655 <... futex resumed>)              = 1
19680 futex(0x7e57b5ffdec0, FUTEX_WAIT_PRIVATE, 2, NULL <unfinished ...>
19655 futex(0x7e57b5ffdec0, FUTEX_WAKE_PRIVATE, 1 <unfinished ...>
19680 <... futex resumed>)              = -1 EAGAIN (Resource temporarily unavailable)
19655 <... futex resumed>)              = 0
19680 futex(0x7e57b5ffdec0, FUTEX_WAKE_PRIVATE, 1 <unfinished ...>
19655 recvmsg(32<UNIX-STREAM:[48651->54740]>,  <unfinished ...>
19680 <... futex resumed>)              = 0
19655 <... recvmsg resumed>{msg_namelen=0}, 0) = -1 EAGAIN (Resource temporarily unavailable)
19680 openat(AT_FDCWD</home/venice>, "/home/venice/.cache/spotify/Default/.org.chromium.Chromium.ao643s", O_RDWR|O_CREAT|O_EXCL, 0600 <unfinished ...>
19655 recvmsg(32<UNIX-STREAM:[48651->54740]>,  <unfinished ...>
19680 <... openat resumed>)             = 223</home/venice/.cache/spotify/Default/.org.chromium.Chromium.ao643s>
19655 <... recvmsg resumed>{msg_namelen=0}, 0) = -1 EAGAIN (Resource temporarily unavailable)
19680 write(223</home/venice/.cache/spotify/Default/.org.chromium.Chromium.ao643s>, "{\"account_tracker_service_last_u"..., 16342 <unfinished ...>
19655 poll([{fd=13<anon_inode:[eventfd]>, events=POLLIN}, {fd=14<pipe:[48647]>, events=POLLIN}, {fd=17<UNIX-STREAM:[48650->54739]>, events=POLLIN}, {fd=32<UNIX-STREAM:[48651->54740]>, events=POLLIN}], 4, 0 <unfinished ...>
19680 <... write resumed>)              = 16342
19655 <... poll resumed>)               = 0 (Timeout)
19680 fdatasync(223</home/venice/.cache/spotify/Default/.org.chromium.Chromium.ao643s> <unfinished ...>
19655 recvmsg(32<UNIX-STREAM:[48651->54740]>, {msg_namelen=0}, 0) = -1 EAGAIN (Resource temporarily unavailable)
19655 recvmsg(32<UNIX-STREAM:[48651->54740]>, {msg_namelen=0}, 0) = -1 EAGAIN (Resource temporarily unavailable)
19655 poll([{fd=13<anon_inode:[eventfd]>, events=POLLIN}, {fd=14<pipe:[48647]>, events=POLLIN}, {fd=17<UNIX-STREAM:[48650->54739]>, events=POLLIN}, {fd=32<UNIX-STREAM:[48651->54740]>, events=POLLIN}], 4, 3772 <unfinished ...>
19680 <... fdatasync resumed>)          = 0
19680 close(223</home/venice/.cache/spotify/Default/.org.chromium.Chromium.ao643s>) = 0
19680 rename("/home/venice/.cache/spotify/Default/.org.chromium.Chromium.ao643s", "/home/venice/.cache/spotify/Default/Preferences") = 0
19680 futex(0x7e57b5ffdf10, FUTEX_WAIT_BITSET_PRIVATE|FUTEX_CLOCK_REALTIME, 0, NULL, FUTEX_BITSET_MATCH_ANY <unfinished ...>
19748 <... epoll_wait resumed>[{events=EPOLLIN, data={u32=2202872460, u64=105495189596812}}], 128, -1) = 1
19748 timerfd_settime(96<anon_inode:[timerfd]>, 0, {it_interval={tv_sec=0, tv_nsec=0}, it_value={tv_sec=300, tv_nsec=0}}, {it_interval={tv_sec=0, tv_nsec=0}, it_value={tv_sec=0, tv_nsec=0}}) = 0
19748 timerfd_settime(96<anon_inode:[timerfd]>, 0, {it_interval={tv_sec=0, tv_nsec=0}, it_value={tv_sec=0, tv_nsec=47998000}}, {it_interval={tv_sec=0, tv_nsec=0}, it_value={tv_sec=299, tv_nsec=999871722}}) = 0
19748 epoll_wait(95<anon_inode:[eventpoll]>,  <unfinished ...>
19778 <... poll resumed>)               = 0 (Timeout)
19778 poll([{fd=114<pipe:[50812]>, events=POLLIN}, {fd=116<TCP:[192.168.30.128:45584->35.186.224.35:443]>, events=POLLIN}], 2, 50 <unfinished ...>
19794 <... clock_nanosleep resumed>0x7e5713dfe140) = 0
19794 clock_nanosleep(CLOCK_REALTIME, 0, {tv_sec=0, tv_nsec=100000000},  <unfinished ...>
19748 <... epoll_wait resumed>[{events=EPOLLIN, data={u32=2202872460, u64=105495189596812}}], 128, -1) = 1
19748 timerfd_settime(96<anon_inode:[timerfd]>, 0, {it_interval={tv_sec=0, tv_nsec=0}, it_value={tv_sec=300, tv_nsec=0}}, {it_interval={tv_sec=0, tv_nsec=0}, it_value={tv_sec=0, tv_nsec=0}}) = 0
19748 timerfd_settime(96<anon_inode:[timerfd]>, 0, {it_interval={tv_sec=0, tv_nsec=0}, it_value={tv_sec=0, tv_nsec=48997000}}, {it_interval={tv_sec=0, tv_nsec=0}, it_value={tv_sec=299, tv_nsec=999864301}}) = 0
19748 epoll_wait(95<anon_inode:[eventpoll]>,  <unfinished ...>
19778 <... poll resumed>)               = 0 (Timeout)
19778 poll([{fd=114<pipe:[50812]>, events=POLLIN}, {fd=116<TCP:[192.168.30.128:45584->35.186.224.35:443]>, events=POLLIN}], 2, 50 <unfinished ...>
19782 <... futex resumed>)              = -1 ETIMEDOUT (Connection timed out)
19776 <... poll resumed>)               = 0 (Timeout)
19782 futex(0x7e56ec097d88, FUTEX_WAKE_PRIVATE, 1 <unfinished ...>
19776 poll([{fd=105<pipe:[51666]>, events=POLLIN}, {fd=125<TCP:[0.0.0.0:57621]>, events=POLLIN|POLLOUT}, {fd=112<TCP:[192.168.30.128:52472->104.199.240.237:4070]>, events=POLLIN}], 3, 199 <unfinished ...>
19782 <... futex resumed>)              = 0
19782 futex(0x7e56ec0846e8, FUTEX_WAIT_BITSET_PRIVATE, 0, {tv_sec=6970, tv_nsec=300606176}, FUTEX_BITSET_MATCH_ANY <unfinished ...>
19748 <... epoll_wait resumed>[{events=EPOLLIN, data={u32=2202872460, u64=105495189596812}}], 128, -1) = 1
19748 timerfd_settime(96<anon_inode:[timerfd]>, 0, {it_interval={tv_sec=0, tv_nsec=0}, it_value={tv_sec=300, tv_nsec=0}}, {it_interval={tv_sec=0, tv_nsec=0}, it_value={tv_sec=0, tv_nsec=0}}) = 0
19748 timerfd_settime(96<anon_inode:[timerfd]>, 0, {it_interval={tv_sec=0, tv_nsec=0}, it_value={tv_sec=0, tv_nsec=48998000}}, {it_interval={tv_sec=0, tv_nsec=0}, it_value={tv_sec=299, tv_nsec=999916168}}) = 0
19748 epoll_wait(95<anon_inode:[eventpoll]>,  <unfinished ...>
19778 <... poll resumed>)               = 0 (Timeout)
19778 poll([{fd=114<pipe:[50812]>, events=POLLIN}, {fd=116<TCP:[192.168.30.128:45584->35.186.224.35:443]>, events=POLLIN}], 2, 50 <unfinished ...>
19794 <... clock_nanosleep resumed>0x7e5713dfe140) = 0
19794 clock_nanosleep(CLOCK_REALTIME, 0, {tv_sec=0, tv_nsec=100000000},  <unfinished ...>
19748 <... epoll_wait resumed>[{events=EPOLLIN, data={u32=2202872460, u64=105495189596812}}], 128, -1) = 1
19748 timerfd_settime(96<anon_inode:[timerfd]>, 0, {it_interval={tv_sec=0, tv_nsec=0}, it_value={tv_sec=300, tv_nsec=0}}, {it_interval={tv_sec=0, tv_nsec=0}, it_value={tv_sec=0, tv_nsec=0}}) = 0
19748 timerfd_settime(96<anon_inode:[timerfd]>, 0, {it_interval={tv_sec=0, tv_nsec=0}, it_value={tv_sec=0, tv_nsec=49999000}}, {it_interval={tv_sec=0, tv_nsec=0}, it_value={tv_sec=299, tv_nsec=999967621}}) = 0
19748 epoll_wait(95<anon_inode:[eventpoll]>,  <unfinished ...>
19778 <... poll resumed>)               = 0 (Timeout)
19778 poll([{fd=114<pipe:[50812]>, events=POLLIN}, {fd=116<TCP:[192.168.30.128:45584->35.186.224.35:443]>, events=POLLIN}], 2, 50 <unfinished ...>
19782 <... futex resumed>)              = -1 ETIMEDOUT (Connection timed out)
19782 futex(0x7e56ec097d88, FUTEX_WAKE_PRIVATE, 1) = 0
19782 futex(0x7e56ec0846e8, FUTEX_WAIT_BITSET_PRIVATE, 0, {tv_sec=6970, tv_nsec=400468753}, FUTEX_BITSET_MATCH_ANY <unfinished ...>
19748 <... epoll_wait resumed>[{events=EPOLLIN, data={u32=2202872460, u64=105495189596812}}], 128, -1) = 1
19748 timerfd_settime(96<anon_inode:[timerfd]>, 0, {it_interval={tv_sec=0, tv_nsec=0}, it_value={tv_sec=300, tv_nsec=0}}, {it_interval={tv_sec=0, tv_nsec=0}, it_value={tv_sec=0, tv_nsec=0}}) = 0
19748 timerfd_settime(96<anon_inode:[timerfd]>, 0, {it_interval={tv_sec=0, tv_nsec=0}, it_value={tv_sec=0, tv_nsec=49998000}}, {it_interval={tv_sec=0, tv_nsec=0}, it_value={tv_sec=299, tv_nsec=999916841}}) = 0
19748 epoll_wait(95<anon_inode:[eventpoll]>,  <unfinished ...>
19778 <... poll resumed>)               = 0 (Timeout)
19778 poll([{fd=114<pipe:[50812]>, events=POLLIN}, {fd=116<TCP:[192.168.30.128:45584->35.186.224.35:443]>, events=POLLIN}], 2, 50 <unfinished ...>
19794 <... clock_nanosleep resumed>0x7e5713dfe140) = 0
19794 clock_nanosleep(CLOCK_REALTIME, 0, {tv_sec=0, tv_nsec=100000000},  <unfinished ...>
19748 <... epoll_wait resumed>[{events=EPOLLIN, data={u32=2202872460, u64=105495189596812}}], 128, -1) = 1
19748 timerfd_settime(96<anon_inode:[timerfd]>, 0, {it_interval={tv_sec=0, tv_nsec=0}, it_value={tv_sec=300, tv_nsec=0}}, {it_interval={tv_sec=0, tv_nsec=0}, it_value={tv_sec=0, tv_nsec=0}}) = 0
19748 timerfd_settime(96<anon_inode:[timerfd]>, 0, {it_interval={tv_sec=0, tv_nsec=0}, it_value={tv_sec=0, tv_nsec=48998000}}, {it_interval={tv_sec=0, tv_nsec=0}, it_value={tv_sec=299, tv_nsec=999917136}}) = 0
19748 epoll_wait(95<anon_inode:[eventpoll]>,  <unfinished ...>
19778 <... poll resumed>)               = 0 (Timeout)
19778 poll([{fd=114<pipe:[50812]>, events=POLLIN}, {fd=116<TCP:[192.168.30.128:45584->35.186.224.35:443]>, events=POLLIN}], 2, 50 <unfinished ...>
19782 <... futex resumed>)              = -1 ETIMEDOUT (Connection timed out)
19776 <... poll resumed>)               = 0 (Timeout)
19782 futex(0x7e56ec097d88, FUTEX_WAKE_PRIVATE, 1) = 0
19776 poll([{fd=105<pipe:[51666]>, events=POLLIN}, {fd=125<TCP:[0.0.0.0:57621]>, events=POLLIN|POLLOUT}, {fd=112<TCP:[192.168.30.128:52472->104.199.240.237:4070]>, events=POLLIN}], 3, 200 <unfinished ...>
19782 futex(0x7e56ec0846e8, FUTEX_WAIT_BITSET_PRIVATE, 0, {tv_sec=6970, tv_nsec=500934380}, FUTEX_BITSET_MATCH_ANY <unfinished ...>
19748 <... epoll_wait resumed>[{events=EPOLLIN, data={u32=2202872460, u64=105495189596812}}], 128, -1) = 1
19748 timerfd_settime(96<anon_inode:[timerfd]>, 0, {it_interval={tv_sec=0, tv_nsec=0}, it_value={tv_sec=300, tv_nsec=0}}, {it_interval={tv_sec=0, tv_nsec=0}, it_value={tv_sec=0, tv_nsec=0}}) = 0
19748 timerfd_settime(96<anon_inode:[timerfd]>, 0, {it_interval={tv_sec=0, tv_nsec=0}, it_value={tv_sec=0, tv_nsec=49999000}}, {it_interval={tv_sec=0, tv_nsec=0}, it_value={tv_sec=299, tv_nsec=999914952}}) = 0
19748 epoll_wait(95<anon_inode:[eventpoll]>,  <unfinished ...>
19778 <... poll resumed>)               = 0 (Timeout)
19778 poll([{fd=114<pipe:[50812]>, events=POLLIN}, {fd=116<TCP:[192.168.30.128:45584->35.186.224.35:443]>, events=POLLIN}], 2, 50 <unfinished ...>
19794 <... clock_nanosleep resumed>0x7e5713dfe140) = 0
19794 clock_nanosleep(CLOCK_REALTIME, 0, {tv_sec=0, tv_nsec=100000000},  <unfinished ...>
19748 <... epoll_wait resumed>[{events=EPOLLIN, data={u32=2202872460, u64=105495189596812}}], 128, -1) = 1
19748 timerfd_settime(96<anon_inode:[timerfd]>, 0, {it_interval={tv_sec=0, tv_nsec=0}, it_value={tv_sec=300, tv_nsec=0}}, {it_interval={tv_sec=0, tv_nsec=0}, it_value={tv_sec=0, tv_nsec=0}}) = 0
19748 timerfd_settime(96<anon_inode:[timerfd]>, 0, {it_interval={tv_sec=0, tv_nsec=0}, it_value={tv_sec=0, tv_nsec=49998000}}, {it_interval={tv_sec=0, tv_nsec=0}, it_value={tv_sec=299, tv_nsec=999779308}}) = 0
19748 epoll_wait(95<anon_inode:[eventpoll]>,  <unfinished ...>
19778 <... poll resumed>)               = 0 (Timeout)
19778 poll([{fd=114<pipe:[50812]>, events=POLLIN}, {fd=116<TCP:[192.168.30.128:45584->35.186.224.35:443]>, events=POLLIN}], 2, 50 <unfinished ...>
19782 <... futex resumed>)              = -1 ETIMEDOUT (Connection timed out)
19782 futex(0x7e56ec097d88, FUTEX_WAKE_PRIVATE, 1) = 0
19782 futex(0x7e56ec0846e8, FUTEX_WAIT_BITSET_PRIVATE, 0, {tv_sec=6970, tv_nsec=600371026}, FUTEX_BITSET_MATCH_ANY <unfinished ...>
19748 <... epoll_wait resumed>[{events=EPOLLIN, data={u32=2202872460, u64=105495189596812}}], 128, -1) = 1
19748 timerfd_settime(96<anon_inode:[timerfd]>, 0, {it_interval={tv_sec=0, tv_nsec=0}, it_value={tv_sec=300, tv_nsec=0}}, {it_interval={tv_sec=0, tv_nsec=0}, it_value={tv_sec=0, tv_nsec=0}}) = 0
19748 timerfd_settime(96<anon_inode:[timerfd]>, 0, {it_interval={tv_sec=0, tv_nsec=0}, it_value={tv_sec=0, tv_nsec=47998000}}, {it_interval={tv_sec=0, tv_nsec=0}, it_value={tv_sec=299, tv_nsec=999878223}}) = 0
19748 epoll_wait(95<anon_inode:[eventpoll]>,  <unfinished ...>
19778 <... poll resumed>)               = 0 (Timeout)
19778 poll([{fd=114<pipe:[50812]>, events=POLLIN}, {fd=116<TCP:[192.168.30.128:45584->35.186.224.35:443]>, events=POLLIN}], 2, 50 <unfinished ...>
19794 <... clock_nanosleep resumed>0x7e5713dfe140) = 0
19794 clock_nanosleep(CLOCK_REALTIME, 0, {tv_sec=0, tv_nsec=100000000},  <unfinished ...>
19748 <... epoll_wait resumed>[{events=EPOLLIN, data={u32=2202872460, u64=105495189596812}}], 128, -1) = 1
19748 timerfd_settime(96<anon_inode:[timerfd]>, 0, {it_interval={tv_sec=0, tv_nsec=0}, it_value={tv_sec=300, tv_nsec=0}}, {it_interval={tv_sec=0, tv_nsec=0}, it_value={tv_sec=0, tv_nsec=0}}) = 0
19748 timerfd_settime(96<anon_inode:[timerfd]>, 0, {it_interval={tv_sec=0, tv_nsec=0}, it_value={tv_sec=0, tv_nsec=49998000}}, {it_interval={tv_sec=0, tv_nsec=0}, it_value={tv_sec=299, tv_nsec=999841914}}) = 0
19748 epoll_wait(95<anon_inode:[eventpoll]>,  <unfinished ...>
19778 <... poll resumed>)               = 0 (Timeout)
19778 poll([{fd=114<pipe:[50812]>, events=POLLIN}, {fd=116<TCP:[192.168.30.128:45584->35.186.224.35:443]>, events=POLLIN}], 2, 50 <unfinished ...>
19782 <... futex resumed>)              = -1 ETIMEDOUT (Connection timed out)
19776 <... poll resumed>)               = 0 (Timeout)
19776 poll([{fd=105<pipe:[51666]>, events=POLLIN}, {fd=125<TCP:[0.0.0.0:57621]>, events=POLLIN|POLLOUT}, {fd=112<TCP:[192.168.30.128:52472->104.199.240.237:4070]>, events=POLLIN}], 3, 199 <unfinished ...>
19782 futex(0x7e56ec097d88, FUTEX_WAKE_PRIVATE, 1) = 0
19782 futex(0x7e56ec0846e8, FUTEX_WAIT_BITSET_PRIVATE, 0, {tv_sec=6970, tv_nsec=700917410}, FUTEX_BITSET_MATCH_ANY <unfinished ...>
19748 <... epoll_wait resumed>[{events=EPOLLIN, data={u32=2202872460, u64=105495189596812}}], 128, -1) = 1
19748 timerfd_settime(96<anon_inode:[timerfd]>, 0, {it_interval={tv_sec=0, tv_nsec=0}, it_value={tv_sec=300, tv_nsec=0}}, {it_interval={tv_sec=0, tv_nsec=0}, it_value={tv_sec=0, tv_nsec=0}}) = 0
19748 timerfd_settime(96<anon_inode:[timerfd]>, 0, {it_interval={tv_sec=0, tv_nsec=0}, it_value={tv_sec=0, tv_nsec=48998000}}, {it_interval={tv_sec=0, tv_nsec=0}, it_value={tv_sec=299, tv_nsec=999912871}}) = 0
19748 epoll_wait(95<anon_inode:[eventpoll]>,  <unfinished ...>
19778 <... poll resumed>)               = 0 (Timeout)
19778 poll([{fd=114<pipe:[50812]>, events=POLLIN}, {fd=116<TCP:[192.168.30.128:45584->35.186.224.35:443]>, events=POLLIN}], 2, 50 <unfinished ...>
19794 <... clock_nanosleep resumed>0x7e5713dfe140) = 0
19794 clock_nanosleep(CLOCK_REALTIME, 0, {tv_sec=0, tv_nsec=100000000},  <unfinished ...>
19748 <... epoll_wait resumed>[{events=EPOLLIN, data={u32=2202872460, u64=105495189596812}}], 128, -1) = 1
19748 timerfd_settime(96<anon_inode:[timerfd]>, 0, {it_interval={tv_sec=0, tv_nsec=0}, it_value={tv_sec=300, tv_nsec=0}}, {it_interval={tv_sec=0, tv_nsec=0}, it_value={tv_sec=0, tv_nsec=0}}) = 0
19748 timerfd_settime(96<anon_inode:[timerfd]>, 0, {it_interval={tv_sec=0, tv_nsec=0}, it_value={tv_sec=0, tv_nsec=49997000}}, {it_interval={tv_sec=0, tv_nsec=0}, it_value={tv_sec=299, tv_nsec=999890885}}) = 0
19748 epoll_wait(95<anon_inode:[eventpoll]>,  <unfinished ...>
19778 <... poll resumed>)               = 0 (Timeout)
19778 poll([{fd=114<pipe:[50812]>, events=POLLIN}, {fd=116<TCP:[192.168.30.128:45584->35.186.224.35:443]>, events=POLLIN}], 2, 50 <unfinished ...>
19782 <... futex resumed>)              = -1 ETIMEDOUT (Connection timed out)
19782 futex(0x7e56ec097d88, FUTEX_WAKE_PRIVATE, 1) = 0
19782 futex(0x7e56ec0846e8, FUTEX_WAIT_BITSET_PRIVATE, 0, {tv_sec=6970, tv_nsec=800699603}, FUTEX_BITSET_MATCH_ANY <unfinished ...>
19748 <... epoll_wait resumed>[{events=EPOLLIN, data={u32=2202872460, u64=105495189596812}}], 128, -1) = 1
19748 timerfd_settime(96<anon_inode:[timerfd]>, 0, {it_interval={tv_sec=0, tv_nsec=0}, it_value={tv_sec=300, tv_nsec=0}}, {it_interval={tv_sec=0, tv_nsec=0}, it_value={tv_sec=0, tv_nsec=0}}) = 0
19748 timerfd_settime(96<anon_inode:[timerfd]>, 0, {it_interval={tv_sec=0, tv_nsec=0}, it_value={tv_sec=0, tv_nsec=48997000}}, {it_interval={tv_sec=0, tv_nsec=0}, it_value={tv_sec=299, tv_nsec=999910242}}) = 0
19748 epoll_wait(95<anon_inode:[eventpoll]>,  <unfinished ...>
19778 <... poll resumed>)               = 0 (Timeout)
19778 poll([{fd=114<pipe:[50812]>, events=POLLIN}, {fd=116<TCP:[192.168.30.128:45584->35.186.224.35:443]>, events=POLLIN}], 2, 50 <unfinished ...>
19794 <... clock_nanosleep resumed>0x7e5713dfe140) = 0
19794 clock_nanosleep(CLOCK_REALTIME, 0, {tv_sec=0, tv_nsec=100000000},  <unfinished ...>
19748 <... epoll_wait resumed>[{events=EPOLLIN, data={u32=2202872460, u64=105495189596812}}], 128, -1) = 1
19748 timerfd_settime(96<anon_inode:[timerfd]>, 0, {it_interval={tv_sec=0, tv_nsec=0}, it_value={tv_sec=300, tv_nsec=0}}, {it_interval={tv_sec=0, tv_nsec=0}, it_value={tv_sec=0, tv_nsec=0}}) = 0
19748 timerfd_settime(96<anon_inode:[timerfd]>, 0, {it_interval={tv_sec=0, tv_nsec=0}, it_value={tv_sec=0, tv_nsec=49998000}}, {it_interval={tv_sec=0, tv_nsec=0}, it_value={tv_sec=299, tv_nsec=999909641}}) = 0
19748 epoll_wait(95<anon_inode:[eventpoll]>,  <unfinished ...>
19778 <... poll resumed>)               = 0 (Timeout)
19778 poll([{fd=114<pipe:[50812]>, events=POLLIN}, {fd=116<TCP:[192.168.30.128:45584->35.186.224.35:443]>, events=POLLIN}], 2, 50 <unfinished ...>
19782 <... futex resumed>)              = -1 ETIMEDOUT (Connection timed out)
19776 <... poll resumed>)               = 0 (Timeout)
19782 futex(0x7e56ec097d88, FUTEX_WAKE_PRIVATE, 1 <unfinished ...>
19776 poll([{fd=105<pipe:[51666]>, events=POLLIN}, {fd=125<TCP:[0.0.0.0:57621]>, events=POLLIN|POLLOUT}, {fd=112<TCP:[192.168.30.128:52472->104.199.240.237:4070]>, events=POLLIN}], 3, 199 <unfinished ...>
19782 <... futex resumed>)              = 0
19782 futex(0x7e56ec0846e8, FUTEX_WAIT_BITSET_PRIVATE, 0, {tv_sec=6970, tv_nsec=900603670}, FUTEX_BITSET_MATCH_ANY <unfinished ...>
19748 <... epoll_wait resumed>[{events=EPOLLIN, data={u32=2202872460, u64=105495189596812}}], 128, -1) = 1
19748 timerfd_settime(96<anon_inode:[timerfd]>, 0, {it_interval={tv_sec=0, tv_nsec=0}, it_value={tv_sec=300, tv_nsec=0}}, {it_interval={tv_sec=0, tv_nsec=0}, it_value={tv_sec=0, tv_nsec=0}}) = 0
19748 timerfd_settime(96<anon_inode:[timerfd]>, 0, {it_interval={tv_sec=0, tv_nsec=0}, it_value={tv_sec=0, tv_nsec=48998000}}, {it_interval={tv_sec=0, tv_nsec=0}, it_value={tv_sec=299, tv_nsec=999897526}}) = 0
19748 epoll_wait(95<anon_inode:[eventpoll]>,  <unfinished ...>
19778 <... poll resumed>)               = 0 (Timeout)
19778 poll([{fd=114<pipe:[50812]>, events=POLLIN}, {fd=116<TCP:[192.168.30.128:45584->35.186.224.35:443]>, events=POLLIN}], 2, 50 <unfinished ...>
19794 <... clock_nanosleep resumed>0x7e5713dfe140) = 0
19794 clock_nanosleep(CLOCK_REALTIME, 0, {tv_sec=0, tv_nsec=100000000},  <unfinished ...>
19748 <... epoll_wait resumed>[{events=EPOLLIN, data={u32=2202872460, u64=105495189596812}}], 128, -1) = 1
19748 timerfd_settime(96<anon_inode:[timerfd]>, 0, {it_interval={tv_sec=0, tv_nsec=0}, it_value={tv_sec=300, tv_nsec=0}}, {it_interval={tv_sec=0, tv_nsec=0}, it_value={tv_sec=0, tv_nsec=0}}) = 0
19748 timerfd_settime(96<anon_inode:[timerfd]>, 0, {it_interval={tv_sec=0, tv_nsec=0}, it_value={tv_sec=0, tv_nsec=49997000}}, {it_interval={tv_sec=0, tv_nsec=0}, it_value={tv_sec=299, tv_nsec=999899207}}) = 0
19748 epoll_wait(95<anon_inode:[eventpoll]>,  <unfinished ...>
19778 <... poll resumed>)               = 0 (Timeout)
19778 poll([{fd=114<pipe:[50812]>, events=POLLIN}, {fd=116<TCP:[192.168.30.128:45584->35.186.224.35:443]>, events=POLLIN}], 2, 50 <unfinished ...>
19782 <... futex resumed>)              = -1 ETIMEDOUT (Connection timed out)
19782 futex(0x7e56ec097d88, FUTEX_WAKE_PRIVATE, 1) = 0
19782 futex(0x7e56ec0846e8, FUTEX_WAIT_BITSET_PRIVATE, 0, {tv_sec=6971, tv_nsec=360067}, FUTEX_BITSET_MATCH_ANY <unfinished ...>
19748 <... epoll_wait resumed>[{events=EPOLLIN, data={u32=2202872460, u64=105495189596812}}], 128, -1) = 1
19748 timerfd_settime(96<anon_inode:[timerfd]>, 0, {it_interval={tv_sec=0, tv_nsec=0}, it_value={tv_sec=300, tv_nsec=0}}, {it_interval={tv_sec=0, tv_nsec=0}, it_value={tv_sec=0, tv_nsec=0}}) = 0
19748 timerfd_settime(96<anon_inode:[timerfd]>, 0, {it_interval={tv_sec=0, tv_nsec=0}, it_value={tv_sec=0, tv_nsec=48998000}}, {it_interval={tv_sec=0, tv_nsec=0}, it_value={tv_sec=299, tv_nsec=999894582}}) = 0
19748 epoll_wait(95<anon_inode:[eventpoll]>,  <unfinished ...>
19778 <... poll resumed>)               = 0 (Timeout)
19778 poll([{fd=114<pipe:[50812]>, events=POLLIN}, {fd=116<TCP:[192.168.30.128:45584->35.186.224.35:443]>, events=POLLIN}], 2, 50 <unfinished ...>
19794 <... clock_nanosleep resumed>0x7e5713dfe140) = 0
19794 clock_nanosleep(CLOCK_REALTIME, 0, {tv_sec=0, tv_nsec=100000000},  <unfinished ...>
19748 <... epoll_wait resumed>[{events=EPOLLIN, data={u32=2202872460, u64=105495189596812}}], 128, -1) = 1
19748 timerfd_settime(96<anon_inode:[timerfd]>, 0, {it_interval={tv_sec=0, tv_nsec=0}, it_value={tv_sec=300, tv_nsec=0}}, {it_interval={tv_sec=0, tv_nsec=0}, it_value={tv_sec=0, tv_nsec=0}}) = 0
19748 timerfd_settime(96<anon_inode:[timerfd]>, 0, {it_interval={tv_sec=0, tv_nsec=0}, it_value={tv_sec=0, tv_nsec=49998000}}, {it_interval={tv_sec=0, tv_nsec=0}, it_value={tv_sec=299, tv_nsec=999917030}}) = 0
19748 epoll_wait(95<anon_inode:[eventpoll]>,  <unfinished ...>
19778 <... poll resumed>)               = 0 (Timeout)
19778 poll([{fd=114<pipe:[50812]>, events=POLLIN}, {fd=116<TCP:[192.168.30.128:45584->35.186.224.35:443]>, events=POLLIN}], 2, 50 <unfinished ...>
19782 <... futex resumed>)              = -1 ETIMEDOUT (Connection timed out)
19782 futex(0x7e56ec097d88, FUTEX_WAKE_PRIVATE, 1) = 0
19776 <... poll resumed>)               = 0 (Timeout)
19782 futex(0x7e56ec0846e8, FUTEX_WAIT_BITSET_PRIVATE, 0, {tv_sec=6971, tv_nsec=100030223}, FUTEX_BITSET_MATCH_ANY <unfinished ...>
19776 poll([{fd=105<pipe:[51666]>, events=POLLIN}, {fd=125<TCP:[0.0.0.0:57621]>, events=POLLIN|POLLOUT}, {fd=112<TCP:[192.168.30.128:52472->104.199.240.237:4070]>, events=POLLIN}], 3, 199 <unfinished ...>
19748 <... epoll_wait resumed>[{events=EPOLLIN, data={u32=2202872460, u64=105495189596812}}], 128, -1) = 1
19748 timerfd_settime(96<anon_inode:[timerfd]>, 0, {it_interval={tv_sec=0, tv_nsec=0}, it_value={tv_sec=300, tv_nsec=0}}, {it_interval={tv_sec=0, tv_nsec=0}, it_value={tv_sec=0, tv_nsec=0}}) = 0
19748 timerfd_settime(96<anon_inode:[timerfd]>, 0, {it_interval={tv_sec=0, tv_nsec=0}, it_value={tv_sec=0, tv_nsec=49998000}}, {it_interval={tv_sec=0, tv_nsec=0}, it_value={tv_sec=299, tv_nsec=999915671}}) = 0
19748 epoll_wait(95<anon_inode:[eventpoll]>,  <unfinished ...>
19778 <... poll resumed>)               = 0 (Timeout)
19778 poll([{fd=114<pipe:[50812]>, events=POLLIN}, {fd=116<TCP:[192.168.30.128:45584->35.186.224.35:443]>, events=POLLIN}], 2, 50 <unfinished ...>
19794 <... clock_nanosleep resumed>0x7e5713dfe140) = 0
19794 clock_nanosleep(CLOCK_REALTIME, 0, {tv_sec=0, tv_nsec=100000000},  <unfinished ...>
19748 <... epoll_wait resumed>[{events=EPOLLIN, data={u32=2202872460, u64=105495189596812}}], 128, -1) = 1
19748 timerfd_settime(96<anon_inode:[timerfd]>, 0, {it_interval={tv_sec=0, tv_nsec=0}, it_value={tv_sec=300, tv_nsec=0}}, {it_interval={tv_sec=0, tv_nsec=0}, it_value={tv_sec=0, tv_nsec=0}}) = 0
19748 timerfd_settime(96<anon_inode:[timerfd]>, 0, {it_interval={tv_sec=0, tv_nsec=0}, it_value={tv_sec=0, tv_nsec=48998000}}, {it_interval={tv_sec=0, tv_nsec=0}, it_value={tv_sec=299, tv_nsec=999937357}}) = 0
19748 epoll_wait(95<anon_inode:[eventpoll]>,  <unfinished ...>
19778 <... poll resumed>)               = 0 (Timeout)
19778 poll([{fd=114<pipe:[50812]>, events=POLLIN}, {fd=116<TCP:[192.168.30.128:45584->35.186.224.35:443]>, events=POLLIN}], 2, 50 <unfinished ...>
19782 <... futex resumed>)              = -1 ETIMEDOUT (Connection timed out)
19782 futex(0x7e56ec097d88, FUTEX_WAKE_PRIVATE, 1) = 0
19782 futex(0x7e56ec0846e8, FUTEX_WAIT_BITSET_PRIVATE, 0, {tv_sec=6971, tv_nsec=200695727}, FUTEX_BITSET_MATCH_ANY <unfinished ...>
19748 <... epoll_wait resumed>[{events=EPOLLIN, data={u32=2202872460, u64=105495189596812}}], 128, -1) = 1
19748 timerfd_settime(96<anon_inode:[timerfd]>, 0, {it_interval={tv_sec=0, tv_nsec=0}, it_value={tv_sec=300, tv_nsec=0}}, {it_interval={tv_sec=0, tv_nsec=0}, it_value={tv_sec=0, tv_nsec=0}}) = 0
19748 timerfd_settime(96<anon_inode:[timerfd]>, 0, {it_interval={tv_sec=0, tv_nsec=0}, it_value={tv_sec=0, tv_nsec=49998000}}, {it_interval={tv_sec=0, tv_nsec=0}, it_value={tv_sec=299, tv_nsec=999913146}}) = 0
19748 epoll_wait(95<anon_inode:[eventpoll]>,  <unfinished ...>
19778 <... poll resumed>)               = 0 (Timeout)
19778 poll([{fd=114<pipe:[50812]>, events=POLLIN}, {fd=116<TCP:[192.168.30.128:45584->35.186.224.35:443]>, events=POLLIN}], 2, 50 <unfinished ...>
19794 <... clock_nanosleep resumed>0x7e5713dfe140) = 0
19748 <... epoll_wait resumed>[{events=EPOLLIN, data={u32=2202872460, u64=105495189596812}}], 128, -1) = 1
19748 timerfd_settime(96<anon_inode:[timerfd]>, 0, {it_interval={tv_sec=0, tv_nsec=0}, it_value={tv_sec=300, tv_nsec=0}}, {it_interval={tv_sec=0, tv_nsec=0}, it_value={tv_sec=0, tv_nsec=0}}) = 0
19748 timerfd_settime(96<anon_inode:[timerfd]>, 0, {it_interval={tv_sec=0, tv_nsec=0}, it_value={tv_sec=0, tv_nsec=48998000}}, {it_interval={tv_sec=0, tv_nsec=0}, it_value={tv_sec=299, tv_nsec=999883185}}) = 0
19748 epoll_wait(95<anon_inode:[eventpoll]>,  <unfinished ...>
19794 clock_nanosleep(CLOCK_REALTIME, 0, {tv_sec=0, tv_nsec=100000000},  <unfinished ...>
19778 <... poll resumed>)               = 0 (Timeout)
19778 poll([{fd=114<pipe:[50812]>, events=POLLIN}, {fd=116<TCP:[192.168.30.128:45584->35.186.224.35:443]>, events=POLLIN}], 2, 50 <unfinished ...>
19776 <... poll resumed>)               = 0 (Timeout)
19782 <... futex resumed>)              = -1 ETIMEDOUT (Connection timed out)
19776 poll([{fd=105<pipe:[51666]>, events=POLLIN}, {fd=125<TCP:[0.0.0.0:57621]>, events=POLLIN|POLLOUT}, {fd=112<TCP:[192.168.30.128:52472->104.199.240.237:4070]>, events=POLLIN}], 3, 200 <unfinished ...>
19782 futex(0x7e56ec097d88, FUTEX_WAKE_PRIVATE, 1) = 0
19782 futex(0x7e56ec0846e8, FUTEX_WAIT_BITSET_PRIVATE, 0, {tv_sec=6971, tv_nsec=300105081}, FUTEX_BITSET_MATCH_ANY <unfinished ...>
19748 <... epoll_wait resumed>[{events=EPOLLIN, data={u32=2202872460, u64=105495189596812}}], 128, -1) = 1
19748 timerfd_settime(96<anon_inode:[timerfd]>, 0, {it_interval={tv_sec=0, tv_nsec=0}, it_value={tv_sec=300, tv_nsec=0}}, {it_interval={tv_sec=0, tv_nsec=0}, it_value={tv_sec=0, tv_nsec=0}}) = 0
19748 timerfd_settime(96<anon_inode:[timerfd]>, 0, {it_interval={tv_sec=0, tv_nsec=0}, it_value={tv_sec=0, tv_nsec=48998000}}, {it_interval={tv_sec=0, tv_nsec=0}, it_value={tv_sec=299, tv_nsec=999931046}}) = 0
19748 epoll_wait(95<anon_inode:[eventpoll]>,  <unfinished ...>
19778 <... poll resumed>)               = 0 (Timeout)
19778 poll([{fd=114<pipe:[50812]>, events=POLLIN}, {fd=116<TCP:[192.168.30.128:45584->35.186.224.35:443]>, events=POLLIN}], 2, 50 <unfinished ...>
19748 <... epoll_wait resumed>[{events=EPOLLIN, data={u32=2202872460, u64=105495189596812}}], 128, -1) = 1
19748 timerfd_settime(96<anon_inode:[timerfd]>, 0, {it_interval={tv_sec=0, tv_nsec=0}, it_value={tv_sec=300, tv_nsec=0}}, {it_interval={tv_sec=0, tv_nsec=0}, it_value={tv_sec=0, tv_nsec=0}}) = 0
19748 timerfd_settime(96<anon_inode:[timerfd]>, 0, {it_interval={tv_sec=0, tv_nsec=0}, it_value={tv_sec=0, tv_nsec=49998000}}, {it_interval={tv_sec=0, tv_nsec=0}, it_value={tv_sec=299, tv_nsec=999911026}}) = 0
19748 epoll_wait(95<anon_inode:[eventpoll]>,  <unfinished ...>
19794 <... clock_nanosleep resumed>0x7e5713dfe140) = 0
19794 clock_nanosleep(CLOCK_REALTIME, 0, {tv_sec=0, tv_nsec=100000000},  <unfinished ...>
19778 <... poll resumed>)               = 0 (Timeout)
19778 poll([{fd=114<pipe:[50812]>, events=POLLIN}, {fd=116<TCP:[192.168.30.128:45584->35.186.224.35:443]>, events=POLLIN}], 2, 50 <unfinished ...>
19782 <... futex resumed>)              = -1 ETIMEDOUT (Connection timed out)
19782 futex(0x7e56ec097d88, FUTEX_WAKE_PRIVATE, 1) = 0
19782 futex(0x7e56ec0846e8, FUTEX_WAIT_BITSET_PRIVATE, 0, {tv_sec=6971, tv_nsec=400669207}, FUTEX_BITSET_MATCH_ANY <unfinished ...>
19748 <... epoll_wait resumed>[{events=EPOLLIN, data={u32=2202872460, u64=105495189596812}}], 128, -1) = 1
19748 timerfd_settime(96<anon_inode:[timerfd]>, 0, {it_interval={tv_sec=0, tv_nsec=0}, it_value={tv_sec=300, tv_nsec=0}}, {it_interval={tv_sec=0, tv_nsec=0}, it_value={tv_sec=0, tv_nsec=0}}) = 0
19748 timerfd_settime(96<anon_inode:[timerfd]>, 0, {it_interval={tv_sec=0, tv_nsec=0}, it_value={tv_sec=0, tv_nsec=48998000}}, {it_interval={tv_sec=0, tv_nsec=0}, it_value={tv_sec=299, tv_nsec=999911496}}) = 0
19748 epoll_wait(95<anon_inode:[eventpoll]>,  <unfinished ...>
19778 <... poll resumed>)               = 0 (Timeout)
19778 poll([{fd=114<pipe:[50812]>, events=POLLIN}, {fd=116<TCP:[192.168.30.128:45584->35.186.224.35:443]>, events=POLLIN}], 2, 50 <unfinished ...>
19748 <... epoll_wait resumed>[{events=EPOLLIN, data={u32=2202872460, u64=105495189596812}}], 128, -1) = 1
19748 timerfd_settime(96<anon_inode:[timerfd]>, 0, {it_interval={tv_sec=0, tv_nsec=0}, it_value={tv_sec=300, tv_nsec=0}}, {it_interval={tv_sec=0, tv_nsec=0}, it_value={tv_sec=0, tv_nsec=0}}) = 0
19748 timerfd_settime(96<anon_inode:[timerfd]>, 0, {it_interval={tv_sec=0, tv_nsec=0}, it_value={tv_sec=0, tv_nsec=49999000}}, {it_interval={tv_sec=0, tv_nsec=0}, it_value={tv_sec=299, tv_nsec=999912946}}) = 0
19748 epoll_wait(95<anon_inode:[eventpoll]>,  <unfinished ...>
19794 <... clock_nanosleep resumed>0x7e5713dfe140) = 0
19794 clock_nanosleep(CLOCK_REALTIME, 0, {tv_sec=0, tv_nsec=100000000},  <unfinished ...>
19778 <... poll resumed>)               = 0 (Timeout)
19778 poll([{fd=114<pipe:[50812]>, events=POLLIN}, {fd=116<TCP:[192.168.30.128:45584->35.186.224.35:443]>, events=POLLIN}], 2, 50 <unfinished ...>
19782 <... futex resumed>)              = -1 ETIMEDOUT (Connection timed out)
19782 futex(0x7e56ec097d88, FUTEX_WAKE_PRIVATE, 1 <unfinished ...>
19776 <... poll resumed>)               = 0 (Timeout)
19782 <... futex resumed>)              = 0
19776 poll([{fd=105<pipe:[51666]>, events=POLLIN}, {fd=125<TCP:[0.0.0.0:57621]>, events=POLLIN|POLLOUT}, {fd=112<TCP:[192.168.30.128:52472->104.199.240.237:4070]>, events=POLLIN}], 3, 199 <unfinished ...>
19782 futex(0x7e56ec0846e8, FUTEX_WAIT_BITSET_PRIVATE, 0, {tv_sec=6971, tv_nsec=500349963}, FUTEX_BITSET_MATCH_ANY <unfinished ...>
19748 <... epoll_wait resumed>[{events=EPOLLIN, data={u32=2202872460, u64=105495189596812}}], 128, -1) = 1
19748 timerfd_settime(96<anon_inode:[timerfd]>, 0, {it_interval={tv_sec=0, tv_nsec=0}, it_value={tv_sec=300, tv_nsec=0}}, {it_interval={tv_sec=0, tv_nsec=0}, it_value={tv_sec=0, tv_nsec=0}}) = 0
19748 timerfd_settime(96<anon_inode:[timerfd]>, 0, {it_interval={tv_sec=0, tv_nsec=0}, it_value={tv_sec=0, tv_nsec=49999000}}, {it_interval={tv_sec=0, tv_nsec=0}, it_value={tv_sec=299, tv_nsec=999973024}}) = 0
19748 epoll_wait(95<anon_inode:[eventpoll]>,  <unfinished ...>
19778 <... poll resumed>)               = 0 (Timeout)
19778 poll([{fd=114<pipe:[50812]>, events=POLLIN}, {fd=116<TCP:[192.168.30.128:45584->35.186.224.35:443]>, events=POLLIN}], 2, 50 <unfinished ...>
19748 <... epoll_wait resumed>[{events=EPOLLIN, data={u32=2202872460, u64=105495189596812}}], 128, -1) = 1
19748 timerfd_settime(96<anon_inode:[timerfd]>, 0, {it_interval={tv_sec=0, tv_nsec=0}, it_value={tv_sec=300, tv_nsec=0}}, {it_interval={tv_sec=0, tv_nsec=0}, it_value={tv_sec=0, tv_nsec=0}}) = 0
19748 timerfd_settime(96<anon_inode:[timerfd]>, 0, {it_interval={tv_sec=0, tv_nsec=0}, it_value={tv_sec=0, tv_nsec=48997000}}, {it_interval={tv_sec=0, tv_nsec=0}, it_value={tv_sec=299, tv_nsec=999916440}}) = 0
19748 epoll_wait(95<anon_inode:[eventpoll]>,  <unfinished ...>
19794 <... clock_nanosleep resumed>0x7e5713dfe140) = 0
19794 clock_nanosleep(CLOCK_REALTIME, 0, {tv_sec=0, tv_nsec=100000000},  <unfinished ...>
19778 <... poll resumed>)               = 0 (Timeout)
19778 poll([{fd=114<pipe:[50812]>, events=POLLIN}, {fd=116<TCP:[192.168.30.128:45584->35.186.224.35:443]>, events=POLLIN}], 2, 50 <unfinished ...>
19782 <... futex resumed>)              = -1 ETIMEDOUT (Connection timed out)
19782 futex(0x7e56ec097d88, FUTEX_WAKE_PRIVATE, 1) = 0
19782 futex(0x7e56ec0846e8, FUTEX_WAIT_BITSET_PRIVATE, 0, {tv_sec=6971, tv_nsec=600967492}, FUTEX_BITSET_MATCH_ANY <unfinished ...>
19748 <... epoll_wait resumed>[{events=EPOLLIN, data={u32=2202872460, u64=105495189596812}}], 128, -1) = 1
19748 timerfd_settime(96<anon_inode:[timerfd]>, 0, {it_interval={tv_sec=0, tv_nsec=0}, it_value={tv_sec=300, tv_nsec=0}}, {it_interval={tv_sec=0, tv_nsec=0}, it_value={tv_sec=0, tv_nsec=0}}) = 0
19748 timerfd_settime(96<anon_inode:[timerfd]>, 0, {it_interval={tv_sec=0, tv_nsec=0}, it_value={tv_sec=0, tv_nsec=49997000}}, {it_interval={tv_sec=0, tv_nsec=0}, it_value={tv_sec=299, tv_nsec=999914997}}) = 0
19748 epoll_wait(95<anon_inode:[eventpoll]>,  <unfinished ...>
19778 <... poll resumed>)               = 0 (Timeout)
19778 poll([{fd=114<pipe:[50812]>, events=POLLIN}, {fd=116<TCP:[192.168.30.128:45584->35.186.224.35:443]>, events=POLLIN}], 2, 50 <unfinished ...>
19748 <... epoll_wait resumed>[{events=EPOLLIN, data={u32=2202872460, u64=105495189596812}}], 128, -1) = 1
19748 timerfd_settime(96<anon_inode:[timerfd]>, 0, {it_interval={tv_sec=0, tv_nsec=0}, it_value={tv_sec=300, tv_nsec=0}}, {it_interval={tv_sec=0, tv_nsec=0}, it_value={tv_sec=0, tv_nsec=0}}) = 0
19748 timerfd_settime(96<anon_inode:[timerfd]>, 0, {it_interval={tv_sec=0, tv_nsec=0}, it_value={tv_sec=0, tv_nsec=48998000}}, {it_interval={tv_sec=0, tv_nsec=0}, it_value={tv_sec=299, tv_nsec=999916781}}) = 0
19748 epoll_wait(95<anon_inode:[eventpoll]>,  <unfinished ...>
19794 <... clock_nanosleep resumed>0x7e5713dfe140) = 0
19794 clock_nanosleep(CLOCK_REALTIME, 0, {tv_sec=0, tv_nsec=100000000},  <unfinished ...>
19778 <... poll resumed>)               = 0 (Timeout)
19778 poll([{fd=114<pipe:[50812]>, events=POLLIN}, {fd=116<TCP:[192.168.30.128:45584->35.186.224.35:443]>, events=POLLIN}], 2, 50 <unfinished ...>
19776 <... poll resumed>)               = 0 (Timeout)
19776 poll([{fd=105<pipe:[51666]>, events=POLLIN}, {fd=125<TCP:[0.0.0.0:57621]>, events=POLLIN|POLLOUT}, {fd=112<TCP:[192.168.30.128:52472->104.199.240.237:4070]>, events=POLLIN}], 3, 200 <unfinished ...>
19782 <... futex resumed>)              = -1 ETIMEDOUT (Connection timed out)
19782 futex(0x7e56ec097d88, FUTEX_WAKE_PRIVATE, 1) = 0
19782 futex(0x7e56ec0846e8, FUTEX_WAIT_BITSET_PRIVATE, 0, {tv_sec=6971, tv_nsec=700514315}, FUTEX_BITSET_MATCH_ANY <unfinished ...>
19748 <... epoll_wait resumed>[{events=EPOLLIN, data={u32=2202872460, u64=105495189596812}}], 128, -1) = 1
19748 timerfd_settime(96<anon_inode:[timerfd]>, 0, {it_interval={tv_sec=0, tv_nsec=0}, it_value={tv_sec=300, tv_nsec=0}}, {it_interval={tv_sec=0, tv_nsec=0}, it_value={tv_sec=0, tv_nsec=0}}) = 0
19748 timerfd_settime(96<anon_inode:[timerfd]>, 0, {it_interval={tv_sec=0, tv_nsec=0}, it_value={tv_sec=0, tv_nsec=49978000}}, {it_interval={tv_sec=0, tv_nsec=0}, it_value={tv_sec=299, tv_nsec=999886522}}) = 0
19748 epoll_wait(95<anon_inode:[eventpoll]>,  <unfinished ...>
19778 <... poll resumed>)               = 0 (Timeout)
19778 poll([{fd=114<pipe:[50812]>, events=POLLIN}, {fd=116<TCP:[192.168.30.128:45584->35.186.224.35:443]>, events=POLLIN}], 2, 50 <unfinished ...>
19748 <... epoll_wait resumed>[{events=EPOLLIN, data={u32=2202872460, u64=105495189596812}}], 128, -1) = 1
19748 timerfd_settime(96<anon_inode:[timerfd]>, 0, {it_interval={tv_sec=0, tv_nsec=0}, it_value={tv_sec=300, tv_nsec=0}}, {it_interval={tv_sec=0, tv_nsec=0}, it_value={tv_sec=0, tv_nsec=0}}) = 0
19748 timerfd_settime(96<anon_inode:[timerfd]>, 0, {it_interval={tv_sec=0, tv_nsec=0}, it_value={tv_sec=0, tv_nsec=48998000}}, {it_interval={tv_sec=0, tv_nsec=0}, it_value={tv_sec=299, tv_nsec=999870771}}) = 0
19748 epoll_wait(95<anon_inode:[eventpoll]>,  <unfinished ...>
19794 <... clock_nanosleep resumed>0x7e5713dfe140) = 0
19794 clock_nanosleep(CLOCK_REALTIME, 0, {tv_sec=0, tv_nsec=100000000},  <unfinished ...>
19782 <... futex resumed>)              = -1 ETIMEDOUT (Connection timed out)
19778 <... poll resumed>)               = 0 (Timeout)
19778 poll([{fd=114<pipe:[50812]>, events=POLLIN}, {fd=116<TCP:[192.168.30.128:45584->35.186.224.35:443]>, events=POLLIN}], 2, 50 <unfinished ...>
19782 futex(0x7e56ec097d88, FUTEX_WAKE_PRIVATE, 1) = 0
19782 futex(0x7e56ec0846e8, FUTEX_WAIT_BITSET_PRIVATE, 0, {tv_sec=6971, tv_nsec=800061462}, FUTEX_BITSET_MATCH_ANY <unfinished ...>
19748 <... epoll_wait resumed>[{events=EPOLLIN, data={u32=2202872460, u64=105495189596812}}], 128, -1) = 1
19748 timerfd_settime(96<anon_inode:[timerfd]>, 0, {it_interval={tv_sec=0, tv_nsec=0}, it_value={tv_sec=300, tv_nsec=0}}, {it_interval={tv_sec=0, tv_nsec=0}, it_value={tv_sec=0, tv_nsec=0}}) = 0
