5743  poll([{fd=13<anon_inode:[eventfd]>, events=POLLIN}, {fd=14<pipe:[31615]>, events=POLLIN}, {fd=17<UNIX-STREAM:[31618->35113]>, events=POLLIN}, {fd=33<UNIX-STREAM:[31619->35114]>, events=POLLIN}], 4, 0 <unfinished ...>
5770  futex(0x7438efdfdf10, FUTEX_WAKE_PRIVATE, 2147483647 <unfinished ...>
5768  <... socket resumed>)             = 173<UNIX-STREAM:[44353]>
5743  <... poll resumed>)               = 0 (Timeout)
5803  <... futex resumed>)              = 0
5770  <... futex resumed>)              = 1
5768  connect(173<UNIX-STREAM:[44353]>, {sa_family=AF_UNIX, sun_path="/run/systemd/resolve/io.systemd.Resolve"}, 42 <unfinished ...>
5743  write(32<anon_inode:[eventfd]>, "\1\0\0\0\0\0\0\0", 8 <unfinished ...>
5803  futex(0x7438efdfdec0, FUTEX_WAIT_PRIVATE, 2, NULL <unfinished ...>
5770  futex(0x7438efdfdec0, FUTEX_WAKE_PRIVATE, 1 <unfinished ...>
5768  <... connect resumed>)            = -1 ENOENT (No such file or directory)
5743  <... write resumed>)              = 8
5803  <... futex resumed>)              = -1 EAGAIN (Resource temporarily unavailable)
5771  <... epoll_wait resumed>[{events=EPOLLIN, data={u32=4026539168, u64=127787893529760}}], 16, 9717) = 1
5770  <... futex resumed>)              = 0
5768  close(173<UNIX-STREAM:[44353]> <unfinished ...>
5743  sendto(48<UNIX-STREAM:[37079->37080]>, "\10\0\0\0h\0\0\0\30\0\24\0\0\0\0\0E\26\0\0\0\0\0\0\0\0\0\0\0\0\0\0"..., 104, MSG_NOSIGNAL, NULL, 0 <unfinished ...>
5803  futex(0x7438efdfdec0, FUTEX_WAKE_PRIVATE, 1 <unfinished ...>
5771  read(32<anon_inode:[eventfd]>,  <unfinished ...>
5770  futex(0x7439169fdf10, FUTEX_WAIT_BITSET_PRIVATE|FUTEX_CLOCK_REALTIME, 0, NULL, FUTEX_BITSET_MATCH_ANY <unfinished ...>
5768  <... close resumed>)              = 0
5743  <... sendto resumed>)             = 104
5803  <... futex resumed>)              = 0
5771  <... read resumed>"\1\0\0\0\0\0\0\0", 8) = 8
5768  rt_sigprocmask(SIG_SETMASK, [],  <unfinished ...>
5743  sendto(195<UNIX-STREAM:[37142->37143]>, "\10\0\0\08\0\0\0\30\0\26\0\0\0\0\0=(\0\0\0\0\0\0\0\0\0\0\0\0\0\0"..., 56, MSG_NOSIGNAL, NULL, 0 <unfinished ...>
5803  futex(0x7439169fdf10, FUTEX_WAKE_PRIVATE, 2147483647 <unfinished ...>
5771  futex(0x7438b4003878, FUTEX_WAIT_PRIVATE, 2, NULL <unfinished ...>
5768  <... rt_sigprocmask resumed>NULL, 8) = 0
5743  <... sendto resumed>)             = 56
5803  <... futex resumed>)              = 1
5770  <... futex resumed>)              = 0
5768  openat(AT_FDCWD</home/venice/Desktop/music>, "/etc/hosts", O_RDONLY|O_CLOEXEC <unfinished ...>
5743  futex(0x7438b4003878, FUTEX_WAKE_PRIVATE, 1 <unfinished ...>
5803  futex(0x7438efdfdf10, FUTEX_WAIT_BITSET_PRIVATE|FUTEX_CLOCK_REALTIME, 0, NULL, FUTEX_BITSET_MATCH_ANY <unfinished ...>
5770  futex(0x7439169fdec0, FUTEX_WAKE_PRIVATE, 1 <unfinished ...>
5743  <... futex resumed>)              = 1
5768  <... openat resumed>)             = 173</etc/hosts>
5771  <... futex resumed>)              = 0
5875  <... futex resumed>)              = -1 ETIMEDOUT (Connection timed out)
5770  <... futex resumed>)              = 0
5768  fstat(173</etc/hosts>,  <unfinished ...>
5875  futex(0x743848096ce8, FUTEX_WAKE_PRIVATE, 1) = 0
5743  getrandom( <unfinished ...>
5875  futex(0x74384808468c, FUTEX_WAIT_BITSET_PRIVATE, 0, {tv_sec=2756, tv_nsec=355837433}, FUTEX_BITSET_MATCH_ANY <unfinished ...>
5771  sendto(195<UNIX-STREAM:[37142->37143]>, "\10\0\0\0h\0\0\0\30\0\24\0\0\0\0\0>(\0\0\0\0\0\0\0\0\0\0\0\0\0\0"..., 104, MSG_NOSIGNAL, NULL, 0 <unfinished ...>
5768  <... fstat resumed>{st_mode=S_IFREG|0644, st_size=65, ...}) = 0
5770  pread64(121</home/venice/.cache/spotify/Default/Code Cache/js/bae55dc1cfd8360f_0>,  <unfinished ...>
5743  <... getrandom resumed>"\x66\xf6\x33\x81\x69\x66\x23\xb4\x92\x98\x49\x99\x90\x11\xf3\x2a", 16, 0) = 16
5771  <... sendto resumed>)             = 104
5768  lseek(173</etc/hosts>, 0, SEEK_SET <unfinished ...>
5771  futex(0x7438b4003878, FUTEX_WAKE_PRIVATE, 1 <unfinished ...>
5770  <... pread64 resumed>"\3\0\0\0Sw\307G\0\0\0\0\0\0\0\0,\6\336\300\233\257s\370$\214\1\0\371\272\"K"..., 141952, 88) = 141952
5768  <... lseek resumed>)              = 0
5771  <... futex resumed>)              = 0
5770  pread64(121</home/venice/.cache/spotify/Default/Code Cache/js/bae55dc1cfd8360f_0>,  <unfinished ...>
5768  read(173</etc/hosts>,  <unfinished ...>
5743  futex(0x7439155fdf10, FUTEX_WAKE_PRIVATE, 2147483647 <unfinished ...>
5771  epoll_wait(31<anon_inode:[eventpoll]>,  <unfinished ...>
5770  <... pread64 resumed>"\330A\r\227Eo\372\364\1\0\0\0\376\1\10:\200*\2\0\0\0\0\0", 24, 142040) = 24
5768  <... read resumed>"# Static table lookup for hostna"..., 4096) = 65
5743  <... futex resumed>)              = 1
5772  <... futex resumed>)              = 0
5772  futex(0x7439155fdec0, FUTEX_WAIT_PRIVATE, 2, NULL <unfinished ...>
5891  <... clock_nanosleep resumed>0x743880bfe140) = 0
5771  <... epoll_wait resumed>[], 16, 0) = 0
5770  futex(0x7438efdfdf10, FUTEX_WAKE_PRIVATE, 2147483647 <unfinished ...>
5768  read(173</etc/hosts>,  <unfinished ...>
5743  futex(0x7439155fdec0, FUTEX_WAKE_PRIVATE, 1 <unfinished ...>
5891  clock_nanosleep(CLOCK_REALTIME, 0, {tv_sec=0, tv_nsec=100000000},  <unfinished ...>
5803  <... futex resumed>)              = 0
5772  <... futex resumed>)              = 0
5771  sendto(195<UNIX-STREAM:[37142->37143]>, "\10\0\0\0h\0\0\0\30\0\24\0\0\0\0\0?(\0\0\0\0\0\0\0\0\0\0\0\0\0\0"..., 104, MSG_NOSIGNAL, NULL, 0 <unfinished ...>
5770  <... futex resumed>)              = 1
5768  <... read resumed>"", 4096)       = 0
5743  <... futex resumed>)              = 1
5772  futex(0x7439155fdec0, FUTEX_WAKE_PRIVATE, 1) = 0
5772  futex(0x743904008f28, FUTEX_WAIT_PRIVATE, 2, NULL <unfinished ...>
5803  futex(0x7438efdfdec0, FUTEX_WAIT_PRIVATE, 2, NULL <unfinished ...>
5771  <... sendto resumed>)             = 104
5770  futex(0x7438efdfdec0, FUTEX_WAKE_PRIVATE, 1 <unfinished ...>
5768  close(173</etc/hosts> <unfinished ...>
5743  futex(0x743904008f28, FUTEX_WAKE_PRIVATE, 1 <unfinished ...>
5803  <... futex resumed>)              = -1 EAGAIN (Resource temporarily unavailable)
5771  epoll_wait(31<anon_inode:[eventpoll]>,  <unfinished ...>
5770  <... futex resumed>)              = 0
5768  <... close resumed>)              = 0
5803  futex(0x7438efdfdec0, FUTEX_WAKE_PRIVATE, 1 <unfinished ...>
5772  <... futex resumed>)              = 0
5743  <... futex resumed>)              = 1
5771  <... epoll_wait resumed>[], 16, 0) = 0
5770  futex(0x7439169fdf10, FUTEX_WAIT_BITSET_PRIVATE|FUTEX_CLOCK_REALTIME, 0, NULL, FUTEX_BITSET_MATCH_ANY <unfinished ...>
5772  futex(0x743904008f28, FUTEX_WAKE_PRIVATE, 1 <unfinished ...>
5768  rt_sigprocmask(SIG_BLOCK, [HUP USR1 USR2 PIPE ALRM CHLD TSTP URG VTALRM PROF WINCH IO],  <unfinished ...>
5803  <... futex resumed>)              = 0
5772  <... futex resumed>)              = 0
5772  futex(0x7439155fdf10, FUTEX_WAIT_BITSET_PRIVATE|FUTEX_CLOCK_REALTIME, 0, NULL, FUTEX_BITSET_MATCH_ANY <unfinished ...>
5743  epoll_ctl(91<anon_inode:[eventpoll]>, EPOLL_CTL_MOD, 90<anon_inode:[eventfd]>, {events=EPOLLIN|EPOLLERR|EPOLLET, data={u32=2367488400, u64=94152345584016}} <unfinished ...>
5771  epoll_wait(31<anon_inode:[eventpoll]>,  <unfinished ...>
5803  futex(0x7439169fdf10, FUTEX_WAKE_PRIVATE, 2147483647 <unfinished ...>
5832  <... epoll_wait resumed>[{events=EPOLLIN, data={u32=2367488400, u64=94152345584016}}], 128, -1) = 1
5768  <... rt_sigprocmask resumed>[], 8) = 0
5743  <... epoll_ctl resumed>)          = 0
5832  futex(0x55a18d1ce288, FUTEX_WAIT_PRIVATE, 2, NULL <unfinished ...>
5803  <... futex resumed>)              = 1
5770  <... futex resumed>)              = 0
5768  uname( <unfinished ...>
5743  futex(0x55a18d1ce288, FUTEX_WAKE_PRIVATE, 1 <unfinished ...>
5832  <... futex resumed>)              = -1 EAGAIN (Resource temporarily unavailable)
5803  munmap(0x743916007000, 141952 <unfinished ...>
5770  futex(0x7439169fdec0, FUTEX_WAKE_PRIVATE, 1 <unfinished ...>
5768  <... uname resumed>{sysname="Linux", nodename="sommer", ...}) = 0
5743  <... futex resumed>)              = 0
5832  futex(0x55a18d1ce288, FUTEX_WAKE_PRIVATE, 1 <unfinished ...>
5803  <... munmap resumed>)             = 0
5770  <... futex resumed>)              = 0
5768  rt_sigprocmask(SIG_SETMASK, [],  <unfinished ...>
5743  getrandom( <unfinished ...>
5832  <... futex resumed>)              = 0
5803  sendmsg(195<UNIX-STREAM:[37142->37143]>, {msg_name=NULL, msg_namelen=0, msg_iov=[{iov_base="\10\0\2\0\270\0\0\0\30\0\24\0\0\0\0\0@(\0\0\0\0\0\0p\0\0\0\0\0\0\0"..., iov_len=184}], msg_iovlen=1, msg_control=[{cmsg_len=24, cmsg_level=SOL_SOCKET, cmsg_type=SCM_RIGHTS, cmsg_data=[224</dev/shm/.org.chromium.Chromium.iqniXq>(deleted), 227</dev/shm/.org.chromium.Chromium.iqniXq>(deleted)]}], msg_controllen=24, msg_flags=0}, MSG_NOSIGNAL <unfinished ...>
5770  close(121</home/venice/.cache/spotify/Default/Code Cache/js/bae55dc1cfd8360f_0> <unfinished ...>
5768  <... rt_sigprocmask resumed>NULL, 8) = 0
5743  <... getrandom resumed>"\x1a\x0c\x84\x05\xe9\x39\x26\x74\x12\xd9\x88\x8d\xe9\x2f\x33\x9b", 16, 0) = 16
5832  epoll_wait(91<anon_inode:[eventpoll]>,  <unfinished ...>
5803  <... sendmsg resumed>)            = 184
5770  <... close resumed>)              = 0
5768  socket(AF_INET, SOCK_DGRAM|SOCK_CLOEXEC|SOCK_NONBLOCK, IPPROTO_IP <unfinished ...>
5743  getrandom( <unfinished ...>
5803  close(227</dev/shm/.org.chromium.Chromium.iqniXq>(deleted) <unfinished ...>
5770  futex(0x7439169fdf10, FUTEX_WAIT_BITSET_PRIVATE|FUTEX_CLOCK_REALTIME, 0, NULL, FUTEX_BITSET_MATCH_ANY <unfinished ...>
5768  <... socket resumed>)             = 121<UDP:[44354]>
5743  <... getrandom resumed>"\x1c\x87\x4e\x52\x71\xd5\xcd\xc7", 8, 0) = 8
5803  <... close resumed>)              = 0
5803  close(224</dev/shm/.org.chromium.Chromium.iqniXq>(deleted) <unfinished ...>
5768  setsockopt(121<UDP:[44354]>, SOL_IP, IP_RECVERR, [1], 4 <unfinished ...>
5743  getrandom( <unfinished ...>
5803  <... close resumed>)              = 0
5768  <... setsockopt resumed>)         = 0
5743  <... getrandom resumed>"\xbb\x0b\xbb\xe8\xbd\x4c\xc8\x72", 8, 0) = 8
5803  futex(0x7438efdfdf10, FUTEX_WAIT_BITSET_PRIVATE|FUTEX_CLOCK_REALTIME, 0, NULL, FUTEX_BITSET_MATCH_ANY <unfinished ...>
5768  connect(121<UDP:[44354]>, {sa_family=AF_INET, sin_port=htons(53), sin_addr=inet_addr("192.168.30.2")}, 16 <unfinished ...>
5743  getrandom( <unfinished ...>
5768  <... connect resumed>)            = 0
5743  <... getrandom resumed>"\xf4\x80\x03\xb0\x42\x30\x12\x39\xaf\xbb\xf3\x4a\x46\xe5\x79\xb5", 16, 0) = 16
5768  poll([{fd=121<UDP:[192.168.30.128:42204->192.168.30.2:53]>, events=POLLOUT}], 1, 0 <unfinished ...>
5743  getrandom( <unfinished ...>
5768  <... poll resumed>)               = 1 ([{fd=121, revents=POLLOUT}])
5743  <... getrandom resumed>"\x64\x5e\xf6\xb4\x91\xbb\x09\xfc", 8, 0) = 8
5768  sendmmsg(121<UDP:[192.168.30.128:42204->192.168.30.2:53]>,  <unfinished ...>
5743  getrandom( <unfinished ...>
5768  <... sendmmsg resumed>[{msg_hdr={msg_name=NULL, msg_namelen=0, msg_iov=[{iov_base="XZ\1\0\0\1\0\0\0\0\0\0\fsecurepubads\1g\vdoub"..., iov_len=48}], msg_iovlen=1, msg_controllen=0, msg_flags=0}, msg_len=48}, {msg_hdr={msg_name=NULL, msg_namelen=0, msg_iov=[{iov_base="\263%\1\0\0\1\0\0\0\0\0\0\fsecurepubads\1g\vdoub"..., iov_len=48}], msg_iovlen=1, msg_controllen=0, msg_flags=0}, msg_len=48}], 2, MSG_NOSIGNAL) = 2
5743  <... getrandom resumed>"\xa8\xde\x02\x29\xcd\xea\xae\x3d", 8, 0) = 8
5768  poll([{fd=121<UDP:[192.168.30.128:42204->192.168.30.2:53]>, events=POLLIN}], 1, 5000 <unfinished ...>
5743  getrandom("\x45\x2e\xb3\x49\x02\x94\x96\x08\xc3\xf6\xbf\xda\x6d\x43\x4f\x22", 16, 0) = 16
5743  getrandom("\x39\x73\x42\x3e\xd8\x64\x66\x04\xdb\x49\x48\x92\x51\xf9\x68\xd2", 16, 0) = 16
5743  write(32<anon_inode:[eventfd]>, "\1\0\0\0\0\0\0\0", 8 <unfinished ...>
5771  <... epoll_wait resumed>[{events=EPOLLIN, data={u32=4026539168, u64=127787893529760}}], 16, 9698) = 1
5743  <... write resumed>)              = 8
5771  read(32<anon_inode:[eventfd]>,  <unfinished ...>
5743  futex(0x7439169fdf10, FUTEX_WAKE_PRIVATE, 2147483647 <unfinished ...>
5771  <... read resumed>"\1\0\0\0\0\0\0\0", 8) = 8
5743  <... futex resumed>)              = 1
5771  sendto(195<UNIX-STREAM:[37142->37143]>, "\10\0\0\0h\0\0\0\30\0\24\0\0\0\0\0A(\0\0\0\0\0\0\0\0\0\0\0\0\0\0"..., 104, MSG_NOSIGNAL, NULL, 0 <unfinished ...>
5770  <... futex resumed>)              = 0
5768  <... poll resumed>)               = 1 ([{fd=121, revents=POLLIN}])
5743  getrandom( <unfinished ...>
5771  <... sendto resumed>)             = 104
5770  futex(0x7439169fdec0, FUTEX_WAKE_PRIVATE, 1 <unfinished ...>
5768  ioctl(121<UDP:[192.168.30.128:42204->192.168.30.2:53]>, FIONREAD <unfinished ...>
5743  <... getrandom resumed>"\x46\xdb\x17\xe1\x75\x80\xbc\x27\xa3\x03\xc1\x4c\xa7\x53\x2c\x53", 16, 0) = 16
5771  epoll_wait(31<anon_inode:[eventpoll]>,  <unfinished ...>
5770  <... futex resumed>)              = 0
5768  <... ioctl resumed>, [48])        = 0
5743  getrandom( <unfinished ...>
5771  <... epoll_wait resumed>[], 16, 0) = 0
5770  futex(0x7439169fdf10, FUTEX_WAIT_BITSET_PRIVATE|FUTEX_CLOCK_REALTIME, 0, NULL, FUTEX_BITSET_MATCH_ANY <unfinished ...>
5768  recvfrom(121<UDP:[192.168.30.128:42204->192.168.30.2:53]>,  <unfinished ...>
5743  <... getrandom resumed>"\xbf\x8b\xfc\xa8\x67\x71\xbe\x64\x7d\x5b\x81\x76\x6f\xb7\xdf\x96", 16, 0) = 16
5771  sendto(195<UNIX-STREAM:[37142->37143]>, "\10\0\0\0h\0\0\0\30\0\24\0\0\0\0\0B(\0\0\0\0\0\0\0\0\0\0\0\0\0\0"..., 104, MSG_NOSIGNAL, NULL, 0 <unfinished ...>
5768  <... recvfrom resumed>"\263%\201\203\0\1\0\0\0\0\0\0\fsecurepubads\1g\vdoub"..., 2048, 0, {sa_family=AF_INET, sin_port=htons(53), sin_addr=inet_addr("192.168.30.2")}, [28 => 16]) = 48
5771  <... sendto resumed>)             = 104
5768  poll([{fd=121<UDP:[192.168.30.128:42204->192.168.30.2:53]>, events=POLLIN}], 1, 4987 <unfinished ...>
5743  recvmsg(33<UNIX-STREAM:[31619->35114]>,  <unfinished ...>
5771  epoll_wait(31<anon_inode:[eventpoll]>,  <unfinished ...>
5768  <... poll resumed>)               = 1 ([{fd=121, revents=POLLIN}])
5743  <... recvmsg resumed>{msg_namelen=0}, 0) = -1 EAGAIN (Resource temporarily unavailable)
5771  <... epoll_wait resumed>[], 16, 0) = 0
5768  ioctl(121<UDP:[192.168.30.128:42204->192.168.30.2:53]>, FIONREAD <unfinished ...>
5743  recvmsg(33<UNIX-STREAM:[31619->35114]>,  <unfinished ...>
5771  sendto(195<UNIX-STREAM:[37142->37143]>, "\10\0\0\0h\0\0\0\30\0\24\0\0\0\0\0C(\0\0\0\0\0\0\0\0\0\0\0\0\0\0"..., 104, MSG_NOSIGNAL, NULL, 0 <unfinished ...>
5768  <... ioctl resumed>, [48])        = 0
5743  <... recvmsg resumed>{msg_namelen=0}, 0) = -1 EAGAIN (Resource temporarily unavailable)
5832  <... epoll_wait resumed>[{events=EPOLLIN, data={u32=2367488412, u64=94152345584028}}], 128, -1) = 1
5771  <... sendto resumed>)             = 104
5768  recvfrom(121<UDP:[192.168.30.128:42204->192.168.30.2:53]>,  <unfinished ...>
5743  poll([{fd=13<anon_inode:[eventfd]>, events=POLLIN}, {fd=14<pipe:[31615]>, events=POLLIN}, {fd=17<UNIX-STREAM:[31618->35113]>, events=POLLIN}, {fd=33<UNIX-STREAM:[31619->35114]>, events=POLLIN}], 4, 0 <unfinished ...>
5832  timerfd_settime(92<anon_inode:[timerfd]>, 0, {it_interval={tv_sec=0, tv_nsec=0}, it_value={tv_sec=300, tv_nsec=0}},  <unfinished ...>
5771  epoll_wait(31<anon_inode:[eventpoll]>,  <unfinished ...>
5768  <... recvfrom resumed>"XZ\201\203\0\1\0\0\0\0\0\0\fsecurepubads\1g\vdoub"..., 65536, 0, {sa_family=AF_INET, sin_port=htons(53), sin_addr=inet_addr("192.168.30.2")}, [28 => 16]) = 48
5743  <... poll resumed>)               = 0 (Timeout)
5832  <... timerfd_settime resumed>{it_interval={tv_sec=0, tv_nsec=0}, it_value={tv_sec=0, tv_nsec=0}}) = 0
5771  <... epoll_wait resumed>[], 16, 0) = 0
5768  close(121<UDP:[192.168.30.128:42204->192.168.30.2:53]> <unfinished ...>
5743  recvmsg(33<UNIX-STREAM:[31619->35114]>,  <unfinished ...>
5868  <... poll resumed>)               = 0 (Timeout)
5832  timerfd_settime(92<anon_inode:[timerfd]>, 0, {it_interval={tv_sec=0, tv_nsec=0}, it_value={tv_sec=0, tv_nsec=35997000}},  <unfinished ...>
5771  epoll_wait(31<anon_inode:[eventpoll]>,  <unfinished ...>
5768  <... close resumed>)              = 0
5743  <... recvmsg resumed>{msg_namelen=0}, 0) = -1 EAGAIN (Resource temporarily unavailable)
5868  poll([{fd=110<pipe:[27405]>, events=POLLIN}, {fd=112<TCP:[192.168.30.128:37006->35.186.224.35:443]>, events=POLLIN}], 2, 50 <unfinished ...>
5832  <... timerfd_settime resumed>{it_interval={tv_sec=0, tv_nsec=0}, it_value={tv_sec=299, tv_nsec=997862967}}) = 0
5768  socket(AF_INET, SOCK_DGRAM|SOCK_CLOEXEC|SOCK_NONBLOCK, IPPROTO_IP <unfinished ...>
5743  recvmsg(33<UNIX-STREAM:[31619->35114]>,  <unfinished ...>
5832  epoll_wait(91<anon_inode:[eventpoll]>,  <unfinished ...>
5768  <... socket resumed>)             = 121<UDP:[44355]>
5743  <... recvmsg resumed>{msg_namelen=0}, 0) = -1 EAGAIN (Resource temporarily unavailable)
5768  setsockopt(121<UDP:[44355]>, SOL_IP, IP_RECVERR, [1], 4 <unfinished ...>
5743  poll([{fd=13<anon_inode:[eventfd]>, events=POLLIN}, {fd=14<pipe:[31615]>, events=POLLIN}, {fd=17<UNIX-STREAM:[31618->35113]>, events=POLLIN}, {fd=33<UNIX-STREAM:[31619->35114]>, events=POLLIN}], 4, 0 <unfinished ...>
5768  <... setsockopt resumed>)         = 0
5743  <... poll resumed>)               = 0 (Timeout)
5768  connect(121<UDP:[44355]>, {sa_family=AF_INET, sin_port=htons(53), sin_addr=inet_addr("192.168.30.2")}, 16 <unfinished ...>
5743  recvmsg(33<UNIX-STREAM:[31619->35114]>,  <unfinished ...>
5768  <... connect resumed>)            = 0
5743  <... recvmsg resumed>{msg_namelen=0}, 0) = -1 EAGAIN (Resource temporarily unavailable)
5768  poll([{fd=121<UDP:[192.168.30.128:52964->192.168.30.2:53]>, events=POLLOUT}], 1, 0 <unfinished ...>
5743  recvmsg(33<UNIX-STREAM:[31619->35114]>,  <unfinished ...>
5768  <... poll resumed>)               = 1 ([{fd=121, revents=POLLOUT}])
5743  <... recvmsg resumed>{msg_namelen=0}, 0) = -1 EAGAIN (Resource temporarily unavailable)
5768  sendmmsg(121<UDP:[192.168.30.128:52964->192.168.30.2:53]>,  <unfinished ...>
5743  poll([{fd=13<anon_inode:[eventfd]>, events=POLLIN}, {fd=14<pipe:[31615]>, events=POLLIN}, {fd=17<UNIX-STREAM:[31618->35113]>, events=POLLIN}, {fd=33<UNIX-STREAM:[31619->35114]>, events=POLLIN}], 4, 0 <unfinished ...>
5768  <... sendmmsg resumed>[{msg_hdr={msg_name=NULL, msg_namelen=0, msg_iov=[{iov_base="4!\1\0\0\1\0\0\0\0\0\0\fsecurepubads\1g\vdoub"..., iov_len=60}], msg_iovlen=1, msg_controllen=0, msg_flags=0}, msg_len=60}, {msg_hdr={msg_name=NULL, msg_namelen=0, msg_iov=[{iov_base="d'\1\0\0\1\0\0\0\0\0\0\fsecurepubads\1g\vdoub"..., iov_len=60}], msg_iovlen=1, msg_controllen=0, msg_flags=0}, msg_len=60}], 2, MSG_NOSIGNAL) = 2
5743  <... poll resumed>)               = 0 (Timeout)
5743  recvmsg(33<UNIX-STREAM:[31619->35114]>, {msg_namelen=0}, 0) = -1 EAGAIN (Resource temporarily unavailable)
5768  poll([{fd=121<UDP:[192.168.30.128:52964->192.168.30.2:53]>, events=POLLIN}], 1, 5000 <unfinished ...>
5743  recvmsg(33<UNIX-STREAM:[31619->35114]>, {msg_namelen=0}, 0) = -1 EAGAIN (Resource temporarily unavailable)
5743  poll([{fd=13<anon_inode:[eventfd]>, events=POLLIN}, {fd=14<pipe:[31615]>, events=POLLIN}, {fd=17<UNIX-STREAM:[31618->35113]>, events=POLLIN}, {fd=33<UNIX-STREAM:[31619->35114]>, events=POLLIN}], 4, 0) = 0 (Timeout)
5743  recvmsg(33<UNIX-STREAM:[31619->35114]>, {msg_namelen=0}, 0) = -1 EAGAIN (Resource temporarily unavailable)
5743  recvmsg(33<UNIX-STREAM:[31619->35114]>, {msg_namelen=0}, 0) = -1 EAGAIN (Resource temporarily unavailable)
5743  poll([{fd=13<anon_inode:[eventfd]>, events=POLLIN}, {fd=14<pipe:[31615]>, events=POLLIN}, {fd=17<UNIX-STREAM:[31618->35113]>, events=POLLIN}, {fd=33<UNIX-STREAM:[31619->35114]>, events=POLLIN}], 4, 0) = 0 (Timeout)
5768  <... poll resumed>)               = 1 ([{fd=121, revents=POLLIN}])
5743  recvmsg(33<UNIX-STREAM:[31619->35114]>,  <unfinished ...>
5768  ioctl(121<UDP:[192.168.30.128:52964->192.168.30.2:53]>, FIONREAD <unfinished ...>
5743  <... recvmsg resumed>{msg_namelen=0}, 0) = -1 EAGAIN (Resource temporarily unavailable)
5768  <... ioctl resumed>, [135])       = 0
5743  recvmsg(33<UNIX-STREAM:[31619->35114]>,  <unfinished ...>
5768  recvfrom(121<UDP:[192.168.30.128:52964->192.168.30.2:53]>,  <unfinished ...>
5743  <... recvmsg resumed>{msg_namelen=0}, 0) = -1 EAGAIN (Resource temporarily unavailable)
5768  <... recvfrom resumed>"d'\201\203\0\1\0\0\0\1\0\0\fsecurepubads\1g\vdoub"..., 2048, 0, {sa_family=AF_INET, sin_port=htons(53), sin_addr=inet_addr("192.168.30.2")}, [28 => 16]) = 135
5743  poll([{fd=13<anon_inode:[eventfd]>, events=POLLIN}, {fd=14<pipe:[31615]>, events=POLLIN}, {fd=17<UNIX-STREAM:[31618->35113]>, events=POLLIN}, {fd=33<UNIX-STREAM:[31619->35114]>, events=POLLIN}], 4, 0 <unfinished ...>
5768  poll([{fd=121<UDP:[192.168.30.128:52964->192.168.30.2:53]>, events=POLLIN}], 1, 4988 <unfinished ...>
5743  <... poll resumed>)               = 0 (Timeout)
5743  getrandom("\x51\x11\x5a\x76\xd9\xdb\x59\xe0\x37\xa7\x06\x98\x7a\x0a\x7e\x46", 16, 0) = 16
5743  getrandom("\x9f\x78\x06\x0e\x9a\xf4\x03\xb5\x5c\x5a\x9e\x61\xbc\x0c\x2a\xef", 16, 0) = 16
5743  getrandom("\x37\xf7\x01\x0e\x39\x6f\xb7\x8c\x08\x39\xb7\x66\xf1\xe8\xe3\x2f", 16, 0) = 16
5743  getrandom("\x4a\x40\xb6\xeb\xee\x33\x80\x00\x38\x85\xd5\xbd\x69\xe4\xd7\x32", 16, 0) = 16
5743  recvmsg(33<UNIX-STREAM:[31619->35114]>, {msg_namelen=0}, 0) = -1 EAGAIN (Resource temporarily unavailable)
5743  recvmsg(33<UNIX-STREAM:[31619->35114]>, {msg_namelen=0}, 0) = -1 EAGAIN (Resource temporarily unavailable)
5743  poll([{fd=13<anon_inode:[eventfd]>, events=POLLIN}, {fd=14<pipe:[31615]>, events=POLLIN}, {fd=17<UNIX-STREAM:[31618->35113]>, events=POLLIN}, {fd=33<UNIX-STREAM:[31619->35114]>, events=POLLIN}], 4, 0) = 0 (Timeout)
5743  getrandom("\x82\x00\x58\x96\xbb\xa1\x3d\xae\xe8\xc9\xdd\x4c\x43\x57\xeb\x8c", 16, 0) = 16
5743  getrandom("\x44\x02\xb6\x54\xce\xc6\xaa\x62\x89\x7c\x55\x3d\xcd\x00\x4a\xad", 16, 0) = 16
5743  recvmsg(33<UNIX-STREAM:[31619->35114]>, {msg_namelen=0}, 0) = -1 EAGAIN (Resource temporarily unavailable)
5743  recvmsg(33<UNIX-STREAM:[31619->35114]>, {msg_namelen=0}, 0) = -1 EAGAIN (Resource temporarily unavailable)
5743  poll([{fd=13<anon_inode:[eventfd]>, events=POLLIN}, {fd=14<pipe:[31615]>, events=POLLIN}, {fd=17<UNIX-STREAM:[31618->35113]>, events=POLLIN}, {fd=33<UNIX-STREAM:[31619->35114]>, events=POLLIN}], 4, 0) = 0 (Timeout)
5743  recvmsg(33<UNIX-STREAM:[31619->35114]>, {msg_namelen=0}, 0) = -1 EAGAIN (Resource temporarily unavailable)
5743  recvmsg(33<UNIX-STREAM:[31619->35114]>, {msg_namelen=0}, 0) = -1 EAGAIN (Resource temporarily unavailable)
5743  poll([{fd=13<anon_inode:[eventfd]>, events=POLLIN}, {fd=14<pipe:[31615]>, events=POLLIN}, {fd=17<UNIX-STREAM:[31618->35113]>, events=POLLIN}, {fd=33<UNIX-STREAM:[31619->35114]>, events=POLLIN}], 4, 0 <unfinished ...>
5768  <... poll resumed>)               = 1 ([{fd=121, revents=POLLIN}])
5768  ioctl(121<UDP:[192.168.30.128:52964->192.168.30.2:53]>, FIONREAD <unfinished ...>
5743  <... poll resumed>)               = 0 (Timeout)
5768  <... ioctl resumed>, [60])        = 0
5743  recvmsg(33<UNIX-STREAM:[31619->35114]>,  <unfinished ...>
5768  recvfrom(121<UDP:[192.168.30.128:52964->192.168.30.2:53]>,  <unfinished ...>
5743  <... recvmsg resumed>{msg_namelen=0}, 0) = -1 EAGAIN (Resource temporarily unavailable)
5768  <... recvfrom resumed>"4!\204\3\0\1\0\0\0\0\0\0\fsecurepubads\1g\vdoub"..., 65536, 0, {sa_family=AF_INET, sin_port=htons(53), sin_addr=inet_addr("192.168.30.2")}, [28 => 16]) = 60
5743  recvmsg(33<UNIX-STREAM:[31619->35114]>,  <unfinished ...>
5768  close(121<UDP:[192.168.30.128:52964->192.168.30.2:53]> <unfinished ...>
5743  <... recvmsg resumed>{msg_namelen=0}, 0) = -1 EAGAIN (Resource temporarily unavailable)
5768  <... close resumed>)              = 0
5743  poll([{fd=13<anon_inode:[eventfd]>, events=POLLIN}, {fd=14<pipe:[31615]>, events=POLLIN}, {fd=17<UNIX-STREAM:[31618->35113]>, events=POLLIN}, {fd=33<UNIX-STREAM:[31619->35114]>, events=POLLIN}], 4, 0 <unfinished ...>
5768  futex(0x7439169fdf10, FUTEX_WAKE_PRIVATE, 2147483647 <unfinished ...>
5743  <... poll resumed>)               = 0 (Timeout)
5770  <... futex resumed>)              = 0
5768  <... futex resumed>)              = 1
5743  sendto(195<UNIX-STREAM:[37142->37143]>, "\10\0\0\0h\0\0\0\30\0\24\0\0\0\0\0D(\0\0\0\0\0\0\0\0\0\0\0\0\0\0"..., 104, MSG_NOSIGNAL, NULL, 0 <unfinished ...>
5770  futex(0x7439169fdec0, FUTEX_WAIT_PRIVATE, 2, NULL <unfinished ...>
5768  futex(0x7439169fdec0, FUTEX_WAKE_PRIVATE, 1 <unfinished ...>
5743  <... sendto resumed>)             = 104
5770  <... futex resumed>)              = -1 EAGAIN (Resource temporarily unavailable)
5768  <... futex resumed>)              = 0
5743  recvmsg(33<UNIX-STREAM:[31619->35114]>,  <unfinished ...>
5770  futex(0x7439169fdec0, FUTEX_WAKE_PRIVATE, 1 <unfinished ...>
5768  sendto(48<UNIX-STREAM:[37079->37080]>, "\10\0\0\0h\0\0\0\30\0\24\0\0\0\0\0F\26\0\0\0\0\0\0\0\0\0\0\0\0\0\0"..., 104, MSG_NOSIGNAL, NULL, 0 <unfinished ...>
5743  <... recvmsg resumed>{msg_namelen=0}, 0) = -1 EAGAIN (Resource temporarily unavailable)
5770  <... futex resumed>)              = 0
5768  <... sendto resumed>)             = 104
5743  recvmsg(33<UNIX-STREAM:[31619->35114]>,  <unfinished ...>
5771  <... epoll_wait resumed>[{events=EPOLLIN, data={u32=4026554232, u64=127787893544824}}], 16, 9673) = 1
5770  futex(0x7439169fdf10, FUTEX_WAIT_BITSET_PRIVATE|FUTEX_CLOCK_REALTIME, 0, NULL, FUTEX_BITSET_MATCH_ANY <unfinished ...>
5768  futex(0x743917dfdf10, FUTEX_WAIT_BITSET_PRIVATE|FUTEX_CLOCK_REALTIME, 0, NULL, FUTEX_BITSET_MATCH_ANY <unfinished ...>
5743  <... recvmsg resumed>{msg_namelen=0}, 0) = -1 EAGAIN (Resource temporarily unavailable)
5771  recvmsg(48<UNIX-STREAM:[37079->37080]>,  <unfinished ...>
5743  poll([{fd=13<anon_inode:[eventfd]>, events=POLLIN}, {fd=14<pipe:[31615]>, events=POLLIN}, {fd=17<UNIX-STREAM:[31618->35113]>, events=POLLIN}, {fd=33<UNIX-STREAM:[31619->35114]>, events=POLLIN}], 4, 0 <unfinished ...>
5771  <... recvmsg resumed>{msg_name=NULL, msg_namelen=0, msg_iov=[{iov_base="\10\0\0\08\0\0\0\30\0\26\0\0\0\0\0R \0\0\0\0\0\0\0\0\0\0\0\0\0\0"..., iov_len=4096}], msg_iovlen=1, msg_controllen=0, msg_flags=0}, MSG_DONTWAIT) = 328
5743  <... poll resumed>)               = 0 (Timeout)
5771  write(32<anon_inode:[eventfd]>, "\1\0\0\0\0\0\0\0", 8 <unfinished ...>
5743  recvmsg(33<UNIX-STREAM:[31619->35114]>,  <unfinished ...>
5771  <... write resumed>)              = 8
5743  <... recvmsg resumed>{msg_namelen=0}, 0) = -1 EAGAIN (Resource temporarily unavailable)
5771  sendto(195<UNIX-STREAM:[37142->37143]>, "\10\0\0\0h\0\0\0\30\0\24\0\0\0\0\0E(\0\0\0\0\0\0\0\0\0\0\0\0\0\0"..., 104, MSG_NOSIGNAL, NULL, 0 <unfinished ...>
5743  recvmsg(33<UNIX-STREAM:[31619->35114]>,  <unfinished ...>
5771  <... sendto resumed>)             = 104
5743  <... recvmsg resumed>{msg_namelen=0}, 0) = -1 EAGAIN (Resource temporarily unavailable)
5832  <... epoll_wait resumed>[{events=EPOLLIN, data={u32=2367488412, u64=94152345584028}}], 128, -1) = 1
5771  sendto(48<UNIX-STREAM:[37079->37080]>, "\10\0\0\08\0\0\0\30\0\26\0\0\0\0\0G\26\0\0\0\0\0\0\0\0\0\0\0\0\0\0"..., 56, MSG_NOSIGNAL, NULL, 0 <unfinished ...>
5743  poll([{fd=13<anon_inode:[eventfd]>, events=POLLIN}, {fd=14<pipe:[31615]>, events=POLLIN}, {fd=17<UNIX-STREAM:[31618->35113]>, events=POLLIN}, {fd=33<UNIX-STREAM:[31619->35114]>, events=POLLIN}], 4, 0 <unfinished ...>
5832  timerfd_settime(92<anon_inode:[timerfd]>, 0, {it_interval={tv_sec=0, tv_nsec=0}, it_value={tv_sec=300, tv_nsec=0}},  <unfinished ...>
5771  <... sendto resumed>)             = 56
5743  <... poll resumed>)               = 0 (Timeout)
5832  <... timerfd_settime resumed>{it_interval={tv_sec=0, tv_nsec=0}, it_value={tv_sec=0, tv_nsec=0}}) = 0
5771  epoll_wait(31<anon_inode:[eventpoll]>,  <unfinished ...>
5743  write(32<anon_inode:[eventfd]>, "\1\0\0\0\0\0\0\0", 8 <unfinished ...>
5832  timerfd_settime(92<anon_inode:[timerfd]>, 0, {it_interval={tv_sec=0, tv_nsec=0}, it_value={tv_sec=0, tv_nsec=44997000}},  <unfinished ...>
5771  <... epoll_wait resumed>[{events=EPOLLIN, data={u32=4026539168, u64=127787893529760}}, {events=EPOLLIN, data={u32=3825230760, u64=127787692221352}}], 16, 0) = 2
5743  <... write resumed>)              = 8
5832  <... timerfd_settime resumed>{it_interval={tv_sec=0, tv_nsec=0}, it_value={tv_sec=299, tv_nsec=998277618}}) = 0
5771  read(32<anon_inode:[eventfd]>,  <unfinished ...>
5832  epoll_wait(91<anon_inode:[eventpoll]>,  <unfinished ...>
5771  <... read resumed>"\2\0\0\0\0\0\0\0", 8) = 8
5743  recvmsg(33<UNIX-STREAM:[31619->35114]>,  <unfinished ...>
5771  recvmsg(195<UNIX-STREAM:[37142->37143]>,  <unfinished ...>
5743  <... recvmsg resumed>{msg_namelen=0}, 0) = -1 EAGAIN (Resource temporarily unavailable)
5771  <... recvmsg resumed>{msg_name=NULL, msg_namelen=0, msg_iov=[{iov_base="\10\0\0\08\0\0\0\30\0\26\0\0\0\0\0\345w\0\0\0\0\0\0\0\0\0\0\0\0\0\0"..., iov_len=4096}], msg_iovlen=1, msg_controllen=0, msg_flags=0}, MSG_DONTWAIT) = 1048
5743  recvmsg(33<UNIX-STREAM:[31619->35114]>,  <unfinished ...>
5771  sendto(195<UNIX-STREAM:[37142->37143]>, "\10\0\0\0\340\0\0\0\30\0\24\0\0\0\0\0F(\0\0\0\0\0\0\0\0\0\0\0\0\0\0"..., 224, MSG_NOSIGNAL, NULL, 0 <unfinished ...>
5743  <... recvmsg resumed>{msg_namelen=0}, 0) = -1 EAGAIN (Resource temporarily unavailable)
5771  <... sendto resumed>)             = 224
5743  poll([{fd=13<anon_inode:[eventfd]>, events=POLLIN}, {fd=14<pipe:[31615]>, events=POLLIN}, {fd=17<UNIX-STREAM:[31618->35113]>, events=POLLIN}, {fd=33<UNIX-STREAM:[31619->35114]>, events=POLLIN}], 4, 0 <unfinished ...>
5771  epoll_wait(31<anon_inode:[eventpoll]>,  <unfinished ...>
5743  <... poll resumed>)               = 0 (Timeout)
5771  <... epoll_wait resumed>[], 16, 0) = 0
5743  recvmsg(33<UNIX-STREAM:[31619->35114]>,  <unfinished ...>
5771  epoll_wait(31<anon_inode:[eventpoll]>,  <unfinished ...>
5743  <... recvmsg resumed>{msg_namelen=0}, 0) = -1 EAGAIN (Resource temporarily unavailable)
5771  <... epoll_wait resumed>[], 16, 0) = 0
5743  recvmsg(33<UNIX-STREAM:[31619->35114]>,  <unfinished ...>
5771  epoll_wait(31<anon_inode:[eventpoll]>,  <unfinished ...>
5743  <... recvmsg resumed>{msg_namelen=0}, 0) = -1 EAGAIN (Resource temporarily unavailable)
5743  poll([{fd=13<anon_inode:[eventfd]>, events=POLLIN}, {fd=14<pipe:[31615]>, events=POLLIN}, {fd=17<UNIX-STREAM:[31618->35113]>, events=POLLIN}, {fd=33<UNIX-STREAM:[31619->35114]>, events=POLLIN}], 4, 0) = 0 (Timeout)
5743  recvmsg(33<UNIX-STREAM:[31619->35114]>, {msg_namelen=0}, 0) = -1 EAGAIN (Resource temporarily unavailable)
5743  recvmsg(33<UNIX-STREAM:[31619->35114]>, {msg_namelen=0}, 0) = -1 EAGAIN (Resource temporarily unavailable)
5743  poll([{fd=13<anon_inode:[eventfd]>, events=POLLIN}, {fd=14<pipe:[31615]>, events=POLLIN}, {fd=17<UNIX-STREAM:[31618->35113]>, events=POLLIN}, {fd=33<UNIX-STREAM:[31619->35114]>, events=POLLIN}], 4, 0) = 0 (Timeout)
5743  recvmsg(33<UNIX-STREAM:[31619->35114]>, {msg_namelen=0}, 0) = -1 EAGAIN (Resource temporarily unavailable)
5743  recvmsg(33<UNIX-STREAM:[31619->35114]>, {msg_namelen=0}, 0) = -1 EAGAIN (Resource temporarily unavailable)
5868  <... poll resumed>)               = 0 (Timeout)
5868  poll([{fd=110<pipe:[27405]>, events=POLLIN}, {fd=112<TCP:[192.168.30.128:37006->35.186.224.35:443]>, events=POLLIN}], 2, 50 <unfinished ...>
5743  poll([{fd=13<anon_inode:[eventfd]>, events=POLLIN}, {fd=14<pipe:[31615]>, events=POLLIN}, {fd=17<UNIX-STREAM:[31618->35113]>, events=POLLIN}, {fd=33<UNIX-STREAM:[31619->35114]>, events=POLLIN}], 4, 0) = 0 (Timeout)
5743  recvmsg(33<UNIX-STREAM:[31619->35114]>, {msg_namelen=0}, 0) = -1 EAGAIN (Resource temporarily unavailable)
5743  recvmsg(33<UNIX-STREAM:[31619->35114]>, {msg_namelen=0}, 0) = -1 EAGAIN (Resource temporarily unavailable)
5743  poll([{fd=13<anon_inode:[eventfd]>, events=POLLIN}, {fd=14<pipe:[31615]>, events=POLLIN}, {fd=17<UNIX-STREAM:[31618->35113]>, events=POLLIN}, {fd=33<UNIX-STREAM:[31619->35114]>, events=POLLIN}], 4, 0) = 0 (Timeout)
5743  brk(0x55a18da13000)               = 0x55a18da13000
5743  brk(0x55a18da53000)               = 0x55a18da53000
5743  brk(0x55a18dad3000)               = 0x55a18dad3000
5743  brk(0x55a18dbd3000)               = 0x55a18dbd3000
5743  brk(0x55a18ddd3000 <unfinished ...>
5875  <... futex resumed>)              = -1 ETIMEDOUT (Connection timed out)
5875  futex(0x743848096ce8, FUTEX_WAKE_PRIVATE, 1) = 0
5875  futex(0x74384808468c, FUTEX_WAIT_BITSET_PRIVATE, 0, {tv_sec=2756, tv_nsec=455278431}, FUTEX_BITSET_MATCH_ANY <unfinished ...>
5743  <... brk resumed>)                = 0x55a18ddd3000
5891  <... clock_nanosleep resumed>0x743880bfe140) = 0
5891  clock_nanosleep(CLOCK_REALTIME, 0, {tv_sec=0, tv_nsec=100000000},  <unfinished ...>
5743  poll([{fd=17<UNIX-STREAM:[31618->35113]>, events=POLLIN|POLLOUT}], 1, -1) = 1 ([{fd=17, revents=POLLOUT}])
5743  writev(17<UNIX-STREAM:[31618->35113]>, [{iov_base="\22\0\0\0\v\1\4\0\4\0\0\2*\1\0\0\6\0\0\0 \0\0\0\4\1\4\0", iov_len=28}, {iov_base="\20\0\0\0\20\0\0\0\0\0\0\0\0\0\0\0\0\0\0\0\0\0\0\0U\325+\6^\325\0371"..., iov_len=1049616}], 2) = 219264
5743  poll([{fd=17<UNIX-STREAM:[31618->35113]>, events=POLLIN|POLLOUT}], 1, -1) = 1 ([{fd=17, revents=POLLOUT}])
5743  writev(17<UNIX-STREAM:[31618->35113]>, [{iov_base="`\327\36\377`\327\36\377`\327\36\377`\327\36\377`\327\36\377`\327\36\377`\327\36\377`\327\36\377"..., iov_len=830380}], 1) = 219264
5743  poll([{fd=17<UNIX-STREAM:[31618->35113]>, events=POLLIN|POLLOUT}], 1, -1) = 1 ([{fd=17, revents=POLLOUT}])
5743  writev(17<UNIX-STREAM:[31618->35113]>, [{iov_base="`\327\36\377`\327\36\377`\327\36\377`\327\36\377`\327\36\377`\327\36\377`\327\36\377`\327\36\377"..., iov_len=611116}], 1) = 219264
5743  poll([{fd=17<UNIX-STREAM:[31618->35113]>, events=POLLIN|POLLOUT}], 1, -1) = 1 ([{fd=17, revents=POLLOUT}])
5743  writev(17<UNIX-STREAM:[31618->35113]>, [{iov_base="`\327\36\377`\327\36\377`\327\36\377`\327\36\377`\327\36\377`\327\36\377`\327\36\377`\327\36\377"..., iov_len=391852}], 1) = 219264
5743  poll([{fd=17<UNIX-STREAM:[31618->35113]>, events=POLLIN|POLLOUT}], 1, -1) = 1 ([{fd=17, revents=POLLOUT}])
5743  writev(17<UNIX-STREAM:[31618->35113]>, [{iov_base="`\327\36\377`\327\36\377`\327\36\377`\327\36\377`\327\36\377`\327\36\377`\327\36\377`\327\36\377"..., iov_len=172588}], 1) = 172588
5743  brk(0x55a18d9db000 <unfinished ...>
5832  <... epoll_wait resumed>[{events=EPOLLIN, data={u32=2367488412, u64=94152345584028}}], 128, -1) = 1
5743  <... brk resumed>)                = 0x55a18d9db000
5832  timerfd_settime(92<anon_inode:[timerfd]>, 0, {it_interval={tv_sec=0, tv_nsec=0}, it_value={tv_sec=300, tv_nsec=0}}, {it_interval={tv_sec=0, tv_nsec=0}, it_value={tv_sec=0, tv_nsec=0}}) = 0
5832  timerfd_settime(92<anon_inode:[timerfd]>, 0, {it_interval={tv_sec=0, tv_nsec=0}, it_value={tv_sec=0, tv_nsec=47998000}},  <unfinished ...>
5743  sendto(195<UNIX-STREAM:[37142->37143]>, "\10\0\0\0h\0\0\0\30\0\24\0\0\0\0\0G(\0\0\0\0\0\0\0\0\0\0\0\0\0\0"..., 104, MSG_NOSIGNAL, NULL, 0 <unfinished ...>
5832  <... timerfd_settime resumed>{it_interval={tv_sec=0, tv_nsec=0}, it_value={tv_sec=299, tv_nsec=999775523}}) = 0
5832  epoll_wait(91<anon_inode:[eventpoll]>,  <unfinished ...>
5743  <... sendto resumed>)             = 104
5743  recvmsg(17<UNIX-STREAM:[31618->35113]>, {msg_name=NULL, msg_namelen=0, msg_iov=[{iov_base="\34\0G\5\4\0\0\2*\1\0\0\22\17*\0\0\0\0\0\0\0\0\0\0\0\0\0\0\0\0\0", iov_len=4096}], msg_iovlen=1, msg_controllen=0, msg_flags=0}, 0) = 32
5743  recvmsg(33<UNIX-STREAM:[31619->35114]>, {msg_namelen=0}, 0) = -1 EAGAIN (Resource temporarily unavailable)
5743  recvmsg(33<UNIX-STREAM:[31619->35114]>, {msg_namelen=0}, 0) = -1 EAGAIN (Resource temporarily unavailable)
5743  poll([{fd=13<anon_inode:[eventfd]>, events=POLLIN}, {fd=14<pipe:[31615]>, events=POLLIN}, {fd=17<UNIX-STREAM:[31618->35113]>, events=POLLIN}, {fd=33<UNIX-STREAM:[31619->35114]>, events=POLLIN}], 4, 0) = 0 (Timeout)
5743  recvmsg(17<UNIX-STREAM:[31618->35113]>, {msg_namelen=0}, 0) = -1 EAGAIN (Resource temporarily unavailable)
5743  recvmsg(33<UNIX-STREAM:[31619->35114]>, {msg_namelen=0}, 0) = -1 EAGAIN (Resource temporarily unavailable)
5743  recvmsg(33<UNIX-STREAM:[31619->35114]>, {msg_namelen=0}, 0) = -1 EAGAIN (Resource temporarily unavailable)
5743  poll([{fd=13<anon_inode:[eventfd]>, events=POLLIN}, {fd=17<UNIX-STREAM:[31618->35113]>, events=POLLIN}, {fd=33<UNIX-STREAM:[31619->35114]>, events=POLLIN}], 3, 0) = 0 (Timeout)
5743  recvmsg(17<UNIX-STREAM:[31618->35113]>, {msg_namelen=0}, 0) = -1 EAGAIN (Resource temporarily unavailable)
5743  recvmsg(17<UNIX-STREAM:[31618->35113]>, {msg_namelen=0}, 0) = -1 EAGAIN (Resource temporarily unavailable)
5743  recvmsg(17<UNIX-STREAM:[31618->35113]>, {msg_namelen=0}, 0) = -1 EAGAIN (Resource temporarily unavailable)
5743  recvmsg(33<UNIX-STREAM:[31619->35114]>, {msg_namelen=0}, 0) = -1 EAGAIN (Resource temporarily unavailable)
5743  recvmsg(33<UNIX-STREAM:[31619->35114]>, {msg_namelen=0}, 0) = -1 EAGAIN (Resource temporarily unavailable)
5743  poll([{fd=13<anon_inode:[eventfd]>, events=POLLIN}, {fd=14<pipe:[31615]>, events=POLLIN}, {fd=17<UNIX-STREAM:[31618->35113]>, events=POLLIN}, {fd=33<UNIX-STREAM:[31619->35114]>, events=POLLIN}], 4, 0) = 0 (Timeout)
5743  recvmsg(17<UNIX-STREAM:[31618->35113]>, {msg_namelen=0}, 0) = -1 EAGAIN (Resource temporarily unavailable)
5743  recvmsg(17<UNIX-STREAM:[31618->35113]>, {msg_namelen=0}, 0) = -1 EAGAIN (Resource temporarily unavailable)
5743  recvmsg(33<UNIX-STREAM:[31619->35114]>, {msg_namelen=0}, 0) = -1 EAGAIN (Resource temporarily unavailable)
5743  recvmsg(33<UNIX-STREAM:[31619->35114]>, {msg_namelen=0}, 0) = -1 EAGAIN (Resource temporarily unavailable)
5743  poll([{fd=13<anon_inode:[eventfd]>, events=POLLIN}, {fd=14<pipe:[31615]>, events=POLLIN}, {fd=17<UNIX-STREAM:[31618->35113]>, events=POLLIN}, {fd=33<UNIX-STREAM:[31619->35114]>, events=POLLIN}], 4, 157 <unfinished ...>
5868  <... poll resumed>)               = 0 (Timeout)
5868  poll([{fd=110<pipe:[27405]>, events=POLLIN}, {fd=112<TCP:[192.168.30.128:37006->35.186.224.35:443]>, events=POLLIN}], 2, 50 <unfinished ...>
5832  <... epoll_wait resumed>[{events=EPOLLIN, data={u32=2367488412, u64=94152345584028}}], 128, -1) = 1
5832  timerfd_settime(92<anon_inode:[timerfd]>, 0, {it_interval={tv_sec=0, tv_nsec=0}, it_value={tv_sec=300, tv_nsec=0}}, {it_interval={tv_sec=0, tv_nsec=0}, it_value={tv_sec=0, tv_nsec=0}}) = 0
5832  timerfd_settime(92<anon_inode:[timerfd]>, 0, {it_interval={tv_sec=0, tv_nsec=0}, it_value={tv_sec=0, tv_nsec=48999000}}, {it_interval={tv_sec=0, tv_nsec=0}, it_value={tv_sec=299, tv_nsec=999949830}}) = 0
5832  epoll_wait(91<anon_inode:[eventpoll]>,  <unfinished ...>
5771  <... epoll_wait resumed>[{events=EPOLLIN, data={u32=3825230760, u64=127787692221352}}], 16, 9624) = 1
5771  recvmsg(195<UNIX-STREAM:[37142->37143]>, {msg_name=NULL, msg_namelen=0, msg_iov=[{iov_base="\10\0\0\0h\0\0\0\30\0\24\0\0\0\0\0\360w\0\0\0\0\0\0\0\0\0\0\0\0\0\0"..., iov_len=4096}], msg_iovlen=1, msg_controllen=0, msg_flags=0}, MSG_DONTWAIT) = 104
5771  write(32<anon_inode:[eventfd]>, "\1\0\0\0\0\0\0\0", 8) = 8
5771  write(15<pipe:[31615]>, "!", 1)   = 1
5743  <... poll resumed>)               = 1 ([{fd=14, revents=POLLIN}])
5771  epoll_wait(31<anon_inode:[eventpoll]>, [{events=EPOLLIN, data={u32=4026539168, u64=127787893529760}}], 16, 0) = 1
5743  recvmsg(17<UNIX-STREAM:[31618->35113]>,  <unfinished ...>
5771  read(32<anon_inode:[eventfd]>,  <unfinished ...>
5743  <... recvmsg resumed>{msg_namelen=0}, 0) = -1 EAGAIN (Resource temporarily unavailable)
5771  <... read resumed>"\1\0\0\0\0\0\0\0", 8) = 8
5743  read(14<pipe:[31615]>,  <unfinished ...>
5771  epoll_wait(31<anon_inode:[eventpoll]>,  <unfinished ...>
5743  <... read resumed>"!", 2)         = 1
5771  <... epoll_wait resumed>[], 16, 0) = 0
5771  epoll_wait(31<anon_inode:[eventpoll]>,  <unfinished ...>
5743  recvmsg(17<UNIX-STREAM:[31618->35113]>, {msg_namelen=0}, 0) = -1 EAGAIN (Resource temporarily unavailable)
5743  recvmsg(33<UNIX-STREAM:[31619->35114]>, {msg_namelen=0}, 0) = -1 EAGAIN (Resource temporarily unavailable)
5743  recvmsg(33<UNIX-STREAM:[31619->35114]>, {msg_namelen=0}, 0) = -1 EAGAIN (Resource temporarily unavailable)
5743  poll([{fd=13<anon_inode:[eventfd]>, events=POLLIN}, {fd=14<pipe:[31615]>, events=POLLIN}, {fd=17<UNIX-STREAM:[31618->35113]>, events=POLLIN}, {fd=33<UNIX-STREAM:[31619->35114]>, events=POLLIN}], 4, 0) = 0 (Timeout)
5743  recvmsg(17<UNIX-STREAM:[31618->35113]>, {msg_namelen=0}, 0) = -1 EAGAIN (Resource temporarily unavailable)
5743  recvmsg(17<UNIX-STREAM:[31618->35113]>, {msg_namelen=0}, 0) = -1 EAGAIN (Resource temporarily unavailable)
5743  recvmsg(33<UNIX-STREAM:[31619->35114]>, {msg_namelen=0}, 0) = -1 EAGAIN (Resource temporarily unavailable)
5743  recvmsg(33<UNIX-STREAM:[31619->35114]>, {msg_namelen=0}, 0) = -1 EAGAIN (Resource temporarily unavailable)
5743  poll([{fd=13<anon_inode:[eventfd]>, events=POLLIN}, {fd=14<pipe:[31615]>, events=POLLIN}, {fd=17<UNIX-STREAM:[31618->35113]>, events=POLLIN}, {fd=33<UNIX-STREAM:[31619->35114]>, events=POLLIN}], 4, 118 <unfinished ...>
5868  <... poll resumed>)               = 0 (Timeout)
5868  poll([{fd=110<pipe:[27405]>, events=POLLIN}, {fd=112<TCP:[192.168.30.128:37006->35.186.224.35:443]>, events=POLLIN}], 2, 50 <unfinished ...>
5875  <... futex resumed>)              = -1 ETIMEDOUT (Connection timed out)
5875  futex(0x743848096ce8, FUTEX_WAKE_PRIVATE, 1) = 0
5875  futex(0x74384808468c, FUTEX_WAIT_BITSET_PRIVATE, 0, {tv_sec=2756, tv_nsec=555652315}, FUTEX_BITSET_MATCH_ANY <unfinished ...>
5891  <... clock_nanosleep resumed>0x743880bfe140) = 0
5891  clock_nanosleep(CLOCK_REALTIME, 0, {tv_sec=0, tv_nsec=100000000},  <unfinished ...>
5832  <... epoll_wait resumed>[{events=EPOLLIN, data={u32=2367488412, u64=94152345584028}}], 128, -1) = 1
5832  timerfd_settime(92<anon_inode:[timerfd]>, 0, {it_interval={tv_sec=0, tv_nsec=0}, it_value={tv_sec=300, tv_nsec=0}}, {it_interval={tv_sec=0, tv_nsec=0}, it_value={tv_sec=0, tv_nsec=0}}) = 0
5832  timerfd_settime(92<anon_inode:[timerfd]>, 0, {it_interval={tv_sec=0, tv_nsec=0}, it_value={tv_sec=0, tv_nsec=49997000}}, {it_interval={tv_sec=0, tv_nsec=0}, it_value={tv_sec=299, tv_nsec=999616232}}) = 0
5832  epoll_wait(91<anon_inode:[eventpoll]>,  <unfinished ...>
5868  <... poll resumed>)               = 0 (Timeout)
5868  poll([{fd=110<pipe:[27405]>, events=POLLIN}, {fd=112<TCP:[192.168.30.128:37006->35.186.224.35:443]>, events=POLLIN}], 2, 50 <unfinished ...>
5832  <... epoll_wait resumed>[{events=EPOLLIN, data={u32=2367488412, u64=94152345584028}}], 128, -1) = 1
5832  timerfd_settime(92<anon_inode:[timerfd]>, 0, {it_interval={tv_sec=0, tv_nsec=0}, it_value={tv_sec=300, tv_nsec=0}}, {it_interval={tv_sec=0, tv_nsec=0}, it_value={tv_sec=0, tv_nsec=0}}) = 0
5832  timerfd_settime(92<anon_inode:[timerfd]>, 0, {it_interval={tv_sec=0, tv_nsec=0}, it_value={tv_sec=0, tv_nsec=48997000}}, {it_interval={tv_sec=0, tv_nsec=0}, it_value={tv_sec=299, tv_nsec=999914669}}) = 0
5832  epoll_wait(91<anon_inode:[eventpoll]>,  <unfinished ...>
5868  <... poll resumed>)               = 0 (Timeout)
5868  poll([{fd=110<pipe:[27405]>, events=POLLIN}, {fd=112<TCP:[192.168.30.128:37006->35.186.224.35:443]>, events=POLLIN}], 2, 50 <unfinished ...>
5743  <... poll resumed>)               = 0 (Timeout)
5743  recvmsg(17<UNIX-STREAM:[31618->35113]>, {msg_namelen=0}, 0) = -1 EAGAIN (Resource temporarily unavailable)
5743  recvmsg(17<UNIX-STREAM:[31618->35113]>, {msg_namelen=0}, 0) = -1 EAGAIN (Resource temporarily unavailable)
5743  recvmsg(33<UNIX-STREAM:[31619->35114]>, {msg_namelen=0}, 0) = -1 EAGAIN (Resource temporarily unavailable)
5743  recvmsg(33<UNIX-STREAM:[31619->35114]>, {msg_namelen=0}, 0) = -1 EAGAIN (Resource temporarily unavailable)
5743  poll([{fd=13<anon_inode:[eventfd]>, events=POLLIN}, {fd=14<pipe:[31615]>, events=POLLIN}, {fd=17<UNIX-STREAM:[31618->35113]>, events=POLLIN}, {fd=33<UNIX-STREAM:[31619->35114]>, events=POLLIN}], 4, 0) = 0 (Timeout)
5743  recvmsg(17<UNIX-STREAM:[31618->35113]>, {msg_namelen=0}, 0) = -1 EAGAIN (Resource temporarily unavailable)
5743  recvmsg(17<UNIX-STREAM:[31618->35113]>, {msg_namelen=0}, 0) = -1 EAGAIN (Resource temporarily unavailable)
5743  recvmsg(33<UNIX-STREAM:[31619->35114]>, {msg_namelen=0}, 0) = -1 EAGAIN (Resource temporarily unavailable)
5743  recvmsg(33<UNIX-STREAM:[31619->35114]>, {msg_namelen=0}, 0) = -1 EAGAIN (Resource temporarily unavailable)
5743  poll([{fd=13<anon_inode:[eventfd]>, events=POLLIN}, {fd=14<pipe:[31615]>, events=POLLIN}, {fd=17<UNIX-STREAM:[31618->35113]>, events=POLLIN}, {fd=33<UNIX-STREAM:[31619->35114]>, events=POLLIN}], 4, 1984 <unfinished ...>
5875  <... futex resumed>)              = -1 ETIMEDOUT (Connection timed out)
5875  futex(0x743848096ce8, FUTEX_WAKE_PRIVATE, 1) = 0
5875  futex(0x74384808468c, FUTEX_WAIT_BITSET_PRIVATE, 0, {tv_sec=2756, tv_nsec=655879370}, FUTEX_BITSET_MATCH_ANY <unfinished ...>
5891  <... clock_nanosleep resumed>0x743880bfe140) = 0
5891  clock_nanosleep(CLOCK_REALTIME, 0, {tv_sec=0, tv_nsec=100000000},  <unfinished ...>
5832  <... epoll_wait resumed>[{events=EPOLLIN, data={u32=2367488412, u64=94152345584028}}], 128, -1) = 1
5832  timerfd_settime(92<anon_inode:[timerfd]>, 0, {it_interval={tv_sec=0, tv_nsec=0}, it_value={tv_sec=300, tv_nsec=0}}, {it_interval={tv_sec=0, tv_nsec=0}, it_value={tv_sec=0, tv_nsec=0}}) = 0
5832  timerfd_settime(92<anon_inode:[timerfd]>, 0, {it_interval={tv_sec=0, tv_nsec=0}, it_value={tv_sec=0, tv_nsec=48997000}}, {it_interval={tv_sec=0, tv_nsec=0}, it_value={tv_sec=299, tv_nsec=999755961}}) = 0
5832  epoll_wait(91<anon_inode:[eventpoll]>,  <unfinished ...>
5868  <... poll resumed>)               = 0 (Timeout)
5868  poll([{fd=110<pipe:[27405]>, events=POLLIN}, {fd=112<TCP:[192.168.30.128:37006->35.186.224.35:443]>, events=POLLIN}], 2, 50 <unfinished ...>
5832  <... epoll_wait resumed>[{events=EPOLLIN, data={u32=2367488412, u64=94152345584028}}], 128, -1) = 1
5832  timerfd_settime(92<anon_inode:[timerfd]>, 0, {it_interval={tv_sec=0, tv_nsec=0}, it_value={tv_sec=300, tv_nsec=0}}, {it_interval={tv_sec=0, tv_nsec=0}, it_value={tv_sec=0, tv_nsec=0}}) = 0
5832  timerfd_settime(92<anon_inode:[timerfd]>, 0, {it_interval={tv_sec=0, tv_nsec=0}, it_value={tv_sec=0, tv_nsec=49997000}}, {it_interval={tv_sec=0, tv_nsec=0}, it_value={tv_sec=299, tv_nsec=999877408}}) = 0
5832  epoll_wait(91<anon_inode:[eventpoll]>,  <unfinished ...>
5868  <... poll resumed>)               = 0 (Timeout)
5868  poll([{fd=110<pipe:[27405]>, events=POLLIN}, {fd=112<TCP:[192.168.30.128:37006->35.186.224.35:443]>, events=POLLIN}], 2, 50 <unfinished ...>
5875  <... futex resumed>)              = -1 ETIMEDOUT (Connection timed out)
5875  futex(0x743848096ce8, FUTEX_WAKE_PRIVATE, 1) = 0
5875  futex(0x74384808468c, FUTEX_WAIT_BITSET_PRIVATE, 0, {tv_sec=2756, tv_nsec=755284770}, FUTEX_BITSET_MATCH_ANY <unfinished ...>
5891  <... clock_nanosleep resumed>0x743880bfe140) = 0
5891  clock_nanosleep(CLOCK_REALTIME, 0, {tv_sec=0, tv_nsec=100000000},  <unfinished ...>
5832  <... epoll_wait resumed>[{events=EPOLLIN, data={u32=2367488412, u64=94152345584028}}], 128, -1) = 1
5832  timerfd_settime(92<anon_inode:[timerfd]>, 0, {it_interval={tv_sec=0, tv_nsec=0}, it_value={tv_sec=300, tv_nsec=0}}, {it_interval={tv_sec=0, tv_nsec=0}, it_value={tv_sec=0, tv_nsec=0}}) = 0
5832  timerfd_settime(92<anon_inode:[timerfd]>, 0, {it_interval={tv_sec=0, tv_nsec=0}, it_value={tv_sec=0, tv_nsec=48996000}}, {it_interval={tv_sec=0, tv_nsec=0}, it_value={tv_sec=299, tv_nsec=999731468}}) = 0
5832  epoll_wait(91<anon_inode:[eventpoll]>,  <unfinished ...>
5868  <... poll resumed>)               = 0 (Timeout)
5868  poll([{fd=110<pipe:[27405]>, events=POLLIN}, {fd=112<TCP:[192.168.30.128:37006->35.186.224.35:443]>, events=POLLIN}], 2, 50 <unfinished ...>
5771  <... epoll_wait resumed>[{events=EPOLLIN, data={u32=3825230760, u64=127787692221352}}], 16, 9533) = 1
5771  recvmsg(195<UNIX-STREAM:[37142->37143]>, {msg_name=NULL, msg_namelen=0, msg_iov=[{iov_base="\10\0\0\0\340\0\0\0\30\0\24\0\0\0\0\0\361w\0\0\0\0\0\0\0\0\0\0\0\0\0\0"..., iov_len=4096}], msg_iovlen=1, msg_controllen=0, msg_flags=0}, MSG_DONTWAIT) = 328
5771  write(15<pipe:[31615]>, "!", 1)   = 1
5743  <... poll resumed>)               = 1 ([{fd=14, revents=POLLIN}])
5771  epoll_wait(31<anon_inode:[eventpoll]>,  <unfinished ...>
5743  recvmsg(17<UNIX-STREAM:[31618->35113]>,  <unfinished ...>
5771  <... epoll_wait resumed>[], 16, 0) = 0
5771  epoll_wait(31<anon_inode:[eventpoll]>,  <unfinished ...>
5743  <... recvmsg resumed>{msg_namelen=0}, 0) = -1 EAGAIN (Resource temporarily unavailable)
5771  <... epoll_wait resumed>[], 16, 0) = 0
5743  read(14<pipe:[31615]>,  <unfinished ...>
5771  epoll_wait(31<anon_inode:[eventpoll]>,  <unfinished ...>
5743  <... read resumed>"!", 2)         = 1
5743  futex(0x743917dfdf10, FUTEX_WAKE_PRIVATE, 2147483647) = 1
5768  <... futex resumed>)              = 0
5768  futex(0x743917dfdec0, FUTEX_WAKE_PRIVATE, 1) = 0
5743  recvmsg(17<UNIX-STREAM:[31618->35113]>,  <unfinished ...>
5768  futex(0x743917dfdf10, FUTEX_WAIT_BITSET_PRIVATE|FUTEX_CLOCK_REALTIME, 0, NULL, FUTEX_BITSET_MATCH_ANY <unfinished ...>
5743  <... recvmsg resumed>{msg_namelen=0}, 0) = -1 EAGAIN (Resource temporarily unavailable)
5743  recvmsg(33<UNIX-STREAM:[31619->35114]>, {msg_namelen=0}, 0) = -1 EAGAIN (Resource temporarily unavailable)
5743  recvmsg(33<UNIX-STREAM:[31619->35114]>, {msg_namelen=0}, 0) = -1 EAGAIN (Resource temporarily unavailable)
5743  poll([{fd=13<anon_inode:[eventfd]>, events=POLLIN}, {fd=14<pipe:[31615]>, events=POLLIN}, {fd=17<UNIX-STREAM:[31618->35113]>, events=POLLIN}, {fd=33<UNIX-STREAM:[31619->35114]>, events=POLLIN}], 4, 0) = 0 (Timeout)
5743  recvmsg(17<UNIX-STREAM:[31618->35113]>, {msg_namelen=0}, 0) = -1 EAGAIN (Resource temporarily unavailable)
5743  recvmsg(17<UNIX-STREAM:[31618->35113]>, {msg_namelen=0}, 0) = -1 EAGAIN (Resource temporarily unavailable)
