5882  epoll_wait(132<anon_inode:[eventpoll]>,  <unfinished ...>
5880  epoll_wait(118<anon_inode:[eventpoll]>,  <unfinished ...>
5875  restart_syscall(<... resuming interrupted read ...> <unfinished ...>
5854  futex(0x55a18cc13b28, FUTEX_WAIT_BITSET_PRIVATE|FUTEX_CLOCK_REALTIME, 0, NULL, FUTEX_BITSET_MATCH_ANY <unfinished ...>
5845  futex(0x55a18cc13b28, FUTEX_WAIT_BITSET_PRIVATE|FUTEX_CLOCK_REALTIME, 0, NULL, FUTEX_BITSET_MATCH_ANY <unfinished ...>
5839  futex(0x55a18cc13b28, FUTEX_WAIT_BITSET_PRIVATE|FUTEX_CLOCK_REALTIME, 0, NULL, FUTEX_BITSET_MATCH_ANY <unfinished ...>
5838  futex(0x55a18cc13b28, FUTEX_WAIT_BITSET_PRIVATE|FUTEX_CLOCK_REALTIME, 0, NULL, FUTEX_BITSET_MATCH_ANY <unfinished ...>
5833  restart_syscall(<... resuming interrupted read ...> <unfinished ...>
5822  futex(0x7438e3dfdf10, FUTEX_WAIT_BITSET_PRIVATE|FUTEX_CLOCK_REALTIME, 0, NULL, FUTEX_BITSET_MATCH_ANY <unfinished ...>
5783  epoll_wait(56<anon_inode:[eventpoll]>,  <unfinished ...>
5772  futex(0x7439155fdf10, FUTEX_WAIT_BITSET_PRIVATE|FUTEX_CLOCK_REALTIME, 0, NULL, FUTEX_BITSET_MATCH_ANY <unfinished ...>
5768  futex(0x743917dfdf10, FUTEX_WAIT_BITSET_PRIVATE|FUTEX_CLOCK_REALTIME, 0, NULL, FUTEX_BITSET_MATCH_ANY <unfinished ...>
5767  epoll_wait(25<anon_inode:[eventpoll]>,  <unfinished ...>
5853  futex(0x55a18cc13b28, FUTEX_WAIT_BITSET_PRIVATE|FUTEX_CLOCK_REALTIME, 0, NULL, FUTEX_BITSET_MATCH_ANY <unfinished ...>
5851  futex(0x55a18cc13b28, FUTEX_WAIT_BITSET_PRIVATE|FUTEX_CLOCK_REALTIME, 0, NULL, FUTEX_BITSET_MATCH_ANY <unfinished ...>
5849  futex(0x55a18cc13b28, FUTEX_WAIT_BITSET_PRIVATE|FUTEX_CLOCK_REALTIME, 0, NULL, FUTEX_BITSET_MATCH_ANY <unfinished ...>
5847  futex(0x55a18cc13b28, FUTEX_WAIT_BITSET_PRIVATE|FUTEX_CLOCK_REALTIME, 0, NULL, FUTEX_BITSET_MATCH_ANY <unfinished ...>
5844  futex(0x55a18cc13b28, FUTEX_WAIT_BITSET_PRIVATE|FUTEX_CLOCK_REALTIME, 0, NULL, FUTEX_BITSET_MATCH_ANY <unfinished ...>
5837  futex(0x55a18cc13b2c, FUTEX_WAIT_BITSET_PRIVATE|FUTEX_CLOCK_REALTIME, 0, NULL, FUTEX_BITSET_MATCH_ANY <unfinished ...>
5831  restart_syscall(<... resuming interrupted read ...> <unfinished ...>
5828  restart_syscall(<... resuming interrupted read ...> <unfinished ...>
5825  futex(0x7438e29fdf10, FUTEX_WAIT_BITSET_PRIVATE|FUTEX_CLOCK_REALTIME, 0, NULL, FUTEX_BITSET_MATCH_ANY <unfinished ...>
5823  futex(0x7438e33fdf10, FUTEX_WAIT_BITSET_PRIVATE|FUTEX_CLOCK_REALTIME, 0, NULL, FUTEX_BITSET_MATCH_ANY <unfinished ...>
5819  futex(0x7438edffdf10, FUTEX_WAIT_BITSET_PRIVATE|FUTEX_CLOCK_REALTIME, 0, NULL, FUTEX_BITSET_MATCH_ANY <unfinished ...>
5785  futex(0x7438fcbfdec0, FUTEX_WAIT_BITSET_PRIVATE|FUTEX_CLOCK_REALTIME, 0, NULL, FUTEX_BITSET_MATCH_ANY <unfinished ...>
5780  futex(0x7438ffdfdf10, FUTEX_WAIT_BITSET_PRIVATE|FUTEX_CLOCK_REALTIME, 0, NULL, FUTEX_BITSET_MATCH_ANY <unfinished ...>
5803  futex(0x7438efdfdf10, FUTEX_WAIT_BITSET_PRIVATE|FUTEX_CLOCK_REALTIME, 0, NULL, FUTEX_BITSET_MATCH_ANY <unfinished ...>
5774  epoll_wait(38<anon_inode:[eventpoll]>,  <unfinished ...>
5771  epoll_wait(31<anon_inode:[eventpoll]>,  <unfinished ...>
5766  restart_syscall(<... resuming interrupted read ...> <unfinished ...>
5782  futex(0x7438fe9fdf10, FUTEX_WAIT_BITSET_PRIVATE|FUTEX_CLOCK_REALTIME, 0, NULL, FUTEX_BITSET_MATCH_ANY <unfinished ...>
5759  restart_syscall(<... resuming interrupted read ...> <unfinished ...>
5743  restart_syscall(<... resuming interrupted read ...> <unfinished ...>
5910  futex(0x743848005da8, FUTEX_WAIT_BITSET_PRIVATE|FUTEX_CLOCK_REALTIME, 0, NULL, FUTEX_BITSET_MATCH_ANY <unfinished ...>
5894  epoll_wait(201<anon_inode:[eventpoll]>,  <unfinished ...>
5892  futex(0x55a18d1cf9dc, FUTEX_WAIT_BITSET_PRIVATE|FUTEX_CLOCK_REALTIME, 0, NULL, FUTEX_BITSET_MATCH_ANY <unfinished ...>
5890  restart_syscall(<... resuming interrupted epoll_wait ...> <unfinished ...>
5889  futex(0x55a18d47ff90, FUTEX_WAIT_PRIVATE, 2, NULL <unfinished ...>
5881  epoll_wait(125<anon_inode:[eventpoll]>,  <unfinished ...>
5879  futex(0x7438480e81cc, FUTEX_WAIT_BITSET_PRIVATE|FUTEX_CLOCK_REALTIME, 0, NULL, FUTEX_BITSET_MATCH_ANY <unfinished ...>
5872  futex(0x74384808117c, FUTEX_WAIT_BITSET_PRIVATE|FUTEX_CLOCK_REALTIME, 0, NULL, FUTEX_BITSET_MATCH_ANY <unfinished ...>
5868  restart_syscall(<... resuming interrupted epoll_wait ...> <unfinished ...>
5862  futex(0x743848005998, FUTEX_WAIT_BITSET_PRIVATE|FUTEX_CLOCK_REALTIME, 0, NULL, FUTEX_BITSET_MATCH_ANY <unfinished ...>
5861  futex(0x7438a5ffdec0, FUTEX_WAIT_BITSET_PRIVATE|FUTEX_CLOCK_REALTIME, 0, NULL, FUTEX_BITSET_MATCH_ANY <unfinished ...>
5859  futex(0x55a18cc13b28, FUTEX_WAIT_BITSET_PRIVATE|FUTEX_CLOCK_REALTIME, 0, NULL, FUTEX_BITSET_MATCH_ANY <unfinished ...>
5858  futex(0x55a18cc13b28, FUTEX_WAIT_BITSET_PRIVATE|FUTEX_CLOCK_REALTIME, 0, NULL, FUTEX_BITSET_MATCH_ANY <unfinished ...>
5856  futex(0x55a18cc13b28, FUTEX_WAIT_BITSET_PRIVATE|FUTEX_CLOCK_REALTIME, 0, NULL, FUTEX_BITSET_MATCH_ANY <unfinished ...>
5855  futex(0x55a18cc13b28, FUTEX_WAIT_BITSET_PRIVATE|FUTEX_CLOCK_REALTIME, 0, NULL, FUTEX_BITSET_MATCH_ANY <unfinished ...>
5852  futex(0x55a18cc13b28, FUTEX_WAIT_BITSET_PRIVATE|FUTEX_CLOCK_REALTIME, 0, NULL, FUTEX_BITSET_MATCH_ANY <unfinished ...>
5850  futex(0x55a18cc13b28, FUTEX_WAIT_BITSET_PRIVATE|FUTEX_CLOCK_REALTIME, 0, NULL, FUTEX_BITSET_MATCH_ANY <unfinished ...>
5848  futex(0x55a18cc13b28, FUTEX_WAIT_BITSET_PRIVATE|FUTEX_CLOCK_REALTIME, 0, NULL, FUTEX_BITSET_MATCH_ANY <unfinished ...>
5846  futex(0x55a18cc13b28, FUTEX_WAIT_BITSET_PRIVATE|FUTEX_CLOCK_REALTIME, 0, NULL, FUTEX_BITSET_MATCH_ANY <unfinished ...>
5842  futex(0x55a18cc13b28, FUTEX_WAIT_BITSET_PRIVATE|FUTEX_CLOCK_REALTIME, 0, NULL, FUTEX_BITSET_MATCH_ANY <unfinished ...>
5832  epoll_wait(91<anon_inode:[eventpoll]>,  <unfinished ...>
5783  <... epoll_wait resumed>[], 16, 0) = 0
5779  futex(0x743908bfdf10, FUTEX_WAIT_BITSET_PRIVATE|FUTEX_CLOCK_REALTIME, 0, NULL, FUTEX_BITSET_MATCH_ANY <unfinished ...>
5778  futex(0x7439095fdf10, FUTEX_WAIT_BITSET_PRIVATE|FUTEX_CLOCK_REALTIME, 0, NULL, FUTEX_BITSET_MATCH_ANY <unfinished ...>
5843  futex(0x55a18cc13b28, FUTEX_WAIT_BITSET_PRIVATE|FUTEX_CLOCK_REALTIME, 0, NULL, FUTEX_BITSET_MATCH_ANY <unfinished ...>
5777  futex(0x743909ffdf10, FUTEX_WAIT_BITSET_PRIVATE|FUTEX_CLOCK_REALTIME, 0, NULL, FUTEX_BITSET_MATCH_ANY <unfinished ...>
5776  futex(0x74390a9fdf10, FUTEX_WAIT_BITSET_PRIVATE|FUTEX_CLOCK_REALTIME, 0, NULL, FUTEX_BITSET_MATCH_ANY <unfinished ...>
5775  read(37<pipe:[31621]>,  <unfinished ...>
5774  <... epoll_wait resumed>[], 16, 0) = 0
5771  <... epoll_wait resumed>[], 16, 0) = 0
5770  futex(0x7439169fdf10, FUTEX_WAIT_BITSET_PRIVATE|FUTEX_CLOCK_REALTIME, 0, NULL, FUTEX_BITSET_MATCH_ANY <unfinished ...>
5769  futex(0x7439173fdf10, FUTEX_WAIT_BITSET_PRIVATE|FUTEX_CLOCK_REALTIME, 0, NULL, FUTEX_BITSET_MATCH_ANY <unfinished ...>
5767  <... epoll_wait resumed>[], 16, 0) = 0
5894  <... epoll_wait resumed>[], 16, 0) = 0
5891  restart_syscall(<... resuming interrupted epoll_wait ...> <unfinished ...>
5885  epoll_wait(164<anon_inode:[eventpoll]>,  <unfinished ...>
5878  restart_syscall(<... resuming interrupted epoll_wait ...> <unfinished ...>
5864  epoll_wait(100<anon_inode:[eventpoll]>,  <unfinished ...>
5863  restart_syscall(<... resuming interrupted epoll_wait ...> <unfinished ...>
5857  futex(0x55a18cc13b28, FUTEX_WAIT_BITSET_PRIVATE|FUTEX_CLOCK_REALTIME, 0, NULL, FUTEX_BITSET_MATCH_ANY <unfinished ...>
5841  futex(0x55a18cc13b28, FUTEX_WAIT_BITSET_PRIVATE|FUTEX_CLOCK_REALTIME, 0, NULL, FUTEX_BITSET_MATCH_ANY <unfinished ...>
5840  futex(0x55a18cc13b28, FUTEX_WAIT_BITSET_PRIVATE|FUTEX_CLOCK_REALTIME, 0, NULL, FUTEX_BITSET_MATCH_ANY <unfinished ...>
5836  futex(0x55a18cc13b28, FUTEX_WAIT_BITSET_PRIVATE|FUTEX_CLOCK_REALTIME, 0, NULL, FUTEX_BITSET_MATCH_ANY <unfinished ...>
5827  futex(0x55a18d1c6a60, FUTEX_WAIT_PRIVATE, 5, NULL <unfinished ...>
5821  futex(0x7438ecbfdf10, FUTEX_WAIT_BITSET_PRIVATE|FUTEX_CLOCK_REALTIME, 0, NULL, FUTEX_BITSET_MATCH_ANY <unfinished ...>
5820  futex(0x7438ed5fdf10, FUTEX_WAIT_BITSET_PRIVATE|FUTEX_CLOCK_REALTIME, 0, NULL, FUTEX_BITSET_MATCH_ANY <unfinished ...>
5814  futex(0x7438ee9fdf10, FUTEX_WAIT_BITSET_PRIVATE|FUTEX_CLOCK_REALTIME, 0, NULL, FUTEX_BITSET_MATCH_ANY <unfinished ...>
5813  futex(0x7438ef3fdf10, FUTEX_WAIT_BITSET_PRIVATE|FUTEX_CLOCK_REALTIME, 0, NULL, FUTEX_BITSET_MATCH_ANY <unfinished ...>
5784  futex(0x55a18ccb8d18, FUTEX_WAIT_BITSET_PRIVATE|FUTEX_CLOCK_REALTIME, 0, NULL, FUTEX_BITSET_MATCH_ANY <unfinished ...>
5783  epoll_wait(56<anon_inode:[eventpoll]>,  <unfinished ...>
5781  restart_syscall(<... resuming interrupted futex ...> <unfinished ...>
5774  epoll_wait(38<anon_inode:[eventpoll]>,  <unfinished ...>
5773  futex(0x743914bfdec0, FUTEX_WAIT_BITSET_PRIVATE|FUTEX_CLOCK_REALTIME, 0, NULL, FUTEX_BITSET_MATCH_ANY <unfinished ...>
5771  epoll_wait(31<anon_inode:[eventpoll]>,  <unfinished ...>
5767  epoll_wait(25<anon_inode:[eventpoll]>,  <unfinished ...>
5894  epoll_wait(201<anon_inode:[eventpoll]>,  <unfinished ...>
5832  <... epoll_wait resumed>[{events=EPOLLIN, data={u32=2367488412, u64=94152345584028}}], 128, -1) = 1
5832  timerfd_settime(92<anon_inode:[timerfd]>, 0, {it_interval={tv_sec=0, tv_nsec=0}, it_value={tv_sec=300, tv_nsec=0}},  <unfinished ...>
5891  <... restart_syscall resumed>)    = 0
5832  <... timerfd_settime resumed>{it_interval={tv_sec=0, tv_nsec=0}, it_value={tv_sec=0, tv_nsec=0}}) = 0
5891  clock_nanosleep(CLOCK_REALTIME, 0, {tv_sec=0, tv_nsec=100000000},  <unfinished ...>
5832  timerfd_settime(92<anon_inode:[timerfd]>, 0, {it_interval={tv_sec=0, tv_nsec=0}, it_value={tv_sec=0, tv_nsec=46998000}}, {it_interval={tv_sec=0, tv_nsec=0}, it_value={tv_sec=299, tv_nsec=999153800}}) = 0
5832  epoll_wait(91<anon_inode:[eventpoll]>,  <unfinished ...>
5868  <... restart_syscall resumed>)    = 0
5868  poll([{fd=110<pipe:[27405]>, events=POLLIN}, {fd=112<TCP:[192.168.30.128:37006->35.186.224.35:443]>, events=POLLIN}], 2, 50 <unfinished ...>
5875  <... restart_syscall resumed>)    = -1 ETIMEDOUT (Connection timed out)
5875  futex(0x743848096ce8, FUTEX_WAKE_PRIVATE, 1) = 0
5875  futex(0x74384808468c, FUTEX_WAIT_BITSET_PRIVATE, 0, {tv_sec=2749, tv_nsec=155812694}, FUTEX_BITSET_MATCH_ANY <unfinished ...>
5832  <... epoll_wait resumed>[{events=EPOLLIN, data={u32=2367488412, u64=94152345584028}}], 128, -1) = 1
5832  timerfd_settime(92<anon_inode:[timerfd]>, 0, {it_interval={tv_sec=0, tv_nsec=0}, it_value={tv_sec=300, tv_nsec=0}}, {it_interval={tv_sec=0, tv_nsec=0}, it_value={tv_sec=0, tv_nsec=0}}) = 0
5832  timerfd_settime(92<anon_inode:[timerfd]>, 0, {it_interval={tv_sec=0, tv_nsec=0}, it_value={tv_sec=0, tv_nsec=46998000}}, {it_interval={tv_sec=0, tv_nsec=0}, it_value={tv_sec=299, tv_nsec=999534722}}) = 0
5832  epoll_wait(91<anon_inode:[eventpoll]>,  <unfinished ...>
5868  <... poll resumed>)               = 0 (Timeout)
5868  poll([{fd=110<pipe:[27405]>, events=POLLIN}, {fd=112<TCP:[192.168.30.128:37006->35.186.224.35:443]>, events=POLLIN}], 2, 50 <unfinished ...>
5832  <... epoll_wait resumed>[{events=EPOLLIN, data={u32=2367488412, u64=94152345584028}}], 128, -1) = 1
5832  timerfd_settime(92<anon_inode:[timerfd]>, 0, {it_interval={tv_sec=0, tv_nsec=0}, it_value={tv_sec=300, tv_nsec=0}}, {it_interval={tv_sec=0, tv_nsec=0}, it_value={tv_sec=0, tv_nsec=0}}) = 0
5891  <... clock_nanosleep resumed>0x743880bfe140) = 0
5832  timerfd_settime(92<anon_inode:[timerfd]>, 0, {it_interval={tv_sec=0, tv_nsec=0}, it_value={tv_sec=0, tv_nsec=45997000}},  <unfinished ...>
5891  clock_nanosleep(CLOCK_REALTIME, 0, {tv_sec=0, tv_nsec=100000000},  <unfinished ...>
5832  <... timerfd_settime resumed>{it_interval={tv_sec=0, tv_nsec=0}, it_value={tv_sec=299, tv_nsec=998845956}}) = 0
5832  epoll_wait(91<anon_inode:[eventpoll]>,  <unfinished ...>
5868  <... poll resumed>)               = 0 (Timeout)
5868  poll([{fd=110<pipe:[27405]>, events=POLLIN}, {fd=112<TCP:[192.168.30.128:37006->35.186.224.35:443]>, events=POLLIN}], 2, 50 <unfinished ...>
5875  <... futex resumed>)              = -1 ETIMEDOUT (Connection timed out)
5875  futex(0x743848096ce8, FUTEX_WAKE_PRIVATE, 1) = 0
5875  futex(0x74384808468c, FUTEX_WAIT_BITSET_PRIVATE, 0, {tv_sec=2749, tv_nsec=255513227}, FUTEX_BITSET_MATCH_ANY <unfinished ...>
5832  <... epoll_wait resumed>[{events=EPOLLIN, data={u32=2367488412, u64=94152345584028}}], 128, -1) = 1
5832  timerfd_settime(92<anon_inode:[timerfd]>, 0, {it_interval={tv_sec=0, tv_nsec=0}, it_value={tv_sec=300, tv_nsec=0}}, {it_interval={tv_sec=0, tv_nsec=0}, it_value={tv_sec=0, tv_nsec=0}}) = 0
5832  timerfd_settime(92<anon_inode:[timerfd]>, 0, {it_interval={tv_sec=0, tv_nsec=0}, it_value={tv_sec=0, tv_nsec=45997000}}, {it_interval={tv_sec=0, tv_nsec=0}, it_value={tv_sec=299, tv_nsec=999403017}}) = 0
5832  epoll_wait(91<anon_inode:[eventpoll]>,  <unfinished ...>
5868  <... poll resumed>)               = 0 (Timeout)
5868  poll([{fd=110<pipe:[27405]>, events=POLLIN}, {fd=112<TCP:[192.168.30.128:37006->35.186.224.35:443]>, events=POLLIN}], 2, 50 <unfinished ...>
5832  <... epoll_wait resumed>[{events=EPOLLIN, data={u32=2367488412, u64=94152345584028}}], 128, -1) = 1
5832  timerfd_settime(92<anon_inode:[timerfd]>, 0, {it_interval={tv_sec=0, tv_nsec=0}, it_value={tv_sec=300, tv_nsec=0}}, {it_interval={tv_sec=0, tv_nsec=0}, it_value={tv_sec=0, tv_nsec=0}}) = 0
5832  timerfd_settime(92<anon_inode:[timerfd]>, 0, {it_interval={tv_sec=0, tv_nsec=0}, it_value={tv_sec=0, tv_nsec=46998000}}, {it_interval={tv_sec=0, tv_nsec=0}, it_value={tv_sec=299, tv_nsec=999276738}}) = 0
5832  epoll_wait(91<anon_inode:[eventpoll]>,  <unfinished ...>
5891  <... clock_nanosleep resumed>0x743880bfe140) = 0
5891  clock_nanosleep(CLOCK_REALTIME, 0, {tv_sec=0, tv_nsec=100000000},  <unfinished ...>
5875  <... futex resumed>)              = -1 ETIMEDOUT (Connection timed out)
5875  futex(0x743848096ce8, FUTEX_WAKE_PRIVATE, 1) = 0
5875  futex(0x74384808468c, FUTEX_WAIT_BITSET_PRIVATE, 0, {tv_sec=2749, tv_nsec=355371696}, FUTEX_BITSET_MATCH_ANY <unfinished ...>
5868  <... poll resumed>)               = 0 (Timeout)
5868  poll([{fd=110<pipe:[27405]>, events=POLLIN}, {fd=112<TCP:[192.168.30.128:37006->35.186.224.35:443]>, events=POLLIN}], 2, 50 <unfinished ...>
5832  <... epoll_wait resumed>[{events=EPOLLIN, data={u32=2367488412, u64=94152345584028}}], 128, -1) = 1
5832  timerfd_settime(92<anon_inode:[timerfd]>, 0, {it_interval={tv_sec=0, tv_nsec=0}, it_value={tv_sec=300, tv_nsec=0}}, {it_interval={tv_sec=0, tv_nsec=0}, it_value={tv_sec=0, tv_nsec=0}}) = 0
5832  timerfd_settime(92<anon_inode:[timerfd]>, 0, {it_interval={tv_sec=0, tv_nsec=0}, it_value={tv_sec=0, tv_nsec=43998000}}, {it_interval={tv_sec=0, tv_nsec=0}, it_value={tv_sec=299, tv_nsec=997256762}}) = 0
5832  epoll_wait(91<anon_inode:[eventpoll]>,  <unfinished ...>
5868  <... poll resumed>)               = 0 (Timeout)
5868  poll([{fd=110<pipe:[27405]>, events=POLLIN}, {fd=112<TCP:[192.168.30.128:37006->35.186.224.35:443]>, events=POLLIN}], 2, 50 <unfinished ...>
5832  <... epoll_wait resumed>[{events=EPOLLIN, data={u32=2367488412, u64=94152345584028}}], 128, -1) = 1
5832  timerfd_settime(92<anon_inode:[timerfd]>, 0, {it_interval={tv_sec=0, tv_nsec=0}, it_value={tv_sec=300, tv_nsec=0}}, {it_interval={tv_sec=0, tv_nsec=0}, it_value={tv_sec=0, tv_nsec=0}}) = 0
5832  timerfd_settime(92<anon_inode:[timerfd]>, 0, {it_interval={tv_sec=0, tv_nsec=0}, it_value={tv_sec=0, tv_nsec=44998000}}, {it_interval={tv_sec=0, tv_nsec=0}, it_value={tv_sec=299, tv_nsec=999689217}}) = 0
5832  epoll_wait(91<anon_inode:[eventpoll]>,  <unfinished ...>
5891  <... clock_nanosleep resumed>0x743880bfe140) = 0
5891  clock_nanosleep(CLOCK_REALTIME, 0, {tv_sec=0, tv_nsec=100000000},  <unfinished ...>
5875  <... futex resumed>)              = -1 ETIMEDOUT (Connection timed out)
5875  futex(0x743848096ce8, FUTEX_WAKE_PRIVATE, 1) = 0
5875  futex(0x74384808468c, FUTEX_WAIT_BITSET_PRIVATE, 0, {tv_sec=2749, tv_nsec=455637255}, FUTEX_BITSET_MATCH_ANY <unfinished ...>
5868  <... poll resumed>)               = 0 (Timeout)
5868  poll([{fd=110<pipe:[27405]>, events=POLLIN}, {fd=112<TCP:[192.168.30.128:37006->35.186.224.35:443]>, events=POLLIN}], 2, 50 <unfinished ...>
5832  <... epoll_wait resumed>[{events=EPOLLIN, data={u32=2367488412, u64=94152345584028}}], 128, -1) = 1
5832  timerfd_settime(92<anon_inode:[timerfd]>, 0, {it_interval={tv_sec=0, tv_nsec=0}, it_value={tv_sec=300, tv_nsec=0}}, {it_interval={tv_sec=0, tv_nsec=0}, it_value={tv_sec=0, tv_nsec=0}}) = 0
5832  timerfd_settime(92<anon_inode:[timerfd]>, 0, {it_interval={tv_sec=0, tv_nsec=0}, it_value={tv_sec=0, tv_nsec=46999000}}, {it_interval={tv_sec=0, tv_nsec=0}, it_value={tv_sec=299, tv_nsec=996235227}}) = 0
5832  epoll_wait(91<anon_inode:[eventpoll]>,  <unfinished ...>
5868  <... poll resumed>)               = 0 (Timeout)
5868  poll([{fd=110<pipe:[27405]>, events=POLLIN}, {fd=112<TCP:[192.168.30.128:37006->35.186.224.35:443]>, events=POLLIN}], 2, 50 <unfinished ...>
5832  <... epoll_wait resumed>[{events=EPOLLIN, data={u32=2367488412, u64=94152345584028}}], 128, -1) = 1
5832  timerfd_settime(92<anon_inode:[timerfd]>, 0, {it_interval={tv_sec=0, tv_nsec=0}, it_value={tv_sec=300, tv_nsec=0}}, {it_interval={tv_sec=0, tv_nsec=0}, it_value={tv_sec=0, tv_nsec=0}}) = 0
5832  timerfd_settime(92<anon_inode:[timerfd]>, 0, {it_interval={tv_sec=0, tv_nsec=0}, it_value={tv_sec=0, tv_nsec=45997000}}, {it_interval={tv_sec=0, tv_nsec=0}, it_value={tv_sec=299, tv_nsec=999389250}}) = 0
5832  epoll_wait(91<anon_inode:[eventpoll]>,  <unfinished ...>
5891  <... clock_nanosleep resumed>0x743880bfe140) = 0
5891  clock_nanosleep(CLOCK_REALTIME, 0, {tv_sec=0, tv_nsec=100000000},  <unfinished ...>
5875  <... futex resumed>)              = -1 ETIMEDOUT (Connection timed out)
5875  futex(0x743848096ce8, FUTEX_WAKE_PRIVATE, 1) = 0
5875  futex(0x74384808468c, FUTEX_WAIT_BITSET_PRIVATE, 0, {tv_sec=2749, tv_nsec=555626285}, FUTEX_BITSET_MATCH_ANY <unfinished ...>
5868  <... poll resumed>)               = 0 (Timeout)
5868  poll([{fd=110<pipe:[27405]>, events=POLLIN}, {fd=112<TCP:[192.168.30.128:37006->35.186.224.35:443]>, events=POLLIN}], 2, 50 <unfinished ...>
5832  <... epoll_wait resumed>[{events=EPOLLIN, data={u32=2367488412, u64=94152345584028}}], 128, -1) = 1
5832  timerfd_settime(92<anon_inode:[timerfd]>, 0, {it_interval={tv_sec=0, tv_nsec=0}, it_value={tv_sec=300, tv_nsec=0}}, {it_interval={tv_sec=0, tv_nsec=0}, it_value={tv_sec=0, tv_nsec=0}}) = 0
5832  timerfd_settime(92<anon_inode:[timerfd]>, 0, {it_interval={tv_sec=0, tv_nsec=0}, it_value={tv_sec=0, tv_nsec=45998000}}, {it_interval={tv_sec=0, tv_nsec=0}, it_value={tv_sec=299, tv_nsec=995702498}}) = 0
5832  epoll_wait(91<anon_inode:[eventpoll]>,  <unfinished ...>
5868  <... poll resumed>)               = 0 (Timeout)
5832  <... epoll_wait resumed>[{events=EPOLLIN, data={u32=2367488412, u64=94152345584028}}], 128, -1) = 1
5868  poll([{fd=110<pipe:[27405]>, events=POLLIN}, {fd=112<TCP:[192.168.30.128:37006->35.186.224.35:443]>, events=POLLIN}], 2, 50 <unfinished ...>
5832  timerfd_settime(92<anon_inode:[timerfd]>, 0, {it_interval={tv_sec=0, tv_nsec=0}, it_value={tv_sec=300, tv_nsec=0}}, {it_interval={tv_sec=0, tv_nsec=0}, it_value={tv_sec=0, tv_nsec=0}}) = 0
5832  timerfd_settime(92<anon_inode:[timerfd]>, 0, {it_interval={tv_sec=0, tv_nsec=0}, it_value={tv_sec=0, tv_nsec=45997000}}, {it_interval={tv_sec=0, tv_nsec=0}, it_value={tv_sec=299, tv_nsec=999405859}}) = 0
5832  epoll_wait(91<anon_inode:[eventpoll]>,  <unfinished ...>
5891  <... clock_nanosleep resumed>0x743880bfe140) = 0
5891  clock_nanosleep(CLOCK_REALTIME, 0, {tv_sec=0, tv_nsec=100000000},  <unfinished ...>
5875  <... futex resumed>)              = -1 ETIMEDOUT (Connection timed out)
5875  futex(0x743848096ce8, FUTEX_WAKE_PRIVATE, 1) = 0
5875  futex(0x74384808468c, FUTEX_WAIT_BITSET_PRIVATE, 0, {tv_sec=2749, tv_nsec=655178133}, FUTEX_BITSET_MATCH_ANY <unfinished ...>
5832  <... epoll_wait resumed>[{events=EPOLLIN, data={u32=2367488412, u64=94152345584028}}], 128, -1) = 1
5868  <... poll resumed>)               = 0 (Timeout)
5832  timerfd_settime(92<anon_inode:[timerfd]>, 0, {it_interval={tv_sec=0, tv_nsec=0}, it_value={tv_sec=300, tv_nsec=0}},  <unfinished ...>
5868  poll([{fd=110<pipe:[27405]>, events=POLLIN}, {fd=112<TCP:[192.168.30.128:37006->35.186.224.35:443]>, events=POLLIN}], 2, 50 <unfinished ...>
5832  <... timerfd_settime resumed>{it_interval={tv_sec=0, tv_nsec=0}, it_value={tv_sec=0, tv_nsec=0}}) = 0
5832  timerfd_settime(92<anon_inode:[timerfd]>, 0, {it_interval={tv_sec=0, tv_nsec=0}, it_value={tv_sec=0, tv_nsec=37998000}}, {it_interval={tv_sec=0, tv_nsec=0}, it_value={tv_sec=299, tv_nsec=999538617}}) = 0
5832  epoll_wait(91<anon_inode:[eventpoll]>, [{events=EPOLLIN, data={u32=2367488412, u64=94152345584028}}], 128, -1) = 1
5832  timerfd_settime(92<anon_inode:[timerfd]>, 0, {it_interval={tv_sec=0, tv_nsec=0}, it_value={tv_sec=300, tv_nsec=0}}, {it_interval={tv_sec=0, tv_nsec=0}, it_value={tv_sec=0, tv_nsec=0}}) = 0
5832  timerfd_settime(92<anon_inode:[timerfd]>, 0, {it_interval={tv_sec=0, tv_nsec=0}, it_value={tv_sec=0, tv_nsec=46997000}}, {it_interval={tv_sec=0, tv_nsec=0}, it_value={tv_sec=299, tv_nsec=999409165}}) = 0
5832  epoll_wait(91<anon_inode:[eventpoll]>,  <unfinished ...>
5868  <... poll resumed>)               = 0 (Timeout)
5868  poll([{fd=110<pipe:[27405]>, events=POLLIN}, {fd=112<TCP:[192.168.30.128:37006->35.186.224.35:443]>, events=POLLIN}], 2, 50 <unfinished ...>
5875  <... futex resumed>)              = -1 ETIMEDOUT (Connection timed out)
5875  futex(0x743848096ce8, FUTEX_WAKE_PRIVATE, 1) = 0
5875  futex(0x74384808468c, FUTEX_WAIT_BITSET_PRIVATE, 0, {tv_sec=2749, tv_nsec=755027929}, FUTEX_BITSET_MATCH_ANY <unfinished ...>
5891  <... clock_nanosleep resumed>0x743880bfe140) = 0
5891  clock_nanosleep(CLOCK_REALTIME, 0, {tv_sec=0, tv_nsec=100000000},  <unfinished ...>
5832  <... epoll_wait resumed>[{events=EPOLLIN, data={u32=2367488412, u64=94152345584028}}], 128, -1) = 1
5832  timerfd_settime(92<anon_inode:[timerfd]>, 0, {it_interval={tv_sec=0, tv_nsec=0}, it_value={tv_sec=300, tv_nsec=0}}, {it_interval={tv_sec=0, tv_nsec=0}, it_value={tv_sec=0, tv_nsec=0}}) = 0
5832  timerfd_settime(92<anon_inode:[timerfd]>, 0, {it_interval={tv_sec=0, tv_nsec=0}, it_value={tv_sec=0, tv_nsec=40997000}}, {it_interval={tv_sec=0, tv_nsec=0}, it_value={tv_sec=299, tv_nsec=999198493}}) = 0
5832  epoll_wait(91<anon_inode:[eventpoll]>,  <unfinished ...>
5868  <... poll resumed>)               = 0 (Timeout)
5868  poll([{fd=110<pipe:[27405]>, events=POLLIN}, {fd=112<TCP:[192.168.30.128:37006->35.186.224.35:443]>, events=POLLIN}], 2, 50 <unfinished ...>
5743  <... restart_syscall resumed>)    = 0
5743  recvmsg(33<UNIX-STREAM:[31619->35114]>,  <unfinished ...>
5832  <... epoll_wait resumed>[{events=EPOLLIN, data={u32=2367488412, u64=94152345584028}}], 128, -1) = 1
5743  <... recvmsg resumed>{msg_namelen=0}, 0) = -1 EAGAIN (Resource temporarily unavailable)
5743  recvmsg(33<UNIX-STREAM:[31619->35114]>, {msg_namelen=0}, 0) = -1 EAGAIN (Resource temporarily unavailable)
5832  timerfd_settime(92<anon_inode:[timerfd]>, 0, {it_interval={tv_sec=0, tv_nsec=0}, it_value={tv_sec=300, tv_nsec=0}},  <unfinished ...>
5743  poll([{fd=13<anon_inode:[eventfd]>, events=POLLIN}, {fd=14<pipe:[31615]>, events=POLLIN}, {fd=17<UNIX-STREAM:[31618->35113]>, events=POLLIN}, {fd=33<UNIX-STREAM:[31619->35114]>, events=POLLIN}], 4, 0 <unfinished ...>
5832  <... timerfd_settime resumed>{it_interval={tv_sec=0, tv_nsec=0}, it_value={tv_sec=0, tv_nsec=0}}) = 0
5832  timerfd_settime(92<anon_inode:[timerfd]>, 0, {it_interval={tv_sec=0, tv_nsec=0}, it_value={tv_sec=0, tv_nsec=43997000}},  <unfinished ...>
5743  <... poll resumed>)               = 0 (Timeout)
5832  <... timerfd_settime resumed>{it_interval={tv_sec=0, tv_nsec=0}, it_value={tv_sec=299, tv_nsec=998806937}}) = 0
5832  epoll_wait(91<anon_inode:[eventpoll]>,  <unfinished ...>
5743  recvmsg(33<UNIX-STREAM:[31619->35114]>, {msg_namelen=0}, 0) = -1 EAGAIN (Resource temporarily unavailable)
5743  recvmsg(33<UNIX-STREAM:[31619->35114]>, {msg_namelen=0}, 0) = -1 EAGAIN (Resource temporarily unavailable)
5743  poll([{fd=13<anon_inode:[eventfd]>, events=POLLIN}, {fd=14<pipe:[31615]>, events=POLLIN}, {fd=17<UNIX-STREAM:[31618->35113]>, events=POLLIN}, {fd=33<UNIX-STREAM:[31619->35114]>, events=POLLIN}], 4, 2357 <unfinished ...>
5868  <... poll resumed>)               = 0 (Timeout)
5868  poll([{fd=110<pipe:[27405]>, events=POLLIN}, {fd=112<TCP:[192.168.30.128:37006->35.186.224.35:443]>, events=POLLIN}], 2, 50 <unfinished ...>
5875  <... futex resumed>)              = -1 ETIMEDOUT (Connection timed out)
5875  futex(0x743848096ce8, FUTEX_WAKE_PRIVATE, 1) = 0
5875  futex(0x74384808468c, FUTEX_WAIT_BITSET_PRIVATE, 0, {tv_sec=2749, tv_nsec=855603215}, FUTEX_BITSET_MATCH_ANY <unfinished ...>
5891  <... clock_nanosleep resumed>0x743880bfe140) = 0
5891  clock_nanosleep(CLOCK_REALTIME, 0, {tv_sec=0, tv_nsec=100000000},  <unfinished ...>
5832  <... epoll_wait resumed>[{events=EPOLLIN, data={u32=2367488412, u64=94152345584028}}], 128, -1) = 1
5832  timerfd_settime(92<anon_inode:[timerfd]>, 0, {it_interval={tv_sec=0, tv_nsec=0}, it_value={tv_sec=300, tv_nsec=0}}, {it_interval={tv_sec=0, tv_nsec=0}, it_value={tv_sec=0, tv_nsec=0}}) = 0
5832  timerfd_settime(92<anon_inode:[timerfd]>, 0, {it_interval={tv_sec=0, tv_nsec=0}, it_value={tv_sec=0, tv_nsec=46998000}}, {it_interval={tv_sec=0, tv_nsec=0}, it_value={tv_sec=299, tv_nsec=999620144}}) = 0
5832  epoll_wait(91<anon_inode:[eventpoll]>,  <unfinished ...>
5868  <... poll resumed>)               = 0 (Timeout)
5868  poll([{fd=110<pipe:[27405]>, events=POLLIN}, {fd=112<TCP:[192.168.30.128:37006->35.186.224.35:443]>, events=POLLIN}], 2, 50 <unfinished ...>
5832  <... epoll_wait resumed>[{events=EPOLLIN, data={u32=2367488412, u64=94152345584028}}], 128, -1) = 1
5832  timerfd_settime(92<anon_inode:[timerfd]>, 0, {it_interval={tv_sec=0, tv_nsec=0}, it_value={tv_sec=300, tv_nsec=0}}, {it_interval={tv_sec=0, tv_nsec=0}, it_value={tv_sec=0, tv_nsec=0}}) = 0
5832  timerfd_settime(92<anon_inode:[timerfd]>, 0, {it_interval={tv_sec=0, tv_nsec=0}, it_value={tv_sec=0, tv_nsec=47997000}}, {it_interval={tv_sec=0, tv_nsec=0}, it_value={tv_sec=299, tv_nsec=999361675}}) = 0
5832  epoll_wait(91<anon_inode:[eventpoll]>,  <unfinished ...>
5868  <... poll resumed>)               = 0 (Timeout)
5868  poll([{fd=110<pipe:[27405]>, events=POLLIN}, {fd=112<TCP:[192.168.30.128:37006->35.186.224.35:443]>, events=POLLIN}], 2, 50 <unfinished ...>
5875  <... futex resumed>)              = -1 ETIMEDOUT (Connection timed out)
5875  futex(0x743848096ce8, FUTEX_WAKE_PRIVATE, 1) = 0
5875  futex(0x74384808468c, FUTEX_WAIT_BITSET_PRIVATE, 0, {tv_sec=2749, tv_nsec=955821386}, FUTEX_BITSET_MATCH_ANY <unfinished ...>
5891  <... clock_nanosleep resumed>0x743880bfe140) = 0
5891  clock_nanosleep(CLOCK_REALTIME, 0, {tv_sec=0, tv_nsec=100000000},  <unfinished ...>
5832  <... epoll_wait resumed>[{events=EPOLLIN, data={u32=2367488412, u64=94152345584028}}], 128, -1) = 1
5832  timerfd_settime(92<anon_inode:[timerfd]>, 0, {it_interval={tv_sec=0, tv_nsec=0}, it_value={tv_sec=300, tv_nsec=0}}, {it_interval={tv_sec=0, tv_nsec=0}, it_value={tv_sec=0, tv_nsec=0}}) = 0
5832  timerfd_settime(92<anon_inode:[timerfd]>, 0, {it_interval={tv_sec=0, tv_nsec=0}, it_value={tv_sec=0, tv_nsec=45997000}}, {it_interval={tv_sec=0, tv_nsec=0}, it_value={tv_sec=299, tv_nsec=999112893}}) = 0
5832  epoll_wait(91<anon_inode:[eventpoll]>,  <unfinished ...>
5868  <... poll resumed>)               = 0 (Timeout)
5868  poll([{fd=110<pipe:[27405]>, events=POLLIN}, {fd=112<TCP:[192.168.30.128:37006->35.186.224.35:443]>, events=POLLIN}], 2, 50 <unfinished ...>
5832  <... epoll_wait resumed>[{events=EPOLLIN, data={u32=2367488412, u64=94152345584028}}], 128, -1) = 1
5832  timerfd_settime(92<anon_inode:[timerfd]>, 0, {it_interval={tv_sec=0, tv_nsec=0}, it_value={tv_sec=300, tv_nsec=0}}, {it_interval={tv_sec=0, tv_nsec=0}, it_value={tv_sec=0, tv_nsec=0}}) = 0
5832  timerfd_settime(92<anon_inode:[timerfd]>, 0, {it_interval={tv_sec=0, tv_nsec=0}, it_value={tv_sec=0, tv_nsec=41998000}}, {it_interval={tv_sec=0, tv_nsec=0}, it_value={tv_sec=299, tv_nsec=998363688}}) = 0
5832  epoll_wait(91<anon_inode:[eventpoll]>,  <unfinished ...>
5875  <... futex resumed>)              = -1 ETIMEDOUT (Connection timed out)
5875  futex(0x743848096ce8, FUTEX_WAKE_PRIVATE, 1) = 0
5875  futex(0x74384808468c, FUTEX_WAIT_BITSET_PRIVATE, 0, {tv_sec=2750, tv_nsec=55833440}, FUTEX_BITSET_MATCH_ANY <unfinished ...>
5868  <... poll resumed>)               = 0 (Timeout)
5868  poll([{fd=110<pipe:[27405]>, events=POLLIN}, {fd=112<TCP:[192.168.30.128:37006->35.186.224.35:443]>, events=POLLIN}], 2, 50 <unfinished ...>
5891  <... clock_nanosleep resumed>0x743880bfe140) = 0
5891  clock_nanosleep(CLOCK_REALTIME, 0, {tv_sec=0, tv_nsec=100000000},  <unfinished ...>
5832  <... epoll_wait resumed>[{events=EPOLLIN, data={u32=2367488412, u64=94152345584028}}], 128, -1) = 1
5832  timerfd_settime(92<anon_inode:[timerfd]>, 0, {it_interval={tv_sec=0, tv_nsec=0}, it_value={tv_sec=300, tv_nsec=0}}, {it_interval={tv_sec=0, tv_nsec=0}, it_value={tv_sec=0, tv_nsec=0}}) = 0
5832  timerfd_settime(92<anon_inode:[timerfd]>, 0, {it_interval={tv_sec=0, tv_nsec=0}, it_value={tv_sec=0, tv_nsec=45996000}}, {it_interval={tv_sec=0, tv_nsec=0}, it_value={tv_sec=299, tv_nsec=999245961}}) = 0
5832  epoll_wait(91<anon_inode:[eventpoll]>,  <unfinished ...>
5890  <... restart_syscall resumed>)    = 0
5890  getpid()                          = 5743
5890  write(169<pipe:[30101]>, "W", 1)  = 1
5890  write(169<pipe:[30101]>, "W", 1)  = 1
5890  write(169<pipe:[30101]>, "W", 1)  = 1
5890  read(168<pipe:[30101]>, "WWW", 10) = 3
5890  sendto(171<UNIX-STREAM:[37133->31625]>, "\0\0\0\30\377\377\377\377\0\0\0\0\0\0\0\0\0\0\0\0L\0\0\0\16L\0\0x:L\0"..., 44, MSG_NOSIGNAL, NULL, 0) = 44
5890  read(168<pipe:[30101]>, 0x7438815fdf7e, 10) = -1 EAGAIN (Resource temporarily unavailable)
5890  poll([{fd=168<pipe:[30101]>, events=POLLIN}, {fd=171<UNIX-STREAM:[37133->31625]>, events=POLLIN}], 2, 1495) = 1 ([{fd=171, revents=POLLIN}])
5890  write(169<pipe:[30101]>, "W", 1)  = 1
5890  recvmsg(171<UNIX-STREAM:[37133->31625]>, {msg_name=NULL, msg_namelen=0, msg_iov=[{iov_base="\0\0\0S\377\377\377\377\0\0\0\0\0\0\0\0\0\0\0\0", iov_len=20}], msg_iovlen=1, msg_control=[{cmsg_len=28, cmsg_level=SOL_SOCKET, cmsg_type=SCM_CREDENTIALS, cmsg_data={pid=1539, uid=1000, gid=1000}}], msg_controllen=32, msg_flags=0}, 0) = 20
5890  write(169<pipe:[30101]>, "W", 1)  = 1
5890  read(168<pipe:[30101]>, "WW", 10) = 2
5890  poll([{fd=168<pipe:[30101]>, events=POLLIN}, {fd=171<UNIX-STREAM:[37133->31625]>, events=POLLIN}], 2, 1491) = 1 ([{fd=171, revents=POLLIN}])
5890  write(169<pipe:[30101]>, "W", 1)  = 1
5890  recvmsg(171<UNIX-STREAM:[37133->31625]>, {msg_name=NULL, msg_namelen=0, msg_iov=[{iov_base="L\0\0\0\2L\0\0x:U\0\0\0\0\0\1P*U\0\0\0\0\0\0\0\0000Tf\230"..., iov_len=83}], msg_iovlen=1, msg_control=[{cmsg_len=28, cmsg_level=SOL_SOCKET, cmsg_type=SCM_CREDENTIALS, cmsg_data={pid=1539, uid=1000, gid=1000}}], msg_controllen=32, msg_flags=0}, 0) = 83
5890  write(169<pipe:[30101]>, "W", 1)  = 1
5890  read(168<pipe:[30101]>, "WW", 10) = 2
5890  poll([{fd=168<pipe:[30101]>, events=POLLIN}, {fd=171<UNIX-STREAM:[37133->31625]>, events=POLLIN}], 2, 1488 <unfinished ...>
5868  <... poll resumed>)               = 0 (Timeout)
5868  poll([{fd=110<pipe:[27405]>, events=POLLIN}, {fd=112<TCP:[192.168.30.128:37006->35.186.224.35:443]>, events=POLLIN}], 2, 50 <unfinished ...>
5832  <... epoll_wait resumed>[{events=EPOLLIN, data={u32=2367488412, u64=94152345584028}}], 128, -1) = 1
5832  timerfd_settime(92<anon_inode:[timerfd]>, 0, {it_interval={tv_sec=0, tv_nsec=0}, it_value={tv_sec=300, tv_nsec=0}}, {it_interval={tv_sec=0, tv_nsec=0}, it_value={tv_sec=0, tv_nsec=0}}) = 0
5832  timerfd_settime(92<anon_inode:[timerfd]>, 0, {it_interval={tv_sec=0, tv_nsec=0}, it_value={tv_sec=0, tv_nsec=46997000}}, {it_interval={tv_sec=0, tv_nsec=0}, it_value={tv_sec=299, tv_nsec=998401519}}) = 0
5832  epoll_wait(91<anon_inode:[eventpoll]>,  <unfinished ...>
5875  <... futex resumed>)              = -1 ETIMEDOUT (Connection timed out)
5875  futex(0x743848096ce8, FUTEX_WAKE_PRIVATE, 1) = 0
5875  futex(0x74384808468c, FUTEX_WAIT_BITSET_PRIVATE, 0, {tv_sec=2750, tv_nsec=155193529}, FUTEX_BITSET_MATCH_ANY <unfinished ...>
5868  <... poll resumed>)               = 0 (Timeout)
5868  poll([{fd=110<pipe:[27405]>, events=POLLIN}, {fd=112<TCP:[192.168.30.128:37006->35.186.224.35:443]>, events=POLLIN}], 2, 50 <unfinished ...>
5832  <... epoll_wait resumed>[{events=EPOLLIN, data={u32=2367488412, u64=94152345584028}}], 128, -1) = 1
5891  <... clock_nanosleep resumed>0x743880bfe140) = 0
5832  timerfd_settime(92<anon_inode:[timerfd]>, 0, {it_interval={tv_sec=0, tv_nsec=0}, it_value={tv_sec=300, tv_nsec=0}},  <unfinished ...>
5891  clock_nanosleep(CLOCK_REALTIME, 0, {tv_sec=0, tv_nsec=100000000},  <unfinished ...>
5832  <... timerfd_settime resumed>{it_interval={tv_sec=0, tv_nsec=0}, it_value={tv_sec=0, tv_nsec=0}}) = 0
5832  timerfd_settime(92<anon_inode:[timerfd]>, 0, {it_interval={tv_sec=0, tv_nsec=0}, it_value={tv_sec=0, tv_nsec=44997000}}, {it_interval={tv_sec=0, tv_nsec=0}, it_value={tv_sec=299, tv_nsec=999291079}}) = 0
5832  epoll_wait(91<anon_inode:[eventpoll]>,  <unfinished ...>
5868  <... poll resumed>)               = 0 (Timeout)
5868  poll([{fd=110<pipe:[27405]>, events=POLLIN}, {fd=112<TCP:[192.168.30.128:37006->35.186.224.35:443]>, events=POLLIN}], 2, 50 <unfinished ...>
5832  <... epoll_wait resumed>[{events=EPOLLIN, data={u32=2367488412, u64=94152345584028}}], 128, -1) = 1
5832  timerfd_settime(92<anon_inode:[timerfd]>, 0, {it_interval={tv_sec=0, tv_nsec=0}, it_value={tv_sec=300, tv_nsec=0}}, {it_interval={tv_sec=0, tv_nsec=0}, it_value={tv_sec=0, tv_nsec=0}}) = 0
5832  timerfd_settime(92<anon_inode:[timerfd]>, 0, {it_interval={tv_sec=0, tv_nsec=0}, it_value={tv_sec=0, tv_nsec=46997000}}, {it_interval={tv_sec=0, tv_nsec=0}, it_value={tv_sec=299, tv_nsec=999134904}}) = 0
5832  epoll_wait(91<anon_inode:[eventpoll]>,  <unfinished ...>
5875  <... futex resumed>)              = -1 ETIMEDOUT (Connection timed out)
5875  futex(0x743848096ce8, FUTEX_WAKE_PRIVATE, 1) = 0
5875  futex(0x74384808468c, FUTEX_WAIT_BITSET_PRIVATE, 0, {tv_sec=2750, tv_nsec=256002806}, FUTEX_BITSET_MATCH_ANY <unfinished ...>
5868  <... poll resumed>)               = 0 (Timeout)
5868  poll([{fd=110<pipe:[27405]>, events=POLLIN}, {fd=112<TCP:[192.168.30.128:37006->35.186.224.35:443]>, events=POLLIN}], 2, 50 <unfinished ...>
5832  <... epoll_wait resumed>[{events=EPOLLIN, data={u32=2367488412, u64=94152345584028}}], 128, -1) = 1
5832  timerfd_settime(92<anon_inode:[timerfd]>, 0, {it_interval={tv_sec=0, tv_nsec=0}, it_value={tv_sec=300, tv_nsec=0}}, {it_interval={tv_sec=0, tv_nsec=0}, it_value={tv_sec=0, tv_nsec=0}}) = 0
5832  timerfd_settime(92<anon_inode:[timerfd]>, 0, {it_interval={tv_sec=0, tv_nsec=0}, it_value={tv_sec=0, tv_nsec=44996000}},  <unfinished ...>
5891  <... clock_nanosleep resumed>0x743880bfe140) = 0
5891  clock_nanosleep(CLOCK_REALTIME, 0, {tv_sec=0, tv_nsec=100000000},  <unfinished ...>
5832  <... timerfd_settime resumed>{it_interval={tv_sec=0, tv_nsec=0}, it_value={tv_sec=299, tv_nsec=998902574}}) = 0
5832  epoll_wait(91<anon_inode:[eventpoll]>,  <unfinished ...>
5868  <... poll resumed>)               = 0 (Timeout)
5868  poll([{fd=110<pipe:[27405]>, events=POLLIN}, {fd=112<TCP:[192.168.30.128:37006->35.186.224.35:443]>, events=POLLIN}], 2, 50 <unfinished ...>
5832  <... epoll_wait resumed>[{events=EPOLLIN, data={u32=2367488412, u64=94152345584028}}], 128, -1) = 1
5832  timerfd_settime(92<anon_inode:[timerfd]>, 0, {it_interval={tv_sec=0, tv_nsec=0}, it_value={tv_sec=300, tv_nsec=0}}, {it_interval={tv_sec=0, tv_nsec=0}, it_value={tv_sec=0, tv_nsec=0}}) = 0
5832  timerfd_settime(92<anon_inode:[timerfd]>, 0, {it_interval={tv_sec=0, tv_nsec=0}, it_value={tv_sec=0, tv_nsec=47998000}}, {it_interval={tv_sec=0, tv_nsec=0}, it_value={tv_sec=299, tv_nsec=997997027}}) = 0
5832  epoll_wait(91<anon_inode:[eventpoll]>,  <unfinished ...>
5875  <... futex resumed>)              = -1 ETIMEDOUT (Connection timed out)
5875  futex(0x743848096ce8, FUTEX_WAKE_PRIVATE, 1) = 0
5875  futex(0x74384808468c, FUTEX_WAIT_BITSET_PRIVATE, 0, {tv_sec=2750, tv_nsec=355320761}, FUTEX_BITSET_MATCH_ANY <unfinished ...>
5868  <... poll resumed>)               = 0 (Timeout)
5868  poll([{fd=110<pipe:[27405]>, events=POLLIN}, {fd=112<TCP:[192.168.30.128:37006->35.186.224.35:443]>, events=POLLIN}], 2, 50 <unfinished ...>
5832  <... epoll_wait resumed>[{events=EPOLLIN, data={u32=2367488412, u64=94152345584028}}], 128, -1) = 1
5832  timerfd_settime(92<anon_inode:[timerfd]>, 0, {it_interval={tv_sec=0, tv_nsec=0}, it_value={tv_sec=300, tv_nsec=0}}, {it_interval={tv_sec=0, tv_nsec=0}, it_value={tv_sec=0, tv_nsec=0}}) = 0
5891  <... clock_nanosleep resumed>0x743880bfe140) = 0
5891  clock_nanosleep(CLOCK_REALTIME, 0, {tv_sec=0, tv_nsec=100000000},  <unfinished ...>
5832  timerfd_settime(92<anon_inode:[timerfd]>, 0, {it_interval={tv_sec=0, tv_nsec=0}, it_value={tv_sec=0, tv_nsec=38997000}}, {it_interval={tv_sec=0, tv_nsec=0}, it_value={tv_sec=299, tv_nsec=991838221}}) = 0
5832  epoll_wait(91<anon_inode:[eventpoll]>,  <unfinished ...>
5868  <... poll resumed>)               = 0 (Timeout)
5868  poll([{fd=110<pipe:[27405]>, events=POLLIN}, {fd=112<TCP:[192.168.30.128:37006->35.186.224.35:443]>, events=POLLIN}], 2, 50 <unfinished ...>
5832  <... epoll_wait resumed>[{events=EPOLLIN, data={u32=2367488412, u64=94152345584028}}], 128, -1) = 1
5832  timerfd_settime(92<anon_inode:[timerfd]>, 0, {it_interval={tv_sec=0, tv_nsec=0}, it_value={tv_sec=300, tv_nsec=0}}, {it_interval={tv_sec=0, tv_nsec=0}, it_value={tv_sec=0, tv_nsec=0}}) = 0
5832  timerfd_settime(92<anon_inode:[timerfd]>, 0, {it_interval={tv_sec=0, tv_nsec=0}, it_value={tv_sec=0, tv_nsec=45997000}}, {it_interval={tv_sec=0, tv_nsec=0}, it_value={tv_sec=299, tv_nsec=999410806}}) = 0
5832  epoll_wait(91<anon_inode:[eventpoll]>,  <unfinished ...>
5875  <... futex resumed>)              = -1 ETIMEDOUT (Connection timed out)
5875  futex(0x743848096ce8, FUTEX_WAKE_PRIVATE, 1) = 0
5875  futex(0x74384808468c, FUTEX_WAIT_BITSET_PRIVATE, 0, {tv_sec=2750, tv_nsec=455900189}, FUTEX_BITSET_MATCH_ANY <unfinished ...>
5832  <... epoll_wait resumed>[{events=EPOLLIN, data={u32=2367488412, u64=94152345584028}}], 128, -1) = 1
5868  <... poll resumed>)               = 0 (Timeout)
5868  poll([{fd=110<pipe:[27405]>, events=POLLIN}, {fd=112<TCP:[192.168.30.128:37006->35.186.224.35:443]>, events=POLLIN}], 2, 50 <unfinished ...>
5832  timerfd_settime(92<anon_inode:[timerfd]>, 0, {it_interval={tv_sec=0, tv_nsec=0}, it_value={tv_sec=300, tv_nsec=0}}, {it_interval={tv_sec=0, tv_nsec=0}, it_value={tv_sec=0, tv_nsec=0}}) = 0
5832  timerfd_settime(92<anon_inode:[timerfd]>, 0, {it_interval={tv_sec=0, tv_nsec=0}, it_value={tv_sec=0, tv_nsec=44997000}}, {it_interval={tv_sec=0, tv_nsec=0}, it_value={tv_sec=299, tv_nsec=999125884}}) = 0
5832  epoll_wait(91<anon_inode:[eventpoll]>,  <unfinished ...>
5891  <... clock_nanosleep resumed>0x743880bfe140) = 0
5891  clock_nanosleep(CLOCK_REALTIME, 0, {tv_sec=0, tv_nsec=100000000},  <unfinished ...>
5832  <... epoll_wait resumed>[{events=EPOLLIN, data={u32=2367488412, u64=94152345584028}}], 128, -1) = 1
5832  timerfd_settime(92<anon_inode:[timerfd]>, 0, {it_interval={tv_sec=0, tv_nsec=0}, it_value={tv_sec=300, tv_nsec=0}}, {it_interval={tv_sec=0, tv_nsec=0}, it_value={tv_sec=0, tv_nsec=0}}) = 0
5832  timerfd_settime(92<anon_inode:[timerfd]>, 0, {it_interval={tv_sec=0, tv_nsec=0}, it_value={tv_sec=0, tv_nsec=46997000}},  <unfinished ...>
5868  <... poll resumed>)               = 0 (Timeout)
5868  poll([{fd=110<pipe:[27405]>, events=POLLIN}, {fd=112<TCP:[192.168.30.128:37006->35.186.224.35:443]>, events=POLLIN}], 2, 50 <unfinished ...>
5832  <... timerfd_settime resumed>{it_interval={tv_sec=0, tv_nsec=0}, it_value={tv_sec=299, tv_nsec=999113827}}) = 0
5832  epoll_wait(91<anon_inode:[eventpoll]>,  <unfinished ...>
5875  <... futex resumed>)              = -1 ETIMEDOUT (Connection timed out)
5875  futex(0x743848096ce8, FUTEX_WAKE_PRIVATE, 1) = 0
5875  futex(0x74384808468c, FUTEX_WAIT_BITSET_PRIVATE, 0, {tv_sec=2750, tv_nsec=555418530}, FUTEX_BITSET_MATCH_ANY <unfinished ...>
5832  <... epoll_wait resumed>[{events=EPOLLIN, data={u32=2367488412, u64=94152345584028}}], 128, -1) = 1
5832  timerfd_settime(92<anon_inode:[timerfd]>, 0, {it_interval={tv_sec=0, tv_nsec=0}, it_value={tv_sec=300, tv_nsec=0}}, {it_interval={tv_sec=0, tv_nsec=0}, it_value={tv_sec=0, tv_nsec=0}}) = 0
5832  timerfd_settime(92<anon_inode:[timerfd]>, 0, {it_interval={tv_sec=0, tv_nsec=0}, it_value={tv_sec=0, tv_nsec=47997000}}, {it_interval={tv_sec=0, tv_nsec=0}, it_value={tv_sec=299, tv_nsec=999495301}}) = 0
5832  epoll_wait(91<anon_inode:[eventpoll]>,  <unfinished ...>
5868  <... poll resumed>)               = 0 (Timeout)
5868  poll([{fd=110<pipe:[27405]>, events=POLLIN}, {fd=112<TCP:[192.168.30.128:37006->35.186.224.35:443]>, events=POLLIN}], 2, 50 <unfinished ...>
5891  <... clock_nanosleep resumed>0x743880bfe140) = 0
5891  clock_nanosleep(CLOCK_REALTIME, 0, {tv_sec=0, tv_nsec=100000000},  <unfinished ...>
5832  <... epoll_wait resumed>[{events=EPOLLIN, data={u32=2367488412, u64=94152345584028}}], 128, -1) = 1
5832  timerfd_settime(92<anon_inode:[timerfd]>, 0, {it_interval={tv_sec=0, tv_nsec=0}, it_value={tv_sec=300, tv_nsec=0}}, {it_interval={tv_sec=0, tv_nsec=0}, it_value={tv_sec=0, tv_nsec=0}}) = 0
5832  timerfd_settime(92<anon_inode:[timerfd]>, 0, {it_interval={tv_sec=0, tv_nsec=0}, it_value={tv_sec=0, tv_nsec=45996000}}, {it_interval={tv_sec=0, tv_nsec=0}, it_value={tv_sec=299, tv_nsec=994705398}}) = 0
5868  <... poll resumed>)               = 0 (Timeout)
5832  epoll_wait(91<anon_inode:[eventpoll]>,  <unfinished ...>
5868  poll([{fd=110<pipe:[27405]>, events=POLLIN}, {fd=112<TCP:[192.168.30.128:37006->35.186.224.35:443]>, events=POLLIN}], 2, 50 <unfinished ...>
5885  <... epoll_wait resumed>[{events=EPOLLIN, data={u32=4026546752, u64=127783598570048}}], 128, -1) = 1
5771  <... epoll_wait resumed>[{events=EPOLLIN, data={u32=4026982552, u64=127787893973144}}], 16, 16941) = 1
5771  recvmsg(205<UDP:[224.0.0.251:5353]>, {msg_name={sa_family=AF_INET, sin_port=htons(5353), sin_addr=inet_addr("192.168.30.1")}, msg_namelen=128 => 16, msg_iov=[{iov_base="\0\0\0\0\0\1\0\0\0\0\0\0\16_microsoft_mcc\4_tcp"..., iov_len=9000}], msg_iovlen=1, msg_controllen=0, msg_flags=0}, 0) = 43
5771  epoll_ctl(31<anon_inode:[eventpoll]>, EPOLL_CTL_DEL, 205<UDP:[224.0.0.251:5353]>, NULL <unfinished ...>
5885  recvfrom(174<UDP:[0.0.0.0:5353]>,  <unfinished ...>
5771  <... epoll_ctl resumed>)          = 0
5771  recvmsg(205<UDP:[224.0.0.251:5353]>, {msg_namelen=128}, 0) = -1 EAGAIN (Resource temporarily unavailable)
5771  epoll_ctl(31<anon_inode:[eventpoll]>, EPOLL_CTL_ADD, 205<UDP:[224.0.0.251:5353]>, {events=EPOLLIN, data={u32=4026982552, u64=127787893973144}}) = 0
5771  epoll_wait(31<anon_inode:[eventpoll]>, [], 16, 0) = 0
5771  epoll_wait(31<anon_inode:[eventpoll]>, [], 16, 0) = 0
5771  epoll_wait(31<anon_inode:[eventpoll]>,  <unfinished ...>
5885  <... recvfrom resumed>"\0\0\0\0\0\1\0\0\0\0\0\0\16_microsoft_mcc\4_tcp"..., 4096, 0, {sa_family=AF_INET, sin_port=htons(5353), sin_addr=inet_addr("192.168.30.1")}, [28 => 16]) = 43
5885  recvfrom(174<UDP:[0.0.0.0:5353]>, 0x7437f0003d98, 4096, 0, 0x7437f0004d98, [28]) = -1 EAGAIN (Resource temporarily unavailable)
5885  epoll_wait(164<anon_inode:[eventpoll]>, [{events=EPOLLIN, data={u32=4026552016, u64=127783598575312}}], 128, -1) = 1
5885  recvfrom(176<UDPv6:[[::]:5353]>, "\0\0\0\0\0\1\0\0\0\0\0\0\16_microsoft_mcc\4_tcp"..., 4096, 0, {sa_family=AF_INET6, sin6_port=htons(5353), sin6_flowinfo=htonl(0), inet_pton(AF_INET6, "fe80::165e:9feb:afb0:384c", &sin6_addr), sin6_scope_id=if_nametoindex("ens33")}, [28]) = 43
5885  recvfrom(176<UDPv6:[[::]:5353]>, 0x7437f0005228, 4096, 0, 0x7437f0006228, [28]) = -1 EAGAIN (Resource temporarily unavailable)
5885  epoll_wait(164<anon_inode:[eventpoll]>,  <unfinished ...>
5875  <... futex resumed>)              = -1 ETIMEDOUT (Connection timed out)
5875  futex(0x743848096ce8, FUTEX_WAKE_PRIVATE, 1) = 0
5875  futex(0x74384808468c, FUTEX_WAIT_BITSET_PRIVATE, 0, {tv_sec=2750, tv_nsec=655912427}, FUTEX_BITSET_MATCH_ANY <unfinished ...>
5832  <... epoll_wait resumed>[{events=EPOLLIN, data={u32=2367488412, u64=94152345584028}}], 128, -1) = 1
5832  timerfd_settime(92<anon_inode:[timerfd]>, 0, {it_interval={tv_sec=0, tv_nsec=0}, it_value={tv_sec=300, tv_nsec=0}},  <unfinished ...>
5868  <... poll resumed>)               = 0 (Timeout)
5868  poll([{fd=110<pipe:[27405]>, events=POLLIN}, {fd=112<TCP:[192.168.30.128:37006->35.186.224.35:443]>, events=POLLIN}], 2, 50 <unfinished ...>
5832  <... timerfd_settime resumed>{it_interval={tv_sec=0, tv_nsec=0}, it_value={tv_sec=0, tv_nsec=0}}) = 0
5832  timerfd_settime(92<anon_inode:[timerfd]>, 0, {it_interval={tv_sec=0, tv_nsec=0}, it_value={tv_sec=0, tv_nsec=39998000}}, {it_interval={tv_sec=0, tv_nsec=0}, it_value={tv_sec=299, tv_nsec=999343577}}) = 0
5832  epoll_wait(91<anon_inode:[eventpoll]>,  <unfinished ...>
5891  <... clock_nanosleep resumed>0x743880bfe140) = 0
5891  clock_nanosleep(CLOCK_REALTIME, 0, {tv_sec=0, tv_nsec=100000000},  <unfinished ...>
5832  <... epoll_wait resumed>[{events=EPOLLIN, data={u32=2367488412, u64=94152345584028}}], 128, -1) = 1
5832  timerfd_settime(92<anon_inode:[timerfd]>, 0, {it_interval={tv_sec=0, tv_nsec=0}, it_value={tv_sec=300, tv_nsec=0}}, {it_interval={tv_sec=0, tv_nsec=0}, it_value={tv_sec=0, tv_nsec=0}}) = 0
5832  timerfd_settime(92<anon_inode:[timerfd]>, 0, {it_interval={tv_sec=0, tv_nsec=0}, it_value={tv_sec=0, tv_nsec=45997000}}, {it_interval={tv_sec=0, tv_nsec=0}, it_value={tv_sec=299, tv_nsec=999886801}}) = 0
5832  epoll_wait(91<anon_inode:[eventpoll]>,  <unfinished ...>
5868  <... poll resumed>)               = 0 (Timeout)
5868  poll([{fd=110<pipe:[27405]>, events=POLLIN}, {fd=112<TCP:[192.168.30.128:37006->35.186.224.35:443]>, events=POLLIN}], 2, 50 <unfinished ...>
5875  <... futex resumed>)              = -1 ETIMEDOUT (Connection timed out)
5875  futex(0x743848096ce8, FUTEX_WAKE_PRIVATE, 1) = 0
5875  futex(0x74384808468c, FUTEX_WAIT_BITSET_PRIVATE, 0, {tv_sec=2750, tv_nsec=755011821}, FUTEX_BITSET_MATCH_ANY <unfinished ...>
5832  <... epoll_wait resumed>[{events=EPOLLIN, data={u32=2367488412, u64=94152345584028}}], 128, -1) = 1
5832  timerfd_settime(92<anon_inode:[timerfd]>, 0, {it_interval={tv_sec=0, tv_nsec=0}, it_value={tv_sec=300, tv_nsec=0}}, {it_interval={tv_sec=0, tv_nsec=0}, it_value={tv_sec=0, tv_nsec=0}}) = 0
5832  timerfd_settime(92<anon_inode:[timerfd]>, 0, {it_interval={tv_sec=0, tv_nsec=0}, it_value={tv_sec=0, tv_nsec=46997000}}, {it_interval={tv_sec=0, tv_nsec=0}, it_value={tv_sec=299, tv_nsec=999345420}}) = 0
5832  epoll_wait(91<anon_inode:[eventpoll]>,  <unfinished ...>
5868  <... poll resumed>)               = 0 (Timeout)
5868  poll([{fd=110<pipe:[27405]>, events=POLLIN}, {fd=112<TCP:[192.168.30.128:37006->35.186.224.35:443]>, events=POLLIN}], 2, 50 <unfinished ...>
5891  <... clock_nanosleep resumed>0x743880bfe140) = 0
5891  clock_nanosleep(CLOCK_REALTIME, 0, {tv_sec=0, tv_nsec=100000000},  <unfinished ...>
5832  <... epoll_wait resumed>[{events=EPOLLIN, data={u32=2367488412, u64=94152345584028}}], 128, -1) = 1
5832  timerfd_settime(92<anon_inode:[timerfd]>, 0, {it_interval={tv_sec=0, tv_nsec=0}, it_value={tv_sec=300, tv_nsec=0}}, {it_interval={tv_sec=0, tv_nsec=0}, it_value={tv_sec=0, tv_nsec=0}}) = 0
5832  timerfd_settime(92<anon_inode:[timerfd]>, 0, {it_interval={tv_sec=0, tv_nsec=0}, it_value={tv_sec=0, tv_nsec=47998000}}, {it_interval={tv_sec=0, tv_nsec=0}, it_value={tv_sec=299, tv_nsec=999835401}}) = 0
5832  epoll_wait(91<anon_inode:[eventpoll]>,  <unfinished ...>
5868  <... poll resumed>)               = 0 (Timeout)
5868  poll([{fd=110<pipe:[27405]>, events=POLLIN}, {fd=112<TCP:[192.168.30.128:37006->35.186.224.35:443]>, events=POLLIN}], 2, 50 <unfinished ...>
5875  <... futex resumed>)              = -1 ETIMEDOUT (Connection timed out)
5875  futex(0x743848096ce8, FUTEX_WAKE_PRIVATE, 1) = 0
5875  futex(0x74384808468c, FUTEX_WAIT_BITSET_PRIVATE, 0, {tv_sec=2750, tv_nsec=855743435}, FUTEX_BITSET_MATCH_ANY <unfinished ...>
5832  <... epoll_wait resumed>[{events=EPOLLIN, data={u32=2367488412, u64=94152345584028}}], 128, -1) = 1
5832  timerfd_settime(92<anon_inode:[timerfd]>, 0, {it_interval={tv_sec=0, tv_nsec=0}, it_value={tv_sec=300, tv_nsec=0}}, {it_interval={tv_sec=0, tv_nsec=0}, it_value={tv_sec=0, tv_nsec=0}}) = 0
5832  timerfd_settime(92<anon_inode:[timerfd]>, 0, {it_interval={tv_sec=0, tv_nsec=0}, it_value={tv_sec=0, tv_nsec=46998000}}, {it_interval={tv_sec=0, tv_nsec=0}, it_value={tv_sec=299, tv_nsec=999348538}}) = 0
5832  epoll_wait(91<anon_inode:[eventpoll]>,  <unfinished ...>
5868  <... poll resumed>)               = 0 (Timeout)
5868  poll([{fd=110<pipe:[27405]>, events=POLLIN}, {fd=112<TCP:[192.168.30.128:37006->35.186.224.35:443]>, events=POLLIN}], 2, 50 <unfinished ...>
5891  <... clock_nanosleep resumed>0x743880bfe140) = 0
5891  clock_nanosleep(CLOCK_REALTIME, 0, {tv_sec=0, tv_nsec=100000000},  <unfinished ...>
5832  <... epoll_wait resumed>[{events=EPOLLIN, data={u32=2367488412, u64=94152345584028}}], 128, -1) = 1
5832  timerfd_settime(92<anon_inode:[timerfd]>, 0, {it_interval={tv_sec=0, tv_nsec=0}, it_value={tv_sec=300, tv_nsec=0}}, {it_interval={tv_sec=0, tv_nsec=0}, it_value={tv_sec=0, tv_nsec=0}}) = 0
5832  timerfd_settime(92<anon_inode:[timerfd]>, 0, {it_interval={tv_sec=0, tv_nsec=0}, it_value={tv_sec=0, tv_nsec=46997000}}, {it_interval={tv_sec=0, tv_nsec=0}, it_value={tv_sec=299, tv_nsec=999865899}}) = 0
5832  epoll_wait(91<anon_inode:[eventpoll]>,  <unfinished ...>
5868  <... poll resumed>)               = 0 (Timeout)
