5743  recvmsg(33<UNIX-STREAM:[31619->35114]>, {msg_namelen=0}, 0) = -1 EAGAIN (Resource temporarily unavailable)
5743  recvmsg(33<UNIX-STREAM:[31619->35114]>, {msg_namelen=0}, 0) = -1 EAGAIN (Resource temporarily unavailable)
5743  poll([{fd=13<anon_inode:[eventfd]>, events=POLLIN}, {fd=14<pipe:[31615]>, events=POLLIN}, {fd=17<UNIX-STREAM:[31618->35113]>, events=POLLIN}, {fd=33<UNIX-STREAM:[31619->35114]>, events=POLLIN}], 4, 0) = 0 (Timeout)
5743  recvmsg(33<UNIX-STREAM:[31619->35114]>, {msg_namelen=0}, 0) = -1 EAGAIN (Resource temporarily unavailable)
5743  recvmsg(33<UNIX-STREAM:[31619->35114]>, {msg_namelen=0}, 0) = -1 EAGAIN (Resource temporarily unavailable)
5743  poll([{fd=13<anon_inode:[eventfd]>, events=POLLIN}, {fd=14<pipe:[31615]>, events=POLLIN}, {fd=17<UNIX-STREAM:[31618->35113]>, events=POLLIN}, {fd=33<UNIX-STREAM:[31619->35114]>, events=POLLIN}], 4, 7599 <unfinished ...>
5832  <... epoll_wait resumed>[{events=EPOLLIN, data={u32=2367488412, u64=94152345584028}}], 128, -1) = 1
5832  timerfd_settime(92<anon_inode:[timerfd]>, 0, {it_interval={tv_sec=0, tv_nsec=0}, it_value={tv_sec=300, tv_nsec=0}}, {it_interval={tv_sec=0, tv_nsec=0}, it_value={tv_sec=0, tv_nsec=0}}) = 0
5832  timerfd_settime(92<anon_inode:[timerfd]>, 0, {it_interval={tv_sec=0, tv_nsec=0}, it_value={tv_sec=0, tv_nsec=41997000}}, {it_interval={tv_sec=0, tv_nsec=0}, it_value={tv_sec=299, tv_nsec=998950692}}) = 0
5832  epoll_wait(91<anon_inode:[eventpoll]>,  <unfinished ...>
5868  <... poll resumed>)               = 0 (Timeout)
5868  poll([{fd=110<pipe:[27405]>, events=POLLIN}, {fd=112<TCP:[192.168.30.128:37006->35.186.224.35:443]>, events=POLLIN}], 2, 50 <unfinished ...>
5875  <... futex resumed>)              = -1 ETIMEDOUT (Connection timed out)
5875  futex(0x743848096ce8, FUTEX_WAKE_PRIVATE, 1) = 0
5875  futex(0x74384808468c, FUTEX_WAIT_BITSET_PRIVATE, 0, {tv_sec=2752, tv_nsec=255475891}, FUTEX_BITSET_MATCH_ANY <unfinished ...>
5832  <... epoll_wait resumed>[{events=EPOLLIN, data={u32=2367488412, u64=94152345584028}}], 128, -1) = 1
5832  timerfd_settime(92<anon_inode:[timerfd]>, 0, {it_interval={tv_sec=0, tv_nsec=0}, it_value={tv_sec=300, tv_nsec=0}}, {it_interval={tv_sec=0, tv_nsec=0}, it_value={tv_sec=0, tv_nsec=0}}) = 0
5832  timerfd_settime(92<anon_inode:[timerfd]>, 0, {it_interval={tv_sec=0, tv_nsec=0}, it_value={tv_sec=0, tv_nsec=46997000}}, {it_interval={tv_sec=0, tv_nsec=0}, it_value={tv_sec=299, tv_nsec=999404023}}) = 0
5832  epoll_wait(91<anon_inode:[eventpoll]>,  <unfinished ...>
5868  <... poll resumed>)               = 0 (Timeout)
5868  poll([{fd=110<pipe:[27405]>, events=POLLIN}, {fd=112<TCP:[192.168.30.128:37006->35.186.224.35:443]>, events=POLLIN}], 2, 50 <unfinished ...>
5891  <... clock_nanosleep resumed>0x743880bfe140) = 0
5891  clock_nanosleep(CLOCK_REALTIME, 0, {tv_sec=0, tv_nsec=100000000},  <unfinished ...>
5832  <... epoll_wait resumed>[{events=EPOLLIN, data={u32=2367488412, u64=94152345584028}}], 128, -1) = 1
5832  timerfd_settime(92<anon_inode:[timerfd]>, 0, {it_interval={tv_sec=0, tv_nsec=0}, it_value={tv_sec=300, tv_nsec=0}}, {it_interval={tv_sec=0, tv_nsec=0}, it_value={tv_sec=0, tv_nsec=0}}) = 0
5832  timerfd_settime(92<anon_inode:[timerfd]>, 0, {it_interval={tv_sec=0, tv_nsec=0}, it_value={tv_sec=0, tv_nsec=47998000}}, {it_interval={tv_sec=0, tv_nsec=0}, it_value={tv_sec=299, tv_nsec=999876593}}) = 0
5832  epoll_wait(91<anon_inode:[eventpoll]>,  <unfinished ...>
5868  <... poll resumed>)               = 0 (Timeout)
5868  poll([{fd=110<pipe:[27405]>, events=POLLIN}, {fd=112<TCP:[192.168.30.128:37006->35.186.224.35:443]>, events=POLLIN}], 2, 50 <unfinished ...>
5875  <... futex resumed>)              = -1 ETIMEDOUT (Connection timed out)
5875  futex(0x743848096ce8, FUTEX_WAKE_PRIVATE, 1) = 0
5875  futex(0x74384808468c, FUTEX_WAIT_BITSET_PRIVATE, 0, {tv_sec=2752, tv_nsec=355934143}, FUTEX_BITSET_MATCH_ANY <unfinished ...>
5832  <... epoll_wait resumed>[{events=EPOLLIN, data={u32=2367488412, u64=94152345584028}}], 128, -1) = 1
5832  timerfd_settime(92<anon_inode:[timerfd]>, 0, {it_interval={tv_sec=0, tv_nsec=0}, it_value={tv_sec=300, tv_nsec=0}}, {it_interval={tv_sec=0, tv_nsec=0}, it_value={tv_sec=0, tv_nsec=0}}) = 0
5832  timerfd_settime(92<anon_inode:[timerfd]>, 0, {it_interval={tv_sec=0, tv_nsec=0}, it_value={tv_sec=0, tv_nsec=47998000}}, {it_interval={tv_sec=0, tv_nsec=0}, it_value={tv_sec=299, tv_nsec=998069675}}) = 0
5832  epoll_wait(91<anon_inode:[eventpoll]>,  <unfinished ...>
5868  <... poll resumed>)               = 0 (Timeout)
5868  poll([{fd=110<pipe:[27405]>, events=POLLIN}, {fd=112<TCP:[192.168.30.128:37006->35.186.224.35:443]>, events=POLLIN}], 2, 50 <unfinished ...>
5891  <... clock_nanosleep resumed>0x743880bfe140) = 0
5891  clock_nanosleep(CLOCK_REALTIME, 0, {tv_sec=0, tv_nsec=100000000},  <unfinished ...>
5832  <... epoll_wait resumed>[{events=EPOLLIN, data={u32=2367488412, u64=94152345584028}}], 128, -1) = 1
5832  timerfd_settime(92<anon_inode:[timerfd]>, 0, {it_interval={tv_sec=0, tv_nsec=0}, it_value={tv_sec=300, tv_nsec=0}}, {it_interval={tv_sec=0, tv_nsec=0}, it_value={tv_sec=0, tv_nsec=0}}) = 0
5832  timerfd_settime(92<anon_inode:[timerfd]>, 0, {it_interval={tv_sec=0, tv_nsec=0}, it_value={tv_sec=0, tv_nsec=47998000}}, {it_interval={tv_sec=0, tv_nsec=0}, it_value={tv_sec=299, tv_nsec=999882722}}) = 0
5832  epoll_wait(91<anon_inode:[eventpoll]>,  <unfinished ...>
5868  <... poll resumed>)               = 0 (Timeout)
5868  poll([{fd=110<pipe:[27405]>, events=POLLIN}, {fd=112<TCP:[192.168.30.128:37006->35.186.224.35:443]>, events=POLLIN}], 2, 50 <unfinished ...>
5875  <... futex resumed>)              = -1 ETIMEDOUT (Connection timed out)
5875  futex(0x743848096ce8, FUTEX_WAKE_PRIVATE, 1) = 0
5875  futex(0x74384808468c, FUTEX_WAIT_BITSET_PRIVATE, 0, {tv_sec=2752, tv_nsec=455325945}, FUTEX_BITSET_MATCH_ANY <unfinished ...>
5832  <... epoll_wait resumed>[{events=EPOLLIN, data={u32=2367488412, u64=94152345584028}}], 128, -1) = 1
5832  timerfd_settime(92<anon_inode:[timerfd]>, 0, {it_interval={tv_sec=0, tv_nsec=0}, it_value={tv_sec=300, tv_nsec=0}}, {it_interval={tv_sec=0, tv_nsec=0}, it_value={tv_sec=0, tv_nsec=0}}) = 0
5832  timerfd_settime(92<anon_inode:[timerfd]>, 0, {it_interval={tv_sec=0, tv_nsec=0}, it_value={tv_sec=0, tv_nsec=41997000}}, {it_interval={tv_sec=0, tv_nsec=0}, it_value={tv_sec=299, tv_nsec=994235070}}) = 0
5832  epoll_wait(91<anon_inode:[eventpoll]>,  <unfinished ...>
5868  <... poll resumed>)               = 0 (Timeout)
5868  poll([{fd=110<pipe:[27405]>, events=POLLIN}, {fd=112<TCP:[192.168.30.128:37006->35.186.224.35:443]>, events=POLLIN}], 2, 50 <unfinished ...>
5891  <... clock_nanosleep resumed>0x743880bfe140) = 0
5891  clock_nanosleep(CLOCK_REALTIME, 0, {tv_sec=0, tv_nsec=100000000},  <unfinished ...>
5832  <... epoll_wait resumed>[{events=EPOLLIN, data={u32=2367488412, u64=94152345584028}}], 128, -1) = 1
5832  timerfd_settime(92<anon_inode:[timerfd]>, 0, {it_interval={tv_sec=0, tv_nsec=0}, it_value={tv_sec=300, tv_nsec=0}}, {it_interval={tv_sec=0, tv_nsec=0}, it_value={tv_sec=0, tv_nsec=0}}) = 0
5832  timerfd_settime(92<anon_inode:[timerfd]>, 0, {it_interval={tv_sec=0, tv_nsec=0}, it_value={tv_sec=0, tv_nsec=47997000}}, {it_interval={tv_sec=0, tv_nsec=0}, it_value={tv_sec=299, tv_nsec=999872626}}) = 0
5832  epoll_wait(91<anon_inode:[eventpoll]>,  <unfinished ...>
5868  <... poll resumed>)               = 0 (Timeout)
5868  poll([{fd=110<pipe:[27405]>, events=POLLIN}, {fd=112<TCP:[192.168.30.128:37006->35.186.224.35:443]>, events=POLLIN}], 2, 50 <unfinished ...>
5875  <... futex resumed>)              = -1 ETIMEDOUT (Connection timed out)
5875  futex(0x743848096ce8, FUTEX_WAKE_PRIVATE, 1) = 0
5875  futex(0x74384808468c, FUTEX_WAIT_BITSET_PRIVATE, 0, {tv_sec=2752, tv_nsec=555835372}, FUTEX_BITSET_MATCH_ANY <unfinished ...>
5832  <... epoll_wait resumed>[{events=EPOLLIN, data={u32=2367488412, u64=94152345584028}}], 128, -1) = 1
5832  timerfd_settime(92<anon_inode:[timerfd]>, 0, {it_interval={tv_sec=0, tv_nsec=0}, it_value={tv_sec=300, tv_nsec=0}}, {it_interval={tv_sec=0, tv_nsec=0}, it_value={tv_sec=0, tv_nsec=0}}) = 0
5832  timerfd_settime(92<anon_inode:[timerfd]>, 0, {it_interval={tv_sec=0, tv_nsec=0}, it_value={tv_sec=0, tv_nsec=47998000}}, {it_interval={tv_sec=0, tv_nsec=0}, it_value={tv_sec=299, tv_nsec=999579269}}) = 0
5832  epoll_wait(91<anon_inode:[eventpoll]>,  <unfinished ...>
5868  <... poll resumed>)               = 0 (Timeout)
5868  poll([{fd=110<pipe:[27405]>, events=POLLIN}, {fd=112<TCP:[192.168.30.128:37006->35.186.224.35:443]>, events=POLLIN}], 2, 50 <unfinished ...>
5891  <... clock_nanosleep resumed>0x743880bfe140) = 0
5891  clock_nanosleep(CLOCK_REALTIME, 0, {tv_sec=0, tv_nsec=100000000},  <unfinished ...>
5832  <... epoll_wait resumed>[{events=EPOLLIN, data={u32=2367488412, u64=94152345584028}}], 128, -1) = 1
5832  timerfd_settime(92<anon_inode:[timerfd]>, 0, {it_interval={tv_sec=0, tv_nsec=0}, it_value={tv_sec=300, tv_nsec=0}}, {it_interval={tv_sec=0, tv_nsec=0}, it_value={tv_sec=0, tv_nsec=0}}) = 0
5832  timerfd_settime(92<anon_inode:[timerfd]>, 0, {it_interval={tv_sec=0, tv_nsec=0}, it_value={tv_sec=0, tv_nsec=47998000}}, {it_interval={tv_sec=0, tv_nsec=0}, it_value={tv_sec=299, tv_nsec=999569645}}) = 0
5832  epoll_wait(91<anon_inode:[eventpoll]>,  <unfinished ...>
5868  <... poll resumed>)               = 0 (Timeout)
5868  poll([{fd=110<pipe:[27405]>, events=POLLIN}, {fd=112<TCP:[192.168.30.128:37006->35.186.224.35:443]>, events=POLLIN}], 2, 50 <unfinished ...>
5875  <... futex resumed>)              = -1 ETIMEDOUT (Connection timed out)
5875  futex(0x743848096ce8, FUTEX_WAKE_PRIVATE, 1) = 0
5875  futex(0x74384808468c, FUTEX_WAIT_BITSET_PRIVATE, 0, {tv_sec=2752, tv_nsec=655088839}, FUTEX_BITSET_MATCH_ANY <unfinished ...>
5832  <... epoll_wait resumed>[{events=EPOLLIN, data={u32=2367488412, u64=94152345584028}}], 128, -1) = 1
5832  timerfd_settime(92<anon_inode:[timerfd]>, 0, {it_interval={tv_sec=0, tv_nsec=0}, it_value={tv_sec=300, tv_nsec=0}}, {it_interval={tv_sec=0, tv_nsec=0}, it_value={tv_sec=0, tv_nsec=0}}) = 0
5832  timerfd_settime(92<anon_inode:[timerfd]>, 0, {it_interval={tv_sec=0, tv_nsec=0}, it_value={tv_sec=0, tv_nsec=37997000}}, {it_interval={tv_sec=0, tv_nsec=0}, it_value={tv_sec=299, tv_nsec=998941289}}) = 0
5832  epoll_wait(91<anon_inode:[eventpoll]>,  <unfinished ...>
5868  <... poll resumed>)               = 0 (Timeout)
5868  poll([{fd=110<pipe:[27405]>, events=POLLIN}, {fd=112<TCP:[192.168.30.128:37006->35.186.224.35:443]>, events=POLLIN}], 2, 50 <unfinished ...>
5891  <... clock_nanosleep resumed>0x743880bfe140) = 0
5891  clock_nanosleep(CLOCK_REALTIME, 0, {tv_sec=0, tv_nsec=100000000},  <unfinished ...>
5832  <... epoll_wait resumed>[{events=EPOLLIN, data={u32=2367488412, u64=94152345584028}}], 128, -1) = 1
5832  timerfd_settime(92<anon_inode:[timerfd]>, 0, {it_interval={tv_sec=0, tv_nsec=0}, it_value={tv_sec=300, tv_nsec=0}}, {it_interval={tv_sec=0, tv_nsec=0}, it_value={tv_sec=0, tv_nsec=0}}) = 0
5832  timerfd_settime(92<anon_inode:[timerfd]>, 0, {it_interval={tv_sec=0, tv_nsec=0}, it_value={tv_sec=0, tv_nsec=48997000}}, {it_interval={tv_sec=0, tv_nsec=0}, it_value={tv_sec=299, tv_nsec=999494969}}) = 0
5832  epoll_wait(91<anon_inode:[eventpoll]>,  <unfinished ...>
5875  <... futex resumed>)              = -1 ETIMEDOUT (Connection timed out)
5875  futex(0x743848096ce8, FUTEX_WAKE_PRIVATE, 1) = 0
5875  futex(0x74384808468c, FUTEX_WAIT_BITSET_PRIVATE, 0, {tv_sec=2752, tv_nsec=755185540}, FUTEX_BITSET_MATCH_ANY <unfinished ...>
5868  <... poll resumed>)               = 0 (Timeout)
5868  poll([{fd=110<pipe:[27405]>, events=POLLIN}, {fd=112<TCP:[192.168.30.128:37006->35.186.224.35:443]>, events=POLLIN}], 2, 50 <unfinished ...>
5832  <... epoll_wait resumed>[{events=EPOLLIN, data={u32=2367488412, u64=94152345584028}}], 128, -1) = 1
5832  timerfd_settime(92<anon_inode:[timerfd]>, 0, {it_interval={tv_sec=0, tv_nsec=0}, it_value={tv_sec=300, tv_nsec=0}}, {it_interval={tv_sec=0, tv_nsec=0}, it_value={tv_sec=0, tv_nsec=0}}) = 0
5832  timerfd_settime(92<anon_inode:[timerfd]>, 0, {it_interval={tv_sec=0, tv_nsec=0}, it_value={tv_sec=0, tv_nsec=45997000}}, {it_interval={tv_sec=0, tv_nsec=0}, it_value={tv_sec=299, tv_nsec=991380232}}) = 0
5832  epoll_wait(91<anon_inode:[eventpoll]>,  <unfinished ...>
5868  <... poll resumed>)               = 0 (Timeout)
5868  poll([{fd=110<pipe:[27405]>, events=POLLIN}, {fd=112<TCP:[192.168.30.128:37006->35.186.224.35:443]>, events=POLLIN}], 2, 50 <unfinished ...>
5891  <... clock_nanosleep resumed>0x743880bfe140) = 0
5891  clock_nanosleep(CLOCK_REALTIME, 0, {tv_sec=0, tv_nsec=100000000},  <unfinished ...>
5832  <... epoll_wait resumed>[{events=EPOLLIN, data={u32=2367488412, u64=94152345584028}}], 128, -1) = 1
5832  timerfd_settime(92<anon_inode:[timerfd]>, 0, {it_interval={tv_sec=0, tv_nsec=0}, it_value={tv_sec=300, tv_nsec=0}}, {it_interval={tv_sec=0, tv_nsec=0}, it_value={tv_sec=0, tv_nsec=0}}) = 0
5832  timerfd_settime(92<anon_inode:[timerfd]>, 0, {it_interval={tv_sec=0, tv_nsec=0}, it_value={tv_sec=0, tv_nsec=39998000}}, {it_interval={tv_sec=0, tv_nsec=0}, it_value={tv_sec=299, tv_nsec=999882029}}) = 0
5832  epoll_wait(91<anon_inode:[eventpoll]>,  <unfinished ...>
5875  <... futex resumed>)              = -1 ETIMEDOUT (Connection timed out)
5875  futex(0x743848096ce8, FUTEX_WAKE_PRIVATE, 1) = 0
5875  futex(0x74384808468c, FUTEX_WAIT_BITSET_PRIVATE, 0, {tv_sec=2752, tv_nsec=855055152}, FUTEX_BITSET_MATCH_ANY <unfinished ...>
5868  <... poll resumed>)               = 0 (Timeout)
5868  poll([{fd=110<pipe:[27405]>, events=POLLIN}, {fd=112<TCP:[192.168.30.128:37006->35.186.224.35:443]>, events=POLLIN}], 2, 50 <unfinished ...>
5832  <... epoll_wait resumed>[{events=EPOLLIN, data={u32=2367488412, u64=94152345584028}}], 128, -1) = 1
5832  timerfd_settime(92<anon_inode:[timerfd]>, 0, {it_interval={tv_sec=0, tv_nsec=0}, it_value={tv_sec=300, tv_nsec=0}}, {it_interval={tv_sec=0, tv_nsec=0}, it_value={tv_sec=0, tv_nsec=0}}) = 0
5832  timerfd_settime(92<anon_inode:[timerfd]>, 0, {it_interval={tv_sec=0, tv_nsec=0}, it_value={tv_sec=0, tv_nsec=45997000}}, {it_interval={tv_sec=0, tv_nsec=0}, it_value={tv_sec=299, tv_nsec=999399780}}) = 0
5832  epoll_wait(91<anon_inode:[eventpoll]>,  <unfinished ...>
5868  <... poll resumed>)               = 0 (Timeout)
5868  poll([{fd=110<pipe:[27405]>, events=POLLIN}, {fd=112<TCP:[192.168.30.128:37006->35.186.224.35:443]>, events=POLLIN}], 2, 50 <unfinished ...>
5832  <... epoll_wait resumed>[{events=EPOLLIN, data={u32=2367488412, u64=94152345584028}}], 128, -1) = 1
5891  <... clock_nanosleep resumed>0x743880bfe140) = 0
5891  clock_nanosleep(CLOCK_REALTIME, 0, {tv_sec=0, tv_nsec=100000000},  <unfinished ...>
5832  timerfd_settime(92<anon_inode:[timerfd]>, 0, {it_interval={tv_sec=0, tv_nsec=0}, it_value={tv_sec=300, tv_nsec=0}}, {it_interval={tv_sec=0, tv_nsec=0}, it_value={tv_sec=0, tv_nsec=0}}) = 0
5832  timerfd_settime(92<anon_inode:[timerfd]>, 0, {it_interval={tv_sec=0, tv_nsec=0}, it_value={tv_sec=0, tv_nsec=45997000}}, {it_interval={tv_sec=0, tv_nsec=0}, it_value={tv_sec=299, tv_nsec=999382692}}) = 0
5832  epoll_wait(91<anon_inode:[eventpoll]>,  <unfinished ...>
5875  <... futex resumed>)              = -1 ETIMEDOUT (Connection timed out)
5875  futex(0x743848096ce8, FUTEX_WAKE_PRIVATE, 1) = 0
5875  futex(0x74384808468c, FUTEX_WAIT_BITSET_PRIVATE, 0, {tv_sec=2752, tv_nsec=955611124}, FUTEX_BITSET_MATCH_ANY <unfinished ...>
5868  <... poll resumed>)               = 0 (Timeout)
5868  poll([{fd=110<pipe:[27405]>, events=POLLIN}, {fd=112<TCP:[192.168.30.128:37006->35.186.224.35:443]>, events=POLLIN}], 2, 50 <unfinished ...>
5832  <... epoll_wait resumed>[{events=EPOLLIN, data={u32=2367488412, u64=94152345584028}}], 128, -1) = 1
5832  timerfd_settime(92<anon_inode:[timerfd]>, 0, {it_interval={tv_sec=0, tv_nsec=0}, it_value={tv_sec=300, tv_nsec=0}}, {it_interval={tv_sec=0, tv_nsec=0}, it_value={tv_sec=0, tv_nsec=0}}) = 0
5832  timerfd_settime(92<anon_inode:[timerfd]>, 0, {it_interval={tv_sec=0, tv_nsec=0}, it_value={tv_sec=0, tv_nsec=16998000}}, {it_interval={tv_sec=0, tv_nsec=0}, it_value={tv_sec=299, tv_nsec=999475585}}) = 0
5832  epoll_wait(91<anon_inode:[eventpoll]>, [{events=EPOLLIN, data={u32=2367488412, u64=94152345584028}}], 128, -1) = 1
5832  timerfd_settime(92<anon_inode:[timerfd]>, 0, {it_interval={tv_sec=0, tv_nsec=0}, it_value={tv_sec=300, tv_nsec=0}}, {it_interval={tv_sec=0, tv_nsec=0}, it_value={tv_sec=0, tv_nsec=0}}) = 0
5832  timerfd_settime(92<anon_inode:[timerfd]>, 0, {it_interval={tv_sec=0, tv_nsec=0}, it_value={tv_sec=0, tv_nsec=24998000}}, {it_interval={tv_sec=0, tv_nsec=0}, it_value={tv_sec=299, tv_nsec=999237685}}) = 0
5832  epoll_wait(91<anon_inode:[eventpoll]>,  <unfinished ...>
5868  <... poll resumed>)               = 0 (Timeout)
5868  poll([{fd=110<pipe:[27405]>, events=POLLIN}, {fd=112<TCP:[192.168.30.128:37006->35.186.224.35:443]>, events=POLLIN}], 2, 50 <unfinished ...>
5832  <... epoll_wait resumed>[{events=EPOLLIN, data={u32=2367488412, u64=94152345584028}}], 128, -1) = 1
5832  timerfd_settime(92<anon_inode:[timerfd]>, 0, {it_interval={tv_sec=0, tv_nsec=0}, it_value={tv_sec=300, tv_nsec=0}}, {it_interval={tv_sec=0, tv_nsec=0}, it_value={tv_sec=0, tv_nsec=0}}) = 0
5832  timerfd_settime(92<anon_inode:[timerfd]>, 0, {it_interval={tv_sec=0, tv_nsec=0}, it_value={tv_sec=0, tv_nsec=46998000}}, {it_interval={tv_sec=0, tv_nsec=0}, it_value={tv_sec=299, tv_nsec=999148743}}) = 0
5832  epoll_wait(91<anon_inode:[eventpoll]>,  <unfinished ...>
5891  <... clock_nanosleep resumed>0x743880bfe140) = 0
5891  clock_nanosleep(CLOCK_REALTIME, 0, {tv_sec=0, tv_nsec=100000000},  <unfinished ...>
5875  <... futex resumed>)              = -1 ETIMEDOUT (Connection timed out)
5875  futex(0x743848096ce8, FUTEX_WAKE_PRIVATE, 1) = 0
5875  futex(0x74384808468c, FUTEX_WAIT_BITSET_PRIVATE, 0, {tv_sec=2753, tv_nsec=55789638}, FUTEX_BITSET_MATCH_ANY <unfinished ...>
5868  <... poll resumed>)               = 0 (Timeout)
5868  poll([{fd=110<pipe:[27405]>, events=POLLIN}, {fd=112<TCP:[192.168.30.128:37006->35.186.224.35:443]>, events=POLLIN}], 2, 50 <unfinished ...>
5832  <... epoll_wait resumed>[{events=EPOLLIN, data={u32=2367488412, u64=94152345584028}}], 128, -1) = 1
5832  timerfd_settime(92<anon_inode:[timerfd]>, 0, {it_interval={tv_sec=0, tv_nsec=0}, it_value={tv_sec=300, tv_nsec=0}}, {it_interval={tv_sec=0, tv_nsec=0}, it_value={tv_sec=0, tv_nsec=0}}) = 0
5832  timerfd_settime(92<anon_inode:[timerfd]>, 0, {it_interval={tv_sec=0, tv_nsec=0}, it_value={tv_sec=0, tv_nsec=48997000}}, {it_interval={tv_sec=0, tv_nsec=0}, it_value={tv_sec=299, tv_nsec=999759438}}) = 0
5832  epoll_wait(91<anon_inode:[eventpoll]>,  <unfinished ...>
5890  <... poll resumed>)               = 0 (Timeout)
5890  getpid()                          = 5743
5890  write(169<pipe:[30101]>, "W", 1)  = 1
5890  write(169<pipe:[30101]>, "W", 1)  = 1
5890  write(169<pipe:[30101]>, "W", 1)  = 1
5890  read(168<pipe:[30101]>, "WWW", 10) = 3
5890  sendto(171<UNIX-STREAM:[37133->31625]>, "\0\0\0\30\377\377\377\377\0\0\0\0\0\0\0\0\0\0\0\0L\0\0\0\16L\0\0x<L\0"..., 44, MSG_NOSIGNAL, NULL, 0) = 44
5890  read(168<pipe:[30101]>, 0x7438815fdf7e, 10) = -1 EAGAIN (Resource temporarily unavailable)
5890  poll([{fd=168<pipe:[30101]>, events=POLLIN}, {fd=171<UNIX-STREAM:[37133->31625]>, events=POLLIN}], 2, 1500) = 1 ([{fd=171, revents=POLLIN}])
5890  write(169<pipe:[30101]>, "W", 1)  = 1
5890  recvmsg(171<UNIX-STREAM:[37133->31625]>, {msg_name=NULL, msg_namelen=0, msg_iov=[{iov_base="\0\0\0S\377\377\377\377\0\0\0\0\0\0\0\0\0\0\0\0", iov_len=20}], msg_iovlen=1, msg_control=[{cmsg_len=28, cmsg_level=SOL_SOCKET, cmsg_type=SCM_CREDENTIALS, cmsg_data={pid=1539, uid=1000, gid=1000}}], msg_controllen=32, msg_flags=0}, 0) = 20
5890  write(169<pipe:[30101]>, "W", 1)  = 1
5890  read(168<pipe:[30101]>, "WW", 10) = 2
5890  poll([{fd=168<pipe:[30101]>, events=POLLIN}, {fd=171<UNIX-STREAM:[37133->31625]>, events=POLLIN}], 2, 1499) = 1 ([{fd=171, revents=POLLIN}])
5890  write(169<pipe:[30101]>, "W", 1)  = 1
5890  recvmsg(171<UNIX-STREAM:[37133->31625]>, {msg_name=NULL, msg_namelen=0, msg_iov=[{iov_base="L\0\0\0\2L\0\0x<U\0\0\0\0\0\1P*U\0\0\0\0\0\0\0\0000Tf\230"..., iov_len=83}], msg_iovlen=1, msg_control=[{cmsg_len=28, cmsg_level=SOL_SOCKET, cmsg_type=SCM_CREDENTIALS, cmsg_data={pid=1539, uid=1000, gid=1000}}], msg_controllen=32, msg_flags=0}, 0) = 83
5890  write(169<pipe:[30101]>, "W", 1)  = 1
5890  read(168<pipe:[30101]>, "WW", 10) = 2
5890  poll([{fd=168<pipe:[30101]>, events=POLLIN}, {fd=171<UNIX-STREAM:[37133->31625]>, events=POLLIN}], 2, 1498 <unfinished ...>
5868  <... poll resumed>)               = 0 (Timeout)
5868  poll([{fd=110<pipe:[27405]>, events=POLLIN}, {fd=112<TCP:[192.168.30.128:37006->35.186.224.35:443]>, events=POLLIN}], 2, 50 <unfinished ...>
5832  <... epoll_wait resumed>[{events=EPOLLIN, data={u32=2367488412, u64=94152345584028}}], 128, -1) = 1
5832  timerfd_settime(92<anon_inode:[timerfd]>, 0, {it_interval={tv_sec=0, tv_nsec=0}, it_value={tv_sec=300, tv_nsec=0}}, {it_interval={tv_sec=0, tv_nsec=0}, it_value={tv_sec=0, tv_nsec=0}}) = 0
5832  timerfd_settime(92<anon_inode:[timerfd]>, 0, {it_interval={tv_sec=0, tv_nsec=0}, it_value={tv_sec=0, tv_nsec=48998000}}, {it_interval={tv_sec=0, tv_nsec=0}, it_value={tv_sec=299, tv_nsec=999766118}}) = 0
5832  epoll_wait(91<anon_inode:[eventpoll]>,  <unfinished ...>
5891  <... clock_nanosleep resumed>0x743880bfe140) = 0
5891  clock_nanosleep(CLOCK_REALTIME, 0, {tv_sec=0, tv_nsec=100000000},  <unfinished ...>
5875  <... futex resumed>)              = -1 ETIMEDOUT (Connection timed out)
5875  futex(0x743848096ce8, FUTEX_WAKE_PRIVATE, 1) = 0
5875  futex(0x74384808468c, FUTEX_WAIT_BITSET_PRIVATE, 0, {tv_sec=2753, tv_nsec=155253249}, FUTEX_BITSET_MATCH_ANY <unfinished ...>
5868  <... poll resumed>)               = 0 (Timeout)
5868  poll([{fd=110<pipe:[27405]>, events=POLLIN}, {fd=112<TCP:[192.168.30.128:37006->35.186.224.35:443]>, events=POLLIN}], 2, 50 <unfinished ...>
5832  <... epoll_wait resumed>[{events=EPOLLIN, data={u32=2367488412, u64=94152345584028}}], 128, -1) = 1
5832  timerfd_settime(92<anon_inode:[timerfd]>, 0, {it_interval={tv_sec=0, tv_nsec=0}, it_value={tv_sec=300, tv_nsec=0}}, {it_interval={tv_sec=0, tv_nsec=0}, it_value={tv_sec=0, tv_nsec=0}}) = 0
5832  timerfd_settime(92<anon_inode:[timerfd]>, 0, {it_interval={tv_sec=0, tv_nsec=0}, it_value={tv_sec=0, tv_nsec=49998000}}, {it_interval={tv_sec=0, tv_nsec=0}, it_value={tv_sec=299, tv_nsec=999774519}}) = 0
5832  epoll_wait(91<anon_inode:[eventpoll]>,  <unfinished ...>
5868  <... poll resumed>)               = 0 (Timeout)
5868  poll([{fd=110<pipe:[27405]>, events=POLLIN}, {fd=112<TCP:[192.168.30.128:37006->35.186.224.35:443]>, events=POLLIN}], 2, 50 <unfinished ...>
5832  <... epoll_wait resumed>[{events=EPOLLIN, data={u32=2367488412, u64=94152345584028}}], 128, -1) = 1
5832  timerfd_settime(92<anon_inode:[timerfd]>, 0, {it_interval={tv_sec=0, tv_nsec=0}, it_value={tv_sec=300, tv_nsec=0}}, {it_interval={tv_sec=0, tv_nsec=0}, it_value={tv_sec=0, tv_nsec=0}}) = 0
5832  timerfd_settime(92<anon_inode:[timerfd]>, 0, {it_interval={tv_sec=0, tv_nsec=0}, it_value={tv_sec=0, tv_nsec=48997000}}, {it_interval={tv_sec=0, tv_nsec=0}, it_value={tv_sec=299, tv_nsec=999592708}}) = 0
5832  epoll_wait(91<anon_inode:[eventpoll]>,  <unfinished ...>
5891  <... clock_nanosleep resumed>0x743880bfe140) = 0
5891  clock_nanosleep(CLOCK_REALTIME, 0, {tv_sec=0, tv_nsec=100000000},  <unfinished ...>
5875  <... futex resumed>)              = -1 ETIMEDOUT (Connection timed out)
5875  futex(0x743848096ce8, FUTEX_WAKE_PRIVATE, 1) = 0
5875  futex(0x74384808468c, FUTEX_WAIT_BITSET_PRIVATE, 0, {tv_sec=2753, tv_nsec=255676992}, FUTEX_BITSET_MATCH_ANY <unfinished ...>
5868  <... poll resumed>)               = 0 (Timeout)
5868  poll([{fd=110<pipe:[27405]>, events=POLLIN}, {fd=112<TCP:[192.168.30.128:37006->35.186.224.35:443]>, events=POLLIN}], 2, 50 <unfinished ...>
5832  <... epoll_wait resumed>[{events=EPOLLIN, data={u32=2367488412, u64=94152345584028}}], 128, -1) = 1
5832  timerfd_settime(92<anon_inode:[timerfd]>, 0, {it_interval={tv_sec=0, tv_nsec=0}, it_value={tv_sec=300, tv_nsec=0}}, {it_interval={tv_sec=0, tv_nsec=0}, it_value={tv_sec=0, tv_nsec=0}}) = 0
5832  timerfd_settime(92<anon_inode:[timerfd]>, 0, {it_interval={tv_sec=0, tv_nsec=0}, it_value={tv_sec=0, tv_nsec=47998000}}, {it_interval={tv_sec=0, tv_nsec=0}, it_value={tv_sec=299, tv_nsec=999575673}}) = 0
5832  epoll_wait(91<anon_inode:[eventpoll]>,  <unfinished ...>
5868  <... poll resumed>)               = 0 (Timeout)
5868  poll([{fd=110<pipe:[27405]>, events=POLLIN}, {fd=112<TCP:[192.168.30.128:37006->35.186.224.35:443]>, events=POLLIN}], 2, 50 <unfinished ...>
5832  <... epoll_wait resumed>[{events=EPOLLIN, data={u32=2367488412, u64=94152345584028}}], 128, -1) = 1
5832  timerfd_settime(92<anon_inode:[timerfd]>, 0, {it_interval={tv_sec=0, tv_nsec=0}, it_value={tv_sec=300, tv_nsec=0}}, {it_interval={tv_sec=0, tv_nsec=0}, it_value={tv_sec=0, tv_nsec=0}}) = 0
5832  timerfd_settime(92<anon_inode:[timerfd]>, 0, {it_interval={tv_sec=0, tv_nsec=0}, it_value={tv_sec=0, tv_nsec=49998000}}, {it_interval={tv_sec=0, tv_nsec=0}, it_value={tv_sec=299, tv_nsec=999764206}}) = 0
5832  epoll_wait(91<anon_inode:[eventpoll]>,  <unfinished ...>
5891  <... clock_nanosleep resumed>0x743880bfe140) = 0
5891  clock_nanosleep(CLOCK_REALTIME, 0, {tv_sec=0, tv_nsec=100000000},  <unfinished ...>
5875  <... futex resumed>)              = -1 ETIMEDOUT (Connection timed out)
5875  futex(0x743848096ce8, FUTEX_WAKE_PRIVATE, 1) = 0
5875  futex(0x74384808468c, FUTEX_WAIT_BITSET_PRIVATE, 0, {tv_sec=2753, tv_nsec=355998045}, FUTEX_BITSET_MATCH_ANY <unfinished ...>
5868  <... poll resumed>)               = 0 (Timeout)
5868  poll([{fd=110<pipe:[27405]>, events=POLLIN}, {fd=112<TCP:[192.168.30.128:37006->35.186.224.35:443]>, events=POLLIN}], 2, 50 <unfinished ...>
5832  <... epoll_wait resumed>[{events=EPOLLIN, data={u32=2367488412, u64=94152345584028}}], 128, -1) = 1
5832  timerfd_settime(92<anon_inode:[timerfd]>, 0, {it_interval={tv_sec=0, tv_nsec=0}, it_value={tv_sec=300, tv_nsec=0}}, {it_interval={tv_sec=0, tv_nsec=0}, it_value={tv_sec=0, tv_nsec=0}}) = 0
5832  timerfd_settime(92<anon_inode:[timerfd]>, 0, {it_interval={tv_sec=0, tv_nsec=0}, it_value={tv_sec=0, tv_nsec=41999000}}, {it_interval={tv_sec=0, tv_nsec=0}, it_value={tv_sec=299, tv_nsec=999065823}}) = 0
5832  epoll_wait(91<anon_inode:[eventpoll]>, [{events=EPOLLIN, data={u32=2367488412, u64=94152345584028}}], 128, -1) = 1
5832  timerfd_settime(92<anon_inode:[timerfd]>, 0, {it_interval={tv_sec=0, tv_nsec=0}, it_value={tv_sec=300, tv_nsec=0}}, {it_interval={tv_sec=0, tv_nsec=0}, it_value={tv_sec=0, tv_nsec=0}}) = 0
5832  timerfd_settime(92<anon_inode:[timerfd]>, 0, {it_interval={tv_sec=0, tv_nsec=0}, it_value={tv_sec=0, tv_nsec=46997000}}, {it_interval={tv_sec=0, tv_nsec=0}, it_value={tv_sec=299, tv_nsec=998944688}}) = 0
5832  epoll_wait(91<anon_inode:[eventpoll]>,  <unfinished ...>
5891  <... clock_nanosleep resumed>0x743880bfe140) = 0
5891  clock_nanosleep(CLOCK_REALTIME, 0, {tv_sec=0, tv_nsec=100000000},  <unfinished ...>
5868  <... poll resumed>)               = 0 (Timeout)
5868  poll([{fd=110<pipe:[27405]>, events=POLLIN}, {fd=112<TCP:[192.168.30.128:37006->35.186.224.35:443]>, events=POLLIN}], 2, 50 <unfinished ...>
5875  <... futex resumed>)              = -1 ETIMEDOUT (Connection timed out)
5875  futex(0x743848096ce8, FUTEX_WAKE_PRIVATE, 1) = 0
5875  futex(0x74384808468c, FUTEX_WAIT_BITSET_PRIVATE, 0, {tv_sec=2753, tv_nsec=455482716}, FUTEX_BITSET_MATCH_ANY <unfinished ...>
5832  <... epoll_wait resumed>[{events=EPOLLIN, data={u32=2367488412, u64=94152345584028}}], 128, -1) = 1
5832  timerfd_settime(92<anon_inode:[timerfd]>, 0, {it_interval={tv_sec=0, tv_nsec=0}, it_value={tv_sec=300, tv_nsec=0}}, {it_interval={tv_sec=0, tv_nsec=0}, it_value={tv_sec=0, tv_nsec=0}}) = 0
5832  timerfd_settime(92<anon_inode:[timerfd]>, 0, {it_interval={tv_sec=0, tv_nsec=0}, it_value={tv_sec=0, tv_nsec=42998000}}, {it_interval={tv_sec=0, tv_nsec=0}, it_value={tv_sec=299, tv_nsec=999223223}}) = 0
5832  epoll_wait(91<anon_inode:[eventpoll]>,  <unfinished ...>
5868  <... poll resumed>)               = 0 (Timeout)
5868  poll([{fd=110<pipe:[27405]>, events=POLLIN}, {fd=112<TCP:[192.168.30.128:37006->35.186.224.35:443]>, events=POLLIN}], 2, 50 <unfinished ...>
5832  <... epoll_wait resumed>[{events=EPOLLIN, data={u32=2367488412, u64=94152345584028}}], 128, -1) = 1
5832  timerfd_settime(92<anon_inode:[timerfd]>, 0, {it_interval={tv_sec=0, tv_nsec=0}, it_value={tv_sec=300, tv_nsec=0}}, {it_interval={tv_sec=0, tv_nsec=0}, it_value={tv_sec=0, tv_nsec=0}}) = 0
5832  timerfd_settime(92<anon_inode:[timerfd]>, 0, {it_interval={tv_sec=0, tv_nsec=0}, it_value={tv_sec=0, tv_nsec=44998000}}, {it_interval={tv_sec=0, tv_nsec=0}, it_value={tv_sec=299, tv_nsec=999431239}}) = 0
5832  epoll_wait(91<anon_inode:[eventpoll]>,  <unfinished ...>
5891  <... clock_nanosleep resumed>0x743880bfe140) = 0
5868  <... poll resumed>)               = 0 (Timeout)
5891  clock_nanosleep(CLOCK_REALTIME, 0, {tv_sec=0, tv_nsec=100000000},  <unfinished ...>
5868  poll([{fd=110<pipe:[27405]>, events=POLLIN}, {fd=112<TCP:[192.168.30.128:37006->35.186.224.35:443]>, events=POLLIN}], 2, 50 <unfinished ...>
5875  <... futex resumed>)              = -1 ETIMEDOUT (Connection timed out)
5875  futex(0x743848096ce8, FUTEX_WAKE_PRIVATE, 1) = 0
5875  futex(0x74384808468c, FUTEX_WAIT_BITSET_PRIVATE, 0, {tv_sec=2753, tv_nsec=555921635}, FUTEX_BITSET_MATCH_ANY <unfinished ...>
5832  <... epoll_wait resumed>[{events=EPOLLIN, data={u32=2367488412, u64=94152345584028}}], 128, -1) = 1
5832  timerfd_settime(92<anon_inode:[timerfd]>, 0, {it_interval={tv_sec=0, tv_nsec=0}, it_value={tv_sec=300, tv_nsec=0}}, {it_interval={tv_sec=0, tv_nsec=0}, it_value={tv_sec=0, tv_nsec=0}}) = 0
5832  timerfd_settime(92<anon_inode:[timerfd]>, 0, {it_interval={tv_sec=0, tv_nsec=0}, it_value={tv_sec=0, tv_nsec=48997000}}, {it_interval={tv_sec=0, tv_nsec=0}, it_value={tv_sec=299, tv_nsec=999743643}}) = 0
5832  epoll_wait(91<anon_inode:[eventpoll]>,  <unfinished ...>
5868  <... poll resumed>)               = 0 (Timeout)
5868  poll([{fd=110<pipe:[27405]>, events=POLLIN}, {fd=112<TCP:[192.168.30.128:37006->35.186.224.35:443]>, events=POLLIN}], 2, 50 <unfinished ...>
5832  <... epoll_wait resumed>[{events=EPOLLIN, data={u32=2367488412, u64=94152345584028}}], 128, -1) = 1
5832  timerfd_settime(92<anon_inode:[timerfd]>, 0, {it_interval={tv_sec=0, tv_nsec=0}, it_value={tv_sec=300, tv_nsec=0}}, {it_interval={tv_sec=0, tv_nsec=0}, it_value={tv_sec=0, tv_nsec=0}}) = 0
5832  timerfd_settime(92<anon_inode:[timerfd]>, 0, {it_interval={tv_sec=0, tv_nsec=0}, it_value={tv_sec=0, tv_nsec=48997000}}, {it_interval={tv_sec=0, tv_nsec=0}, it_value={tv_sec=299, tv_nsec=999706948}}) = 0
5832  epoll_wait(91<anon_inode:[eventpoll]>,  <unfinished ...>
5891  <... clock_nanosleep resumed>0x743880bfe140) = 0
5891  clock_nanosleep(CLOCK_REALTIME, 0, {tv_sec=0, tv_nsec=100000000},  <unfinished ...>
5868  <... poll resumed>)               = 0 (Timeout)
5868  poll([{fd=110<pipe:[27405]>, events=POLLIN}, {fd=112<TCP:[192.168.30.128:37006->35.186.224.35:443]>, events=POLLIN}], 2, 50 <unfinished ...>
5875  <... futex resumed>)              = -1 ETIMEDOUT (Connection timed out)
5875  futex(0x743848096ce8, FUTEX_WAKE_PRIVATE, 1) = 0
5875  futex(0x74384808468c, FUTEX_WAIT_BITSET_PRIVATE, 0, {tv_sec=2753, tv_nsec=655242372}, FUTEX_BITSET_MATCH_ANY <unfinished ...>
5832  <... epoll_wait resumed>[{events=EPOLLIN, data={u32=2367488412, u64=94152345584028}}], 128, -1) = 1
5832  timerfd_settime(92<anon_inode:[timerfd]>, 0, {it_interval={tv_sec=0, tv_nsec=0}, it_value={tv_sec=300, tv_nsec=0}}, {it_interval={tv_sec=0, tv_nsec=0}, it_value={tv_sec=0, tv_nsec=0}}) = 0
5832  timerfd_settime(92<anon_inode:[timerfd]>, 0, {it_interval={tv_sec=0, tv_nsec=0}, it_value={tv_sec=0, tv_nsec=48998000}}, {it_interval={tv_sec=0, tv_nsec=0}, it_value={tv_sec=299, tv_nsec=999865089}}) = 0
5832  epoll_wait(91<anon_inode:[eventpoll]>,  <unfinished ...>
5868  <... poll resumed>)               = 0 (Timeout)
5868  poll([{fd=110<pipe:[27405]>, events=POLLIN}, {fd=112<TCP:[192.168.30.128:37006->35.186.224.35:443]>, events=POLLIN}], 2, 50 <unfinished ...>
5832  <... epoll_wait resumed>[{events=EPOLLIN, data={u32=2367488412, u64=94152345584028}}], 128, -1) = 1
5832  timerfd_settime(92<anon_inode:[timerfd]>, 0, {it_interval={tv_sec=0, tv_nsec=0}, it_value={tv_sec=300, tv_nsec=0}}, {it_interval={tv_sec=0, tv_nsec=0}, it_value={tv_sec=0, tv_nsec=0}}) = 0
5832  timerfd_settime(92<anon_inode:[timerfd]>, 0, {it_interval={tv_sec=0, tv_nsec=0}, it_value={tv_sec=0, tv_nsec=49997000}}, {it_interval={tv_sec=0, tv_nsec=0}, it_value={tv_sec=299, tv_nsec=999751658}}) = 0
5832  epoll_wait(91<anon_inode:[eventpoll]>,  <unfinished ...>
5891  <... clock_nanosleep resumed>0x743880bfe140) = 0
5891  clock_nanosleep(CLOCK_REALTIME, 0, {tv_sec=0, tv_nsec=100000000},  <unfinished ...>
5868  <... poll resumed>)               = 0 (Timeout)
5868  poll([{fd=110<pipe:[27405]>, events=POLLIN}, {fd=112<TCP:[192.168.30.128:37006->35.186.224.35:443]>, events=POLLIN}], 2, 50 <unfinished ...>
5875  <... futex resumed>)              = -1 ETIMEDOUT (Connection timed out)
5875  futex(0x743848096ce8, FUTEX_WAKE_PRIVATE, 1) = 0
5875  futex(0x74384808468c, FUTEX_WAIT_BITSET_PRIVATE, 0, {tv_sec=2753, tv_nsec=755470582}, FUTEX_BITSET_MATCH_ANY <unfinished ...>
5832  <... epoll_wait resumed>[{events=EPOLLIN, data={u32=2367488412, u64=94152345584028}}], 128, -1) = 1
5832  timerfd_settime(92<anon_inode:[timerfd]>, 0, {it_interval={tv_sec=0, tv_nsec=0}, it_value={tv_sec=300, tv_nsec=0}}, {it_interval={tv_sec=0, tv_nsec=0}, it_value={tv_sec=0, tv_nsec=0}}) = 0
5832  timerfd_settime(92<anon_inode:[timerfd]>, 0, {it_interval={tv_sec=0, tv_nsec=0}, it_value={tv_sec=0, tv_nsec=48998000}}, {it_interval={tv_sec=0, tv_nsec=0}, it_value={tv_sec=299, tv_nsec=999749363}}) = 0
5832  epoll_wait(91<anon_inode:[eventpoll]>,  <unfinished ...>
5868  <... poll resumed>)               = 0 (Timeout)
5868  poll([{fd=110<pipe:[27405]>, events=POLLIN}, {fd=112<TCP:[192.168.30.128:37006->35.186.224.35:443]>, events=POLLIN}], 2, 50 <unfinished ...>
5832  <... epoll_wait resumed>[{events=EPOLLIN, data={u32=2367488412, u64=94152345584028}}], 128, -1) = 1
5832  timerfd_settime(92<anon_inode:[timerfd]>, 0, {it_interval={tv_sec=0, tv_nsec=0}, it_value={tv_sec=300, tv_nsec=0}}, {it_interval={tv_sec=0, tv_nsec=0}, it_value={tv_sec=0, tv_nsec=0}}) = 0
5832  timerfd_settime(92<anon_inode:[timerfd]>, 0, {it_interval={tv_sec=0, tv_nsec=0}, it_value={tv_sec=0, tv_nsec=48998000}}, {it_interval={tv_sec=0, tv_nsec=0}, it_value={tv_sec=299, tv_nsec=999715229}}) = 0
5832  epoll_wait(91<anon_inode:[eventpoll]>,  <unfinished ...>
5891  <... clock_nanosleep resumed>0x743880bfe140) = 0
5891  clock_nanosleep(CLOCK_REALTIME, 0, {tv_sec=0, tv_nsec=100000000},  <unfinished ...>
5868  <... poll resumed>)               = 0 (Timeout)
5868  poll([{fd=110<pipe:[27405]>, events=POLLIN}, {fd=112<TCP:[192.168.30.128:37006->35.186.224.35:443]>, events=POLLIN}], 2, 50 <unfinished ...>
5875  <... futex resumed>)              = -1 ETIMEDOUT (Connection timed out)
5875  futex(0x743848096ce8, FUTEX_WAKE_PRIVATE, 1) = 0
5875  futex(0x74384808468c, FUTEX_WAIT_BITSET_PRIVATE, 0, {tv_sec=2753, tv_nsec=855879110}, FUTEX_BITSET_MATCH_ANY <unfinished ...>
5863  <... restart_syscall resumed>)    = 0
5863  getpid()                          = 5743
5863  poll([{fd=102<pipe:[37089]>, events=POLLIN}, {fd=122<TCP:[0.0.0.0:57621]>, events=POLLIN|POLLOUT}, {fd=108<TCP:[192.168.30.128:43406->104.199.240.237:4070]>, events=POLLIN}], 3, 6028 <unfinished ...>
5832  <... epoll_wait resumed>[{events=EPOLLIN, data={u32=2367488412, u64=94152345584028}}], 128, -1) = 1
5832  timerfd_settime(92<anon_inode:[timerfd]>, 0, {it_interval={tv_sec=0, tv_nsec=0}, it_value={tv_sec=300, tv_nsec=0}}, {it_interval={tv_sec=0, tv_nsec=0}, it_value={tv_sec=0, tv_nsec=0}}) = 0
5832  timerfd_settime(92<anon_inode:[timerfd]>, 0, {it_interval={tv_sec=0, tv_nsec=0}, it_value={tv_sec=0, tv_nsec=39997000}}, {it_interval={tv_sec=0, tv_nsec=0}, it_value={tv_sec=299, tv_nsec=999663705}}) = 0
5832  epoll_wait(91<anon_inode:[eventpoll]>,  <unfinished ...>
5868  <... poll resumed>)               = 0 (Timeout)
5868  poll([{fd=110<pipe:[27405]>, events=POLLIN}, {fd=112<TCP:[192.168.30.128:37006->35.186.224.35:443]>, events=POLLIN}], 2, 50 <unfinished ...>
5832  <... epoll_wait resumed>[{events=EPOLLIN, data={u32=2367488412, u64=94152345584028}}], 128, -1) = 1
5832  timerfd_settime(92<anon_inode:[timerfd]>, 0, {it_interval={tv_sec=0, tv_nsec=0}, it_value={tv_sec=300, tv_nsec=0}}, {it_interval={tv_sec=0, tv_nsec=0}, it_value={tv_sec=0, tv_nsec=0}}) = 0
5832  timerfd_settime(92<anon_inode:[timerfd]>, 0, {it_interval={tv_sec=0, tv_nsec=0}, it_value={tv_sec=0, tv_nsec=48998000}}, {it_interval={tv_sec=0, tv_nsec=0}, it_value={tv_sec=299, tv_nsec=999708766}}) = 0
5832  epoll_wait(91<anon_inode:[eventpoll]>,  <unfinished ...>
5891  <... clock_nanosleep resumed>0x743880bfe140) = 0
5891  clock_nanosleep(CLOCK_REALTIME, 0, {tv_sec=0, tv_nsec=100000000},  <unfinished ...>
5868  <... poll resumed>)               = 0 (Timeout)
5868  poll([{fd=110<pipe:[27405]>, events=POLLIN}, {fd=112<TCP:[192.168.30.128:37006->35.186.224.35:443]>, events=POLLIN}], 2, 50 <unfinished ...>
5875  <... futex resumed>)              = -1 ETIMEDOUT (Connection timed out)
5875  futex(0x743848096ce8, FUTEX_WAKE_PRIVATE, 1) = 0
5875  futex(0x74384808468c, FUTEX_WAIT_BITSET_PRIVATE, 0, {tv_sec=2753, tv_nsec=955326964}, FUTEX_BITSET_MATCH_ANY <unfinished ...>
5832  <... epoll_wait resumed>[{events=EPOLLIN, data={u32=2367488412, u64=94152345584028}}], 128, -1) = 1
5832  timerfd_settime(92<anon_inode:[timerfd]>, 0, {it_interval={tv_sec=0, tv_nsec=0}, it_value={tv_sec=300, tv_nsec=0}}, {it_interval={tv_sec=0, tv_nsec=0}, it_value={tv_sec=0, tv_nsec=0}}) = 0
5832  timerfd_settime(92<anon_inode:[timerfd]>, 0, {it_interval={tv_sec=0, tv_nsec=0}, it_value={tv_sec=0, tv_nsec=48998000}}, {it_interval={tv_sec=0, tv_nsec=0}, it_value={tv_sec=299, tv_nsec=999698062}}) = 0
5832  epoll_wait(91<anon_inode:[eventpoll]>,  <unfinished ...>
5868  <... poll resumed>)               = 0 (Timeout)
5868  poll([{fd=110<pipe:[27405]>, events=POLLIN}, {fd=112<TCP:[192.168.30.128:37006->35.186.224.35:443]>, events=POLLIN}], 2, 50 <unfinished ...>
5832  <... epoll_wait resumed>[{events=EPOLLIN, data={u32=2367488412, u64=94152345584028}}], 128, -1) = 1
5832  timerfd_settime(92<anon_inode:[timerfd]>, 0, {it_interval={tv_sec=0, tv_nsec=0}, it_value={tv_sec=300, tv_nsec=0}}, {it_interval={tv_sec=0, tv_nsec=0}, it_value={tv_sec=0, tv_nsec=0}}) = 0
5832  timerfd_settime(92<anon_inode:[timerfd]>, 0, {it_interval={tv_sec=0, tv_nsec=0}, it_value={tv_sec=0, tv_nsec=49998000}}, {it_interval={tv_sec=0, tv_nsec=0}, it_value={tv_sec=299, tv_nsec=999747470}}) = 0
5832  epoll_wait(91<anon_inode:[eventpoll]>,  <unfinished ...>
5891  <... clock_nanosleep resumed>0x743880bfe140) = 0
5891  clock_nanosleep(CLOCK_REALTIME, 0, {tv_sec=0, tv_nsec=100000000},  <unfinished ...>
5868  <... poll resumed>)               = 0 (Timeout)
5868  poll([{fd=110<pipe:[27405]>, events=POLLIN}, {fd=112<TCP:[192.168.30.128:37006->35.186.224.35:443]>, events=POLLIN}], 2, 50 <unfinished ...>
5875  <... futex resumed>)              = -1 ETIMEDOUT (Connection timed out)
5875  futex(0x743848096ce8, FUTEX_WAKE_PRIVATE, 1) = 0
5875  futex(0x74384808468c, FUTEX_WAIT_BITSET_PRIVATE, 0, {tv_sec=2754, tv_nsec=55485441}, FUTEX_BITSET_MATCH_ANY <unfinished ...>
5832  <... epoll_wait resumed>[{events=EPOLLIN, data={u32=2367488412, u64=94152345584028}}], 128, -1) = 1
5832  timerfd_settime(92<anon_inode:[timerfd]>, 0, {it_interval={tv_sec=0, tv_nsec=0}, it_value={tv_sec=300, tv_nsec=0}}, {it_interval={tv_sec=0, tv_nsec=0}, it_value={tv_sec=0, tv_nsec=0}}) = 0
5832  timerfd_settime(92<anon_inode:[timerfd]>, 0, {it_interval={tv_sec=0, tv_nsec=0}, it_value={tv_sec=0, tv_nsec=48999000}}, {it_interval={tv_sec=0, tv_nsec=0}, it_value={tv_sec=299, tv_nsec=999773436}}) = 0
5832  epoll_wait(91<anon_inode:[eventpoll]>,  <unfinished ...>
5868  <... poll resumed>)               = 0 (Timeout)
5868  poll([{fd=110<pipe:[27405]>, events=POLLIN}, {fd=112<TCP:[192.168.30.128:37006->35.186.224.35:443]>, events=POLLIN}], 2, 50 <unfinished ...>
5832  <... epoll_wait resumed>[{events=EPOLLIN, data={u32=2367488412, u64=94152345584028}}], 128, -1) = 1
5832  timerfd_settime(92<anon_inode:[timerfd]>, 0, {it_interval={tv_sec=0, tv_nsec=0}, it_value={tv_sec=300, tv_nsec=0}}, {it_interval={tv_sec=0, tv_nsec=0}, it_value={tv_sec=0, tv_nsec=0}}) = 0
5832  timerfd_settime(92<anon_inode:[timerfd]>, 0, {it_interval={tv_sec=0, tv_nsec=0}, it_value={tv_sec=0, tv_nsec=48998000}}, {it_interval={tv_sec=0, tv_nsec=0}, it_value={tv_sec=299, tv_nsec=999609955}}) = 0
5832  epoll_wait(91<anon_inode:[eventpoll]>,  <unfinished ...>
5891  <... clock_nanosleep resumed>0x743880bfe140) = 0
5891  clock_nanosleep(CLOCK_REALTIME, 0, {tv_sec=0, tv_nsec=100000000},  <unfinished ...>
5868  <... poll resumed>)               = 0 (Timeout)
5868  poll([{fd=110<pipe:[27405]>, events=POLLIN}, {fd=112<TCP:[192.168.30.128:37006->35.186.224.35:443]>, events=POLLIN}], 2, 50 <unfinished ...>
5875  <... futex resumed>)              = -1 ETIMEDOUT (Connection timed out)
5875  futex(0x743848096ce8, FUTEX_WAKE_PRIVATE, 1) = 0
5875  futex(0x74384808468c, FUTEX_WAIT_BITSET_PRIVATE, 0, {tv_sec=2754, tv_nsec=155684341}, FUTEX_BITSET_MATCH_ANY <unfinished ...>
5832  <... epoll_wait resumed>[{events=EPOLLIN, data={u32=2367488412, u64=94152345584028}}], 128, -1) = 1
5832  timerfd_settime(92<anon_inode:[timerfd]>, 0, {it_interval={tv_sec=0, tv_nsec=0}, it_value={tv_sec=300, tv_nsec=0}}, {it_interval={tv_sec=0, tv_nsec=0}, it_value={tv_sec=0, tv_nsec=0}}) = 0
5832  timerfd_settime(92<anon_inode:[timerfd]>, 0, {it_interval={tv_sec=0, tv_nsec=0}, it_value={tv_sec=0, tv_nsec=48997000}}, {it_interval={tv_sec=0, tv_nsec=0}, it_value={tv_sec=299, tv_nsec=999735028}}) = 0
5832  epoll_wait(91<anon_inode:[eventpoll]>,  <unfinished ...>
5868  <... poll resumed>)               = 0 (Timeout)
5868  poll([{fd=110<pipe:[27405]>, events=POLLIN}, {fd=112<TCP:[192.168.30.128:37006->35.186.224.35:443]>, events=POLLIN}], 2, 50 <unfinished ...>
5832  <... epoll_wait resumed>[{events=EPOLLIN, data={u32=2367488412, u64=94152345584028}}], 128, -1) = 1
5832  timerfd_settime(92<anon_inode:[timerfd]>, 0, {it_interval={tv_sec=0, tv_nsec=0}, it_value={tv_sec=300, tv_nsec=0}}, {it_interval={tv_sec=0, tv_nsec=0}, it_value={tv_sec=0, tv_nsec=0}}) = 0
5832  timerfd_settime(92<anon_inode:[timerfd]>, 0, {it_interval={tv_sec=0, tv_nsec=0}, it_value={tv_sec=0, tv_nsec=43998000}}, {it_interval={tv_sec=0, tv_nsec=0}, it_value={tv_sec=299, tv_nsec=999423943}}) = 0
5832  epoll_wait(91<anon_inode:[eventpoll]>,  <unfinished ...>
5891  <... clock_nanosleep resumed>0x743880bfe140) = 0
5891  clock_nanosleep(CLOCK_REALTIME, 0, {tv_sec=0, tv_nsec=100000000},  <unfinished ...>
5868  <... poll resumed>)               = 0 (Timeout)
5868  poll([{fd=110<pipe:[27405]>, events=POLLIN}, {fd=112<TCP:[192.168.30.128:37006->35.186.224.35:443]>, events=POLLIN}], 2, 50 <unfinished ...>
5875  <... futex resumed>)              = -1 ETIMEDOUT (Connection timed out)
5875  futex(0x743848096ce8, FUTEX_WAKE_PRIVATE, 1) = 0
5875  futex(0x74384808468c, FUTEX_WAIT_BITSET_PRIVATE, 0, {tv_sec=2754, tv_nsec=255013654}, FUTEX_BITSET_MATCH_ANY <unfinished ...>
5832  <... epoll_wait resumed>[{events=EPOLLIN, data={u32=2367488412, u64=94152345584028}}], 128, -1) = 1
5832  timerfd_settime(92<anon_inode:[timerfd]>, 0, {it_interval={tv_sec=0, tv_nsec=0}, it_value={tv_sec=300, tv_nsec=0}}, {it_interval={tv_sec=0, tv_nsec=0}, it_value={tv_sec=0, tv_nsec=0}}) = 0
5832  timerfd_settime(92<anon_inode:[timerfd]>, 0, {it_interval={tv_sec=0, tv_nsec=0}, it_value={tv_sec=0, tv_nsec=48997000}}, {it_interval={tv_sec=0, tv_nsec=0}, it_value={tv_sec=299, tv_nsec=999745006}}) = 0
5832  epoll_wait(91<anon_inode:[eventpoll]>,  <unfinished ...>
5868  <... poll resumed>)               = 0 (Timeout)
5868  poll([{fd=110<pipe:[27405]>, events=POLLIN}, {fd=112<TCP:[192.168.30.128:37006->35.186.224.35:443]>, events=POLLIN}], 2, 50 <unfinished ...>
5832  <... epoll_wait resumed>[{events=EPOLLIN, data={u32=2367488412, u64=94152345584028}}], 128, -1) = 1
5832  timerfd_settime(92<anon_inode:[timerfd]>, 0, {it_interval={tv_sec=0, tv_nsec=0}, it_value={tv_sec=300, tv_nsec=0}}, {it_interval={tv_sec=0, tv_nsec=0}, it_value={tv_sec=0, tv_nsec=0}}) = 0
5832  timerfd_settime(92<anon_inode:[timerfd]>, 0, {it_interval={tv_sec=0, tv_nsec=0}, it_value={tv_sec=0, tv_nsec=48998000}}, {it_interval={tv_sec=0, tv_nsec=0}, it_value={tv_sec=299, tv_nsec=999768143}}) = 0
5832  epoll_wait(91<anon_inode:[eventpoll]>,  <unfinished ...>
5891  <... clock_nanosleep resumed>0x743880bfe140) = 0
5891  clock_nanosleep(CLOCK_REALTIME, 0, {tv_sec=0, tv_nsec=100000000},  <unfinished ...>
5868  <... poll resumed>)               = 0 (Timeout)
5868  poll([{fd=110<pipe:[27405]>, events=POLLIN}, {fd=112<TCP:[192.168.30.128:37006->35.186.224.35:443]>, events=POLLIN}], 2, 50 <unfinished ...>
5875  <... futex resumed>)              = -1 ETIMEDOUT (Connection timed out)
5875  futex(0x743848096ce8, FUTEX_WAKE_PRIVATE, 1) = 0
5875  futex(0x74384808468c, FUTEX_WAIT_BITSET_PRIVATE, 0, {tv_sec=2754, tv_nsec=355402206}, FUTEX_BITSET_MATCH_ANY <unfinished ...>
5832  <... epoll_wait resumed>[{events=EPOLLIN, data={u32=2367488412, u64=94152345584028}}], 128, -1) = 1
5832  timerfd_settime(92<anon_inode:[timerfd]>, 0, {it_interval={tv_sec=0, tv_nsec=0}, it_value={tv_sec=300, tv_nsec=0}}, {it_interval={tv_sec=0, tv_nsec=0}, it_value={tv_sec=0, tv_nsec=0}}) = 0
5832  timerfd_settime(92<anon_inode:[timerfd]>, 0, {it_interval={tv_sec=0, tv_nsec=0}, it_value={tv_sec=0, tv_nsec=49997000}}, {it_interval={tv_sec=0, tv_nsec=0}, it_value={tv_sec=299, tv_nsec=999747132}}) = 0
5832  epoll_wait(91<anon_inode:[eventpoll]>,  <unfinished ...>
5868  <... poll resumed>)               = 0 (Timeout)
5868  poll([{fd=110<pipe:[27405]>, events=POLLIN}, {fd=112<TCP:[192.168.30.128:37006->35.186.224.35:443]>, events=POLLIN}], 2, 50 <unfinished ...>
5832  <... epoll_wait resumed>[{events=EPOLLIN, data={u32=2367488412, u64=94152345584028}}], 128, -1) = 1
5832  timerfd_settime(92<anon_inode:[timerfd]>, 0, {it_interval={tv_sec=0, tv_nsec=0}, it_value={tv_sec=300, tv_nsec=0}}, {it_interval={tv_sec=0, tv_nsec=0}, it_value={tv_sec=0, tv_nsec=0}}) = 0
5832  timerfd_settime(92<anon_inode:[timerfd]>, 0, {it_interval={tv_sec=0, tv_nsec=0}, it_value={tv_sec=0, tv_nsec=43998000}}, {it_interval={tv_sec=0, tv_nsec=0}, it_value={tv_sec=299, tv_nsec=999921502}}) = 0
5832  epoll_wait(91<anon_inode:[eventpoll]>,  <unfinished ...>
5891  <... clock_nanosleep resumed>0x743880bfe140) = 0
5891  clock_nanosleep(CLOCK_REALTIME, 0, {tv_sec=0, tv_nsec=100000000},  <unfinished ...>
5868  <... poll resumed>)               = 0 (Timeout)
5868  poll([{fd=110<pipe:[27405]>, events=POLLIN}, {fd=112<TCP:[192.168.30.128:37006->35.186.224.35:443]>, events=POLLIN}], 2, 50 <unfinished ...>
5875  <... futex resumed>)              = -1 ETIMEDOUT (Connection timed out)
5875  futex(0x743848096ce8, FUTEX_WAKE_PRIVATE, 1) = 0
5875  futex(0x74384808468c, FUTEX_WAIT_BITSET_PRIVATE, 0, {tv_sec=2754, tv_nsec=455729234}, FUTEX_BITSET_MATCH_ANY <unfinished ...>
5832  <... epoll_wait resumed>[{events=EPOLLIN, data={u32=2367488412, u64=94152345584028}}], 128, -1) = 1
5832  timerfd_settime(92<anon_inode:[timerfd]>, 0, {it_interval={tv_sec=0, tv_nsec=0}, it_value={tv_sec=300, tv_nsec=0}}, {it_interval={tv_sec=0, tv_nsec=0}, it_value={tv_sec=0, tv_nsec=0}}) = 0
5832  timerfd_settime(92<anon_inode:[timerfd]>, 0, {it_interval={tv_sec=0, tv_nsec=0}, it_value={tv_sec=0, tv_nsec=1999000}}, {it_interval={tv_sec=0, tv_nsec=0}, it_value={tv_sec=299, tv_nsec=999883782}}) = 0
5832  epoll_wait(91<anon_inode:[eventpoll]>, [{events=EPOLLIN, data={u32=2367488412, u64=94152345584028}}], 128, -1) = 1
5832  timerfd_settime(92<anon_inode:[timerfd]>, 0, {it_interval={tv_sec=0, tv_nsec=0}, it_value={tv_sec=300, tv_nsec=0}}, {it_interval={tv_sec=0, tv_nsec=0}, it_value={tv_sec=0, tv_nsec=0}}) = 0
5832  timerfd_settime(92<anon_inode:[timerfd]>, 0, {it_interval={tv_sec=0, tv_nsec=0}, it_value={tv_sec=0, tv_nsec=48998000}}, {it_interval={tv_sec=0, tv_nsec=0}, it_value={tv_sec=299, tv_nsec=999776123}}) = 0
5832  epoll_wait(91<anon_inode:[eventpoll]>,  <unfinished ...>
5868  <... poll resumed>)               = 0 (Timeout)
5868  poll([{fd=110<pipe:[27405]>, events=POLLIN}, {fd=112<TCP:[192.168.30.128:37006->35.186.224.35:443]>, events=POLLIN}], 2, 50 <unfinished ...>
5832  <... epoll_wait resumed>[{events=EPOLLIN, data={u32=2367488412, u64=94152345584028}}], 128, -1) = 1
5832  timerfd_settime(92<anon_inode:[timerfd]>, 0, {it_interval={tv_sec=0, tv_nsec=0}, it_value={tv_sec=300, tv_nsec=0}}, {it_interval={tv_sec=0, tv_nsec=0}, it_value={tv_sec=0, tv_nsec=0}}) = 0
5832  timerfd_settime(92<anon_inode:[timerfd]>, 0, {it_interval={tv_sec=0, tv_nsec=0}, it_value={tv_sec=0, tv_nsec=49998000}}, {it_interval={tv_sec=0, tv_nsec=0}, it_value={tv_sec=299, tv_nsec=999920567}}) = 0
5832  epoll_wait(91<anon_inode:[eventpoll]>,  <unfinished ...>
5891  <... clock_nanosleep resumed>0x743880bfe140) = 0
5891  clock_nanosleep(CLOCK_REALTIME, 0, {tv_sec=0, tv_nsec=100000000},  <unfinished ...>
5868  <... poll resumed>)               = 0 (Timeout)
5868  poll([{fd=110<pipe:[27405]>, events=POLLIN}, {fd=112<TCP:[192.168.30.128:37006->35.186.224.35:443]>, events=POLLIN}], 2, 50 <unfinished ...>
5875  <... futex resumed>)              = -1 ETIMEDOUT (Connection timed out)
5875  futex(0x743848096ce8, FUTEX_WAKE_PRIVATE, 1) = 0
