5875  futex(0x74384808468c, FUTEX_WAIT_BITSET_PRIVATE, 0, {tv_sec=2754, tv_nsec=555962383}, FUTEX_BITSET_MATCH_ANY <unfinished ...>
5832  <... epoll_wait resumed>[{events=EPOLLIN, data={u32=2367488412, u64=94152345584028}}], 128, -1) = 1
5832  timerfd_settime(92<anon_inode:[timerfd]>, 0, {it_interval={tv_sec=0, tv_nsec=0}, it_value={tv_sec=300, tv_nsec=0}}, {it_interval={tv_sec=0, tv_nsec=0}, it_value={tv_sec=0, tv_nsec=0}}) = 0
5832  timerfd_settime(92<anon_inode:[timerfd]>, 0, {it_interval={tv_sec=0, tv_nsec=0}, it_value={tv_sec=0, tv_nsec=49999000}}, {it_interval={tv_sec=0, tv_nsec=0}, it_value={tv_sec=299, tv_nsec=999973125}}) = 0
5832  epoll_wait(91<anon_inode:[eventpoll]>,  <unfinished ...>
5868  <... poll resumed>)               = 0 (Timeout)
5868  poll([{fd=110<pipe:[27405]>, events=POLLIN}, {fd=112<TCP:[192.168.30.128:37006->35.186.224.35:443]>, events=POLLIN}], 2, 50 <unfinished ...>
5890  <... poll resumed>)               = 0 (Timeout)
5890  getpid()                          = 5743
5832  <... epoll_wait resumed>[{events=EPOLLIN, data={u32=2367488412, u64=94152345584028}}], 128, -1) = 1
5890  write(169<pipe:[30101]>, "W", 1 <unfinished ...>
5832  timerfd_settime(92<anon_inode:[timerfd]>, 0, {it_interval={tv_sec=0, tv_nsec=0}, it_value={tv_sec=300, tv_nsec=0}},  <unfinished ...>
5890  <... write resumed>)              = 1
5832  <... timerfd_settime resumed>{it_interval={tv_sec=0, tv_nsec=0}, it_value={tv_sec=0, tv_nsec=0}}) = 0
5890  write(169<pipe:[30101]>, "W", 1 <unfinished ...>
5832  timerfd_settime(92<anon_inode:[timerfd]>, 0, {it_interval={tv_sec=0, tv_nsec=0}, it_value={tv_sec=0, tv_nsec=48999000}},  <unfinished ...>
5890  <... write resumed>)              = 1
5832  <... timerfd_settime resumed>{it_interval={tv_sec=0, tv_nsec=0}, it_value={tv_sec=299, tv_nsec=999867621}}) = 0
5890  write(169<pipe:[30101]>, "W", 1 <unfinished ...>
5832  epoll_wait(91<anon_inode:[eventpoll]>,  <unfinished ...>
5890  <... write resumed>)              = 1
5890  read(168<pipe:[30101]>, "WWW", 10) = 3
5890  sendto(171<UNIX-STREAM:[37133->31625]>, "\0\0\0\30\377\377\377\377\0\0\0\0\0\0\0\0\0\0\0\0L\0\0\0\16L\0\0x=L\0"..., 44, MSG_NOSIGNAL, NULL, 0) = 44
5890  read(168<pipe:[30101]>, 0x7438815fdf7e, 10) = -1 EAGAIN (Resource temporarily unavailable)
5890  poll([{fd=168<pipe:[30101]>, events=POLLIN}, {fd=171<UNIX-STREAM:[37133->31625]>, events=POLLIN}], 2, 1498) = 1 ([{fd=171, revents=POLLIN}])
5890  write(169<pipe:[30101]>, "W", 1)  = 1
5890  recvmsg(171<UNIX-STREAM:[37133->31625]>, {msg_name=NULL, msg_namelen=0, msg_iov=[{iov_base="\0\0\0S\377\377\377\377\0\0\0\0\0\0\0\0\0\0\0\0", iov_len=20}], msg_iovlen=1, msg_control=[{cmsg_len=28, cmsg_level=SOL_SOCKET, cmsg_type=SCM_CREDENTIALS, cmsg_data={pid=1539, uid=1000, gid=1000}}], msg_controllen=32, msg_flags=0}, 0) = 20
5890  write(169<pipe:[30101]>, "W", 1)  = 1
5890  read(168<pipe:[30101]>, "WW", 10) = 2
5890  poll([{fd=168<pipe:[30101]>, events=POLLIN}, {fd=171<UNIX-STREAM:[37133->31625]>, events=POLLIN}], 2, 1497) = 1 ([{fd=171, revents=POLLIN}])
5890  write(169<pipe:[30101]>, "W", 1)  = 1
5890  recvmsg(171<UNIX-STREAM:[37133->31625]>, {msg_name=NULL, msg_namelen=0, msg_iov=[{iov_base="L\0\0\0\2L\0\0x=U\0\0\0\0\0\1P*U\0\0\0\0\0\0\0\0000Tf\230"..., iov_len=83}], msg_iovlen=1, msg_control=[{cmsg_len=28, cmsg_level=SOL_SOCKET, cmsg_type=SCM_CREDENTIALS, cmsg_data={pid=1539, uid=1000, gid=1000}}], msg_controllen=32, msg_flags=0}, 0) = 83
5890  write(169<pipe:[30101]>, "W", 1)  = 1
5890  read(168<pipe:[30101]>, "WW", 10) = 2
5890  poll([{fd=168<pipe:[30101]>, events=POLLIN}, {fd=171<UNIX-STREAM:[37133->31625]>, events=POLLIN}], 2, 1496 <unfinished ...>
5891  <... clock_nanosleep resumed>0x743880bfe140) = 0
5891  clock_nanosleep(CLOCK_REALTIME, 0, {tv_sec=0, tv_nsec=100000000},  <unfinished ...>
5868  <... poll resumed>)               = 0 (Timeout)
5868  poll([{fd=110<pipe:[27405]>, events=POLLIN}, {fd=112<TCP:[192.168.30.128:37006->35.186.224.35:443]>, events=POLLIN}], 2, 50 <unfinished ...>
5875  <... futex resumed>)              = -1 ETIMEDOUT (Connection timed out)
5875  futex(0x743848096ce8, FUTEX_WAKE_PRIVATE, 1) = 0
5875  futex(0x74384808468c, FUTEX_WAIT_BITSET_PRIVATE, 0, {tv_sec=2754, tv_nsec=655199598}, FUTEX_BITSET_MATCH_ANY <unfinished ...>
5832  <... epoll_wait resumed>[{events=EPOLLIN, data={u32=2367488412, u64=94152345584028}}], 128, -1) = 1
5832  timerfd_settime(92<anon_inode:[timerfd]>, 0, {it_interval={tv_sec=0, tv_nsec=0}, it_value={tv_sec=300, tv_nsec=0}}, {it_interval={tv_sec=0, tv_nsec=0}, it_value={tv_sec=0, tv_nsec=0}}) = 0
5832  timerfd_settime(92<anon_inode:[timerfd]>, 0, {it_interval={tv_sec=0, tv_nsec=0}, it_value={tv_sec=0, tv_nsec=49998000}}, {it_interval={tv_sec=0, tv_nsec=0}, it_value={tv_sec=299, tv_nsec=999916370}}) = 0
5832  epoll_wait(91<anon_inode:[eventpoll]>,  <unfinished ...>
5868  <... poll resumed>)               = 0 (Timeout)
5868  poll([{fd=110<pipe:[27405]>, events=POLLIN}, {fd=112<TCP:[192.168.30.128:37006->35.186.224.35:443]>, events=POLLIN}], 2, 50 <unfinished ...>
5832  <... epoll_wait resumed>[{events=EPOLLIN, data={u32=2367488412, u64=94152345584028}}], 128, -1) = 1
5832  timerfd_settime(92<anon_inode:[timerfd]>, 0, {it_interval={tv_sec=0, tv_nsec=0}, it_value={tv_sec=300, tv_nsec=0}}, {it_interval={tv_sec=0, tv_nsec=0}, it_value={tv_sec=0, tv_nsec=0}}) = 0
5832  timerfd_settime(92<anon_inode:[timerfd]>, 0, {it_interval={tv_sec=0, tv_nsec=0}, it_value={tv_sec=0, tv_nsec=48998000}}, {it_interval={tv_sec=0, tv_nsec=0}, it_value={tv_sec=299, tv_nsec=999908687}}) = 0
5832  epoll_wait(91<anon_inode:[eventpoll]>,  <unfinished ...>
5891  <... clock_nanosleep resumed>0x743880bfe140) = 0
5891  clock_nanosleep(CLOCK_REALTIME, 0, {tv_sec=0, tv_nsec=100000000},  <unfinished ...>
5875  <... futex resumed>)              = -1 ETIMEDOUT (Connection timed out)
5875  futex(0x743848096ce8, FUTEX_WAKE_PRIVATE, 1) = 0
5875  futex(0x74384808468c, FUTEX_WAIT_BITSET_PRIVATE, 0, {tv_sec=2754, tv_nsec=755634792}, FUTEX_BITSET_MATCH_ANY <unfinished ...>
5868  <... poll resumed>)               = 0 (Timeout)
5868  poll([{fd=110<pipe:[27405]>, events=POLLIN}, {fd=112<TCP:[192.168.30.128:37006->35.186.224.35:443]>, events=POLLIN}], 2, 50 <unfinished ...>
5832  <... epoll_wait resumed>[{events=EPOLLIN, data={u32=2367488412, u64=94152345584028}}], 128, -1) = 1
5832  timerfd_settime(92<anon_inode:[timerfd]>, 0, {it_interval={tv_sec=0, tv_nsec=0}, it_value={tv_sec=300, tv_nsec=0}}, {it_interval={tv_sec=0, tv_nsec=0}, it_value={tv_sec=0, tv_nsec=0}}) = 0
5832  timerfd_settime(92<anon_inode:[timerfd]>, 0, {it_interval={tv_sec=0, tv_nsec=0}, it_value={tv_sec=0, tv_nsec=49998000}}, {it_interval={tv_sec=0, tv_nsec=0}, it_value={tv_sec=299, tv_nsec=999915722}}) = 0
5832  epoll_wait(91<anon_inode:[eventpoll]>,  <unfinished ...>
5868  <... poll resumed>)               = 0 (Timeout)
5868  poll([{fd=110<pipe:[27405]>, events=POLLIN}, {fd=112<TCP:[192.168.30.128:37006->35.186.224.35:443]>, events=POLLIN}], 2, 50 <unfinished ...>
5832  <... epoll_wait resumed>[{events=EPOLLIN, data={u32=2367488412, u64=94152345584028}}], 128, -1) = 1
5832  timerfd_settime(92<anon_inode:[timerfd]>, 0, {it_interval={tv_sec=0, tv_nsec=0}, it_value={tv_sec=300, tv_nsec=0}}, {it_interval={tv_sec=0, tv_nsec=0}, it_value={tv_sec=0, tv_nsec=0}}) = 0
5832  timerfd_settime(92<anon_inode:[timerfd]>, 0, {it_interval={tv_sec=0, tv_nsec=0}, it_value={tv_sec=0, tv_nsec=49998000}}, {it_interval={tv_sec=0, tv_nsec=0}, it_value={tv_sec=299, tv_nsec=999922492}}) = 0
5832  epoll_wait(91<anon_inode:[eventpoll]>,  <unfinished ...>
5891  <... clock_nanosleep resumed>0x743880bfe140) = 0
5891  clock_nanosleep(CLOCK_REALTIME, 0, {tv_sec=0, tv_nsec=100000000},  <unfinished ...>
5875  <... futex resumed>)              = -1 ETIMEDOUT (Connection timed out)
5875  futex(0x743848096ce8, FUTEX_WAKE_PRIVATE, 1) = 0
5875  futex(0x74384808468c, FUTEX_WAIT_BITSET_PRIVATE, 0, {tv_sec=2754, tv_nsec=855082125}, FUTEX_BITSET_MATCH_ANY <unfinished ...>
5868  <... poll resumed>)               = 0 (Timeout)
5868  poll([{fd=110<pipe:[27405]>, events=POLLIN}, {fd=112<TCP:[192.168.30.128:37006->35.186.224.35:443]>, events=POLLIN}], 2, 50 <unfinished ...>
5832  <... epoll_wait resumed>[{events=EPOLLIN, data={u32=2367488412, u64=94152345584028}}], 128, -1) = 1
5832  timerfd_settime(92<anon_inode:[timerfd]>, 0, {it_interval={tv_sec=0, tv_nsec=0}, it_value={tv_sec=300, tv_nsec=0}}, {it_interval={tv_sec=0, tv_nsec=0}, it_value={tv_sec=0, tv_nsec=0}}) = 0
5832  timerfd_settime(92<anon_inode:[timerfd]>, 0, {it_interval={tv_sec=0, tv_nsec=0}, it_value={tv_sec=0, tv_nsec=48998000}}, {it_interval={tv_sec=0, tv_nsec=0}, it_value={tv_sec=299, tv_nsec=999919685}}) = 0
5832  epoll_wait(91<anon_inode:[eventpoll]>,  <unfinished ...>
5868  <... poll resumed>)               = 0 (Timeout)
5868  poll([{fd=110<pipe:[27405]>, events=POLLIN}, {fd=112<TCP:[192.168.30.128:37006->35.186.224.35:443]>, events=POLLIN}], 2, 50 <unfinished ...>
5832  <... epoll_wait resumed>[{events=EPOLLIN, data={u32=2367488412, u64=94152345584028}}], 128, -1) = 1
5832  timerfd_settime(92<anon_inode:[timerfd]>, 0, {it_interval={tv_sec=0, tv_nsec=0}, it_value={tv_sec=300, tv_nsec=0}}, {it_interval={tv_sec=0, tv_nsec=0}, it_value={tv_sec=0, tv_nsec=0}}) = 0
5832  timerfd_settime(92<anon_inode:[timerfd]>, 0, {it_interval={tv_sec=0, tv_nsec=0}, it_value={tv_sec=0, tv_nsec=49998000}}, {it_interval={tv_sec=0, tv_nsec=0}, it_value={tv_sec=299, tv_nsec=999919521}}) = 0
5832  epoll_wait(91<anon_inode:[eventpoll]>,  <unfinished ...>
5891  <... clock_nanosleep resumed>0x743880bfe140) = 0
5891  clock_nanosleep(CLOCK_REALTIME, 0, {tv_sec=0, tv_nsec=100000000},  <unfinished ...>
5875  <... futex resumed>)              = -1 ETIMEDOUT (Connection timed out)
5875  futex(0x743848096ce8, FUTEX_WAKE_PRIVATE, 1) = 0
5875  futex(0x74384808468c, FUTEX_WAIT_BITSET_PRIVATE, 0, {tv_sec=2754, tv_nsec=955427948}, FUTEX_BITSET_MATCH_ANY <unfinished ...>
5868  <... poll resumed>)               = 0 (Timeout)
5868  poll([{fd=110<pipe:[27405]>, events=POLLIN}, {fd=112<TCP:[192.168.30.128:37006->35.186.224.35:443]>, events=POLLIN}], 2, 50 <unfinished ...>
5832  <... epoll_wait resumed>[{events=EPOLLIN, data={u32=2367488412, u64=94152345584028}}], 128, -1) = 1
5832  timerfd_settime(92<anon_inode:[timerfd]>, 0, {it_interval={tv_sec=0, tv_nsec=0}, it_value={tv_sec=300, tv_nsec=0}}, {it_interval={tv_sec=0, tv_nsec=0}, it_value={tv_sec=0, tv_nsec=0}}) = 0
5832  timerfd_settime(92<anon_inode:[timerfd]>, 0, {it_interval={tv_sec=0, tv_nsec=0}, it_value={tv_sec=0, tv_nsec=49997000}}, {it_interval={tv_sec=0, tv_nsec=0}, it_value={tv_sec=299, tv_nsec=999916284}}) = 0
5832  epoll_wait(91<anon_inode:[eventpoll]>,  <unfinished ...>
5868  <... poll resumed>)               = 0 (Timeout)
5868  poll([{fd=110<pipe:[27405]>, events=POLLIN}, {fd=112<TCP:[192.168.30.128:37006->35.186.224.35:443]>, events=POLLIN}], 2, 50 <unfinished ...>
5832  <... epoll_wait resumed>[{events=EPOLLIN, data={u32=2367488412, u64=94152345584028}}], 128, -1) = 1
5832  timerfd_settime(92<anon_inode:[timerfd]>, 0, {it_interval={tv_sec=0, tv_nsec=0}, it_value={tv_sec=300, tv_nsec=0}}, {it_interval={tv_sec=0, tv_nsec=0}, it_value={tv_sec=0, tv_nsec=0}}) = 0
5832  timerfd_settime(92<anon_inode:[timerfd]>, 0, {it_interval={tv_sec=0, tv_nsec=0}, it_value={tv_sec=0, tv_nsec=48998000}}, {it_interval={tv_sec=0, tv_nsec=0}, it_value={tv_sec=299, tv_nsec=999882535}}) = 0
5832  epoll_wait(91<anon_inode:[eventpoll]>,  <unfinished ...>
5891  <... clock_nanosleep resumed>0x743880bfe140) = 0
5891  clock_nanosleep(CLOCK_REALTIME, 0, {tv_sec=0, tv_nsec=100000000},  <unfinished ...>
5875  <... futex resumed>)              = -1 ETIMEDOUT (Connection timed out)
5875  futex(0x743848096ce8, FUTEX_WAKE_PRIVATE, 1) = 0
5875  futex(0x74384808468c, FUTEX_WAIT_BITSET_PRIVATE, 0, {tv_sec=2755, tv_nsec=55640460}, FUTEX_BITSET_MATCH_ANY <unfinished ...>
5868  <... poll resumed>)               = 0 (Timeout)
5868  poll([{fd=110<pipe:[27405]>, events=POLLIN}, {fd=112<TCP:[192.168.30.128:37006->35.186.224.35:443]>, events=POLLIN}], 2, 50 <unfinished ...>
5832  <... epoll_wait resumed>[{events=EPOLLIN, data={u32=2367488412, u64=94152345584028}}], 128, -1) = 1
5832  timerfd_settime(92<anon_inode:[timerfd]>, 0, {it_interval={tv_sec=0, tv_nsec=0}, it_value={tv_sec=300, tv_nsec=0}}, {it_interval={tv_sec=0, tv_nsec=0}, it_value={tv_sec=0, tv_nsec=0}}) = 0
5832  timerfd_settime(92<anon_inode:[timerfd]>, 0, {it_interval={tv_sec=0, tv_nsec=0}, it_value={tv_sec=0, tv_nsec=49998000}}, {it_interval={tv_sec=0, tv_nsec=0}, it_value={tv_sec=299, tv_nsec=999918822}}) = 0
5832  epoll_wait(91<anon_inode:[eventpoll]>,  <unfinished ...>
5868  <... poll resumed>)               = 0 (Timeout)
5868  poll([{fd=110<pipe:[27405]>, events=POLLIN}, {fd=112<TCP:[192.168.30.128:37006->35.186.224.35:443]>, events=POLLIN}], 2, 50 <unfinished ...>
5832  <... epoll_wait resumed>[{events=EPOLLIN, data={u32=2367488412, u64=94152345584028}}], 128, -1) = 1
5832  timerfd_settime(92<anon_inode:[timerfd]>, 0, {it_interval={tv_sec=0, tv_nsec=0}, it_value={tv_sec=300, tv_nsec=0}}, {it_interval={tv_sec=0, tv_nsec=0}, it_value={tv_sec=0, tv_nsec=0}}) = 0
5832  timerfd_settime(92<anon_inode:[timerfd]>, 0, {it_interval={tv_sec=0, tv_nsec=0}, it_value={tv_sec=0, tv_nsec=48998000}}, {it_interval={tv_sec=0, tv_nsec=0}, it_value={tv_sec=299, tv_nsec=999913148}}) = 0
5832  epoll_wait(91<anon_inode:[eventpoll]>,  <unfinished ...>
5891  <... clock_nanosleep resumed>0x743880bfe140) = 0
5891  clock_nanosleep(CLOCK_REALTIME, 0, {tv_sec=0, tv_nsec=100000000},  <unfinished ...>
5875  <... futex resumed>)              = -1 ETIMEDOUT (Connection timed out)
5875  futex(0x743848096ce8, FUTEX_WAKE_PRIVATE, 1) = 0
5875  futex(0x74384808468c, FUTEX_WAIT_BITSET_PRIVATE, 0, {tv_sec=2755, tv_nsec=155165820}, FUTEX_BITSET_MATCH_ANY <unfinished ...>
5868  <... poll resumed>)               = 0 (Timeout)
5868  poll([{fd=110<pipe:[27405]>, events=POLLIN}, {fd=112<TCP:[192.168.30.128:37006->35.186.224.35:443]>, events=POLLIN}], 2, 50 <unfinished ...>
5832  <... epoll_wait resumed>[{events=EPOLLIN, data={u32=2367488412, u64=94152345584028}}], 128, -1) = 1
5832  timerfd_settime(92<anon_inode:[timerfd]>, 0, {it_interval={tv_sec=0, tv_nsec=0}, it_value={tv_sec=300, tv_nsec=0}}, {it_interval={tv_sec=0, tv_nsec=0}, it_value={tv_sec=0, tv_nsec=0}}) = 0
5832  timerfd_settime(92<anon_inode:[timerfd]>, 0, {it_interval={tv_sec=0, tv_nsec=0}, it_value={tv_sec=0, tv_nsec=49997000}}, {it_interval={tv_sec=0, tv_nsec=0}, it_value={tv_sec=299, tv_nsec=999914990}}) = 0
5832  epoll_wait(91<anon_inode:[eventpoll]>,  <unfinished ...>
5868  <... poll resumed>)               = 0 (Timeout)
5868  poll([{fd=110<pipe:[27405]>, events=POLLIN}, {fd=112<TCP:[192.168.30.128:37006->35.186.224.35:443]>, events=POLLIN}], 2, 50 <unfinished ...>
5832  <... epoll_wait resumed>[{events=EPOLLIN, data={u32=2367488412, u64=94152345584028}}], 128, -1) = 1
5832  timerfd_settime(92<anon_inode:[timerfd]>, 0, {it_interval={tv_sec=0, tv_nsec=0}, it_value={tv_sec=300, tv_nsec=0}}, {it_interval={tv_sec=0, tv_nsec=0}, it_value={tv_sec=0, tv_nsec=0}}) = 0
5832  timerfd_settime(92<anon_inode:[timerfd]>, 0, {it_interval={tv_sec=0, tv_nsec=0}, it_value={tv_sec=0, tv_nsec=49998000}}, {it_interval={tv_sec=0, tv_nsec=0}, it_value={tv_sec=299, tv_nsec=999919417}}) = 0
5832  epoll_wait(91<anon_inode:[eventpoll]>,  <unfinished ...>
5891  <... clock_nanosleep resumed>0x743880bfe140) = 0
5891  clock_nanosleep(CLOCK_REALTIME, 0, {tv_sec=0, tv_nsec=100000000},  <unfinished ...>
5875  <... futex resumed>)              = -1 ETIMEDOUT (Connection timed out)
5875  futex(0x743848096ce8, FUTEX_WAKE_PRIVATE, 1) = 0
5875  futex(0x74384808468c, FUTEX_WAIT_BITSET_PRIVATE, 0, {tv_sec=2755, tv_nsec=255552928}, FUTEX_BITSET_MATCH_ANY <unfinished ...>
5868  <... poll resumed>)               = 0 (Timeout)
5868  poll([{fd=110<pipe:[27405]>, events=POLLIN}, {fd=112<TCP:[192.168.30.128:37006->35.186.224.35:443]>, events=POLLIN}], 2, 50 <unfinished ...>
5832  <... epoll_wait resumed>[{events=EPOLLIN, data={u32=2367488412, u64=94152345584028}}], 128, -1) = 1
5832  timerfd_settime(92<anon_inode:[timerfd]>, 0, {it_interval={tv_sec=0, tv_nsec=0}, it_value={tv_sec=300, tv_nsec=0}}, {it_interval={tv_sec=0, tv_nsec=0}, it_value={tv_sec=0, tv_nsec=0}}) = 0
5832  timerfd_settime(92<anon_inode:[timerfd]>, 0, {it_interval={tv_sec=0, tv_nsec=0}, it_value={tv_sec=0, tv_nsec=48998000}}, {it_interval={tv_sec=0, tv_nsec=0}, it_value={tv_sec=299, tv_nsec=999916175}}) = 0
5832  epoll_wait(91<anon_inode:[eventpoll]>,  <unfinished ...>
5868  <... poll resumed>)               = 0 (Timeout)
5868  poll([{fd=110<pipe:[27405]>, events=POLLIN}, {fd=112<TCP:[192.168.30.128:37006->35.186.224.35:443]>, events=POLLIN}], 2, 50 <unfinished ...>
5832  <... epoll_wait resumed>[{events=EPOLLIN, data={u32=2367488412, u64=94152345584028}}], 128, -1) = 1
5832  timerfd_settime(92<anon_inode:[timerfd]>, 0, {it_interval={tv_sec=0, tv_nsec=0}, it_value={tv_sec=300, tv_nsec=0}}, {it_interval={tv_sec=0, tv_nsec=0}, it_value={tv_sec=0, tv_nsec=0}}) = 0
5832  timerfd_settime(92<anon_inode:[timerfd]>, 0, {it_interval={tv_sec=0, tv_nsec=0}, it_value={tv_sec=0, tv_nsec=49999000}}, {it_interval={tv_sec=0, tv_nsec=0}, it_value={tv_sec=299, tv_nsec=999972366}}) = 0
5832  epoll_wait(91<anon_inode:[eventpoll]>,  <unfinished ...>
5891  <... clock_nanosleep resumed>0x743880bfe140) = 0
5891  clock_nanosleep(CLOCK_REALTIME, 0, {tv_sec=0, tv_nsec=100000000},  <unfinished ...>
5875  <... futex resumed>)              = -1 ETIMEDOUT (Connection timed out)
5875  futex(0x743848096ce8, FUTEX_WAKE_PRIVATE, 1) = 0
5875  futex(0x74384808468c, FUTEX_WAIT_BITSET_PRIVATE, 0, {tv_sec=2755, tv_nsec=355316067}, FUTEX_BITSET_MATCH_ANY <unfinished ...>
5868  <... poll resumed>)               = 0 (Timeout)
5868  poll([{fd=110<pipe:[27405]>, events=POLLIN}, {fd=112<TCP:[192.168.30.128:37006->35.186.224.35:443]>, events=POLLIN}], 2, 50 <unfinished ...>
5832  <... epoll_wait resumed>[{events=EPOLLIN, data={u32=2367488412, u64=94152345584028}}], 128, -1) = 1
5832  timerfd_settime(92<anon_inode:[timerfd]>, 0, {it_interval={tv_sec=0, tv_nsec=0}, it_value={tv_sec=300, tv_nsec=0}}, {it_interval={tv_sec=0, tv_nsec=0}, it_value={tv_sec=0, tv_nsec=0}}) = 0
5832  timerfd_settime(92<anon_inode:[timerfd]>, 0, {it_interval={tv_sec=0, tv_nsec=0}, it_value={tv_sec=0, tv_nsec=49998000}}, {it_interval={tv_sec=0, tv_nsec=0}, it_value={tv_sec=299, tv_nsec=999903450}}) = 0
5832  epoll_wait(91<anon_inode:[eventpoll]>,  <unfinished ...>
5868  <... poll resumed>)               = 0 (Timeout)
5868  poll([{fd=110<pipe:[27405]>, events=POLLIN}, {fd=112<TCP:[192.168.30.128:37006->35.186.224.35:443]>, events=POLLIN}], 2, 50 <unfinished ...>
5832  <... epoll_wait resumed>[{events=EPOLLIN, data={u32=2367488412, u64=94152345584028}}], 128, -1) = 1
5832  timerfd_settime(92<anon_inode:[timerfd]>, 0, {it_interval={tv_sec=0, tv_nsec=0}, it_value={tv_sec=300, tv_nsec=0}}, {it_interval={tv_sec=0, tv_nsec=0}, it_value={tv_sec=0, tv_nsec=0}}) = 0
5832  timerfd_settime(92<anon_inode:[timerfd]>, 0, {it_interval={tv_sec=0, tv_nsec=0}, it_value={tv_sec=0, tv_nsec=49999000}}, {it_interval={tv_sec=0, tv_nsec=0}, it_value={tv_sec=299, tv_nsec=999973092}}) = 0
5832  epoll_wait(91<anon_inode:[eventpoll]>,  <unfinished ...>
5891  <... clock_nanosleep resumed>0x743880bfe140) = 0
5891  clock_nanosleep(CLOCK_REALTIME, 0, {tv_sec=0, tv_nsec=100000000},  <unfinished ...>
5875  <... futex resumed>)              = -1 ETIMEDOUT (Connection timed out)
5875  futex(0x743848096ce8, FUTEX_WAKE_PRIVATE, 1) = 0
5875  futex(0x74384808468c, FUTEX_WAIT_BITSET_PRIVATE, 0, {tv_sec=2755, tv_nsec=455561824}, FUTEX_BITSET_MATCH_ANY <unfinished ...>
5868  <... poll resumed>)               = 0 (Timeout)
5868  poll([{fd=110<pipe:[27405]>, events=POLLIN}, {fd=112<TCP:[192.168.30.128:37006->35.186.224.35:443]>, events=POLLIN}], 2, 50 <unfinished ...>
5832  <... epoll_wait resumed>[{events=EPOLLIN, data={u32=2367488412, u64=94152345584028}}], 128, -1) = 1
5832  timerfd_settime(92<anon_inode:[timerfd]>, 0, {it_interval={tv_sec=0, tv_nsec=0}, it_value={tv_sec=300, tv_nsec=0}}, {it_interval={tv_sec=0, tv_nsec=0}, it_value={tv_sec=0, tv_nsec=0}}) = 0
5832  timerfd_settime(92<anon_inode:[timerfd]>, 0, {it_interval={tv_sec=0, tv_nsec=0}, it_value={tv_sec=0, tv_nsec=48998000}}, {it_interval={tv_sec=0, tv_nsec=0}, it_value={tv_sec=299, tv_nsec=999921975}}) = 0
5832  epoll_wait(91<anon_inode:[eventpoll]>,  <unfinished ...>
5868  <... poll resumed>)               = 0 (Timeout)
5868  poll([{fd=110<pipe:[27405]>, events=POLLIN}, {fd=112<TCP:[192.168.30.128:37006->35.186.224.35:443]>, events=POLLIN}], 2, 50 <unfinished ...>
5832  <... epoll_wait resumed>[{events=EPOLLIN, data={u32=2367488412, u64=94152345584028}}], 128, -1) = 1
5832  timerfd_settime(92<anon_inode:[timerfd]>, 0, {it_interval={tv_sec=0, tv_nsec=0}, it_value={tv_sec=300, tv_nsec=0}}, {it_interval={tv_sec=0, tv_nsec=0}, it_value={tv_sec=0, tv_nsec=0}}) = 0
5832  timerfd_settime(92<anon_inode:[timerfd]>, 0, {it_interval={tv_sec=0, tv_nsec=0}, it_value={tv_sec=0, tv_nsec=49998000}}, {it_interval={tv_sec=0, tv_nsec=0}, it_value={tv_sec=299, tv_nsec=999923894}}) = 0
5832  epoll_wait(91<anon_inode:[eventpoll]>,  <unfinished ...>
5891  <... clock_nanosleep resumed>0x743880bfe140) = 0
5891  clock_nanosleep(CLOCK_REALTIME, 0, {tv_sec=0, tv_nsec=100000000},  <unfinished ...>
5875  <... futex resumed>)              = -1 ETIMEDOUT (Connection timed out)
5875  futex(0x743848096ce8, FUTEX_WAKE_PRIVATE, 1) = 0
5875  futex(0x74384808468c, FUTEX_WAIT_BITSET_PRIVATE, 0, {tv_sec=2755, tv_nsec=555870927}, FUTEX_BITSET_MATCH_ANY <unfinished ...>
5868  <... poll resumed>)               = 0 (Timeout)
5868  poll([{fd=110<pipe:[27405]>, events=POLLIN}, {fd=112<TCP:[192.168.30.128:37006->35.186.224.35:443]>, events=POLLIN}], 2, 50 <unfinished ...>
5832  <... epoll_wait resumed>[{events=EPOLLIN, data={u32=2367488412, u64=94152345584028}}], 128, -1) = 1
5832  timerfd_settime(92<anon_inode:[timerfd]>, 0, {it_interval={tv_sec=0, tv_nsec=0}, it_value={tv_sec=300, tv_nsec=0}}, {it_interval={tv_sec=0, tv_nsec=0}, it_value={tv_sec=0, tv_nsec=0}}) = 0
5832  timerfd_settime(92<anon_inode:[timerfd]>, 0, {it_interval={tv_sec=0, tv_nsec=0}, it_value={tv_sec=0, tv_nsec=49998000}}, {it_interval={tv_sec=0, tv_nsec=0}, it_value={tv_sec=299, tv_nsec=999895506}}) = 0
5832  epoll_wait(91<anon_inode:[eventpoll]>,  <unfinished ...>
5868  <... poll resumed>)               = 0 (Timeout)
5868  poll([{fd=110<pipe:[27405]>, events=POLLIN}, {fd=112<TCP:[192.168.30.128:37006->35.186.224.35:443]>, events=POLLIN}], 2, 50 <unfinished ...>
5832  <... epoll_wait resumed>[{events=EPOLLIN, data={u32=2367488412, u64=94152345584028}}], 128, -1) = 1
5832  timerfd_settime(92<anon_inode:[timerfd]>, 0, {it_interval={tv_sec=0, tv_nsec=0}, it_value={tv_sec=300, tv_nsec=0}}, {it_interval={tv_sec=0, tv_nsec=0}, it_value={tv_sec=0, tv_nsec=0}}) = 0
5832  timerfd_settime(92<anon_inode:[timerfd]>, 0, {it_interval={tv_sec=0, tv_nsec=0}, it_value={tv_sec=0, tv_nsec=49998000}}, {it_interval={tv_sec=0, tv_nsec=0}, it_value={tv_sec=299, tv_nsec=999914699}}) = 0
5832  epoll_wait(91<anon_inode:[eventpoll]>,  <unfinished ...>
5891  <... clock_nanosleep resumed>0x743880bfe140) = 0
5891  clock_nanosleep(CLOCK_REALTIME, 0, {tv_sec=0, tv_nsec=100000000},  <unfinished ...>
5875  <... futex resumed>)              = -1 ETIMEDOUT (Connection timed out)
5875  futex(0x743848096ce8, FUTEX_WAKE_PRIVATE, 1) = 0
5875  futex(0x74384808468c, FUTEX_WAIT_BITSET_PRIVATE, 0, {tv_sec=2755, tv_nsec=655252585}, FUTEX_BITSET_MATCH_ANY <unfinished ...>
5868  <... poll resumed>)               = 0 (Timeout)
5868  poll([{fd=110<pipe:[27405]>, events=POLLIN}, {fd=112<TCP:[192.168.30.128:37006->35.186.224.35:443]>, events=POLLIN}], 2, 50 <unfinished ...>
5832  <... epoll_wait resumed>[{events=EPOLLIN, data={u32=2367488412, u64=94152345584028}}], 128, -1) = 1
5832  timerfd_settime(92<anon_inode:[timerfd]>, 0, {it_interval={tv_sec=0, tv_nsec=0}, it_value={tv_sec=300, tv_nsec=0}}, {it_interval={tv_sec=0, tv_nsec=0}, it_value={tv_sec=0, tv_nsec=0}}) = 0
5832  timerfd_settime(92<anon_inode:[timerfd]>, 0, {it_interval={tv_sec=0, tv_nsec=0}, it_value={tv_sec=0, tv_nsec=48998000}}, {it_interval={tv_sec=0, tv_nsec=0}, it_value={tv_sec=299, tv_nsec=999913805}}) = 0
5832  epoll_wait(91<anon_inode:[eventpoll]>,  <unfinished ...>
5767  <... epoll_wait resumed>[], 16, 6552) = 0
5767  futex(0x7438efdfdf10, FUTEX_WAKE_PRIVATE, 2147483647 <unfinished ...>
5803  <... futex resumed>)              = 0
5767  <... futex resumed>)              = 1
5803  futex(0x7438efdfdec0, FUTEX_WAIT_PRIVATE, 2, NULL <unfinished ...>
5767  futex(0x7438efdfdec0, FUTEX_WAKE_PRIVATE, 1 <unfinished ...>
5803  <... futex resumed>)              = -1 EAGAIN (Resource temporarily unavailable)
5767  <... futex resumed>)              = 0
5803  futex(0x7438efdfdec0, FUTEX_WAKE_PRIVATE, 1 <unfinished ...>
5767  epoll_wait(25<anon_inode:[eventpoll]>,  <unfinished ...>
5803  <... futex resumed>)              = 0
5767  <... epoll_wait resumed>[], 16, 0) = 0
5803  futex(0x743917dfdf10, FUTEX_WAKE_PRIVATE, 2147483647 <unfinished ...>
5767  epoll_wait(25<anon_inode:[eventpoll]>,  <unfinished ...>
5803  <... futex resumed>)              = 1
5768  <... futex resumed>)              = 0
5803  futex(0x7438efdfdf10, FUTEX_WAIT_BITSET_PRIVATE|FUTEX_CLOCK_REALTIME, 0, NULL, FUTEX_BITSET_MATCH_ANY <unfinished ...>
5768  futex(0x743917dfdec0, FUTEX_WAKE_PRIVATE, 1) = 0
5768  stat("/home/venice/.cache/spotify/Default/Code Cache/js/index-dir", {st_mode=S_IFDIR|0700, st_size=4096, ...}) = 0
5768  stat("/home/venice/.cache/spotify/Default/Code Cache/js", {st_mode=S_IFDIR|0700, st_size=20480, ...}) = 0
5768  openat(AT_FDCWD</home/venice/Desktop/music>, "/home/venice/.cache/spotify/Default/Code Cache/js/index-dir/temp-index", O_WRONLY|O_CREAT|O_TRUNC, 0600) = 121</home/venice/.cache/spotify/Default/Code Cache/js/index-dir/temp-index>
5768  fcntl(121</home/venice/.cache/spotify/Default/Code Cache/js/index-dir/temp-index>, F_GETFL) = 0x8001 (flags O_WRONLY|O_LARGEFILE)
5768  pwrite64(121</home/venice/.cache/spotify/Default/Code Cache/js/index-dir/temp-index>, "\370\35\0\0\332\6z\20oy retne\t\0\0\0>\1\0\0\0\0\0\0\0\nH\1"..., 7680, 0) = 7680
5768  close(121</home/venice/.cache/spotify/Default/Code Cache/js/index-dir/temp-index>) = 0
5768  rename("/home/venice/.cache/spotify/Default/Code Cache/js/index-dir/temp-index", "/home/venice/.cache/spotify/Default/Code Cache/js/index-dir/the-real-index") = 0
5768  futex(0x7438efdfdf10, FUTEX_WAKE_PRIVATE, 2147483647) = 1
5768  futex(0x743917dfdf10, FUTEX_WAIT_BITSET_PRIVATE|FUTEX_CLOCK_REALTIME, 0, NULL, FUTEX_BITSET_MATCH_ANY <unfinished ...>
5803  <... futex resumed>)              = 0
5771  <... epoll_wait resumed>[{events=EPOLLIN, data={u32=3825230760, u64=127787692221352}}], 16, 14405) = 1
5803  futex(0x7438efdfdec0, FUTEX_WAKE_PRIVATE, 1 <unfinished ...>
5771  recvmsg(195<UNIX-STREAM:[37142->37143]>,  <unfinished ...>
5868  <... poll resumed>)               = 0 (Timeout)
5803  <... futex resumed>)              = 0
5868  poll([{fd=110<pipe:[27405]>, events=POLLIN}, {fd=112<TCP:[192.168.30.128:37006->35.186.224.35:443]>, events=POLLIN}], 2, 50 <unfinished ...>
5771  <... recvmsg resumed>{msg_name=NULL, msg_namelen=0, msg_iov=[{iov_base="\10\0\0\0h\0\0\0\30\0\24\0\0\0\0\0\202w\0\0\0\0\0\0\0\0\0\0\0\0\0\0"..., iov_len=4096}], msg_iovlen=1, msg_controllen=0, msg_flags=0}, MSG_DONTWAIT) = 208
5803  futex(0x7438efdfdf10, FUTEX_WAIT_BITSET_PRIVATE|FUTEX_CLOCK_REALTIME, 0, NULL, FUTEX_BITSET_MATCH_ANY <unfinished ...>
5771  write(15<pipe:[31615]>, "!", 1)   = 1
5771  write(32<anon_inode:[eventfd]>, "\1\0\0\0\0\0\0\0", 8 <unfinished ...>
5743  <... poll resumed>)               = 1 ([{fd=14, revents=POLLIN}])
5771  <... write resumed>)              = 8
5771  epoll_wait(31<anon_inode:[eventpoll]>,  <unfinished ...>
5743  read(14<pipe:[31615]>,  <unfinished ...>
5771  <... epoll_wait resumed>[{events=EPOLLIN, data={u32=4026539168, u64=127787893529760}}], 16, 0) = 1
5743  <... read resumed>"!", 2)         = 1
5771  read(32<anon_inode:[eventfd]>, "\1\0\0\0\0\0\0\0", 8) = 8
5771  epoll_wait(31<anon_inode:[eventpoll]>, [], 16, 0) = 0
5743  epoll_ctl(91<anon_inode:[eventpoll]>, EPOLL_CTL_MOD, 90<anon_inode:[eventfd]>, {events=EPOLLIN|EPOLLERR|EPOLLET, data={u32=2367488400, u64=94152345584016}} <unfinished ...>
5771  epoll_wait(31<anon_inode:[eventpoll]>,  <unfinished ...>
5743  <... epoll_ctl resumed>)          = 0
5832  <... epoll_wait resumed>[{events=EPOLLIN, data={u32=2367488400, u64=94152345584016}}], 128, -1) = 1
5832  futex(0x55a18d1ce288, FUTEX_WAIT_PRIVATE, 2, NULL <unfinished ...>
5743  futex(0x55a18d1ce288, FUTEX_WAKE_PRIVATE, 1) = 1
5832  <... futex resumed>)              = 0
5832  futex(0x55a18d1ce288, FUTEX_WAKE_PRIVATE, 1) = 0
5832  futex(0x55a18d1c6e1c, FUTEX_WAKE_PRIVATE, 2147483647) = 1
5743  recvmsg(33<UNIX-STREAM:[31619->35114]>,  <unfinished ...>
5833  <... restart_syscall resumed>)    = 0
5832  getrandom( <unfinished ...>
5743  <... recvmsg resumed>{msg_namelen=0}, 0) = -1 EAGAIN (Resource temporarily unavailable)
5832  <... getrandom resumed>"\x1c\xa3\x96\xa8\xf6\x60\xed\x94\xd5\xe8\x58\x48\x66\xb4\x3e\x7e", 16, 0) = 16
5832  openat(AT_FDCWD</home/venice/Desktop/music>, "/home/venice/.config/spotify/Users/31waz63mxefnxl5bakboiai4mnbu-user/ad-state-storage.bnk.tmp", O_WRONLY|O_CREAT|O_TRUNC, 0664) = 121</home/venice/.config/spotify/Users/31waz63mxefnxl5bakboiai4mnbu-user/ad-state-storage.bnk.tmp>
5832  fcntl(121</home/venice/.config/spotify/Users/31waz63mxefnxl5bakboiai4mnbu-user/ad-state-storage.bnk.tmp>, F_SETFD, FD_CLOEXEC) = 0
5832  write(121</home/venice/.config/spotify/Users/31waz63mxefnxl5bakboiai4mnbu-user/ad-state-storage.bnk.tmp>, "\n\n\n\6stream\20\0\20\0\32\34\n\25triggered_ad_d"..., 218) = 218
5832  close(121</home/venice/.config/spotify/Users/31waz63mxefnxl5bakboiai4mnbu-user/ad-state-storage.bnk.tmp>) = 0
5832  rename("/home/venice/.config/spotify/Users/31waz63mxefnxl5bakboiai4mnbu-user/ad-state-storage.bnk.tmp", "/home/venice/.config/spotify/Users/31waz63mxefnxl5bakboiai4mnbu-user/ad-state-storage.bnk" <unfinished ...>
5833  futex(0x55a18ceaa048, FUTEX_WAKE_PRIVATE, 1 <unfinished ...>
5743  recvmsg(33<UNIX-STREAM:[31619->35114]>,  <unfinished ...>
5832  <... rename resumed>)             = 0
5833  <... futex resumed>)              = 0
5832  epoll_wait(91<anon_inode:[eventpoll]>,  <unfinished ...>
5743  <... recvmsg resumed>{msg_namelen=0}, 0) = -1 EAGAIN (Resource temporarily unavailable)
5832  <... epoll_wait resumed>[], 128, 0) = 0
5832  write(15<pipe:[31615]>, "!", 1)   = 1
5832  timerfd_settime(92<anon_inode:[timerfd]>, 0, {it_interval={tv_sec=0, tv_nsec=0}, it_value={tv_sec=0, tv_nsec=996000}}, {it_interval={tv_sec=0, tv_nsec=0}, it_value={tv_sec=0, tv_nsec=0}}) = 0
5832  epoll_wait(91<anon_inode:[eventpoll]>, [], 128, 0) = 0
5832  futex(0x7438a5ffdec0, FUTEX_WAKE_PRIVATE, 2147483647) = 1
5861  <... futex resumed>)              = 0
5832  timerfd_settime(92<anon_inode:[timerfd]>, 0, {it_interval={tv_sec=0, tv_nsec=0}, it_value={tv_sec=0, tv_nsec=49999000}},  <unfinished ...>
5861  futex(0x7438a5ffde70, FUTEX_WAKE_PRIVATE, 1) = 0
5832  <... timerfd_settime resumed>{it_interval={tv_sec=0, tv_nsec=0}, it_value={tv_sec=0, tv_nsec=343891}}) = 0
5832  epoll_wait(91<anon_inode:[eventpoll]>, [], 128, 0) = 0
5861  futex(0x7438a5ffdec0, FUTEX_WAIT_BITSET_PRIVATE|FUTEX_CLOCK_REALTIME, 0, NULL, FUTEX_BITSET_MATCH_ANY <unfinished ...>
5832  epoll_wait(91<anon_inode:[eventpoll]>,  <unfinished ...>
5833  read(105</dev/urandom>,  <unfinished ...>
5743  poll([{fd=13<anon_inode:[eventfd]>, events=POLLIN}, {fd=14<pipe:[31615]>, events=POLLIN}, {fd=17<UNIX-STREAM:[31618->35113]>, events=POLLIN}, {fd=33<UNIX-STREAM:[31619->35114]>, events=POLLIN}], 4, 0 <unfinished ...>
5833  <... read resumed>"\213\213C\0", 4) = 4
5743  <... poll resumed>)               = 1 ([{fd=14, revents=POLLIN}])
5833  read(105</dev/urandom>,  <unfinished ...>
5743  read(14<pipe:[31615]>,  <unfinished ...>
5833  <... read resumed>"7\303\351\362", 4) = 4
5743  <... read resumed>"!", 2)         = 1
5833  read(105</dev/urandom>, ",h\371\321", 4) = 4
5743  openat(AT_FDCWD</home/venice/Desktop/music>, "/dev/shm/.org.chromium.Chromium.nP8E4m", O_RDWR|O_CREAT|O_EXCL, 0600 <unfinished ...>
5833  read(105</dev/urandom>,  <unfinished ...>
5743  <... openat resumed>)             = 121</dev/shm/.org.chromium.Chromium.nP8E4m>
5833  <... read resumed>"\313N\363+", 4) = 4
5833  read(105</dev/urandom>,  <unfinished ...>
5743  openat(AT_FDCWD</home/venice/Desktop/music>, "/dev/shm/.org.chromium.Chromium.nP8E4m", O_RDONLY <unfinished ...>
5833  <... read resumed>"\215hA\240", 4) = 4
5743  <... openat resumed>)             = 173</dev/shm/.org.chromium.Chromium.nP8E4m>
5833  write(96</home/venice/.cache/spotify/public.ldb/000416.log>, "\251S~r\334\3\1\263\213\2\0\0\0\0\0\5\0\0\0\1*!es#sn#\24\325\225\255"..., 995 <unfinished ...>
5743  fstat(121</dev/shm/.org.chromium.Chromium.nP8E4m>,  <unfinished ...>
5833  <... write resumed>)              = 995
5743  <... fstat resumed>{st_mode=S_IFREG|0600, st_size=0, ...}) = 0
5833  read(105</dev/urandom>,  <unfinished ...>
5743  ftruncate(121</dev/shm/.org.chromium.Chromium.nP8E4m>, 29870 <unfinished ...>
5833  <... read resumed>"\335\1\36\275", 4) = 4
5743  <... ftruncate resumed>)          = 0
5833  read(105</dev/urandom>,  <unfinished ...>
5743  fallocate(121</dev/shm/.org.chromium.Chromium.nP8E4m>, 0, 0, 29870 <unfinished ...>
5833  <... read resumed>"Q\32\371\271", 4) = 4
5743  <... fallocate resumed>)          = 0
5833  read(105</dev/urandom>,  <unfinished ...>
5743  fstat(121</dev/shm/.org.chromium.Chromium.nP8E4m>,  <unfinished ...>
5833  <... read resumed>"\7h\264\314", 4) = 4
5743  <... fstat resumed>{st_mode=S_IFREG|0600, st_size=29870, ...}) = 0
5833  read(105</dev/urandom>,  <unfinished ...>
5743  fstat(173</dev/shm/.org.chromium.Chromium.nP8E4m>,  <unfinished ...>
5833  <... read resumed>"\353\360\350\301", 4) = 4
5743  <... fstat resumed>{st_mode=S_IFREG|0600, st_size=29870, ...}) = 0
5833  read(105</dev/urandom>,  <unfinished ...>
5743  getrandom( <unfinished ...>
5833  <... read resumed>"\3I\341R", 4)  = 4
5743  <... getrandom resumed>"\x0e\xc1\x41\x08\x93\x94\x3a\x11\x56\x55\x13\xb3\x1f\x68\x3b\x3c", 16, 0) = 16
5833  write(96</home/venice/.cache/spotify/public.ldb/000416.log>, "\340\273Ixz\3\1\270\213\2\0\0\0\0\0\5\0\0\0\1&!es#sn#\24\325\225\255"..., 897 <unfinished ...>
5743  unlink("/dev/shm/.org.chromium.Chromium.nP8E4m" <unfinished ...>
5833  <... write resumed>)              = 897
5743  <... unlink resumed>)             = 0
5833  futex(0x55a18d1c6e18, FUTEX_WAIT_BITSET_PRIVATE, 0, {tv_sec=2766, tv_nsec=9841966}, FUTEX_BITSET_MATCH_ANY <unfinished ...>
5743  mmap(NULL, 29870, PROT_READ|PROT_WRITE, MAP_SHARED, 121</dev/shm/.org.chromium.Chromium.nP8E4m>(deleted), 0) = 0x743916a04000
5743  getrandom("\x03\xe3\xc3\xfe\xa3\x09\xa5\x45\x97\x5b\x61\x28\x63\x11\xb0\x20", 16, 0) = 16
5743  write(32<anon_inode:[eventfd]>, "\1\0\0\0\0\0\0\0", 8) = 8
5771  <... epoll_wait resumed>[{events=EPOLLIN, data={u32=4026539168, u64=127787893529760}}], 16, 10342) = 1
5771  read(32<anon_inode:[eventfd]>,  <unfinished ...>
5743  futex(0x7438a5ffdec0, FUTEX_WAKE_PRIVATE, 2147483647 <unfinished ...>
5771  <... read resumed>"\1\0\0\0\0\0\0\0", 8) = 8
5743  <... futex resumed>)              = 1
5861  <... futex resumed>)              = 0
5861  futex(0x7438a5ffde70, FUTEX_WAIT_PRIVATE, 2, NULL <unfinished ...>
5771  epoll_wait(31<anon_inode:[eventpoll]>,  <unfinished ...>
5743  futex(0x7438a5ffde70, FUTEX_WAKE_PRIVATE, 1 <unfinished ...>
5861  <... futex resumed>)              = 0
5771  <... epoll_wait resumed>[], 16, 0) = 0
5743  <... futex resumed>)              = 1
5861  futex(0x7438a5ffde70, FUTEX_WAKE_PRIVATE, 1) = 0
5861  futex(0x74383c000d78, FUTEX_WAIT_PRIVATE, 2, NULL <unfinished ...>
5771  epoll_wait(31<anon_inode:[eventpoll]>,  <unfinished ...>
5743  futex(0x74383c000d78, FUTEX_WAKE_PRIVATE, 1 <unfinished ...>
5861  <... futex resumed>)              = 0
5771  <... epoll_wait resumed>[], 16, 0) = 0
5743  <... futex resumed>)              = 1
5861  futex(0x74383c000d78, FUTEX_WAKE_PRIVATE, 1) = 0
5861  getrandom("\x49\x9f\xd8\x93\xfc\xf9\xd0\x75\x59\x8d\xef\x69\xfd\xc0\xd9\x1c", 16, 0) = 16
5861  getrandom("\x2d\x28\x2d\x54\xc4\x92\xbe\x3d\x66\xa3\x2c\xa3\x7f\xe4\x58\x4f", 16, 0) = 16
5861  write(32<anon_inode:[eventfd]>, "\1\0\0\0\0\0\0\0", 8) = 8
5861  futex(0x7438a5ffdec0, FUTEX_WAIT_BITSET_PRIVATE|FUTEX_CLOCK_REALTIME, 0, NULL, FUTEX_BITSET_MATCH_ANY <unfinished ...>
5771  epoll_wait(31<anon_inode:[eventpoll]>,  <unfinished ...>
5743  recvmsg(33<UNIX-STREAM:[31619->35114]>,  <unfinished ...>
5771  <... epoll_wait resumed>[{events=EPOLLIN, data={u32=4026539168, u64=127787893529760}}], 16, 10320) = 1
5743  <... recvmsg resumed>{msg_namelen=0}, 0) = -1 EAGAIN (Resource temporarily unavailable)
5771  read(32<anon_inode:[eventfd]>,  <unfinished ...>
5743  recvmsg(33<UNIX-STREAM:[31619->35114]>,  <unfinished ...>
5771  <... read resumed>"\1\0\0\0\0\0\0\0", 8) = 8
5743  <... recvmsg resumed>{msg_namelen=0}, 0) = -1 EAGAIN (Resource temporarily unavailable)
5891  <... clock_nanosleep resumed>0x743880bfe140) = 0
5891  clock_nanosleep(CLOCK_REALTIME, 0, {tv_sec=0, tv_nsec=100000000},  <unfinished ...>
5771  getrandom( <unfinished ...>
5743  poll([{fd=13<anon_inode:[eventfd]>, events=POLLIN}, {fd=14<pipe:[31615]>, events=POLLIN}, {fd=17<UNIX-STREAM:[31618->35113]>, events=POLLIN}, {fd=33<UNIX-STREAM:[31619->35114]>, events=POLLIN}], 4, 0 <unfinished ...>
5771  <... getrandom resumed>"\x62\x5a\x4e\x68\xa5\xc8\xc4\x4e\x9a\x56\xd8\x57\x09\x2b\x74\xe4", 16, 0) = 16
5743  <... poll resumed>)               = 0 (Timeout)
5771  getrandom( <unfinished ...>
5743  munmap(0x743916a04000, 29870 <unfinished ...>
5771  <... getrandom resumed>"\xd9\xed\xfa\x67\xcd\xf7\xd2\x7b\xc2\x94\xd6\x6d\x77\xcc\xf6\x02", 16, 0) = 16
5743  <... munmap resumed>)             = 0
5771  epoll_wait(31<anon_inode:[eventpoll]>,  <unfinished ...>
5743  fcntl(121</dev/shm/.org.chromium.Chromium.nP8E4m>(deleted), F_GETFL <unfinished ...>
5771  <... epoll_wait resumed>[], 16, 0) = 0
5743  <... fcntl resumed>)              = 0x8002 (flags O_RDWR|O_LARGEFILE)
5771  epoll_wait(31<anon_inode:[eventpoll]>,  <unfinished ...>
5743  fcntl(173</dev/shm/.org.chromium.Chromium.nP8E4m>(deleted), F_GETFL <unfinished ...>
5771  <... epoll_wait resumed>[], 16, 0) = 0
5743  <... fcntl resumed>)              = 0x8000 (flags O_RDONLY|O_LARGEFILE)
5771  epoll_wait(31<anon_inode:[eventpoll]>,  <unfinished ...>
5743  sendmsg(195<UNIX-STREAM:[37142->37143]>, {msg_name=NULL, msg_namelen=0, msg_iov=[{iov_base="\10\0\2\0\270\0\0\0\30\0\24\0\0\0\0\0\33(\0\0\0\0\0\0p\0\0\0\0\0\0\0"..., iov_len=184}], msg_iovlen=1, msg_control=[{cmsg_len=24, cmsg_level=SOL_SOCKET, cmsg_type=SCM_RIGHTS, cmsg_data=[121</dev/shm/.org.chromium.Chromium.nP8E4m>(deleted), 173</dev/shm/.org.chromium.Chromium.nP8E4m>(deleted)]}], msg_controllen=24, msg_flags=0}, MSG_NOSIGNAL) = 184
5743  close(173</dev/shm/.org.chromium.Chromium.nP8E4m>(deleted)) = 0
5743  close(121</dev/shm/.org.chromium.Chromium.nP8E4m>(deleted)) = 0
5743  sendto(48<UNIX-STREAM:[37079->37080]>, "\10\0\0\0\340\0\0\0\30\0\24\0\0\0\0\0000\26\0\0\0\0\0\0\0\0\0\0\0\0\0\0"..., 224, MSG_NOSIGNAL, NULL, 0) = 224
5743  sendto(48<UNIX-STREAM:[37079->37080]>, "\10\0\0\0\20\1\0\0\30\0\24\0\0\0\0\0001\26\0\0\0\0\0\0\0\0\0\0\0\0\0\0"..., 272, MSG_NOSIGNAL, NULL, 0) = 272
5743  sendto(48<UNIX-STREAM:[37079->37080]>, "\10\0\0\0\220\16\0\0\30\0\24\0\0\0\0\0002\26\0\0\0\0\0\0\0\0\0\0\0\0\0\0"..., 3728, MSG_NOSIGNAL, NULL, 0) = 3728
5875  <... futex resumed>)              = -1 ETIMEDOUT (Connection timed out)
5771  <... epoll_wait resumed>[{events=EPOLLIN, data={u32=4026554232, u64=127787893544824}}], 16, 10313) = 1
5743  sendto(48<UNIX-STREAM:[37079->37080]>, "\10\0\0\0000\0\0\0\30\0$\0\0\0\0\0003\26\0\0\0\0\0\0\0\0\0\0\0\0\0\0"..., 48, MSG_NOSIGNAL, NULL, 0 <unfinished ...>
5875  futex(0x743848096ce8, FUTEX_WAKE_PRIVATE, 1) = 0
5875  futex(0x74384808468c, FUTEX_WAIT_BITSET_PRIVATE, 0, {tv_sec=2755, tv_nsec=755364452}, FUTEX_BITSET_MATCH_ANY <unfinished ...>
5771  recvmsg(48<UNIX-STREAM:[37079->37080]>,  <unfinished ...>
5743  <... sendto resumed>)             = 48
5771  <... recvmsg resumed>{msg_name=NULL, msg_namelen=0, msg_iov=[{iov_base="\10\0\0\0\340\0\0\0\30\0\24\0\0\0\0\0> \0\0\0\0\0\0\0\0\0\0\0\0\0\0"..., iov_len=4096}], msg_iovlen=1, msg_controllen=0, msg_flags=0}, MSG_DONTWAIT) = 280
5743  recvmsg(33<UNIX-STREAM:[31619->35114]>,  <unfinished ...>
5771  epoll_wait(31<anon_inode:[eventpoll]>,  <unfinished ...>
5743  <... recvmsg resumed>{msg_namelen=0}, 0) = -1 EAGAIN (Resource temporarily unavailable)
5771  <... epoll_wait resumed>[], 16, 0) = 0
5743  recvmsg(33<UNIX-STREAM:[31619->35114]>,  <unfinished ...>
5771  epoll_wait(31<anon_inode:[eventpoll]>,  <unfinished ...>
5743  <... recvmsg resumed>{msg_namelen=0}, 0) = -1 EAGAIN (Resource temporarily unavailable)
5771  <... epoll_wait resumed>[], 16, 0) = 0
5743  poll([{fd=13<anon_inode:[eventfd]>, events=POLLIN}, {fd=14<pipe:[31615]>, events=POLLIN}, {fd=17<UNIX-STREAM:[31618->35113]>, events=POLLIN}, {fd=33<UNIX-STREAM:[31619->35114]>, events=POLLIN}], 4, 0 <unfinished ...>
5771  epoll_wait(31<anon_inode:[eventpoll]>,  <unfinished ...>
5743  <... poll resumed>)               = 0 (Timeout)
5743  recvmsg(33<UNIX-STREAM:[31619->35114]>, {msg_namelen=0}, 0) = -1 EAGAIN (Resource temporarily unavailable)
5743  recvmsg(33<UNIX-STREAM:[31619->35114]>, {msg_namelen=0}, 0) = -1 EAGAIN (Resource temporarily unavailable)
5743  poll([{fd=13<anon_inode:[eventfd]>, events=POLLIN}, {fd=14<pipe:[31615]>, events=POLLIN}, {fd=17<UNIX-STREAM:[31618->35113]>, events=POLLIN}, {fd=33<UNIX-STREAM:[31619->35114]>, events=POLLIN}], 4, 0) = 0 (Timeout)
5743  recvmsg(33<UNIX-STREAM:[31619->35114]>, {msg_namelen=0}, 0) = -1 EAGAIN (Resource temporarily unavailable)
5743  recvmsg(33<UNIX-STREAM:[31619->35114]>, {msg_namelen=0}, 0) = -1 EAGAIN (Resource temporarily unavailable)
5743  poll([{fd=13<anon_inode:[eventfd]>, events=POLLIN}, {fd=14<pipe:[31615]>, events=POLLIN}, {fd=17<UNIX-STREAM:[31618->35113]>, events=POLLIN}, {fd=33<UNIX-STREAM:[31619->35114]>, events=POLLIN}], 4, 0) = 0 (Timeout)
5743  recvmsg(33<UNIX-STREAM:[31619->35114]>, {msg_namelen=0}, 0) = -1 EAGAIN (Resource temporarily unavailable)
5743  recvmsg(33<UNIX-STREAM:[31619->35114]>, {msg_namelen=0}, 0) = -1 EAGAIN (Resource temporarily unavailable)
5743  poll([{fd=13<anon_inode:[eventfd]>, events=POLLIN}, {fd=14<pipe:[31615]>, events=POLLIN}, {fd=17<UNIX-STREAM:[31618->35113]>, events=POLLIN}, {fd=33<UNIX-STREAM:[31619->35114]>, events=POLLIN}], 4, 0) = 0 (Timeout)
5743  recvmsg(33<UNIX-STREAM:[31619->35114]>, {msg_namelen=0}, 0) = -1 EAGAIN (Resource temporarily unavailable)
5743  recvmsg(33<UNIX-STREAM:[31619->35114]>, {msg_namelen=0}, 0) = -1 EAGAIN (Resource temporarily unavailable)
5743  poll([{fd=13<anon_inode:[eventfd]>, events=POLLIN}, {fd=14<pipe:[31615]>, events=POLLIN}, {fd=17<UNIX-STREAM:[31618->35113]>, events=POLLIN}, {fd=33<UNIX-STREAM:[31619->35114]>, events=POLLIN}], 4, 4056 <unfinished ...>
5868  <... poll resumed>)               = 0 (Timeout)
5868  poll([{fd=110<pipe:[27405]>, events=POLLIN}, {fd=112<TCP:[192.168.30.128:37006->35.186.224.35:443]>, events=POLLIN}], 2, 50 <unfinished ...>
5832  <... epoll_wait resumed>[{events=EPOLLIN, data={u32=2367488412, u64=94152345584028}}], 128, -1) = 1
5832  timerfd_settime(92<anon_inode:[timerfd]>, 0, {it_interval={tv_sec=0, tv_nsec=0}, it_value={tv_sec=300, tv_nsec=0}}, {it_interval={tv_sec=0, tv_nsec=0}, it_value={tv_sec=0, tv_nsec=0}}) = 0
5832  timerfd_settime(92<anon_inode:[timerfd]>, 0, {it_interval={tv_sec=0, tv_nsec=0}, it_value={tv_sec=0, tv_nsec=48998000}}, {it_interval={tv_sec=0, tv_nsec=0}, it_value={tv_sec=299, tv_nsec=999914956}}) = 0
5832  epoll_wait(91<anon_inode:[eventpoll]>,  <unfinished ...>
5868  <... poll resumed>)               = 0 (Timeout)
5868  poll([{fd=110<pipe:[27405]>, events=POLLIN}, {fd=112<TCP:[192.168.30.128:37006->35.186.224.35:443]>, events=POLLIN}], 2, 50 <unfinished ...>
5832  <... epoll_wait resumed>[{events=EPOLLIN, data={u32=2367488412, u64=94152345584028}}], 128, -1) = 1
5832  timerfd_settime(92<anon_inode:[timerfd]>, 0, {it_interval={tv_sec=0, tv_nsec=0}, it_value={tv_sec=300, tv_nsec=0}}, {it_interval={tv_sec=0, tv_nsec=0}, it_value={tv_sec=0, tv_nsec=0}}) = 0
5832  timerfd_settime(92<anon_inode:[timerfd]>, 0, {it_interval={tv_sec=0, tv_nsec=0}, it_value={tv_sec=0, tv_nsec=49998000}}, {it_interval={tv_sec=0, tv_nsec=0}, it_value={tv_sec=299, tv_nsec=999919100}}) = 0
5832  epoll_wait(91<anon_inode:[eventpoll]>,  <unfinished ...>
5891  <... clock_nanosleep resumed>0x743880bfe140) = 0
5891  clock_nanosleep(CLOCK_REALTIME, 0, {tv_sec=0, tv_nsec=100000000},  <unfinished ...>
5771  <... epoll_wait resumed>[{events=EPOLLIN, data={u32=4026554232, u64=127787893544824}}], 16, 10303) = 1
5875  <... futex resumed>)              = -1 ETIMEDOUT (Connection timed out)
5771  recvmsg(48<UNIX-STREAM:[37079->37080]>,  <unfinished ...>
5875  futex(0x743848096ce8, FUTEX_WAKE_PRIVATE, 1 <unfinished ...>
5771  <... recvmsg resumed>{msg_name=NULL, msg_namelen=0, msg_iov=[{iov_base="\10\0\0\0h\0\0\0\30\0\24\0\0\0\0\0@ \0\0\0\0\0\0\0\0\0\0\0\0\0\0"..., iov_len=4096}], msg_iovlen=1, msg_controllen=0, msg_flags=0}, MSG_DONTWAIT) = 104
5875  <... futex resumed>)              = 0
5875  futex(0x74384808468c, FUTEX_WAIT_BITSET_PRIVATE, 0, {tv_sec=2755, tv_nsec=855543822}, FUTEX_BITSET_MATCH_ANY <unfinished ...>
5771  futex(0x7438a5ffdec0, FUTEX_WAKE_PRIVATE, 2147483647) = 1
5861  <... futex resumed>)              = 0
5861  futex(0x7438a5ffde70, FUTEX_WAIT_PRIVATE, 2, NULL <unfinished ...>
5771  futex(0x7438a5ffde70, FUTEX_WAKE_PRIVATE, 1) = 1
5861  <... futex resumed>)              = 0
5861  futex(0x7438a5ffde70, FUTEX_WAKE_PRIVATE, 1) = 0
5861  futex(0x74383c000d78, FUTEX_WAIT_PRIVATE, 2, NULL <unfinished ...>
5771  futex(0x74383c000d78, FUTEX_WAKE_PRIVATE, 1) = 1
5861  <... futex resumed>)              = 0
5861  futex(0x74383c000d78, FUTEX_WAKE_PRIVATE, 1) = 0
5861  epoll_ctl(91<anon_inode:[eventpoll]>, EPOLL_CTL_MOD, 90<anon_inode:[eventfd]>, {events=EPOLLIN|EPOLLERR|EPOLLET, data={u32=2367488400, u64=94152345584016}}) = 0
5832  <... epoll_wait resumed>[{events=EPOLLIN, data={u32=2367488400, u64=94152345584016}}], 128, -1) = 1
5861  write(32<anon_inode:[eventfd]>, "\1\0\0\0\0\0\0\0", 8 <unfinished ...>
5832  timerfd_settime(92<anon_inode:[timerfd]>, 0, {it_interval={tv_sec=0, tv_nsec=0}, it_value={tv_sec=0, tv_nsec=15996000}},  <unfinished ...>
5861  <... write resumed>)              = 8
5832  <... timerfd_settime resumed>{it_interval={tv_sec=0, tv_nsec=0}, it_value={tv_sec=0, tv_nsec=16405151}}) = 0
5861  futex(0x7438a5ffdec0, FUTEX_WAIT_BITSET_PRIVATE|FUTEX_CLOCK_REALTIME, 0, NULL, FUTEX_BITSET_MATCH_ANY <unfinished ...>
5832  epoll_wait(91<anon_inode:[eventpoll]>, [], 128, 0) = 0
5832  epoll_wait(91<anon_inode:[eventpoll]>,  <unfinished ...>
5771  sendto(48<UNIX-STREAM:[37079->37080]>, "\10\0\0\0h\0\0\0\30\0\24\0\0\0\0\0004\26\0\0\0\0\0\0\0\0\0\0\0\0\0\0"..., 104, MSG_NOSIGNAL, NULL, 0) = 104
5771  epoll_wait(31<anon_inode:[eventpoll]>, [{events=EPOLLIN, data={u32=4026539168, u64=127787893529760}}], 16, 0) = 1
5771  read(32<anon_inode:[eventfd]>, "\1\0\0\0\0\0\0\0", 8) = 8
5771  epoll_wait(31<anon_inode:[eventpoll]>, [], 16, 0) = 0
5771  epoll_wait(31<anon_inode:[eventpoll]>,  <unfinished ...>
5868  <... poll resumed>)               = 0 (Timeout)
5868  poll([{fd=110<pipe:[27405]>, events=POLLIN}, {fd=112<TCP:[192.168.30.128:37006->35.186.224.35:443]>, events=POLLIN}], 2, 50 <unfinished ...>
5832  <... epoll_wait resumed>[{events=EPOLLIN, data={u32=2367488412, u64=94152345584028}}], 128, -1) = 1
5832  timerfd_settime(92<anon_inode:[timerfd]>, 0, {it_interval={tv_sec=0, tv_nsec=0}, it_value={tv_sec=300, tv_nsec=0}}, {it_interval={tv_sec=0, tv_nsec=0}, it_value={tv_sec=0, tv_nsec=0}}) = 0
5832  timerfd_settime(92<anon_inode:[timerfd]>, 0, {it_interval={tv_sec=0, tv_nsec=0}, it_value={tv_sec=0, tv_nsec=49997000}}, {it_interval={tv_sec=0, tv_nsec=0}, it_value={tv_sec=299, tv_nsec=999913744}}) = 0
5832  epoll_wait(91<anon_inode:[eventpoll]>,  <unfinished ...>
5868  <... poll resumed>)               = 0 (Timeout)
5868  poll([{fd=110<pipe:[27405]>, events=POLLIN}, {fd=112<TCP:[192.168.30.128:37006->35.186.224.35:443]>, events=POLLIN}], 2, 50 <unfinished ...>
5832  <... epoll_wait resumed>[{events=EPOLLIN, data={u32=2367488412, u64=94152345584028}}], 128, -1) = 1
5832  timerfd_settime(92<anon_inode:[timerfd]>, 0, {it_interval={tv_sec=0, tv_nsec=0}, it_value={tv_sec=300, tv_nsec=0}}, {it_interval={tv_sec=0, tv_nsec=0}, it_value={tv_sec=0, tv_nsec=0}}) = 0
5832  timerfd_settime(92<anon_inode:[timerfd]>, 0, {it_interval={tv_sec=0, tv_nsec=0}, it_value={tv_sec=0, tv_nsec=49999000}}, {it_interval={tv_sec=0, tv_nsec=0}, it_value={tv_sec=299, tv_nsec=999970967}}) = 0
5832  epoll_wait(91<anon_inode:[eventpoll]>,  <unfinished ...>
5891  <... clock_nanosleep resumed>0x743880bfe140) = 0
5891  clock_nanosleep(CLOCK_REALTIME, 0, {tv_sec=0, tv_nsec=100000000},  <unfinished ...>
5875  <... futex resumed>)              = -1 ETIMEDOUT (Connection timed out)
5875  futex(0x743848096ce8, FUTEX_WAKE_PRIVATE, 1) = 0
5875  futex(0x74384808468c, FUTEX_WAIT_BITSET_PRIVATE, 0, {tv_sec=2755, tv_nsec=955934951}, FUTEX_BITSET_MATCH_ANY <unfinished ...>
5868  <... poll resumed>)               = 0 (Timeout)
5868  poll([{fd=110<pipe:[27405]>, events=POLLIN}, {fd=112<TCP:[192.168.30.128:37006->35.186.224.35:443]>, events=POLLIN}], 2, 50 <unfinished ...>
5832  <... epoll_wait resumed>[{events=EPOLLIN, data={u32=2367488412, u64=94152345584028}}], 128, -1) = 1
