5771  recvmsg(48<UNIX-STREAM:[37079->37080]>, {msg_name=NULL, msg_namelen=0, msg_iov=[{iov_base="\10\0\0\0x\0\0\0\30\0\24\0\0\0\0\0\316\35\0\0\0\0\0\0\0\0\0\0\0\0\0\0"..., iov_len=4096}], msg_iovlen=1, msg_controllen=0, msg_flags=0}, MSG_DONTWAIT) = 392
5771  sendto(195<UNIX-STREAM:[37142->37143]>, "\10\0\0\0x\0\0\0\30\0\24\0\0\0\0\0*#\0\0\0\0\0\0\0\0\0\0\0\0\0\0"..., 120, MSG_NOSIGNAL, NULL, 0) = 120
5771  sendto(195<UNIX-STREAM:[37142->37143]>, "\10\0\0\0h\0\0\0\30\0\24\0\0\0\0\0+#\0\0\0\0\0\0\0\0\0\0\0\0\0\0"..., 104, MSG_NOSIGNAL, NULL, 0 <unfinished ...>
5743  <... recvmsg resumed>{msg_namelen=0}, 0) = -1 EAGAIN (Resource temporarily unavailable)
5771  <... sendto resumed>)             = 104
5743  recvmsg(33<UNIX-STREAM:[31619->35114]>, {msg_namelen=0}, 0) = -1 EAGAIN (Resource temporarily unavailable)
5771  write(32<anon_inode:[eventfd]>, "\1\0\0\0\0\0\0\0", 8 <unfinished ...>
5743  poll([{fd=13<anon_inode:[eventfd]>, events=POLLIN}, {fd=14<pipe:[31615]>, events=POLLIN}, {fd=17<UNIX-STREAM:[31618->35113]>, events=POLLIN}, {fd=33<UNIX-STREAM:[31619->35114]>, events=POLLIN}], 4, 0 <unfinished ...>
5771  <... write resumed>)              = 8
5743  <... poll resumed>)               = 0 (Timeout)
5771  sendto(195<UNIX-STREAM:[37142->37143]>, "\10\0\0\08\0\0\0\30\0\26\0\0\0\0\0,#\0\0\0\0\0\0\0\0\0\0\0\0\0\0"..., 56, MSG_NOSIGNAL, NULL, 0 <unfinished ...>
5743  recvmsg(17<UNIX-STREAM:[31618->35113]>, {msg_namelen=0}, 0) = -1 EAGAIN (Resource temporarily unavailable)
5771  <... sendto resumed>)             = 56
5743  munmap(0x743916019000, 66734 <unfinished ...>
5771  recvmsg(195<UNIX-STREAM:[37142->37143]>,  <unfinished ...>
5743  <... munmap resumed>)             = 0
5743  fcntl(121</dev/shm/.org.chromium.Chromium.f9TPsk>(deleted), F_GETFL) = 0x8002 (flags O_RDWR|O_LARGEFILE)
5743  fcntl(173</dev/shm/.org.chromium.Chromium.f9TPsk>(deleted), F_GETFL <unfinished ...>
5771  <... recvmsg resumed>{msg_name=NULL, msg_namelen=0, msg_iov=[{iov_base="\10\0\0\0h\0\0\0\30\0\24\0\0\0\0\0\nm\0\0\0\0\0\0\0\0\0\0\0\0\0\0"..., iov_len=4096}], msg_iovlen=1, msg_controllen=0, msg_flags=0}, MSG_DONTWAIT) = 208
5743  <... fcntl resumed>)              = 0x8000 (flags O_RDONLY|O_LARGEFILE)
5771  epoll_wait(31<anon_inode:[eventpoll]>,  <unfinished ...>
5743  sendmsg(195<UNIX-STREAM:[37142->37143]>, {msg_name=NULL, msg_namelen=0, msg_iov=[{iov_base="\10\0\2\0\270\0\0\0\30\0\24\0\0\0\0\0-#\0\0\0\0\0\0p\0\0\0\0\0\0\0"..., iov_len=184}], msg_iovlen=1, msg_control=[{cmsg_len=24, cmsg_level=SOL_SOCKET, cmsg_type=SCM_RIGHTS, cmsg_data=[121</dev/shm/.org.chromium.Chromium.f9TPsk>(deleted), 173</dev/shm/.org.chromium.Chromium.f9TPsk>(deleted)]}], msg_controllen=24, msg_flags=0}, MSG_NOSIGNAL <unfinished ...>
5771  <... epoll_wait resumed>[{events=EPOLLIN, data={u32=4026539168, u64=127787893529760}}], 16, 0) = 1
5743  <... sendmsg resumed>)            = 184
5743  close(173</dev/shm/.org.chromium.Chromium.f9TPsk>(deleted) <unfinished ...>
5771  read(32<anon_inode:[eventfd]>,  <unfinished ...>
5743  <... close resumed>)              = 0
5771  <... read resumed>"\1\0\0\0\0\0\0\0", 8) = 8
5743  close(121</dev/shm/.org.chromium.Chromium.f9TPsk>(deleted) <unfinished ...>
5771  epoll_wait(31<anon_inode:[eventpoll]>,  <unfinished ...>
5743  <... close resumed>)              = 0
5771  <... epoll_wait resumed>[], 16, 0) = 0
5743  recvmsg(17<UNIX-STREAM:[31618->35113]>, {msg_namelen=0}, 0) = -1 EAGAIN (Resource temporarily unavailable)
5771  epoll_wait(31<anon_inode:[eventpoll]>,  <unfinished ...>
5743  recvmsg(33<UNIX-STREAM:[31619->35114]>, {msg_namelen=0}, 0) = -1 EAGAIN (Resource temporarily unavailable)
5743  recvmsg(33<UNIX-STREAM:[31619->35114]>, {msg_namelen=0}, 0) = -1 EAGAIN (Resource temporarily unavailable)
5743  poll([{fd=13<anon_inode:[eventfd]>, events=POLLIN}, {fd=14<pipe:[31615]>, events=POLLIN}, {fd=17<UNIX-STREAM:[31618->35113]>, events=POLLIN}, {fd=33<UNIX-STREAM:[31619->35114]>, events=POLLIN}], 4, 0 <unfinished ...>
5771  <... epoll_wait resumed>[{events=EPOLLIN, data={u32=3825230760, u64=127787692221352}}], 16, 92056) = 1
5743  <... poll resumed>)               = 0 (Timeout)
5771  recvmsg(195<UNIX-STREAM:[37142->37143]>,  <unfinished ...>
5743  recvmsg(17<UNIX-STREAM:[31618->35113]>,  <unfinished ...>
5771  <... recvmsg resumed>{msg_name=NULL, msg_namelen=0, msg_iov=[{iov_base="\10\0\0\08\0\0\0\30\0\26\0\0\0\0\0\fm\0\0\0\0\0\0\0\0\0\0\0\0\0\0"..., iov_len=4096}], msg_iovlen=1, msg_controllen=0, msg_flags=0}, MSG_DONTWAIT) = 368
5743  <... recvmsg resumed>{msg_namelen=0}, 0) = -1 EAGAIN (Resource temporarily unavailable)
5771  write(32<anon_inode:[eventfd]>, "\1\0\0\0\0\0\0\0", 8 <unfinished ...>
5743  sendto(195<UNIX-STREAM:[37142->37143]>, "\10\0\0\0h\0\0\0\30\0\24\0\0\0\0\0.#\0\0\0\0\0\0\0\0\0\0\0\0\0\0"..., 104, MSG_NOSIGNAL, NULL, 0 <unfinished ...>
5771  <... write resumed>)              = 8
5743  <... sendto resumed>)             = 104
5771  sendto(48<UNIX-STREAM:[37079->37080]>, "\10\0\0\08\0\0\0\30\0\26\0\0\0\0\0\36\24\0\0\0\0\0\0\0\0\0\0\0\0\0\0"..., 56, MSG_NOSIGNAL, NULL, 0 <unfinished ...>
5743  recvmsg(17<UNIX-STREAM:[31618->35113]>,  <unfinished ...>
5771  <... sendto resumed>)             = 56
5743  <... recvmsg resumed>{msg_namelen=0}, 0) = -1 EAGAIN (Resource temporarily unavailable)
5743  recvmsg(33<UNIX-STREAM:[31619->35114]>,  <unfinished ...>
5771  epoll_wait(31<anon_inode:[eventpoll]>,  <unfinished ...>
5743  <... recvmsg resumed>{msg_namelen=0}, 0) = -1 EAGAIN (Resource temporarily unavailable)
5743  recvmsg(33<UNIX-STREAM:[31619->35114]>,  <unfinished ...>
5771  <... epoll_wait resumed>[{events=EPOLLIN, data={u32=4026539168, u64=127787893529760}}], 16, 0) = 1
5743  <... recvmsg resumed>{msg_namelen=0}, 0) = -1 EAGAIN (Resource temporarily unavailable)
5771  read(32<anon_inode:[eventfd]>,  <unfinished ...>
5743  poll([{fd=13<anon_inode:[eventfd]>, events=POLLIN}, {fd=14<pipe:[31615]>, events=POLLIN}, {fd=17<UNIX-STREAM:[31618->35113]>, events=POLLIN}, {fd=33<UNIX-STREAM:[31619->35114]>, events=POLLIN}], 4, 0 <unfinished ...>
5771  <... read resumed>"\1\0\0\0\0\0\0\0", 8) = 8
5743  <... poll resumed>)               = 0 (Timeout)
5771  epoll_wait(31<anon_inode:[eventpoll]>,  <unfinished ...>
5743  recvmsg(17<UNIX-STREAM:[31618->35113]>,  <unfinished ...>
5771  <... epoll_wait resumed>[], 16, 0) = 0
5743  <... recvmsg resumed>{msg_namelen=0}, 0) = -1 EAGAIN (Resource temporarily unavailable)
5771  epoll_wait(31<anon_inode:[eventpoll]>,  <unfinished ...>
5743  sendto(195<UNIX-STREAM:[37142->37143]>, "\10\0\0\0h\0\0\0\30\0\24\0\0\0\0\0/#\0\0\0\0\0\0\0\0\0\0\0\0\0\0"..., 104, MSG_NOSIGNAL, NULL, 0) = 104
5832  futex(0x743848000030, FUTEX_WAKE_PRIVATE, 1 <unfinished ...>
5743  futex(0x743848000030, FUTEX_WAIT_PRIVATE, 2, NULL <unfinished ...>
5832  <... futex resumed>)              = 0
5743  <... futex resumed>)              = -1 EAGAIN (Resource temporarily unavailable)
5743  futex(0x743848000030, FUTEX_WAKE_PRIVATE, 1) = 0
5743  recvmsg(17<UNIX-STREAM:[31618->35113]>, {msg_namelen=0}, 0) = -1 EAGAIN (Resource temporarily unavailable)
5743  recvmsg(33<UNIX-STREAM:[31619->35114]>, {msg_namelen=0}, 0) = -1 EAGAIN (Resource temporarily unavailable)
5743  recvmsg(33<UNIX-STREAM:[31619->35114]>, {msg_namelen=0}, 0) = -1 EAGAIN (Resource temporarily unavailable)
5743  poll([{fd=13<anon_inode:[eventfd]>, events=POLLIN}, {fd=14<pipe:[31615]>, events=POLLIN}, {fd=17<UNIX-STREAM:[31618->35113]>, events=POLLIN}, {fd=33<UNIX-STREAM:[31619->35114]>, events=POLLIN}], 4, 0) = 0 (Timeout)
5743  recvmsg(17<UNIX-STREAM:[31618->35113]>, {msg_namelen=0}, 0) = -1 EAGAIN (Resource temporarily unavailable)
5743  recvmsg(17<UNIX-STREAM:[31618->35113]>, {msg_namelen=0}, 0) = -1 EAGAIN (Resource temporarily unavailable)
5743  recvmsg(33<UNIX-STREAM:[31619->35114]>, {msg_namelen=0}, 0) = -1 EAGAIN (Resource temporarily unavailable)
5832  timerfd_settime(92<anon_inode:[timerfd]>, 0, {it_interval={tv_sec=0, tv_nsec=0}, it_value={tv_sec=0, tv_nsec=995000}},  <unfinished ...>
5743  recvmsg(33<UNIX-STREAM:[31619->35114]>,  <unfinished ...>
5832  <... timerfd_settime resumed>{it_interval={tv_sec=0, tv_nsec=0}, it_value={tv_sec=0, tv_nsec=0}}) = 0
5743  <... recvmsg resumed>{msg_namelen=0}, 0) = -1 EAGAIN (Resource temporarily unavailable)
5743  poll([{fd=13<anon_inode:[eventfd]>, events=POLLIN}, {fd=14<pipe:[31615]>, events=POLLIN}, {fd=17<UNIX-STREAM:[31618->35113]>, events=POLLIN}, {fd=33<UNIX-STREAM:[31619->35114]>, events=POLLIN}], 4, 0) = 0 (Timeout)
5743  recvmsg(17<UNIX-STREAM:[31618->35113]>,  <unfinished ...>
5832  epoll_wait(91<anon_inode:[eventpoll]>, [{events=EPOLLIN, data={u32=2367488412, u64=94152345584028}}], 128, 0) = 1
5743  <... recvmsg resumed>{msg_namelen=0}, 0) = -1 EAGAIN (Resource temporarily unavailable)
5832  timerfd_settime(92<anon_inode:[timerfd]>, 0, {it_interval={tv_sec=0, tv_nsec=0}, it_value={tv_sec=300, tv_nsec=0}}, {it_interval={tv_sec=0, tv_nsec=0}, it_value={tv_sec=0, tv_nsec=0}}) = 0
5743  sendto(195<UNIX-STREAM:[37142->37143]>, "\10\0\0\0h\0\0\0\30\0\24\0\0\0\0\0000#\0\0\0\0\0\0\0\0\0\0\0\0\0\0"..., 104, MSG_NOSIGNAL, NULL, 0) = 104
5832  futex(0x743848000030, FUTEX_WAIT_PRIVATE, 2, NULL <unfinished ...>
5743  futex(0x743848000030, FUTEX_WAKE_PRIVATE, 1 <unfinished ...>
5832  <... futex resumed>)              = -1 EAGAIN (Resource temporarily unavailable)
5743  <... futex resumed>)              = 0
5832  futex(0x743848000030, FUTEX_WAKE_PRIVATE, 1) = 0
5743  recvmsg(17<UNIX-STREAM:[31618->35113]>, {msg_namelen=0}, 0) = -1 EAGAIN (Resource temporarily unavailable)
5743  recvmsg(33<UNIX-STREAM:[31619->35114]>, {msg_namelen=0}, 0) = -1 EAGAIN (Resource temporarily unavailable)
5743  recvmsg(33<UNIX-STREAM:[31619->35114]>, {msg_namelen=0}, 0) = -1 EAGAIN (Resource temporarily unavailable)
5743  poll([{fd=13<anon_inode:[eventfd]>, events=POLLIN}, {fd=14<pipe:[31615]>, events=POLLIN}, {fd=17<UNIX-STREAM:[31618->35113]>, events=POLLIN}, {fd=33<UNIX-STREAM:[31619->35114]>, events=POLLIN}], 4, 0) = 0 (Timeout)
5743  recvmsg(17<UNIX-STREAM:[31618->35113]>, {msg_namelen=0}, 0) = -1 EAGAIN (Resource temporarily unavailable)
5743  sendto(195<UNIX-STREAM:[37142->37143]>, "\10\0\0\0h\0\0\0\30\0\24\0\0\0\0\0001#\0\0\0\0\0\0\0\0\0\0\0\0\0\0"..., 104, MSG_NOSIGNAL, NULL, 0) = 104
5832  futex(0x743848000030, FUTEX_WAIT_PRIVATE, 2, NULL <unfinished ...>
5743  futex(0x743848000030, FUTEX_WAKE_PRIVATE, 1 <unfinished ...>
5868  <... poll resumed>)               = 0 (Timeout)
5832  <... futex resumed>)              = -1 EAGAIN (Resource temporarily unavailable)
5743  <... futex resumed>)              = 0
5868  poll([{fd=110<pipe:[27405]>, events=POLLIN}, {fd=112<TCP:[192.168.30.128:37006->35.186.224.35:443]>, events=POLLIN}], 2, 50 <unfinished ...>
5832  futex(0x743848000030, FUTEX_WAKE_PRIVATE, 1 <unfinished ...>
5743  recvmsg(17<UNIX-STREAM:[31618->35113]>,  <unfinished ...>
5832  <... futex resumed>)              = 0
5743  <... recvmsg resumed>{msg_namelen=0}, 0) = -1 EAGAIN (Resource temporarily unavailable)
5743  recvmsg(33<UNIX-STREAM:[31619->35114]>, {msg_namelen=0}, 0) = -1 EAGAIN (Resource temporarily unavailable)
5743  recvmsg(33<UNIX-STREAM:[31619->35114]>, {msg_namelen=0}, 0) = -1 EAGAIN (Resource temporarily unavailable)
5743  poll([{fd=13<anon_inode:[eventfd]>, events=POLLIN}, {fd=14<pipe:[31615]>, events=POLLIN}, {fd=17<UNIX-STREAM:[31618->35113]>, events=POLLIN}, {fd=33<UNIX-STREAM:[31619->35114]>, events=POLLIN}], 4, 0) = 0 (Timeout)
5743  recvmsg(17<UNIX-STREAM:[31618->35113]>, {msg_namelen=0}, 0) = -1 EAGAIN (Resource temporarily unavailable)
5743  recvmsg(17<UNIX-STREAM:[31618->35113]>, {msg_namelen=0}, 0) = -1 EAGAIN (Resource temporarily unavailable)
5743  recvmsg(33<UNIX-STREAM:[31619->35114]>, {msg_namelen=0}, 0) = -1 EAGAIN (Resource temporarily unavailable)
5743  recvmsg(33<UNIX-STREAM:[31619->35114]>, {msg_namelen=0}, 0) = -1 EAGAIN (Resource temporarily unavailable)
5743  poll([{fd=13<anon_inode:[eventfd]>, events=POLLIN}, {fd=14<pipe:[31615]>, events=POLLIN}, {fd=17<UNIX-STREAM:[31618->35113]>, events=POLLIN}, {fd=33<UNIX-STREAM:[31619->35114]>, events=POLLIN}], 4, 2341 <unfinished ...>
5891  <... clock_nanosleep resumed>0x743880bfe140) = 0
5891  clock_nanosleep(CLOCK_REALTIME, 0, {tv_sec=0, tv_nsec=100000000},  <unfinished ...>
5832  write(15<pipe:[31615]>, "!", 1)   = 1
5743  <... poll resumed>)               = 1 ([{fd=14, revents=POLLIN}])
5832  futex(0x7438a5ffdec0, FUTEX_WAKE_PRIVATE, 2147483647 <unfinished ...>
5743  recvmsg(17<UNIX-STREAM:[31618->35113]>,  <unfinished ...>
5832  <... futex resumed>)              = 1
5743  <... recvmsg resumed>{msg_namelen=0}, 0) = -1 EAGAIN (Resource temporarily unavailable)
5861  <... futex resumed>)              = 0
5861  futex(0x7438a5ffde70, FUTEX_WAKE_PRIVATE, 1) = 0
5861  futex(0x743848000030, FUTEX_WAKE_PRIVATE, 1 <unfinished ...>
5832  futex(0x743848000030, FUTEX_WAKE_PRIVATE, 1 <unfinished ...>
5743  read(14<pipe:[31615]>,  <unfinished ...>
5832  <... futex resumed>)              = 0
5861  <... futex resumed>)              = 0
5743  <... read resumed>"!", 2)         = 1
5861  futex(0x7438a5ffdec0, FUTEX_WAIT_BITSET_PRIVATE|FUTEX_CLOCK_REALTIME, 0, NULL, FUTEX_BITSET_MATCH_ANY <unfinished ...>
5743  sendto(195<UNIX-STREAM:[37142->37143]>, "\10\0\0\0\300\27\0\0\30\0\24\0\0\0\0\0002#\0\0\0\0\0\0\0\0\0\0\0\0\0\0"..., 6080, MSG_NOSIGNAL, NULL, 0) = 6080
5832  futex(0x743848000030, FUTEX_WAIT_PRIVATE, 2, NULL <unfinished ...>
5743  futex(0x743848000030, FUTEX_WAKE_PRIVATE, 1) = 0
5832  <... futex resumed>)              = -1 EAGAIN (Resource temporarily unavailable)
5832  futex(0x743848000030, FUTEX_WAKE_PRIVATE, 1) = 0
5743  getrandom("\x58\xc7\x15\xae\xe9\x29\x8f\x6c\x4b\x19\x5e\x0a\x08\x4b\x85\x45", 16, 0) = 16
5743  write(32<anon_inode:[eventfd]>, "\1\0\0\0\0\0\0\0", 8) = 8
5771  <... epoll_wait resumed>[{events=EPOLLIN, data={u32=4026539168, u64=127787893529760}}], 16, 92047) = 1
5743  futex(0x7438a5ffdec0, FUTEX_WAKE_PRIVATE, 2147483647 <unfinished ...>
5861  <... futex resumed>)              = 0
5771  read(32<anon_inode:[eventfd]>,  <unfinished ...>
5743  <... futex resumed>)              = 1
5861  futex(0x7438a5ffde70, FUTEX_WAIT_PRIVATE, 2, NULL <unfinished ...>
5771  <... read resumed>"\1\0\0\0\0\0\0\0", 8) = 8
5743  futex(0x7438a5ffde70, FUTEX_WAKE_PRIVATE, 1) = 1
5861  <... futex resumed>)              = 0
5861  futex(0x7438a5ffde70, FUTEX_WAKE_PRIVATE, 1) = 0
5832  timerfd_settime(92<anon_inode:[timerfd]>, 0, {it_interval={tv_sec=0, tv_nsec=0}, it_value={tv_sec=0, tv_nsec=8995000}},  <unfinished ...>
5861  futex(0x74383c000d78, FUTEX_WAIT_PRIVATE, 2, NULL <unfinished ...>
5743  futex(0x74383c000d78, FUTEX_WAKE_PRIVATE, 1 <unfinished ...>
5861  <... futex resumed>)              = -1 EAGAIN (Resource temporarily unavailable)
5832  <... timerfd_settime resumed>{it_interval={tv_sec=0, tv_nsec=0}, it_value={tv_sec=299, tv_nsec=970545793}}) = 0
5743  <... futex resumed>)              = 0
5861  futex(0x74383c000d78, FUTEX_WAKE_PRIVATE, 1) = 0
5861  getrandom( <unfinished ...>
5771  epoll_wait(31<anon_inode:[eventpoll]>,  <unfinished ...>
5743  recvmsg(17<UNIX-STREAM:[31618->35113]>,  <unfinished ...>
5832  timerfd_settime(92<anon_inode:[timerfd]>, 0, {it_interval={tv_sec=0, tv_nsec=0}, it_value={tv_sec=0, tv_nsec=27997000}},  <unfinished ...>
5743  <... recvmsg resumed>{msg_namelen=0}, 0) = -1 EAGAIN (Resource temporarily unavailable)
5832  <... timerfd_settime resumed>{it_interval={tv_sec=0, tv_nsec=0}, it_value={tv_sec=0, tv_nsec=6158291}}) = 0
5771  <... epoll_wait resumed>[], 16, 0) = 0
5743  recvmsg(33<UNIX-STREAM:[31619->35114]>,  <unfinished ...>
5832  epoll_wait(91<anon_inode:[eventpoll]>,  <unfinished ...>
5771  epoll_wait(31<anon_inode:[eventpoll]>,  <unfinished ...>
5743  <... recvmsg resumed>{msg_namelen=0}, 0) = -1 EAGAIN (Resource temporarily unavailable)
5832  <... epoll_wait resumed>[], 128, 0) = 0
5771  <... epoll_wait resumed>[], 16, 0) = 0
5832  epoll_wait(91<anon_inode:[eventpoll]>,  <unfinished ...>
5771  epoll_wait(31<anon_inode:[eventpoll]>,  <unfinished ...>
5743  recvmsg(33<UNIX-STREAM:[31619->35114]>,  <unfinished ...>
5861  <... getrandom resumed>"\xaa\xc8\xf0\xb0\x32\x48\x0e\x38\xfe\x83\x37\xd4\x68\xf7\x5d\x91", 16, 0) = 16
5743  <... recvmsg resumed>{msg_namelen=0}, 0) = -1 EAGAIN (Resource temporarily unavailable)
5861  getrandom("\x52\x76\x94\xb4\xe8\x1a\x11\x09\x70\xb5\x60\x1d\x2b\xbc\x91\xa5", 16, 0) = 16
5743  poll([{fd=13<anon_inode:[eventfd]>, events=POLLIN}, {fd=14<pipe:[31615]>, events=POLLIN}, {fd=17<UNIX-STREAM:[31618->35113]>, events=POLLIN}, {fd=33<UNIX-STREAM:[31619->35114]>, events=POLLIN}], 4, 0 <unfinished ...>
5861  write(32<anon_inode:[eventfd]>, "\1\0\0\0\0\0\0\0", 8) = 8
5743  <... poll resumed>)               = 0 (Timeout)
5861  futex(0x7438a5ffdec0, FUTEX_WAIT_BITSET_PRIVATE|FUTEX_CLOCK_REALTIME, 0, NULL, FUTEX_BITSET_MATCH_ANY <unfinished ...>
5743  recvmsg(17<UNIX-STREAM:[31618->35113]>,  <unfinished ...>
5771  <... epoll_wait resumed>[{events=EPOLLIN, data={u32=4026539168, u64=127787893529760}}], 16, 91998) = 1
5771  read(32<anon_inode:[eventfd]>, "\1\0\0\0\0\0\0\0", 8) = 8
5743  <... recvmsg resumed>{msg_namelen=0}, 0) = -1 EAGAIN (Resource temporarily unavailable)
5771  getrandom( <unfinished ...>
5743  sendto(48<UNIX-STREAM:[37079->37080]>, "\10\0\0\0\340\0\0\0\30\0\24\0\0\0\0\0\37\24\0\0\0\0\0\0\0\0\0\0\0\0\0\0"..., 224, MSG_NOSIGNAL, NULL, 0 <unfinished ...>
5771  <... getrandom resumed>"\xb3\x01\xe6\x58\xf8\x7a\x9c\x62\x5f\x9f\x52\x61\xb7\x59\xe0\x3b", 16, 0) = 16
5743  <... sendto resumed>)             = 224
5771  getrandom( <unfinished ...>
5743  sendto(48<UNIX-STREAM:[37079->37080]>, "\10\0\0\0\20\1\0\0\30\0\24\0\0\0\0\0 \24\0\0\0\0\0\0\0\0\0\0\0\0\0\0"..., 272, MSG_NOSIGNAL, NULL, 0 <unfinished ...>
5771  <... getrandom resumed>"\xbb\xe3\x7d\x7c\x86\xb6\xb4\x0d\xb7\x5e\xa9\x8e\xaa\x92\xa7\x9e", 16, 0) = 16
5743  <... sendto resumed>)             = 272
5771  sendto(48<UNIX-STREAM:[37079->37080]>, "\10\0\0\0\250\1\0\0\30\0\24\0\0\0\0\0!\24\0\0\0\0\0\0\0\0\0\0\0\0\0\0"..., 424, MSG_NOSIGNAL, NULL, 0 <unfinished ...>
5743  recvmsg(17<UNIX-STREAM:[31618->35113]>,  <unfinished ...>
5771  <... sendto resumed>)             = 424
5743  <... recvmsg resumed>{msg_namelen=0}, 0) = -1 EAGAIN (Resource temporarily unavailable)
5875  <... futex resumed>)              = -1 ETIMEDOUT (Connection timed out)
5743  recvmsg(33<UNIX-STREAM:[31619->35114]>,  <unfinished ...>
5771  write(15<pipe:[31615]>, "!", 1 <unfinished ...>
5875  futex(0x743848096ce8, FUTEX_WAKE_PRIVATE, 1 <unfinished ...>
5771  <... write resumed>)              = 1
5743  <... recvmsg resumed>{msg_namelen=0}, 0) = -1 EAGAIN (Resource temporarily unavailable)
5875  <... futex resumed>)              = 0
5743  recvmsg(33<UNIX-STREAM:[31619->35114]>,  <unfinished ...>
5771  epoll_wait(31<anon_inode:[eventpoll]>,  <unfinished ...>
5875  futex(0x74384808468c, FUTEX_WAIT_BITSET_PRIVATE, 0, {tv_sec=2434, tv_nsec=55227786}, FUTEX_BITSET_MATCH_ANY <unfinished ...>
5743  <... recvmsg resumed>{msg_namelen=0}, 0) = -1 EAGAIN (Resource temporarily unavailable)
5771  <... epoll_wait resumed>[{events=EPOLLIN, data={u32=3825230760, u64=127787692221352}}, {events=EPOLLIN, data={u32=4026554232, u64=127787893544824}}], 16, 0) = 2
5743  poll([{fd=13<anon_inode:[eventfd]>, events=POLLIN}, {fd=14<pipe:[31615]>, events=POLLIN}, {fd=17<UNIX-STREAM:[31618->35113]>, events=POLLIN}, {fd=33<UNIX-STREAM:[31619->35114]>, events=POLLIN}], 4, 0 <unfinished ...>
5771  recvmsg(195<UNIX-STREAM:[37142->37143]>,  <unfinished ...>
5743  <... poll resumed>)               = 1 ([{fd=14, revents=POLLIN}])
5771  <... recvmsg resumed>{msg_name=NULL, msg_namelen=0, msg_iov=[{iov_base="\10\0\0\0h\0\0\0\30\0\24\0\0\0\0\0\20m\0\0\0\0\0\0\0\0\0\0\0\0\0\0"..., iov_len=4096}], msg_iovlen=1, msg_controllen=0, msg_flags=0}, MSG_DONTWAIT) = 208
5743  recvmsg(17<UNIX-STREAM:[31618->35113]>,  <unfinished ...>
5771  futex(0x743917dfdf10, FUTEX_WAKE_PRIVATE, 2147483647 <unfinished ...>
5743  <... recvmsg resumed>{msg_namelen=0}, 0) = -1 EAGAIN (Resource temporarily unavailable)
5771  <... futex resumed>)              = 1
5743  read(14<pipe:[31615]>,  <unfinished ...>
5771  recvmsg(48<UNIX-STREAM:[37079->37080]>,  <unfinished ...>
5768  <... futex resumed>)              = 0
5743  <... read resumed>"!", 2)         = 1
5771  <... recvmsg resumed>{msg_name=NULL, msg_namelen=0, msg_iov=[{iov_base="\10\0\0\0\340\0\0\0\30\0\24\0\0\0\0\0\323\35\0\0\0\0\0\0\0\0\0\0\0\0\0\0"..., iov_len=4096}], msg_iovlen=1, msg_controllen=0, msg_flags=0}, MSG_DONTWAIT) = 224
5743  recvmsg(17<UNIX-STREAM:[31618->35113]>,  <unfinished ...>
5771  epoll_wait(31<anon_inode:[eventpoll]>,  <unfinished ...>
5743  <... recvmsg resumed>{msg_namelen=0}, 0) = -1 EAGAIN (Resource temporarily unavailable)
5771  <... epoll_wait resumed>[{events=EPOLLIN, data={u32=4026554232, u64=127787893544824}}], 16, 0) = 1
5743  recvmsg(33<UNIX-STREAM:[31619->35114]>,  <unfinished ...>
5768  futex(0x743917dfdec0, FUTEX_WAKE_PRIVATE, 1 <unfinished ...>
5743  <... recvmsg resumed>{msg_namelen=0}, 0) = -1 EAGAIN (Resource temporarily unavailable)
5768  <... futex resumed>)              = 0
5771  recvmsg(48<UNIX-STREAM:[37079->37080]>,  <unfinished ...>
5743  recvmsg(33<UNIX-STREAM:[31619->35114]>,  <unfinished ...>
5771  <... recvmsg resumed>{msg_name=NULL, msg_namelen=0, msg_iov=[{iov_base="\10\0\0\08\0\0\0\30\0\26\0\0\0\0\0\324\35\0\0\0\0\0\0\0\0\0\0\0\0\0\0"..., iov_len=4096}], msg_iovlen=1, msg_controllen=0, msg_flags=0}, MSG_DONTWAIT) = 56
5768  futex(0x743917dfdf10, FUTEX_WAIT_BITSET_PRIVATE|FUTEX_CLOCK_REALTIME, 0, NULL, FUTEX_BITSET_MATCH_ANY <unfinished ...>
5743  <... recvmsg resumed>{msg_namelen=0}, 0) = -1 EAGAIN (Resource temporarily unavailable)
5771  epoll_wait(31<anon_inode:[eventpoll]>,  <unfinished ...>
5743  poll([{fd=13<anon_inode:[eventfd]>, events=POLLIN}, {fd=14<pipe:[31615]>, events=POLLIN}, {fd=17<UNIX-STREAM:[31618->35113]>, events=POLLIN}, {fd=33<UNIX-STREAM:[31619->35114]>, events=POLLIN}], 4, 0 <unfinished ...>
5771  <... epoll_wait resumed>[], 16, 0) = 0
5743  <... poll resumed>)               = 0 (Timeout)
5743  recvmsg(17<UNIX-STREAM:[31618->35113]>,  <unfinished ...>
5771  epoll_wait(31<anon_inode:[eventpoll]>,  <unfinished ...>
5743  <... recvmsg resumed>{msg_namelen=0}, 0) = -1 EAGAIN (Resource temporarily unavailable)
5771  <... epoll_wait resumed>[{events=EPOLLIN, data={u32=3825230760, u64=127787692221352}}], 16, 91984) = 1
5743  recvmsg(17<UNIX-STREAM:[31618->35113]>,  <unfinished ...>
5771  recvmsg(195<UNIX-STREAM:[37142->37143]>,  <unfinished ...>
5743  <... recvmsg resumed>{msg_namelen=0}, 0) = -1 EAGAIN (Resource temporarily unavailable)
5868  <... poll resumed>)               = 0 (Timeout)
5743  recvmsg(33<UNIX-STREAM:[31619->35114]>,  <unfinished ...>
5868  poll([{fd=110<pipe:[27405]>, events=POLLIN}, {fd=112<TCP:[192.168.30.128:37006->35.186.224.35:443]>, events=POLLIN}], 2, 50 <unfinished ...>
5743  <... recvmsg resumed>{msg_namelen=0}, 0) = -1 EAGAIN (Resource temporarily unavailable)
5743  recvmsg(33<UNIX-STREAM:[31619->35114]>, {msg_namelen=0}, 0) = -1 EAGAIN (Resource temporarily unavailable)
5743  poll([{fd=13<anon_inode:[eventfd]>, events=POLLIN}, {fd=14<pipe:[31615]>, events=POLLIN}, {fd=17<UNIX-STREAM:[31618->35113]>, events=POLLIN}, {fd=33<UNIX-STREAM:[31619->35114]>, events=POLLIN}], 4, 0) = 0 (Timeout)
5743  recvmsg(17<UNIX-STREAM:[31618->35113]>, {msg_namelen=0}, 0) = -1 EAGAIN (Resource temporarily unavailable)
5743  recvmsg(17<UNIX-STREAM:[31618->35113]>, {msg_namelen=0}, 0) = -1 EAGAIN (Resource temporarily unavailable)
5743  recvmsg(33<UNIX-STREAM:[31619->35114]>, {msg_namelen=0}, 0) = -1 EAGAIN (Resource temporarily unavailable)
5743  recvmsg(33<UNIX-STREAM:[31619->35114]>, {msg_namelen=0}, 0) = -1 EAGAIN (Resource temporarily unavailable)
5743  poll([{fd=13<anon_inode:[eventfd]>, events=POLLIN}, {fd=14<pipe:[31615]>, events=POLLIN}, {fd=17<UNIX-STREAM:[31618->35113]>, events=POLLIN}, {fd=33<UNIX-STREAM:[31619->35114]>, events=POLLIN}], 4, 0) = 0 (Timeout)
5743  recvmsg(17<UNIX-STREAM:[31618->35113]>, {msg_namelen=0}, 0) = -1 EAGAIN (Resource temporarily unavailable)
5743  recvmsg(17<UNIX-STREAM:[31618->35113]>, {msg_namelen=0}, 0) = -1 EAGAIN (Resource temporarily unavailable)
5743  recvmsg(33<UNIX-STREAM:[31619->35114]>, {msg_namelen=0}, 0) = -1 EAGAIN (Resource temporarily unavailable)
5743  recvmsg(33<UNIX-STREAM:[31619->35114]>, {msg_namelen=0}, 0) = -1 EAGAIN (Resource temporarily unavailable)
5743  poll([{fd=13<anon_inode:[eventfd]>, events=POLLIN}, {fd=14<pipe:[31615]>, events=POLLIN}, {fd=17<UNIX-STREAM:[31618->35113]>, events=POLLIN}, {fd=33<UNIX-STREAM:[31619->35114]>, events=POLLIN}], 4, 2290 <unfinished ...>
5832  <... epoll_wait resumed>[{events=EPOLLIN, data={u32=2367488412, u64=94152345584028}}], 128, -1) = 1
5832  timerfd_settime(92<anon_inode:[timerfd]>, 0, {it_interval={tv_sec=0, tv_nsec=0}, it_value={tv_sec=300, tv_nsec=0}}, {it_interval={tv_sec=0, tv_nsec=0}, it_value={tv_sec=0, tv_nsec=0}}) = 0
5832  timerfd_settime(92<anon_inode:[timerfd]>, 0, {it_interval={tv_sec=0, tv_nsec=0}, it_value={tv_sec=0, tv_nsec=44997000}}, {it_interval={tv_sec=0, tv_nsec=0}, it_value={tv_sec=299, tv_nsec=999846647}}) = 0
5832  epoll_wait(91<anon_inode:[eventpoll]>,  <unfinished ...>
5771  <... recvmsg resumed>{msg_name=NULL, msg_namelen=0, msg_iov=[{iov_base="\10\0\0\0h\0\0\0\30\0\24\0\0\0\0\0\22m\0\0\0\0\0\0\0\0\0\0\0\0\0\0"..., iov_len=4096}], msg_iovlen=1, msg_controllen=0, msg_flags=0}, MSG_DONTWAIT) = 104
5771  write(15<pipe:[31615]>, "!", 1)   = 1
5743  <... poll resumed>)               = 1 ([{fd=14, revents=POLLIN}])
5743  recvmsg(17<UNIX-STREAM:[31618->35113]>,  <unfinished ...>
5771  epoll_wait(31<anon_inode:[eventpoll]>,  <unfinished ...>
5743  <... recvmsg resumed>{msg_namelen=0}, 0) = -1 EAGAIN (Resource temporarily unavailable)
5771  <... epoll_wait resumed>[{events=EPOLLIN, data={u32=3825230760, u64=127787692221352}}], 16, 0) = 1
5771  recvmsg(195<UNIX-STREAM:[37142->37143]>,  <unfinished ...>
5743  read(14<pipe:[31615]>,  <unfinished ...>
5771  <... recvmsg resumed>{msg_name=NULL, msg_namelen=0, msg_iov=[{iov_base="\10\0\0\0h\0\0\0\30\0\24\0\0\0\0\0\23m\0\0\0\0\0\0\0\0\0\0\0\0\0\0"..., iov_len=4096}], msg_iovlen=1, msg_controllen=0, msg_flags=0}, MSG_DONTWAIT) = 312
5743  <... read resumed>"!", 2)         = 1
5771  write(32<anon_inode:[eventfd]>, "\1\0\0\0\0\0\0\0", 8 <unfinished ...>
5743  recvmsg(17<UNIX-STREAM:[31618->35113]>, {msg_namelen=0}, 0) = -1 EAGAIN (Resource temporarily unavailable)
5743  recvmsg(33<UNIX-STREAM:[31619->35114]>, {msg_namelen=0}, 0) = -1 EAGAIN (Resource temporarily unavailable)
5743  recvmsg(33<UNIX-STREAM:[31619->35114]>,  <unfinished ...>
5771  <... write resumed>)              = 8
5771  write(15<pipe:[31615]>, "!", 1 <unfinished ...>
5743  <... recvmsg resumed>{msg_namelen=0}, 0) = -1 EAGAIN (Resource temporarily unavailable)
5771  <... write resumed>)              = 1
5743  poll([{fd=13<anon_inode:[eventfd]>, events=POLLIN}, {fd=14<pipe:[31615]>, events=POLLIN}, {fd=17<UNIX-STREAM:[31618->35113]>, events=POLLIN}, {fd=33<UNIX-STREAM:[31619->35114]>, events=POLLIN}], 4, 0 <unfinished ...>
5771  epoll_wait(31<anon_inode:[eventpoll]>,  <unfinished ...>
5743  <... poll resumed>)               = 1 ([{fd=14, revents=POLLIN}])
5771  <... epoll_wait resumed>[{events=EPOLLIN, data={u32=4026539168, u64=127787893529760}}], 16, 0) = 1
5743  recvmsg(17<UNIX-STREAM:[31618->35113]>,  <unfinished ...>
5771  read(32<anon_inode:[eventfd]>,  <unfinished ...>
5743  <... recvmsg resumed>{msg_namelen=0}, 0) = -1 EAGAIN (Resource temporarily unavailable)
5771  <... read resumed>"\1\0\0\0\0\0\0\0", 8) = 8
5743  read(14<pipe:[31615]>, "!", 2)    = 1
5771  epoll_wait(31<anon_inode:[eventpoll]>,  <unfinished ...>
5743  getrandom( <unfinished ...>
5771  <... epoll_wait resumed>[{events=EPOLLIN, data={u32=3825230760, u64=127787692221352}}], 16, 0) = 1
5743  <... getrandom resumed>"\xec\x78\x66\xc8\xce\x7c\xca\x86\x48\xe6\x76\x24\x8e\xf1\xe1\xed", 16, 0) = 16
5771  recvmsg(195<UNIX-STREAM:[37142->37143]>,  <unfinished ...>
5743  futex(0x743917dfdf10, FUTEX_WAKE_PRIVATE, 2147483647 <unfinished ...>
5771  <... recvmsg resumed>{msg_name=NULL, msg_namelen=0, msg_iov=[{iov_base="\10\0\0\0h\0\0\0\30\0\24\0\0\0\0\0\26m\0\0\0\0\0\0\0\0\0\0\0\0\0\0"..., iov_len=4096}], msg_iovlen=1, msg_controllen=0, msg_flags=0}, MSG_DONTWAIT) = 104
5743  <... futex resumed>)              = 1
5771  write(32<anon_inode:[eventfd]>, "\1\0\0\0\0\0\0\0", 8) = 8
5743  recvmsg(17<UNIX-STREAM:[31618->35113]>,  <unfinished ...>
5771  epoll_wait(31<anon_inode:[eventpoll]>,  <unfinished ...>
5743  <... recvmsg resumed>{msg_namelen=0}, 0) = -1 EAGAIN (Resource temporarily unavailable)
5768  <... futex resumed>)              = 0
5771  <... epoll_wait resumed>[{events=EPOLLIN, data={u32=4026539168, u64=127787893529760}}], 16, 0) = 1
5768  futex(0x743917dfdec0, FUTEX_WAKE_PRIVATE, 1 <unfinished ...>
5743  recvmsg(33<UNIX-STREAM:[31619->35114]>,  <unfinished ...>
5768  <... futex resumed>)              = 0
5743  <... recvmsg resumed>{msg_namelen=0}, 0) = -1 EAGAIN (Resource temporarily unavailable)
5768  futex(0x743917dfdf10, FUTEX_WAIT_BITSET_PRIVATE|FUTEX_CLOCK_REALTIME, 0, NULL, FUTEX_BITSET_MATCH_ANY <unfinished ...>
5743  recvmsg(33<UNIX-STREAM:[31619->35114]>, {msg_namelen=0}, 0) = -1 EAGAIN (Resource temporarily unavailable)
5743  poll([{fd=13<anon_inode:[eventfd]>, events=POLLIN}, {fd=14<pipe:[31615]>, events=POLLIN}, {fd=17<UNIX-STREAM:[31618->35113]>, events=POLLIN}, {fd=33<UNIX-STREAM:[31619->35114]>, events=POLLIN}], 4, 0) = 0 (Timeout)
5771  read(32<anon_inode:[eventfd]>,  <unfinished ...>
5743  recvmsg(17<UNIX-STREAM:[31618->35113]>,  <unfinished ...>
5771  <... read resumed>"\1\0\0\0\0\0\0\0", 8) = 8
5743  <... recvmsg resumed>{msg_namelen=0}, 0) = -1 EAGAIN (Resource temporarily unavailable)
5771  epoll_wait(31<anon_inode:[eventpoll]>, [], 16, 0) = 0
5743  recvmsg(17<UNIX-STREAM:[31618->35113]>, {msg_namelen=0}, 0) = -1 EAGAIN (Resource temporarily unavailable)
5771  epoll_wait(31<anon_inode:[eventpoll]>,  <unfinished ...>
5743  recvmsg(33<UNIX-STREAM:[31619->35114]>, {msg_namelen=0}, 0) = -1 EAGAIN (Resource temporarily unavailable)
5743  recvmsg(33<UNIX-STREAM:[31619->35114]>, {msg_namelen=0}, 0) = -1 EAGAIN (Resource temporarily unavailable)
5743  poll([{fd=13<anon_inode:[eventfd]>, events=POLLIN}, {fd=14<pipe:[31615]>, events=POLLIN}, {fd=17<UNIX-STREAM:[31618->35113]>, events=POLLIN}, {fd=33<UNIX-STREAM:[31619->35114]>, events=POLLIN}], 4, 0 <unfinished ...>
5832  <... epoll_wait resumed>[{events=EPOLLIN, data={u32=2367488412, u64=94152345584028}}], 128, -1) = 1
5743  <... poll resumed>)               = 0 (Timeout)
5832  timerfd_settime(92<anon_inode:[timerfd]>, 0, {it_interval={tv_sec=0, tv_nsec=0}, it_value={tv_sec=300, tv_nsec=0}},  <unfinished ...>
5743  recvmsg(17<UNIX-STREAM:[31618->35113]>,  <unfinished ...>
5832  <... timerfd_settime resumed>{it_interval={tv_sec=0, tv_nsec=0}, it_value={tv_sec=0, tv_nsec=0}}) = 0
5743  <... recvmsg resumed>{msg_namelen=0}, 0) = -1 EAGAIN (Resource temporarily unavailable)
5832  timerfd_settime(92<anon_inode:[timerfd]>, 0, {it_interval={tv_sec=0, tv_nsec=0}, it_value={tv_sec=0, tv_nsec=49996000}},  <unfinished ...>
5743  recvmsg(17<UNIX-STREAM:[31618->35113]>,  <unfinished ...>
5832  <... timerfd_settime resumed>{it_interval={tv_sec=0, tv_nsec=0}, it_value={tv_sec=299, tv_nsec=999412066}}) = 0
5743  <... recvmsg resumed>{msg_namelen=0}, 0) = -1 EAGAIN (Resource temporarily unavailable)
5832  epoll_wait(91<anon_inode:[eventpoll]>,  <unfinished ...>
5743  recvmsg(33<UNIX-STREAM:[31619->35114]>,  <unfinished ...>
5771  <... epoll_wait resumed>[{events=EPOLLIN, data={u32=3825230760, u64=127787692221352}}], 16, 91924) = 1
5743  <... recvmsg resumed>{msg_namelen=0}, 0) = -1 EAGAIN (Resource temporarily unavailable)
5868  <... poll resumed>)               = 0 (Timeout)
5771  recvmsg(195<UNIX-STREAM:[37142->37143]>,  <unfinished ...>
5743  recvmsg(33<UNIX-STREAM:[31619->35114]>,  <unfinished ...>
5868  poll([{fd=110<pipe:[27405]>, events=POLLIN}, {fd=112<TCP:[192.168.30.128:37006->35.186.224.35:443]>, events=POLLIN}], 2, 50 <unfinished ...>
5771  <... recvmsg resumed>{msg_name=NULL, msg_namelen=0, msg_iov=[{iov_base="\10\0\0\0h\0\0\0\30\0\24\0\0\0\0\0\27m\0\0\0\0\0\0\0\0\0\0\0\0\0\0"..., iov_len=4096}], msg_iovlen=1, msg_controllen=0, msg_flags=0}, MSG_DONTWAIT) = 104
5743  <... recvmsg resumed>{msg_namelen=0}, 0) = -1 EAGAIN (Resource temporarily unavailable)
5743  poll([{fd=13<anon_inode:[eventfd]>, events=POLLIN}, {fd=14<pipe:[31615]>, events=POLLIN}, {fd=17<UNIX-STREAM:[31618->35113]>, events=POLLIN}, {fd=33<UNIX-STREAM:[31619->35114]>, events=POLLIN}], 4, 0) = 0 (Timeout)
5743  recvmsg(17<UNIX-STREAM:[31618->35113]>, {msg_namelen=0}, 0) = -1 EAGAIN (Resource temporarily unavailable)
5891  <... clock_nanosleep resumed>0x743880bfe140) = 0
5891  clock_nanosleep(CLOCK_REALTIME, 0, {tv_sec=0, tv_nsec=100000000},  <unfinished ...>
5743  recvmsg(17<UNIX-STREAM:[31618->35113]>, {msg_namelen=0}, 0) = -1 EAGAIN (Resource temporarily unavailable)
5771  write(15<pipe:[31615]>, "!", 1 <unfinished ...>
5743  recvmsg(33<UNIX-STREAM:[31619->35114]>,  <unfinished ...>
5771  <... write resumed>)              = 1
5771  epoll_wait(31<anon_inode:[eventpoll]>, [], 16, 0) = 0
5771  epoll_wait(31<anon_inode:[eventpoll]>, [], 16, 0) = 0
5771  epoll_wait(31<anon_inode:[eventpoll]>,  <unfinished ...>
5743  <... recvmsg resumed>{msg_namelen=0}, 0) = -1 EAGAIN (Resource temporarily unavailable)
5743  recvmsg(33<UNIX-STREAM:[31619->35114]>, {msg_namelen=0}, 0) = -1 EAGAIN (Resource temporarily unavailable)
5743  poll([{fd=13<anon_inode:[eventfd]>, events=POLLIN}, {fd=14<pipe:[31615]>, events=POLLIN}, {fd=17<UNIX-STREAM:[31618->35113]>, events=POLLIN}, {fd=33<UNIX-STREAM:[31619->35114]>, events=POLLIN}], 4, 2236) = 1 ([{fd=14, revents=POLLIN}])
5743  recvmsg(17<UNIX-STREAM:[31618->35113]>, {msg_namelen=0}, 0) = -1 EAGAIN (Resource temporarily unavailable)
5743  read(14<pipe:[31615]>, "!", 2)    = 1
5743  recvmsg(17<UNIX-STREAM:[31618->35113]>, {msg_namelen=0}, 0) = -1 EAGAIN (Resource temporarily unavailable)
5743  recvmsg(33<UNIX-STREAM:[31619->35114]>, {msg_namelen=0}, 0) = -1 EAGAIN (Resource temporarily unavailable)
5743  recvmsg(33<UNIX-STREAM:[31619->35114]>, {msg_namelen=0}, 0) = -1 EAGAIN (Resource temporarily unavailable)
5743  poll([{fd=13<anon_inode:[eventfd]>, events=POLLIN}, {fd=14<pipe:[31615]>, events=POLLIN}, {fd=17<UNIX-STREAM:[31618->35113]>, events=POLLIN}, {fd=33<UNIX-STREAM:[31619->35114]>, events=POLLIN}], 4, 0) = 0 (Timeout)
5743  recvmsg(17<UNIX-STREAM:[31618->35113]>, {msg_namelen=0}, 0) = -1 EAGAIN (Resource temporarily unavailable)
5743  recvmsg(17<UNIX-STREAM:[31618->35113]>, {msg_namelen=0}, 0) = -1 EAGAIN (Resource temporarily unavailable)
5743  recvmsg(33<UNIX-STREAM:[31619->35114]>, {msg_namelen=0}, 0) = -1 EAGAIN (Resource temporarily unavailable)
5743  recvmsg(33<UNIX-STREAM:[31619->35114]>, {msg_namelen=0}, 0) = -1 EAGAIN (Resource temporarily unavailable)
5743  poll([{fd=13<anon_inode:[eventfd]>, events=POLLIN}, {fd=14<pipe:[31615]>, events=POLLIN}, {fd=17<UNIX-STREAM:[31618->35113]>, events=POLLIN}, {fd=33<UNIX-STREAM:[31619->35114]>, events=POLLIN}], 4, 2227 <unfinished ...>
5875  <... futex resumed>)              = -1 ETIMEDOUT (Connection timed out)
5875  futex(0x743848096ce8, FUTEX_WAKE_PRIVATE, 1) = 0
5875  futex(0x74384808468c, FUTEX_WAIT_BITSET_PRIVATE, 0, {tv_sec=2434, tv_nsec=155651564}, FUTEX_BITSET_MATCH_ANY <unfinished ...>
5771  <... epoll_wait resumed>[{events=EPOLLIN, data={u32=3825230760, u64=127787692221352}}], 16, 91915) = 1
5771  recvmsg(195<UNIX-STREAM:[37142->37143]>, {msg_name=NULL, msg_namelen=0, msg_iov=[{iov_base="\10\0\0\0h\0\0\0\30\0\24\0\0\0\0\0\30m\0\0\0\0\0\0\0\0\0\0\0\0\0\0"..., iov_len=4096}], msg_iovlen=1, msg_controllen=0, msg_flags=0}, MSG_DONTWAIT) = 104
5771  write(15<pipe:[31615]>, "!", 1)   = 1
5743  <... poll resumed>)               = 1 ([{fd=14, revents=POLLIN}])
5771  epoll_wait(31<anon_inode:[eventpoll]>,  <unfinished ...>
5743  recvmsg(17<UNIX-STREAM:[31618->35113]>,  <unfinished ...>
5771  <... epoll_wait resumed>[], 16, 0) = 0
5743  <... recvmsg resumed>{msg_namelen=0}, 0) = -1 EAGAIN (Resource temporarily unavailable)
5771  epoll_wait(31<anon_inode:[eventpoll]>,  <unfinished ...>
5743  read(14<pipe:[31615]>,  <unfinished ...>
5771  <... epoll_wait resumed>[], 16, 0) = 0
5743  <... read resumed>"!", 2)         = 1
5771  epoll_wait(31<anon_inode:[eventpoll]>,  <unfinished ...>
5743  recvmsg(17<UNIX-STREAM:[31618->35113]>, {msg_namelen=0}, 0) = -1 EAGAIN (Resource temporarily unavailable)
5743  recvmsg(33<UNIX-STREAM:[31619->35114]>, {msg_namelen=0}, 0) = -1 EAGAIN (Resource temporarily unavailable)
5743  recvmsg(33<UNIX-STREAM:[31619->35114]>, {msg_namelen=0}, 0) = -1 EAGAIN (Resource temporarily unavailable)
5743  poll([{fd=13<anon_inode:[eventfd]>, events=POLLIN}, {fd=14<pipe:[31615]>, events=POLLIN}, {fd=17<UNIX-STREAM:[31618->35113]>, events=POLLIN}, {fd=33<UNIX-STREAM:[31619->35114]>, events=POLLIN}], 4, 0) = 0 (Timeout)
5743  recvmsg(17<UNIX-STREAM:[31618->35113]>, {msg_namelen=0}, 0) = -1 EAGAIN (Resource temporarily unavailable)
5743  recvmsg(17<UNIX-STREAM:[31618->35113]>, {msg_namelen=0}, 0) = -1 EAGAIN (Resource temporarily unavailable)
5743  recvmsg(33<UNIX-STREAM:[31619->35114]>, {msg_namelen=0}, 0) = -1 EAGAIN (Resource temporarily unavailable)
5743  recvmsg(33<UNIX-STREAM:[31619->35114]>, {msg_namelen=0}, 0) = -1 EAGAIN (Resource temporarily unavailable)
5743  poll([{fd=13<anon_inode:[eventfd]>, events=POLLIN}, {fd=14<pipe:[31615]>, events=POLLIN}, {fd=17<UNIX-STREAM:[31618->35113]>, events=POLLIN}, {fd=33<UNIX-STREAM:[31619->35114]>, events=POLLIN}], 4, 2204 <unfinished ...>
5832  <... epoll_wait resumed>[{events=EPOLLIN, data={u32=2367488412, u64=94152345584028}}], 128, -1) = 1
5832  timerfd_settime(92<anon_inode:[timerfd]>, 0, {it_interval={tv_sec=0, tv_nsec=0}, it_value={tv_sec=300, tv_nsec=0}}, {it_interval={tv_sec=0, tv_nsec=0}, it_value={tv_sec=0, tv_nsec=0}}) = 0
5832  timerfd_settime(92<anon_inode:[timerfd]>, 0, {it_interval={tv_sec=0, tv_nsec=0}, it_value={tv_sec=0, tv_nsec=47997000}}, {it_interval={tv_sec=0, tv_nsec=0}, it_value={tv_sec=299, tv_nsec=999326113}}) = 0
5832  epoll_wait(91<anon_inode:[eventpoll]>,  <unfinished ...>
5868  <... poll resumed>)               = 0 (Timeout)
5771  <... epoll_wait resumed>[{events=EPOLLIN, data={u32=3825230760, u64=127787692221352}}], 16, 91885) = 1
5868  poll([{fd=110<pipe:[27405]>, events=POLLIN}, {fd=112<TCP:[192.168.30.128:37006->35.186.224.35:443]>, events=POLLIN}], 2, 50 <unfinished ...>
5771  recvmsg(195<UNIX-STREAM:[37142->37143]>, {msg_name=NULL, msg_namelen=0, msg_iov=[{iov_base="\10\0\0\08\0\0\0\30\0\26\0\0\0\0\0\31m\0\0\0\0\0\0\0\0\0\0\0\0\0\0"..., iov_len=4096}], msg_iovlen=1, msg_controllen=0, msg_flags=0}, MSG_DONTWAIT) = 440
5771  write(32<anon_inode:[eventfd]>, "\1\0\0\0\0\0\0\0", 8) = 8
5771  write(15<pipe:[31615]>, "!", 1)   = 1
5743  <... poll resumed>)               = 1 ([{fd=14, revents=POLLIN}])
5771  epoll_wait(31<anon_inode:[eventpoll]>,  <unfinished ...>
5743  recvmsg(17<UNIX-STREAM:[31618->35113]>,  <unfinished ...>
5771  <... epoll_wait resumed>[{events=EPOLLIN, data={u32=4026539168, u64=127787893529760}}], 16, 0) = 1
5743  <... recvmsg resumed>{msg_namelen=0}, 0) = -1 EAGAIN (Resource temporarily unavailable)
5743  read(14<pipe:[31615]>,  <unfinished ...>
5771  read(32<anon_inode:[eventfd]>,  <unfinished ...>
5743  <... read resumed>"!", 2)         = 1
5771  <... read resumed>"\1\0\0\0\0\0\0\0", 8) = 8
5771  epoll_wait(31<anon_inode:[eventpoll]>,  <unfinished ...>
5743  recvmsg(17<UNIX-STREAM:[31618->35113]>,  <unfinished ...>
5771  <... epoll_wait resumed>[], 16, 0) = 0
5743  <... recvmsg resumed>{msg_namelen=0}, 0) = -1 EAGAIN (Resource temporarily unavailable)
5771  epoll_wait(31<anon_inode:[eventpoll]>,  <unfinished ...>
5743  recvmsg(33<UNIX-STREAM:[31619->35114]>, {msg_namelen=0}, 0) = -1 EAGAIN (Resource temporarily unavailable)
5771  <... epoll_wait resumed>[{events=EPOLLIN, data={u32=3825230760, u64=127787692221352}}], 16, 91850) = 1
5743  recvmsg(33<UNIX-STREAM:[31619->35114]>,  <unfinished ...>
5771  recvmsg(195<UNIX-STREAM:[37142->37143]>,  <unfinished ...>
5743  <... recvmsg resumed>{msg_namelen=0}, 0) = -1 EAGAIN (Resource temporarily unavailable)
5771  <... recvmsg resumed>{msg_name=NULL, msg_namelen=0, msg_iov=[{iov_base="\10\0\0\08\0\0\0\30\0\26\0\0\0\0\0 m\0\0\0\0\0\0\0\0\0\0\0\0\0\0"..., iov_len=4096}], msg_iovlen=1, msg_controllen=0, msg_flags=0}, MSG_DONTWAIT) = 504
5743  poll([{fd=13<anon_inode:[eventfd]>, events=POLLIN}, {fd=14<pipe:[31615]>, events=POLLIN}, {fd=17<UNIX-STREAM:[31618->35113]>, events=POLLIN}, {fd=33<UNIX-STREAM:[31619->35114]>, events=POLLIN}], 4, 0 <unfinished ...>
5771  write(32<anon_inode:[eventfd]>, "\1\0\0\0\0\0\0\0", 8 <unfinished ...>
5743  <... poll resumed>)               = 0 (Timeout)
5743  recvmsg(17<UNIX-STREAM:[31618->35113]>,  <unfinished ...>
5771  <... write resumed>)              = 8
5743  <... recvmsg resumed>{msg_namelen=0}, 0) = -1 EAGAIN (Resource temporarily unavailable)
5771  epoll_wait(31<anon_inode:[eventpoll]>,  <unfinished ...>
5743  recvmsg(17<UNIX-STREAM:[31618->35113]>,  <unfinished ...>
5771  <... epoll_wait resumed>[{events=EPOLLIN, data={u32=3825230760, u64=127787692221352}}, {events=EPOLLIN, data={u32=4026539168, u64=127787893529760}}], 16, 0) = 2
5743  <... recvmsg resumed>{msg_namelen=0}, 0) = -1 EAGAIN (Resource temporarily unavailable)
5771  read(32<anon_inode:[eventfd]>,  <unfinished ...>
5743  recvmsg(33<UNIX-STREAM:[31619->35114]>,  <unfinished ...>
5771  <... read resumed>"\1\0\0\0\0\0\0\0", 8) = 8
5743  <... recvmsg resumed>{msg_namelen=0}, 0) = -1 EAGAIN (Resource temporarily unavailable)
5743  recvmsg(33<UNIX-STREAM:[31619->35114]>, {msg_namelen=0}, 0) = -1 EAGAIN (Resource temporarily unavailable)
5743  poll([{fd=13<anon_inode:[eventfd]>, events=POLLIN}, {fd=14<pipe:[31615]>, events=POLLIN}, {fd=17<UNIX-STREAM:[31618->35113]>, events=POLLIN}, {fd=33<UNIX-STREAM:[31619->35114]>, events=POLLIN}], 4, 2167 <unfinished ...>
5771  recvmsg(195<UNIX-STREAM:[37142->37143]>, {msg_name=NULL, msg_namelen=0, msg_iov=[{iov_base="\10\0\0\0h\0\0\0\30\0\24\0\0\0\0\0)m\0\0\0\0\0\0\0\0\0\0\0\0\0\0"..., iov_len=4096}], msg_iovlen=1, msg_controllen=0, msg_flags=0}, MSG_DONTWAIT) = 3832
5771  write(32<anon_inode:[eventfd]>, "\1\0\0\0\0\0\0\0", 8) = 8
5771  write(15<pipe:[31615]>, "!", 1)   = 1
5743  <... poll resumed>)               = 1 ([{fd=14, revents=POLLIN}])
5743  recvmsg(17<UNIX-STREAM:[31618->35113]>,  <unfinished ...>
5771  epoll_wait(31<anon_inode:[eventpoll]>,  <unfinished ...>
5743  <... recvmsg resumed>{msg_namelen=0}, 0) = -1 EAGAIN (Resource temporarily unavailable)
5771  <... epoll_wait resumed>[{events=EPOLLIN, data={u32=3825230760, u64=127787692221352}}, {events=EPOLLIN, data={u32=4026539168, u64=127787893529760}}], 16, 0) = 2
5743  read(14<pipe:[31615]>,  <unfinished ...>
5771  read(32<anon_inode:[eventfd]>, "\1\0\0\0\0\0\0\0", 8) = 8
5743  <... read resumed>"!", 2)         = 1
5771  recvmsg(195<UNIX-STREAM:[37142->37143]>,  <unfinished ...>
5743  recvmsg(17<UNIX-STREAM:[31618->35113]>,  <unfinished ...>
5771  <... recvmsg resumed>{msg_name=NULL, msg_namelen=0, msg_iov=[{iov_base="\10\0\0\0\270\0\0\0\30\0\24\0\0\0\0\0Bm\0\0\0\0\0\0\0\0\0\0\0\0\0\0"..., iov_len=4096}], msg_iovlen=1, msg_controllen=0, msg_flags=0}, MSG_DONTWAIT) = 2208
5743  <... recvmsg resumed>{msg_namelen=0}, 0) = -1 EAGAIN (Resource temporarily unavailable)
5771  write(32<anon_inode:[eventfd]>, "\1\0\0\0\0\0\0\0", 8 <unfinished ...>
5743  recvmsg(33<UNIX-STREAM:[31619->35114]>,  <unfinished ...>
5771  <... write resumed>)              = 8
5743  <... recvmsg resumed>{msg_namelen=0}, 0) = -1 EAGAIN (Resource temporarily unavailable)
5771  write(15<pipe:[31615]>, "!", 1 <unfinished ...>
5743  recvmsg(33<UNIX-STREAM:[31619->35114]>,  <unfinished ...>
5771  <... write resumed>)              = 1
5743  <... recvmsg resumed>{msg_namelen=0}, 0) = -1 EAGAIN (Resource temporarily unavailable)
5771  epoll_wait(31<anon_inode:[eventpoll]>,  <unfinished ...>
5743  poll([{fd=13<anon_inode:[eventfd]>, events=POLLIN}, {fd=14<pipe:[31615]>, events=POLLIN}, {fd=17<UNIX-STREAM:[31618->35113]>, events=POLLIN}, {fd=33<UNIX-STREAM:[31619->35114]>, events=POLLIN}], 4, 0 <unfinished ...>
5771  <... epoll_wait resumed>[{events=EPOLLIN, data={u32=4026539168, u64=127787893529760}}], 16, 0) = 1
5743  <... poll resumed>)               = 1 ([{fd=14, revents=POLLIN}])
5771  read(32<anon_inode:[eventfd]>,  <unfinished ...>
5743  recvmsg(17<UNIX-STREAM:[31618->35113]>,  <unfinished ...>
5771  <... read resumed>"\1\0\0\0\0\0\0\0", 8) = 8
5743  <... recvmsg resumed>{msg_namelen=0}, 0) = -1 EAGAIN (Resource temporarily unavailable)
5771  epoll_wait(31<anon_inode:[eventpoll]>,  <unfinished ...>
5743  read(14<pipe:[31615]>,  <unfinished ...>
5771  <... epoll_wait resumed>[], 16, 0) = 0
5743  <... read resumed>"!", 2)         = 1
5771  epoll_wait(31<anon_inode:[eventpoll]>,  <unfinished ...>
5743  write(32<anon_inode:[eventfd]>, "\1\0\0\0\0\0\0\0", 8 <unfinished ...>
5771  <... epoll_wait resumed>[{events=EPOLLIN, data={u32=3825230760, u64=127787692221352}}, {events=EPOLLIN, data={u32=4026539168, u64=127787893529760}}], 16, 91832) = 2
5743  <... write resumed>)              = 8
5771  read(32<anon_inode:[eventfd]>, "\1\0\0\0\0\0\0\0", 8) = 8
5771  recvmsg(195<UNIX-STREAM:[37142->37143]>,  <unfinished ...>
5743  recvmsg(17<UNIX-STREAM:[31618->35113]>,  <unfinished ...>
5771  <... recvmsg resumed>{msg_name=NULL, msg_namelen=0, msg_iov=[{iov_base="\10\0\0\0h\0\0\0\30\0\24\0\0\0\0\0Nm\0\0\0\0\0\0\0\0\0\0\0\0\0\0"..., iov_len=4096}], msg_iovlen=1, msg_controllen=0, msg_flags=0}, MSG_DONTWAIT) = 104
5743  <... recvmsg resumed>{msg_namelen=0}, 0) = -1 EAGAIN (Resource temporarily unavailable)
5771  sendto(195<UNIX-STREAM:[37142->37143]>, "\10\0\0\0h\0\0\0\30\0\24\0\0\0\0\0003#\0\0\0\0\0\0\0\0\0\0\0\0\0\0"..., 104, MSG_NOSIGNAL, NULL, 0 <unfinished ...>
5743  recvmsg(33<UNIX-STREAM:[31619->35114]>, {msg_namelen=0}, 0) = -1 EAGAIN (Resource temporarily unavailable)
5771  <... sendto resumed>)             = 104
5743  recvmsg(33<UNIX-STREAM:[31619->35114]>,  <unfinished ...>
5771  epoll_wait(31<anon_inode:[eventpoll]>,  <unfinished ...>
5743  <... recvmsg resumed>{msg_namelen=0}, 0) = -1 EAGAIN (Resource temporarily unavailable)
5771  <... epoll_wait resumed>[], 16, 0) = 0
5743  poll([{fd=13<anon_inode:[eventfd]>, events=POLLIN}, {fd=14<pipe:[31615]>, events=POLLIN}, {fd=17<UNIX-STREAM:[31618->35113]>, events=POLLIN}, {fd=33<UNIX-STREAM:[31619->35114]>, events=POLLIN}], 4, 0 <unfinished ...>
5771  sendto(195<UNIX-STREAM:[37142->37143]>, "\10\0\0\0h\0\0\0\30\0\24\0\0\0\0\0004#\0\0\0\0\0\0\0\0\0\0\0\0\0\0"..., 104, MSG_NOSIGNAL, NULL, 0 <unfinished ...>
5743  <... poll resumed>)               = 0 (Timeout)
5771  <... sendto resumed>)             = 104
5743  recvmsg(17<UNIX-STREAM:[31618->35113]>,  <unfinished ...>
5771  epoll_wait(31<anon_inode:[eventpoll]>,  <unfinished ...>
5743  <... recvmsg resumed>{msg_namelen=0}, 0) = -1 EAGAIN (Resource temporarily unavailable)
5771  <... epoll_wait resumed>[{events=EPOLLIN, data={u32=3825230760, u64=127787692221352}}], 16, 0) = 1
5771  recvmsg(195<UNIX-STREAM:[37142->37143]>,  <unfinished ...>
5743  write(32<anon_inode:[eventfd]>, "\1\0\0\0\0\0\0\0", 8 <unfinished ...>
5771  <... recvmsg resumed>{msg_name=NULL, msg_namelen=0, msg_iov=[{iov_base="\10\0\0\0h\0\0\0\30\0\24\0\0\0\0\0Om\0\0\0\0\0\0\0\0\0\0\0\0\0\0"..., iov_len=4096}], msg_iovlen=1, msg_controllen=0, msg_flags=0}, MSG_DONTWAIT) = 104
5743  <... write resumed>)              = 8
5771  sendto(195<UNIX-STREAM:[37142->37143]>, "\10\0\0\0h\0\0\0\30\0\24\0\0\0\0\0005#\0\0\0\0\0\0\0\0\0\0\0\0\0\0"..., 104, MSG_NOSIGNAL, NULL, 0 <unfinished ...>
5743  recvmsg(17<UNIX-STREAM:[31618->35113]>,  <unfinished ...>
5771  <... sendto resumed>)             = 104
5743  <... recvmsg resumed>{msg_namelen=0}, 0) = -1 EAGAIN (Resource temporarily unavailable)
5771  epoll_wait(31<anon_inode:[eventpoll]>,  <unfinished ...>
5743  recvmsg(33<UNIX-STREAM:[31619->35114]>,  <unfinished ...>
5771  <... epoll_wait resumed>[{events=EPOLLIN, data={u32=4026539168, u64=127787893529760}}], 16, 0) = 1
5743  <... recvmsg resumed>{msg_namelen=0}, 0) = -1 EAGAIN (Resource temporarily unavailable)
5771  read(32<anon_inode:[eventfd]>,  <unfinished ...>
5743  recvmsg(33<UNIX-STREAM:[31619->35114]>,  <unfinished ...>
5771  <... read resumed>"\1\0\0\0\0\0\0\0", 8) = 8
5743  <... recvmsg resumed>{msg_namelen=0}, 0) = -1 EAGAIN (Resource temporarily unavailable)
5832  <... epoll_wait resumed>[{events=EPOLLIN, data={u32=2367488412, u64=94152345584028}}], 128, -1) = 1
5771  epoll_wait(31<anon_inode:[eventpoll]>,  <unfinished ...>
5743  poll([{fd=13<anon_inode:[eventfd]>, events=POLLIN}, {fd=14<pipe:[31615]>, events=POLLIN}, {fd=17<UNIX-STREAM:[31618->35113]>, events=POLLIN}, {fd=33<UNIX-STREAM:[31619->35114]>, events=POLLIN}], 4, 0 <unfinished ...>
5832  timerfd_settime(92<anon_inode:[timerfd]>, 0, {it_interval={tv_sec=0, tv_nsec=0}, it_value={tv_sec=300, tv_nsec=0}},  <unfinished ...>
5771  <... epoll_wait resumed>[], 16, 0) = 0
5832  <... timerfd_settime resumed>{it_interval={tv_sec=0, tv_nsec=0}, it_value={tv_sec=0, tv_nsec=0}}) = 0
5771  epoll_wait(31<anon_inode:[eventpoll]>,  <unfinished ...>
5743  <... poll resumed>)               = 0 (Timeout)
5743  recvmsg(17<UNIX-STREAM:[31618->35113]>, {msg_namelen=0}, 0) = -1 EAGAIN (Resource temporarily unavailable)
5743  write(32<anon_inode:[eventfd]>, "\1\0\0\0\0\0\0\0", 8 <unfinished ...>
5771  <... epoll_wait resumed>[{events=EPOLLIN, data={u32=4026539168, u64=127787893529760}}], 16, 91820) = 1
5743  <... write resumed>)              = 8
5771  read(32<anon_inode:[eventfd]>,  <unfinished ...>
