5875  futex(0x74384808468c, FUTEX_WAIT_BITSET_PRIVATE, 0, {tv_sec=2429, tv_nsec=655305730}, FUTEX_BITSET_MATCH_ANY <unfinished ...>
5832  <... epoll_wait resumed>[{events=EPOLLIN, data={u32=2367488412, u64=94152345584028}}], 128, -1) = 1
5832  timerfd_settime(92<anon_inode:[timerfd]>, 0, {it_interval={tv_sec=0, tv_nsec=0}, it_value={tv_sec=300, tv_nsec=0}}, {it_interval={tv_sec=0, tv_nsec=0}, it_value={tv_sec=0, tv_nsec=0}}) = 0
5832  timerfd_settime(92<anon_inode:[timerfd]>, 0, {it_interval={tv_sec=0, tv_nsec=0}, it_value={tv_sec=0, tv_nsec=49998000}}, {it_interval={tv_sec=0, tv_nsec=0}, it_value={tv_sec=299, tv_nsec=999917624}}) = 0
5832  epoll_wait(91<anon_inode:[eventpoll]>,  <unfinished ...>
5891  <... clock_nanosleep resumed>0x743880bfe140) = 0
5891  clock_nanosleep(CLOCK_REALTIME, 0, {tv_sec=0, tv_nsec=100000000},  <unfinished ...>
5868  <... poll resumed>)               = 0 (Timeout)
5868  poll([{fd=110<pipe:[27405]>, events=POLLIN}, {fd=112<TCP:[192.168.30.128:37006->35.186.224.35:443]>, events=POLLIN}], 2, 50 <unfinished ...>
5832  <... epoll_wait resumed>[{events=EPOLLIN, data={u32=2367488412, u64=94152345584028}}], 128, -1) = 1
5832  timerfd_settime(92<anon_inode:[timerfd]>, 0, {it_interval={tv_sec=0, tv_nsec=0}, it_value={tv_sec=300, tv_nsec=0}}, {it_interval={tv_sec=0, tv_nsec=0}, it_value={tv_sec=0, tv_nsec=0}}) = 0
5832  timerfd_settime(92<anon_inode:[timerfd]>, 0, {it_interval={tv_sec=0, tv_nsec=0}, it_value={tv_sec=0, tv_nsec=48998000}}, {it_interval={tv_sec=0, tv_nsec=0}, it_value={tv_sec=299, tv_nsec=999921596}}) = 0
5832  epoll_wait(91<anon_inode:[eventpoll]>,  <unfinished ...>
5868  <... poll resumed>)               = 0 (Timeout)
5868  poll([{fd=110<pipe:[27405]>, events=POLLIN}, {fd=112<TCP:[192.168.30.128:37006->35.186.224.35:443]>, events=POLLIN}], 2, 50 <unfinished ...>
5875  <... futex resumed>)              = -1 ETIMEDOUT (Connection timed out)
5875  futex(0x743848096ce8, FUTEX_WAKE_PRIVATE, 1) = 0
5875  futex(0x74384808468c, FUTEX_WAIT_BITSET_PRIVATE, 0, {tv_sec=2429, tv_nsec=755764075}, FUTEX_BITSET_MATCH_ANY <unfinished ...>
5832  <... epoll_wait resumed>[{events=EPOLLIN, data={u32=2367488412, u64=94152345584028}}], 128, -1) = 1
5832  timerfd_settime(92<anon_inode:[timerfd]>, 0, {it_interval={tv_sec=0, tv_nsec=0}, it_value={tv_sec=300, tv_nsec=0}}, {it_interval={tv_sec=0, tv_nsec=0}, it_value={tv_sec=0, tv_nsec=0}}) = 0
5832  timerfd_settime(92<anon_inode:[timerfd]>, 0, {it_interval={tv_sec=0, tv_nsec=0}, it_value={tv_sec=0, tv_nsec=48998000}}, {it_interval={tv_sec=0, tv_nsec=0}, it_value={tv_sec=299, tv_nsec=999893513}}) = 0
5832  epoll_wait(91<anon_inode:[eventpoll]>,  <unfinished ...>
5891  <... clock_nanosleep resumed>0x743880bfe140) = 0
5891  clock_nanosleep(CLOCK_REALTIME, 0, {tv_sec=0, tv_nsec=100000000},  <unfinished ...>
5868  <... poll resumed>)               = 0 (Timeout)
5868  poll([{fd=110<pipe:[27405]>, events=POLLIN}, {fd=112<TCP:[192.168.30.128:37006->35.186.224.35:443]>, events=POLLIN}], 2, 50 <unfinished ...>
5832  <... epoll_wait resumed>[{events=EPOLLIN, data={u32=2367488412, u64=94152345584028}}], 128, -1) = 1
5832  timerfd_settime(92<anon_inode:[timerfd]>, 0, {it_interval={tv_sec=0, tv_nsec=0}, it_value={tv_sec=300, tv_nsec=0}}, {it_interval={tv_sec=0, tv_nsec=0}, it_value={tv_sec=0, tv_nsec=0}}) = 0
5832  timerfd_settime(92<anon_inode:[timerfd]>, 0, {it_interval={tv_sec=0, tv_nsec=0}, it_value={tv_sec=0, tv_nsec=49998000}}, {it_interval={tv_sec=0, tv_nsec=0}, it_value={tv_sec=299, tv_nsec=999972506}}) = 0
5832  epoll_wait(91<anon_inode:[eventpoll]>,  <unfinished ...>
5868  <... poll resumed>)               = 0 (Timeout)
5868  poll([{fd=110<pipe:[27405]>, events=POLLIN}, {fd=112<TCP:[192.168.30.128:37006->35.186.224.35:443]>, events=POLLIN}], 2, 50 <unfinished ...>
5875  <... futex resumed>)              = -1 ETIMEDOUT (Connection timed out)
5875  futex(0x743848096ce8, FUTEX_WAKE_PRIVATE, 1) = 0
5875  futex(0x74384808468c, FUTEX_WAIT_BITSET_PRIVATE, 0, {tv_sec=2429, tv_nsec=855054556}, FUTEX_BITSET_MATCH_ANY <unfinished ...>
5832  <... epoll_wait resumed>[{events=EPOLLIN, data={u32=2367488412, u64=94152345584028}}], 128, -1) = 1
5832  timerfd_settime(92<anon_inode:[timerfd]>, 0, {it_interval={tv_sec=0, tv_nsec=0}, it_value={tv_sec=300, tv_nsec=0}}, {it_interval={tv_sec=0, tv_nsec=0}, it_value={tv_sec=0, tv_nsec=0}}) = 0
5832  timerfd_settime(92<anon_inode:[timerfd]>, 0, {it_interval={tv_sec=0, tv_nsec=0}, it_value={tv_sec=0, tv_nsec=48998000}}, {it_interval={tv_sec=0, tv_nsec=0}, it_value={tv_sec=299, tv_nsec=999971924}}) = 0
5832  epoll_wait(91<anon_inode:[eventpoll]>,  <unfinished ...>
5891  <... clock_nanosleep resumed>0x743880bfe140) = 0
5891  clock_nanosleep(CLOCK_REALTIME, 0, {tv_sec=0, tv_nsec=100000000},  <unfinished ...>
5868  <... poll resumed>)               = 0 (Timeout)
5868  poll([{fd=110<pipe:[27405]>, events=POLLIN}, {fd=112<TCP:[192.168.30.128:37006->35.186.224.35:443]>, events=POLLIN}], 2, 50 <unfinished ...>
5832  <... epoll_wait resumed>[{events=EPOLLIN, data={u32=2367488412, u64=94152345584028}}], 128, -1) = 1
5832  timerfd_settime(92<anon_inode:[timerfd]>, 0, {it_interval={tv_sec=0, tv_nsec=0}, it_value={tv_sec=300, tv_nsec=0}}, {it_interval={tv_sec=0, tv_nsec=0}, it_value={tv_sec=0, tv_nsec=0}}) = 0
5832  timerfd_settime(92<anon_inode:[timerfd]>, 0, {it_interval={tv_sec=0, tv_nsec=0}, it_value={tv_sec=0, tv_nsec=49998000}}, {it_interval={tv_sec=0, tv_nsec=0}, it_value={tv_sec=299, tv_nsec=999917067}}) = 0
5832  epoll_wait(91<anon_inode:[eventpoll]>,  <unfinished ...>
5875  <... futex resumed>)              = -1 ETIMEDOUT (Connection timed out)
5875  futex(0x743848096ce8, FUTEX_WAKE_PRIVATE, 1) = 0
5875  futex(0x74384808468c, FUTEX_WAIT_BITSET_PRIVATE, 0, {tv_sec=2429, tv_nsec=955343633}, FUTEX_BITSET_MATCH_ANY <unfinished ...>
5868  <... poll resumed>)               = 0 (Timeout)
5868  poll([{fd=110<pipe:[27405]>, events=POLLIN}, {fd=112<TCP:[192.168.30.128:37006->35.186.224.35:443]>, events=POLLIN}], 2, 50 <unfinished ...>
5832  <... epoll_wait resumed>[{events=EPOLLIN, data={u32=2367488412, u64=94152345584028}}], 128, -1) = 1
5832  timerfd_settime(92<anon_inode:[timerfd]>, 0, {it_interval={tv_sec=0, tv_nsec=0}, it_value={tv_sec=300, tv_nsec=0}}, {it_interval={tv_sec=0, tv_nsec=0}, it_value={tv_sec=0, tv_nsec=0}}) = 0
5832  timerfd_settime(92<anon_inode:[timerfd]>, 0, {it_interval={tv_sec=0, tv_nsec=0}, it_value={tv_sec=0, tv_nsec=49998000}}, {it_interval={tv_sec=0, tv_nsec=0}, it_value={tv_sec=299, tv_nsec=999914800}}) = 0
5832  epoll_wait(91<anon_inode:[eventpoll]>,  <unfinished ...>
5891  <... clock_nanosleep resumed>0x743880bfe140) = 0
5891  clock_nanosleep(CLOCK_REALTIME, 0, {tv_sec=0, tv_nsec=100000000},  <unfinished ...>
5868  <... poll resumed>)               = 0 (Timeout)
5868  poll([{fd=110<pipe:[27405]>, events=POLLIN}, {fd=112<TCP:[192.168.30.128:37006->35.186.224.35:443]>, events=POLLIN}], 2, 50 <unfinished ...>
5832  <... epoll_wait resumed>[{events=EPOLLIN, data={u32=2367488412, u64=94152345584028}}], 128, -1) = 1
5832  timerfd_settime(92<anon_inode:[timerfd]>, 0, {it_interval={tv_sec=0, tv_nsec=0}, it_value={tv_sec=300, tv_nsec=0}}, {it_interval={tv_sec=0, tv_nsec=0}, it_value={tv_sec=0, tv_nsec=0}}) = 0
5832  timerfd_settime(92<anon_inode:[timerfd]>, 0, {it_interval={tv_sec=0, tv_nsec=0}, it_value={tv_sec=0, tv_nsec=48997000}}, {it_interval={tv_sec=0, tv_nsec=0}, it_value={tv_sec=299, tv_nsec=999917396}}) = 0
5832  epoll_wait(91<anon_inode:[eventpoll]>,  <unfinished ...>
5875  <... futex resumed>)              = -1 ETIMEDOUT (Connection timed out)
5875  futex(0x743848096ce8, FUTEX_WAKE_PRIVATE, 1) = 0
5875  futex(0x74384808468c, FUTEX_WAIT_BITSET_PRIVATE, 0, {tv_sec=2430, tv_nsec=55741906}, FUTEX_BITSET_MATCH_ANY <unfinished ...>
5868  <... poll resumed>)               = 0 (Timeout)
5868  poll([{fd=110<pipe:[27405]>, events=POLLIN}, {fd=112<TCP:[192.168.30.128:37006->35.186.224.35:443]>, events=POLLIN}], 2, 50 <unfinished ...>
5832  <... epoll_wait resumed>[{events=EPOLLIN, data={u32=2367488412, u64=94152345584028}}], 128, -1) = 1
5832  timerfd_settime(92<anon_inode:[timerfd]>, 0, {it_interval={tv_sec=0, tv_nsec=0}, it_value={tv_sec=300, tv_nsec=0}}, {it_interval={tv_sec=0, tv_nsec=0}, it_value={tv_sec=0, tv_nsec=0}}) = 0
5832  timerfd_settime(92<anon_inode:[timerfd]>, 0, {it_interval={tv_sec=0, tv_nsec=0}, it_value={tv_sec=0, tv_nsec=49999000}}, {it_interval={tv_sec=0, tv_nsec=0}, it_value={tv_sec=299, tv_nsec=999966256}}) = 0
5832  epoll_wait(91<anon_inode:[eventpoll]>,  <unfinished ...>
5891  <... clock_nanosleep resumed>0x743880bfe140) = 0
5891  clock_nanosleep(CLOCK_REALTIME, 0, {tv_sec=0, tv_nsec=100000000},  <unfinished ...>
5868  <... poll resumed>)               = 0 (Timeout)
5868  poll([{fd=110<pipe:[27405]>, events=POLLIN}, {fd=112<TCP:[192.168.30.128:37006->35.186.224.35:443]>, events=POLLIN}], 2, 50 <unfinished ...>
5832  <... epoll_wait resumed>[{events=EPOLLIN, data={u32=2367488412, u64=94152345584028}}], 128, -1) = 1
5832  timerfd_settime(92<anon_inode:[timerfd]>, 0, {it_interval={tv_sec=0, tv_nsec=0}, it_value={tv_sec=300, tv_nsec=0}}, {it_interval={tv_sec=0, tv_nsec=0}, it_value={tv_sec=0, tv_nsec=0}}) = 0
5832  timerfd_settime(92<anon_inode:[timerfd]>, 0, {it_interval={tv_sec=0, tv_nsec=0}, it_value={tv_sec=0, tv_nsec=49998000}}, {it_interval={tv_sec=0, tv_nsec=0}, it_value={tv_sec=299, tv_nsec=999970470}}) = 0
5832  epoll_wait(91<anon_inode:[eventpoll]>,  <unfinished ...>
5875  <... futex resumed>)              = -1 ETIMEDOUT (Connection timed out)
5875  futex(0x743848096ce8, FUTEX_WAKE_PRIVATE, 1) = 0
5868  <... poll resumed>)               = 0 (Timeout)
5875  futex(0x74384808468c, FUTEX_WAIT_BITSET_PRIVATE, 0, {tv_sec=2430, tv_nsec=155022239}, FUTEX_BITSET_MATCH_ANY <unfinished ...>
5868  poll([{fd=110<pipe:[27405]>, events=POLLIN}, {fd=112<TCP:[192.168.30.128:37006->35.186.224.35:443]>, events=POLLIN}], 2, 50 <unfinished ...>
5743  <... poll resumed>)               = 0 (Timeout)
5743  recvmsg(33<UNIX-STREAM:[31619->35114]>, {msg_namelen=0}, 0) = -1 EAGAIN (Resource temporarily unavailable)
5743  recvmsg(33<UNIX-STREAM:[31619->35114]>, {msg_namelen=0}, 0) = -1 EAGAIN (Resource temporarily unavailable)
5743  poll([{fd=13<anon_inode:[eventfd]>, events=POLLIN}, {fd=14<pipe:[31615]>, events=POLLIN}, {fd=17<UNIX-STREAM:[31618->35113]>, events=POLLIN}, {fd=33<UNIX-STREAM:[31619->35114]>, events=POLLIN}], 4, 0) = 0 (Timeout)
5743  recvmsg(33<UNIX-STREAM:[31619->35114]>, {msg_namelen=0}, 0) = -1 EAGAIN (Resource temporarily unavailable)
5743  recvmsg(33<UNIX-STREAM:[31619->35114]>, {msg_namelen=0}, 0) = -1 EAGAIN (Resource temporarily unavailable)
5743  poll([{fd=13<anon_inode:[eventfd]>, events=POLLIN}, {fd=14<pipe:[31615]>, events=POLLIN}, {fd=17<UNIX-STREAM:[31618->35113]>, events=POLLIN}, {fd=33<UNIX-STREAM:[31619->35114]>, events=POLLIN}], 4, 3702 <unfinished ...>
5832  <... epoll_wait resumed>[{events=EPOLLIN, data={u32=2367488412, u64=94152345584028}}], 128, -1) = 1
5832  timerfd_settime(92<anon_inode:[timerfd]>, 0, {it_interval={tv_sec=0, tv_nsec=0}, it_value={tv_sec=300, tv_nsec=0}}, {it_interval={tv_sec=0, tv_nsec=0}, it_value={tv_sec=0, tv_nsec=0}}) = 0
5832  timerfd_settime(92<anon_inode:[timerfd]>, 0, {it_interval={tv_sec=0, tv_nsec=0}, it_value={tv_sec=0, tv_nsec=34997000}}, {it_interval={tv_sec=0, tv_nsec=0}, it_value={tv_sec=299, tv_nsec=999864492}}) = 0
5832  epoll_wait(91<anon_inode:[eventpoll]>,  <unfinished ...>
5891  <... clock_nanosleep resumed>0x743880bfe140) = 0
5891  clock_nanosleep(CLOCK_REALTIME, 0, {tv_sec=0, tv_nsec=100000000},  <unfinished ...>
5868  <... poll resumed>)               = 0 (Timeout)
5868  poll([{fd=110<pipe:[27405]>, events=POLLIN}, {fd=112<TCP:[192.168.30.128:37006->35.186.224.35:443]>, events=POLLIN}], 2, 50 <unfinished ...>
5832  <... epoll_wait resumed>[{events=EPOLLIN, data={u32=2367488412, u64=94152345584028}}], 128, -1) = 1
5832  timerfd_settime(92<anon_inode:[timerfd]>, 0, {it_interval={tv_sec=0, tv_nsec=0}, it_value={tv_sec=300, tv_nsec=0}}, {it_interval={tv_sec=0, tv_nsec=0}, it_value={tv_sec=0, tv_nsec=0}}) = 0
5832  timerfd_settime(92<anon_inode:[timerfd]>, 0, {it_interval={tv_sec=0, tv_nsec=0}, it_value={tv_sec=0, tv_nsec=48998000}}, {it_interval={tv_sec=0, tv_nsec=0}, it_value={tv_sec=299, tv_nsec=999882957}}) = 0
5832  epoll_wait(91<anon_inode:[eventpoll]>,  <unfinished ...>
5875  <... futex resumed>)              = -1 ETIMEDOUT (Connection timed out)
5875  futex(0x743848096ce8, FUTEX_WAKE_PRIVATE, 1) = 0
5875  futex(0x74384808468c, FUTEX_WAIT_BITSET_PRIVATE, 0, {tv_sec=2430, tv_nsec=255685209}, FUTEX_BITSET_MATCH_ANY <unfinished ...>
5868  <... poll resumed>)               = 0 (Timeout)
5868  poll([{fd=110<pipe:[27405]>, events=POLLIN}, {fd=112<TCP:[192.168.30.128:37006->35.186.224.35:443]>, events=POLLIN}], 2, 50 <unfinished ...>
5832  <... epoll_wait resumed>[{events=EPOLLIN, data={u32=2367488412, u64=94152345584028}}], 128, -1) = 1
5832  timerfd_settime(92<anon_inode:[timerfd]>, 0, {it_interval={tv_sec=0, tv_nsec=0}, it_value={tv_sec=300, tv_nsec=0}}, {it_interval={tv_sec=0, tv_nsec=0}, it_value={tv_sec=0, tv_nsec=0}}) = 0
5832  timerfd_settime(92<anon_inode:[timerfd]>, 0, {it_interval={tv_sec=0, tv_nsec=0}, it_value={tv_sec=0, tv_nsec=45997000}}, {it_interval={tv_sec=0, tv_nsec=0}, it_value={tv_sec=299, tv_nsec=999870827}}) = 0
5832  epoll_wait(91<anon_inode:[eventpoll]>,  <unfinished ...>
5891  <... clock_nanosleep resumed>0x743880bfe140) = 0
5891  clock_nanosleep(CLOCK_REALTIME, 0, {tv_sec=0, tv_nsec=100000000},  <unfinished ...>
5868  <... poll resumed>)               = 0 (Timeout)
5868  poll([{fd=110<pipe:[27405]>, events=POLLIN}, {fd=112<TCP:[192.168.30.128:37006->35.186.224.35:443]>, events=POLLIN}], 2, 50 <unfinished ...>
5832  <... epoll_wait resumed>[{events=EPOLLIN, data={u32=2367488412, u64=94152345584028}}], 128, -1) = 1
5832  timerfd_settime(92<anon_inode:[timerfd]>, 0, {it_interval={tv_sec=0, tv_nsec=0}, it_value={tv_sec=300, tv_nsec=0}}, {it_interval={tv_sec=0, tv_nsec=0}, it_value={tv_sec=0, tv_nsec=0}}) = 0
5832  timerfd_settime(92<anon_inode:[timerfd]>, 0, {it_interval={tv_sec=0, tv_nsec=0}, it_value={tv_sec=0, tv_nsec=49998000}}, {it_interval={tv_sec=0, tv_nsec=0}, it_value={tv_sec=299, tv_nsec=999910589}}) = 0
5832  epoll_wait(91<anon_inode:[eventpoll]>,  <unfinished ...>
5875  <... futex resumed>)              = -1 ETIMEDOUT (Connection timed out)
5875  futex(0x743848096ce8, FUTEX_WAKE_PRIVATE, 1) = 0
5875  futex(0x74384808468c, FUTEX_WAIT_BITSET_PRIVATE, 0, {tv_sec=2430, tv_nsec=355015148}, FUTEX_BITSET_MATCH_ANY <unfinished ...>
5868  <... poll resumed>)               = 0 (Timeout)
5868  poll([{fd=110<pipe:[27405]>, events=POLLIN}, {fd=112<TCP:[192.168.30.128:37006->35.186.224.35:443]>, events=POLLIN}], 2, 50 <unfinished ...>
5832  <... epoll_wait resumed>[{events=EPOLLIN, data={u32=2367488412, u64=94152345584028}}], 128, -1) = 1
5832  timerfd_settime(92<anon_inode:[timerfd]>, 0, {it_interval={tv_sec=0, tv_nsec=0}, it_value={tv_sec=300, tv_nsec=0}}, {it_interval={tv_sec=0, tv_nsec=0}, it_value={tv_sec=0, tv_nsec=0}}) = 0
5832  timerfd_settime(92<anon_inode:[timerfd]>, 0, {it_interval={tv_sec=0, tv_nsec=0}, it_value={tv_sec=0, tv_nsec=48998000}}, {it_interval={tv_sec=0, tv_nsec=0}, it_value={tv_sec=299, tv_nsec=999919224}}) = 0
5832  epoll_wait(91<anon_inode:[eventpoll]>,  <unfinished ...>
5891  <... clock_nanosleep resumed>0x743880bfe140) = 0
5891  clock_nanosleep(CLOCK_REALTIME, 0, {tv_sec=0, tv_nsec=100000000},  <unfinished ...>
5868  <... poll resumed>)               = 0 (Timeout)
5868  poll([{fd=110<pipe:[27405]>, events=POLLIN}, {fd=112<TCP:[192.168.30.128:37006->35.186.224.35:443]>, events=POLLIN}], 2, 50 <unfinished ...>
5890  <... poll resumed>)               = 0 (Timeout)
5890  getpid()                          = 5743
5890  write(169<pipe:[30101]>, "W", 1)  = 1
5890  write(169<pipe:[30101]>, "W", 1)  = 1
5890  write(169<pipe:[30101]>, "W", 1)  = 1
5890  read(168<pipe:[30101]>, "WWW", 10) = 3
5890  sendto(171<UNIX-STREAM:[37133->31625]>, "\0\0\0\30\377\377\377\377\0\0\0\0\0\0\0\0\0\0\0\0L\0\0\0\16L\0\0wfL\0"..., 44, MSG_NOSIGNAL, NULL, 0) = 44
5890  read(168<pipe:[30101]>, 0x7438815fdf7e, 10) = -1 EAGAIN (Resource temporarily unavailable)
5890  poll([{fd=168<pipe:[30101]>, events=POLLIN}, {fd=171<UNIX-STREAM:[37133->31625]>, events=POLLIN}], 2, 1500) = 1 ([{fd=171, revents=POLLIN}])
5890  write(169<pipe:[30101]>, "W", 1)  = 1
5890  recvmsg(171<UNIX-STREAM:[37133->31625]>, {msg_name=NULL, msg_namelen=0, msg_iov=[{iov_base="\0\0\0S\377\377\377\377\0\0\0\0\0\0\0\0\0\0\0\0", iov_len=20}], msg_iovlen=1, msg_control=[{cmsg_len=28, cmsg_level=SOL_SOCKET, cmsg_type=SCM_CREDENTIALS, cmsg_data={pid=1539, uid=1000, gid=1000}}], msg_controllen=32, msg_flags=0}, 0) = 20
5890  write(169<pipe:[30101]>, "W", 1)  = 1
5890  read(168<pipe:[30101]>, "WW", 10) = 2
5890  poll([{fd=168<pipe:[30101]>, events=POLLIN}, {fd=171<UNIX-STREAM:[37133->31625]>, events=POLLIN}], 2, 1499 <unfinished ...>
5832  <... epoll_wait resumed>[{events=EPOLLIN, data={u32=2367488412, u64=94152345584028}}], 128, -1) = 1
5890  <... poll resumed>)               = 1 ([{fd=171, revents=POLLIN}])
5832  timerfd_settime(92<anon_inode:[timerfd]>, 0, {it_interval={tv_sec=0, tv_nsec=0}, it_value={tv_sec=300, tv_nsec=0}},  <unfinished ...>
5890  write(169<pipe:[30101]>, "W", 1 <unfinished ...>
5832  <... timerfd_settime resumed>{it_interval={tv_sec=0, tv_nsec=0}, it_value={tv_sec=0, tv_nsec=0}}) = 0
5890  <... write resumed>)              = 1
5890  recvmsg(171<UNIX-STREAM:[37133->31625]>,  <unfinished ...>
5832  timerfd_settime(92<anon_inode:[timerfd]>, 0, {it_interval={tv_sec=0, tv_nsec=0}, it_value={tv_sec=0, tv_nsec=49999000}},  <unfinished ...>
5890  <... recvmsg resumed>{msg_name=NULL, msg_namelen=0, msg_iov=[{iov_base="L\0\0\0\2L\0\0wfU\0\0\0\0\0\1P*U\0\0\0\0\0\0\0\0000Tf\230"..., iov_len=83}], msg_iovlen=1, msg_control=[{cmsg_len=28, cmsg_level=SOL_SOCKET, cmsg_type=SCM_CREDENTIALS, cmsg_data={pid=1539, uid=1000, gid=1000}}], msg_controllen=32, msg_flags=0}, 0) = 83
5832  <... timerfd_settime resumed>{it_interval={tv_sec=0, tv_nsec=0}, it_value={tv_sec=299, tv_nsec=999923981}}) = 0
5890  write(169<pipe:[30101]>, "W", 1 <unfinished ...>
5832  epoll_wait(91<anon_inode:[eventpoll]>,  <unfinished ...>
5890  <... write resumed>)              = 1
5890  read(168<pipe:[30101]>, "WW", 10) = 2
5890  poll([{fd=168<pipe:[30101]>, events=POLLIN}, {fd=171<UNIX-STREAM:[37133->31625]>, events=POLLIN}], 2, 1499 <unfinished ...>
5875  <... futex resumed>)              = -1 ETIMEDOUT (Connection timed out)
5875  futex(0x743848096ce8, FUTEX_WAKE_PRIVATE, 1) = 0
5875  futex(0x74384808468c, FUTEX_WAIT_BITSET_PRIVATE, 0, {tv_sec=2430, tv_nsec=455416845}, FUTEX_BITSET_MATCH_ANY <unfinished ...>
5868  <... poll resumed>)               = 0 (Timeout)
5868  poll([{fd=110<pipe:[27405]>, events=POLLIN}, {fd=112<TCP:[192.168.30.128:37006->35.186.224.35:443]>, events=POLLIN}], 2, 50 <unfinished ...>
5832  <... epoll_wait resumed>[{events=EPOLLIN, data={u32=2367488412, u64=94152345584028}}], 128, -1) = 1
5832  timerfd_settime(92<anon_inode:[timerfd]>, 0, {it_interval={tv_sec=0, tv_nsec=0}, it_value={tv_sec=300, tv_nsec=0}}, {it_interval={tv_sec=0, tv_nsec=0}, it_value={tv_sec=0, tv_nsec=0}}) = 0
5832  timerfd_settime(92<anon_inode:[timerfd]>, 0, {it_interval={tv_sec=0, tv_nsec=0}, it_value={tv_sec=0, tv_nsec=49998000}}, {it_interval={tv_sec=0, tv_nsec=0}, it_value={tv_sec=299, tv_nsec=999918202}}) = 0
5832  epoll_wait(91<anon_inode:[eventpoll]>,  <unfinished ...>
5891  <... clock_nanosleep resumed>0x743880bfe140) = 0
5891  clock_nanosleep(CLOCK_REALTIME, 0, {tv_sec=0, tv_nsec=100000000},  <unfinished ...>
5868  <... poll resumed>)               = 0 (Timeout)
5868  poll([{fd=110<pipe:[27405]>, events=POLLIN}, {fd=112<TCP:[192.168.30.128:37006->35.186.224.35:443]>, events=POLLIN}], 2, 50 <unfinished ...>
5832  <... epoll_wait resumed>[{events=EPOLLIN, data={u32=2367488412, u64=94152345584028}}], 128, -1) = 1
5832  timerfd_settime(92<anon_inode:[timerfd]>, 0, {it_interval={tv_sec=0, tv_nsec=0}, it_value={tv_sec=300, tv_nsec=0}}, {it_interval={tv_sec=0, tv_nsec=0}, it_value={tv_sec=0, tv_nsec=0}}) = 0
5832  timerfd_settime(92<anon_inode:[timerfd]>, 0, {it_interval={tv_sec=0, tv_nsec=0}, it_value={tv_sec=0, tv_nsec=48998000}}, {it_interval={tv_sec=0, tv_nsec=0}, it_value={tv_sec=299, tv_nsec=999917583}}) = 0
5832  epoll_wait(91<anon_inode:[eventpoll]>,  <unfinished ...>
5875  <... futex resumed>)              = -1 ETIMEDOUT (Connection timed out)
5875  futex(0x743848096ce8, FUTEX_WAKE_PRIVATE, 1) = 0
5875  futex(0x74384808468c, FUTEX_WAIT_BITSET_PRIVATE, 0, {tv_sec=2430, tv_nsec=555200180}, FUTEX_BITSET_MATCH_ANY <unfinished ...>
5868  <... poll resumed>)               = 0 (Timeout)
5868  poll([{fd=110<pipe:[27405]>, events=POLLIN}, {fd=112<TCP:[192.168.30.128:37006->35.186.224.35:443]>, events=POLLIN}], 2, 50 <unfinished ...>
5832  <... epoll_wait resumed>[{events=EPOLLIN, data={u32=2367488412, u64=94152345584028}}], 128, -1) = 1
5832  timerfd_settime(92<anon_inode:[timerfd]>, 0, {it_interval={tv_sec=0, tv_nsec=0}, it_value={tv_sec=300, tv_nsec=0}}, {it_interval={tv_sec=0, tv_nsec=0}, it_value={tv_sec=0, tv_nsec=0}}) = 0
5832  timerfd_settime(92<anon_inode:[timerfd]>, 0, {it_interval={tv_sec=0, tv_nsec=0}, it_value={tv_sec=0, tv_nsec=49998000}}, {it_interval={tv_sec=0, tv_nsec=0}, it_value={tv_sec=299, tv_nsec=999919113}}) = 0
5832  epoll_wait(91<anon_inode:[eventpoll]>,  <unfinished ...>
5891  <... clock_nanosleep resumed>0x743880bfe140) = 0
5891  clock_nanosleep(CLOCK_REALTIME, 0, {tv_sec=0, tv_nsec=100000000},  <unfinished ...>
5868  <... poll resumed>)               = 0 (Timeout)
5868  poll([{fd=110<pipe:[27405]>, events=POLLIN}, {fd=112<TCP:[192.168.30.128:37006->35.186.224.35:443]>, events=POLLIN}], 2, 50 <unfinished ...>
5832  <... epoll_wait resumed>[{events=EPOLLIN, data={u32=2367488412, u64=94152345584028}}], 128, -1) = 1
5832  timerfd_settime(92<anon_inode:[timerfd]>, 0, {it_interval={tv_sec=0, tv_nsec=0}, it_value={tv_sec=300, tv_nsec=0}}, {it_interval={tv_sec=0, tv_nsec=0}, it_value={tv_sec=0, tv_nsec=0}}) = 0
5832  timerfd_settime(92<anon_inode:[timerfd]>, 0, {it_interval={tv_sec=0, tv_nsec=0}, it_value={tv_sec=0, tv_nsec=49997000}}, {it_interval={tv_sec=0, tv_nsec=0}, it_value={tv_sec=299, tv_nsec=999863275}}) = 0
5832  epoll_wait(91<anon_inode:[eventpoll]>,  <unfinished ...>
5875  <... futex resumed>)              = -1 ETIMEDOUT (Connection timed out)
5875  futex(0x743848096ce8, FUTEX_WAKE_PRIVATE, 1) = 0
5875  futex(0x74384808468c, FUTEX_WAIT_BITSET_PRIVATE, 0, {tv_sec=2430, tv_nsec=655643349}, FUTEX_BITSET_MATCH_ANY <unfinished ...>
5868  <... poll resumed>)               = 0 (Timeout)
5868  poll([{fd=110<pipe:[27405]>, events=POLLIN}, {fd=112<TCP:[192.168.30.128:37006->35.186.224.35:443]>, events=POLLIN}], 2, 50 <unfinished ...>
5832  <... epoll_wait resumed>[{events=EPOLLIN, data={u32=2367488412, u64=94152345584028}}], 128, -1) = 1
5832  timerfd_settime(92<anon_inode:[timerfd]>, 0, {it_interval={tv_sec=0, tv_nsec=0}, it_value={tv_sec=300, tv_nsec=0}}, {it_interval={tv_sec=0, tv_nsec=0}, it_value={tv_sec=0, tv_nsec=0}}) = 0
5832  timerfd_settime(92<anon_inode:[timerfd]>, 0, {it_interval={tv_sec=0, tv_nsec=0}, it_value={tv_sec=0, tv_nsec=48997000}}, {it_interval={tv_sec=0, tv_nsec=0}, it_value={tv_sec=299, tv_nsec=999874312}}) = 0
5832  epoll_wait(91<anon_inode:[eventpoll]>,  <unfinished ...>
5891  <... clock_nanosleep resumed>0x743880bfe140) = 0
5891  clock_nanosleep(CLOCK_REALTIME, 0, {tv_sec=0, tv_nsec=100000000},  <unfinished ...>
5868  <... poll resumed>)               = 0 (Timeout)
5868  poll([{fd=110<pipe:[27405]>, events=POLLIN}, {fd=112<TCP:[192.168.30.128:37006->35.186.224.35:443]>, events=POLLIN}], 2, 50 <unfinished ...>
5832  <... epoll_wait resumed>[{events=EPOLLIN, data={u32=2367488412, u64=94152345584028}}], 128, -1) = 1
5832  timerfd_settime(92<anon_inode:[timerfd]>, 0, {it_interval={tv_sec=0, tv_nsec=0}, it_value={tv_sec=300, tv_nsec=0}}, {it_interval={tv_sec=0, tv_nsec=0}, it_value={tv_sec=0, tv_nsec=0}}) = 0
5832  timerfd_settime(92<anon_inode:[timerfd]>, 0, {it_interval={tv_sec=0, tv_nsec=0}, it_value={tv_sec=0, tv_nsec=49998000}}, {it_interval={tv_sec=0, tv_nsec=0}, it_value={tv_sec=299, tv_nsec=999920496}}) = 0
5832  epoll_wait(91<anon_inode:[eventpoll]>,  <unfinished ...>
5875  <... futex resumed>)              = -1 ETIMEDOUT (Connection timed out)
5875  futex(0x743848096ce8, FUTEX_WAKE_PRIVATE, 1) = 0
5875  futex(0x74384808468c, FUTEX_WAIT_BITSET_PRIVATE, 0, {tv_sec=2430, tv_nsec=755032451}, FUTEX_BITSET_MATCH_ANY <unfinished ...>
5868  <... poll resumed>)               = 0 (Timeout)
5868  poll([{fd=110<pipe:[27405]>, events=POLLIN}, {fd=112<TCP:[192.168.30.128:37006->35.186.224.35:443]>, events=POLLIN}], 2, 50 <unfinished ...>
5832  <... epoll_wait resumed>[{events=EPOLLIN, data={u32=2367488412, u64=94152345584028}}], 128, -1) = 1
5832  timerfd_settime(92<anon_inode:[timerfd]>, 0, {it_interval={tv_sec=0, tv_nsec=0}, it_value={tv_sec=300, tv_nsec=0}}, {it_interval={tv_sec=0, tv_nsec=0}, it_value={tv_sec=0, tv_nsec=0}}) = 0
5832  timerfd_settime(92<anon_inode:[timerfd]>, 0, {it_interval={tv_sec=0, tv_nsec=0}, it_value={tv_sec=0, tv_nsec=47997000}}, {it_interval={tv_sec=0, tv_nsec=0}, it_value={tv_sec=299, tv_nsec=999833700}}) = 0
5832  epoll_wait(91<anon_inode:[eventpoll]>,  <unfinished ...>
5891  <... clock_nanosleep resumed>0x743880bfe140) = 0
5891  clock_nanosleep(CLOCK_REALTIME, 0, {tv_sec=0, tv_nsec=100000000},  <unfinished ...>
5868  <... poll resumed>)               = 0 (Timeout)
5868  poll([{fd=110<pipe:[27405]>, events=POLLIN}, {fd=112<TCP:[192.168.30.128:37006->35.186.224.35:443]>, events=POLLIN}], 2, 50 <unfinished ...>
5832  <... epoll_wait resumed>[{events=EPOLLIN, data={u32=2367488412, u64=94152345584028}}], 128, -1) = 1
5832  timerfd_settime(92<anon_inode:[timerfd]>, 0, {it_interval={tv_sec=0, tv_nsec=0}, it_value={tv_sec=300, tv_nsec=0}}, {it_interval={tv_sec=0, tv_nsec=0}, it_value={tv_sec=0, tv_nsec=0}}) = 0
5832  timerfd_settime(92<anon_inode:[timerfd]>, 0, {it_interval={tv_sec=0, tv_nsec=0}, it_value={tv_sec=0, tv_nsec=49998000}}, {it_interval={tv_sec=0, tv_nsec=0}, it_value={tv_sec=299, tv_nsec=999911130}}) = 0
5832  epoll_wait(91<anon_inode:[eventpoll]>,  <unfinished ...>
5875  <... futex resumed>)              = -1 ETIMEDOUT (Connection timed out)
5875  futex(0x743848096ce8, FUTEX_WAKE_PRIVATE, 1) = 0
5875  futex(0x74384808468c, FUTEX_WAIT_BITSET_PRIVATE, 0, {tv_sec=2430, tv_nsec=855444786}, FUTEX_BITSET_MATCH_ANY <unfinished ...>
5868  <... poll resumed>)               = 0 (Timeout)
5868  poll([{fd=110<pipe:[27405]>, events=POLLIN}, {fd=112<TCP:[192.168.30.128:37006->35.186.224.35:443]>, events=POLLIN}], 2, 50 <unfinished ...>
5832  <... epoll_wait resumed>[{events=EPOLLIN, data={u32=2367488412, u64=94152345584028}}], 128, -1) = 1
5832  timerfd_settime(92<anon_inode:[timerfd]>, 0, {it_interval={tv_sec=0, tv_nsec=0}, it_value={tv_sec=300, tv_nsec=0}}, {it_interval={tv_sec=0, tv_nsec=0}, it_value={tv_sec=0, tv_nsec=0}}) = 0
5832  timerfd_settime(92<anon_inode:[timerfd]>, 0, {it_interval={tv_sec=0, tv_nsec=0}, it_value={tv_sec=0, tv_nsec=48998000}}, {it_interval={tv_sec=0, tv_nsec=0}, it_value={tv_sec=299, tv_nsec=999901998}}) = 0
5832  epoll_wait(91<anon_inode:[eventpoll]>,  <unfinished ...>
5891  <... clock_nanosleep resumed>0x743880bfe140) = 0
5891  clock_nanosleep(CLOCK_REALTIME, 0, {tv_sec=0, tv_nsec=100000000},  <unfinished ...>
5832  <... epoll_wait resumed>[{events=EPOLLIN, data={u32=2367488412, u64=94152345584028}}], 128, -1) = 1
5868  <... poll resumed>)               = 0 (Timeout)
5868  poll([{fd=110<pipe:[27405]>, events=POLLIN}, {fd=112<TCP:[192.168.30.128:37006->35.186.224.35:443]>, events=POLLIN}], 2, 50 <unfinished ...>
5832  timerfd_settime(92<anon_inode:[timerfd]>, 0, {it_interval={tv_sec=0, tv_nsec=0}, it_value={tv_sec=300, tv_nsec=0}}, {it_interval={tv_sec=0, tv_nsec=0}, it_value={tv_sec=0, tv_nsec=0}}) = 0
5832  timerfd_settime(92<anon_inode:[timerfd]>, 0, {it_interval={tv_sec=0, tv_nsec=0}, it_value={tv_sec=0, tv_nsec=49998000}}, {it_interval={tv_sec=0, tv_nsec=0}, it_value={tv_sec=299, tv_nsec=999881656}}) = 0
5832  epoll_wait(91<anon_inode:[eventpoll]>,  <unfinished ...>
5875  <... futex resumed>)              = -1 ETIMEDOUT (Connection timed out)
5875  futex(0x743848096ce8, FUTEX_WAKE_PRIVATE, 1) = 0
5875  futex(0x74384808468c, FUTEX_WAIT_BITSET_PRIVATE, 0, {tv_sec=2430, tv_nsec=955891813}, FUTEX_BITSET_MATCH_ANY <unfinished ...>
5832  <... epoll_wait resumed>[{events=EPOLLIN, data={u32=2367488412, u64=94152345584028}}], 128, -1) = 1
5868  <... poll resumed>)               = 0 (Timeout)
5832  timerfd_settime(92<anon_inode:[timerfd]>, 0, {it_interval={tv_sec=0, tv_nsec=0}, it_value={tv_sec=300, tv_nsec=0}},  <unfinished ...>
5868  poll([{fd=110<pipe:[27405]>, events=POLLIN}, {fd=112<TCP:[192.168.30.128:37006->35.186.224.35:443]>, events=POLLIN}], 2, 50 <unfinished ...>
5832  <... timerfd_settime resumed>{it_interval={tv_sec=0, tv_nsec=0}, it_value={tv_sec=0, tv_nsec=0}}) = 0
5832  timerfd_settime(92<anon_inode:[timerfd]>, 0, {it_interval={tv_sec=0, tv_nsec=0}, it_value={tv_sec=0, tv_nsec=48997000}}, {it_interval={tv_sec=0, tv_nsec=0}, it_value={tv_sec=299, tv_nsec=999830757}}) = 0
5832  epoll_wait(91<anon_inode:[eventpoll]>,  <unfinished ...>
5891  <... clock_nanosleep resumed>0x743880bfe140) = 0
5891  clock_nanosleep(CLOCK_REALTIME, 0, {tv_sec=0, tv_nsec=100000000},  <unfinished ...>
5832  <... epoll_wait resumed>[{events=EPOLLIN, data={u32=2367488412, u64=94152345584028}}], 128, -1) = 1
5832  timerfd_settime(92<anon_inode:[timerfd]>, 0, {it_interval={tv_sec=0, tv_nsec=0}, it_value={tv_sec=300, tv_nsec=0}}, {it_interval={tv_sec=0, tv_nsec=0}, it_value={tv_sec=0, tv_nsec=0}}) = 0
5832  timerfd_settime(92<anon_inode:[timerfd]>, 0, {it_interval={tv_sec=0, tv_nsec=0}, it_value={tv_sec=0, tv_nsec=48999000}}, {it_interval={tv_sec=0, tv_nsec=0}, it_value={tv_sec=299, tv_nsec=999940537}}) = 0
5832  epoll_wait(91<anon_inode:[eventpoll]>,  <unfinished ...>
5868  <... poll resumed>)               = 0 (Timeout)
5868  poll([{fd=110<pipe:[27405]>, events=POLLIN}, {fd=112<TCP:[192.168.30.128:37006->35.186.224.35:443]>, events=POLLIN}], 2, 50 <unfinished ...>
5875  <... futex resumed>)              = -1 ETIMEDOUT (Connection timed out)
5875  futex(0x743848096ce8, FUTEX_WAKE_PRIVATE, 1) = 0
5875  futex(0x74384808468c, FUTEX_WAIT_BITSET_PRIVATE, 0, {tv_sec=2431, tv_nsec=55119026}, FUTEX_BITSET_MATCH_ANY <unfinished ...>
5832  <... epoll_wait resumed>[{events=EPOLLIN, data={u32=2367488412, u64=94152345584028}}], 128, -1) = 1
5832  timerfd_settime(92<anon_inode:[timerfd]>, 0, {it_interval={tv_sec=0, tv_nsec=0}, it_value={tv_sec=300, tv_nsec=0}}, {it_interval={tv_sec=0, tv_nsec=0}, it_value={tv_sec=0, tv_nsec=0}}) = 0
5832  timerfd_settime(92<anon_inode:[timerfd]>, 0, {it_interval={tv_sec=0, tv_nsec=0}, it_value={tv_sec=0, tv_nsec=49998000}}, {it_interval={tv_sec=0, tv_nsec=0}, it_value={tv_sec=299, tv_nsec=999919346}}) = 0
5832  epoll_wait(91<anon_inode:[eventpoll]>,  <unfinished ...>
5868  <... poll resumed>)               = 0 (Timeout)
5868  poll([{fd=110<pipe:[27405]>, events=POLLIN}, {fd=112<TCP:[192.168.30.128:37006->35.186.224.35:443]>, events=POLLIN}], 2, 50 <unfinished ...>
5891  <... clock_nanosleep resumed>0x743880bfe140) = 0
5891  clock_nanosleep(CLOCK_REALTIME, 0, {tv_sec=0, tv_nsec=100000000},  <unfinished ...>
5832  <... epoll_wait resumed>[{events=EPOLLIN, data={u32=2367488412, u64=94152345584028}}], 128, -1) = 1
5832  timerfd_settime(92<anon_inode:[timerfd]>, 0, {it_interval={tv_sec=0, tv_nsec=0}, it_value={tv_sec=300, tv_nsec=0}}, {it_interval={tv_sec=0, tv_nsec=0}, it_value={tv_sec=0, tv_nsec=0}}) = 0
5832  timerfd_settime(92<anon_inode:[timerfd]>, 0, {it_interval={tv_sec=0, tv_nsec=0}, it_value={tv_sec=0, tv_nsec=49999000}}, {it_interval={tv_sec=0, tv_nsec=0}, it_value={tv_sec=299, tv_nsec=999919416}}) = 0
5832  epoll_wait(91<anon_inode:[eventpoll]>,  <unfinished ...>
5868  <... poll resumed>)               = 0 (Timeout)
5868  poll([{fd=110<pipe:[27405]>, events=POLLIN}, {fd=112<TCP:[192.168.30.128:37006->35.186.224.35:443]>, events=POLLIN}], 2, 50 <unfinished ...>
5875  <... futex resumed>)              = -1 ETIMEDOUT (Connection timed out)
5875  futex(0x743848096ce8, FUTEX_WAKE_PRIVATE, 1) = 0
5875  futex(0x74384808468c, FUTEX_WAIT_BITSET_PRIVATE, 0, {tv_sec=2431, tv_nsec=155824117}, FUTEX_BITSET_MATCH_ANY <unfinished ...>
5832  <... epoll_wait resumed>[{events=EPOLLIN, data={u32=2367488412, u64=94152345584028}}], 128, -1) = 1
5832  timerfd_settime(92<anon_inode:[timerfd]>, 0, {it_interval={tv_sec=0, tv_nsec=0}, it_value={tv_sec=300, tv_nsec=0}},  <unfinished ...>
5868  <... poll resumed>)               = 0 (Timeout)
5832  <... timerfd_settime resumed>{it_interval={tv_sec=0, tv_nsec=0}, it_value={tv_sec=0, tv_nsec=0}}) = 0
5868  poll([{fd=110<pipe:[27405]>, events=POLLIN}, {fd=112<TCP:[192.168.30.128:37006->35.186.224.35:443]>, events=POLLIN}], 2, 50 <unfinished ...>
5832  timerfd_settime(92<anon_inode:[timerfd]>, 0, {it_interval={tv_sec=0, tv_nsec=0}, it_value={tv_sec=0, tv_nsec=14997000}},  <unfinished ...>
5891  <... clock_nanosleep resumed>0x743880bfe140) = 0
5832  <... timerfd_settime resumed>{it_interval={tv_sec=0, tv_nsec=0}, it_value={tv_sec=299, tv_nsec=995755768}}) = 0
5832  epoll_wait(91<anon_inode:[eventpoll]>,  <unfinished ...>
5891  clock_nanosleep(CLOCK_REALTIME, 0, {tv_sec=0, tv_nsec=100000000},  <unfinished ...>
5832  <... epoll_wait resumed>[{events=EPOLLIN, data={u32=2367488412, u64=94152345584028}}], 128, -1) = 1
5832  timerfd_settime(92<anon_inode:[timerfd]>, 0, {it_interval={tv_sec=0, tv_nsec=0}, it_value={tv_sec=300, tv_nsec=0}}, {it_interval={tv_sec=0, tv_nsec=0}, it_value={tv_sec=0, tv_nsec=0}}) = 0
5832  timerfd_settime(92<anon_inode:[timerfd]>, 0, {it_interval={tv_sec=0, tv_nsec=0}, it_value={tv_sec=0, tv_nsec=44998000}}, {it_interval={tv_sec=0, tv_nsec=0}, it_value={tv_sec=299, tv_nsec=999871011}}) = 0
5832  epoll_wait(91<anon_inode:[eventpoll]>,  <unfinished ...>
5875  <... futex resumed>)              = -1 ETIMEDOUT (Connection timed out)
5875  futex(0x743848096ce8, FUTEX_WAKE_PRIVATE, 1) = 0
5875  futex(0x74384808468c, FUTEX_WAIT_BITSET_PRIVATE, 0, {tv_sec=2431, tv_nsec=255235489}, FUTEX_BITSET_MATCH_ANY <unfinished ...>
5868  <... poll resumed>)               = 0 (Timeout)
5868  poll([{fd=110<pipe:[27405]>, events=POLLIN}, {fd=112<TCP:[192.168.30.128:37006->35.186.224.35:443]>, events=POLLIN}], 2, 50 <unfinished ...>
5832  <... epoll_wait resumed>[{events=EPOLLIN, data={u32=2367488412, u64=94152345584028}}], 128, -1) = 1
5832  timerfd_settime(92<anon_inode:[timerfd]>, 0, {it_interval={tv_sec=0, tv_nsec=0}, it_value={tv_sec=300, tv_nsec=0}}, {it_interval={tv_sec=0, tv_nsec=0}, it_value={tv_sec=0, tv_nsec=0}}) = 0
5832  timerfd_settime(92<anon_inode:[timerfd]>, 0, {it_interval={tv_sec=0, tv_nsec=0}, it_value={tv_sec=0, tv_nsec=48998000}}, {it_interval={tv_sec=0, tv_nsec=0}, it_value={tv_sec=299, tv_nsec=999916915}}) = 0
5832  epoll_wait(91<anon_inode:[eventpoll]>,  <unfinished ...>
5868  <... poll resumed>)               = 0 (Timeout)
5868  poll([{fd=110<pipe:[27405]>, events=POLLIN}, {fd=112<TCP:[192.168.30.128:37006->35.186.224.35:443]>, events=POLLIN}], 2, 50 <unfinished ...>
5891  <... clock_nanosleep resumed>0x743880bfe140) = 0
5891  clock_nanosleep(CLOCK_REALTIME, 0, {tv_sec=0, tv_nsec=100000000},  <unfinished ...>
5832  <... epoll_wait resumed>[{events=EPOLLIN, data={u32=2367488412, u64=94152345584028}}], 128, -1) = 1
5832  timerfd_settime(92<anon_inode:[timerfd]>, 0, {it_interval={tv_sec=0, tv_nsec=0}, it_value={tv_sec=300, tv_nsec=0}}, {it_interval={tv_sec=0, tv_nsec=0}, it_value={tv_sec=0, tv_nsec=0}}) = 0
5832  timerfd_settime(92<anon_inode:[timerfd]>, 0, {it_interval={tv_sec=0, tv_nsec=0}, it_value={tv_sec=0, tv_nsec=49998000}}, {it_interval={tv_sec=0, tv_nsec=0}, it_value={tv_sec=299, tv_nsec=999920768}}) = 0
5832  epoll_wait(91<anon_inode:[eventpoll]>,  <unfinished ...>
5875  <... futex resumed>)              = -1 ETIMEDOUT (Connection timed out)
5875  futex(0x743848096ce8, FUTEX_WAKE_PRIVATE, 1) = 0
5875  futex(0x74384808468c, FUTEX_WAIT_BITSET_PRIVATE, 0, {tv_sec=2431, tv_nsec=355606711}, FUTEX_BITSET_MATCH_ANY <unfinished ...>
5868  <... poll resumed>)               = 0 (Timeout)
5868  poll([{fd=110<pipe:[27405]>, events=POLLIN}, {fd=112<TCP:[192.168.30.128:37006->35.186.224.35:443]>, events=POLLIN}], 2, 50 <unfinished ...>
5832  <... epoll_wait resumed>[{events=EPOLLIN, data={u32=2367488412, u64=94152345584028}}], 128, -1) = 1
5832  timerfd_settime(92<anon_inode:[timerfd]>, 0, {it_interval={tv_sec=0, tv_nsec=0}, it_value={tv_sec=300, tv_nsec=0}}, {it_interval={tv_sec=0, tv_nsec=0}, it_value={tv_sec=0, tv_nsec=0}}) = 0
5832  timerfd_settime(92<anon_inode:[timerfd]>, 0, {it_interval={tv_sec=0, tv_nsec=0}, it_value={tv_sec=0, tv_nsec=48998000}}, {it_interval={tv_sec=0, tv_nsec=0}, it_value={tv_sec=299, tv_nsec=999916143}}) = 0
5832  epoll_wait(91<anon_inode:[eventpoll]>,  <unfinished ...>
5868  <... poll resumed>)               = 0 (Timeout)
5868  poll([{fd=110<pipe:[27405]>, events=POLLIN}, {fd=112<TCP:[192.168.30.128:37006->35.186.224.35:443]>, events=POLLIN}], 2, 50 <unfinished ...>
5891  <... clock_nanosleep resumed>0x743880bfe140) = 0
5891  clock_nanosleep(CLOCK_REALTIME, 0, {tv_sec=0, tv_nsec=100000000},  <unfinished ...>
5832  <... epoll_wait resumed>[{events=EPOLLIN, data={u32=2367488412, u64=94152345584028}}], 128, -1) = 1
5832  timerfd_settime(92<anon_inode:[timerfd]>, 0, {it_interval={tv_sec=0, tv_nsec=0}, it_value={tv_sec=300, tv_nsec=0}}, {it_interval={tv_sec=0, tv_nsec=0}, it_value={tv_sec=0, tv_nsec=0}}) = 0
5832  timerfd_settime(92<anon_inode:[timerfd]>, 0, {it_interval={tv_sec=0, tv_nsec=0}, it_value={tv_sec=0, tv_nsec=49998000}}, {it_interval={tv_sec=0, tv_nsec=0}, it_value={tv_sec=299, tv_nsec=999923911}}) = 0
5832  epoll_wait(91<anon_inode:[eventpoll]>,  <unfinished ...>
5875  <... futex resumed>)              = -1 ETIMEDOUT (Connection timed out)
5875  futex(0x743848096ce8, FUTEX_WAKE_PRIVATE, 1) = 0
5875  futex(0x74384808468c, FUTEX_WAIT_BITSET_PRIVATE, 0, {tv_sec=2431, tv_nsec=455887321}, FUTEX_BITSET_MATCH_ANY <unfinished ...>
5868  <... poll resumed>)               = 0 (Timeout)
5868  poll([{fd=110<pipe:[27405]>, events=POLLIN}, {fd=112<TCP:[192.168.30.128:37006->35.186.224.35:443]>, events=POLLIN}], 2, 50 <unfinished ...>
5832  <... epoll_wait resumed>[{events=EPOLLIN, data={u32=2367488412, u64=94152345584028}}], 128, -1) = 1
5832  timerfd_settime(92<anon_inode:[timerfd]>, 0, {it_interval={tv_sec=0, tv_nsec=0}, it_value={tv_sec=300, tv_nsec=0}}, {it_interval={tv_sec=0, tv_nsec=0}, it_value={tv_sec=0, tv_nsec=0}}) = 0
5832  timerfd_settime(92<anon_inode:[timerfd]>, 0, {it_interval={tv_sec=0, tv_nsec=0}, it_value={tv_sec=0, tv_nsec=49998000}}, {it_interval={tv_sec=0, tv_nsec=0}, it_value={tv_sec=299, tv_nsec=999917939}}) = 0
5832  epoll_wait(91<anon_inode:[eventpoll]>,  <unfinished ...>
5868  <... poll resumed>)               = 0 (Timeout)
5868  poll([{fd=110<pipe:[27405]>, events=POLLIN}, {fd=112<TCP:[192.168.30.128:37006->35.186.224.35:443]>, events=POLLIN}], 2, 50 <unfinished ...>
5891  <... clock_nanosleep resumed>0x743880bfe140) = 0
5891  clock_nanosleep(CLOCK_REALTIME, 0, {tv_sec=0, tv_nsec=100000000},  <unfinished ...>
5771  <... epoll_wait resumed>[{events=EPOLLIN, data={u32=3825230760, u64=127787692221352}}], 16, 98198) = 1
5771  recvmsg(195<UNIX-STREAM:[37142->37143]>, {msg_name=NULL, msg_namelen=0, msg_iov=[{iov_base="\10\0\0\0h\0\0\0\30\0\24\0\0\0\0\0\360l\0\0\0\0\0\0\0\0\0\0\0\0\0\0"..., iov_len=4096}], msg_iovlen=1, msg_controllen=0, msg_flags=0}, MSG_DONTWAIT) = 104
5771  write(32<anon_inode:[eventfd]>, "\1\0\0\0\0\0\0\0", 8) = 8
5771  write(15<pipe:[31615]>, "!", 1)   = 1
5771  epoll_wait(31<anon_inode:[eventpoll]>, [{events=EPOLLIN, data={u32=4026539168, u64=127787893529760}}], 16, 0) = 1
5771  read(32<anon_inode:[eventfd]>, "\1\0\0\0\0\0\0\0", 8) = 8
5771  epoll_wait(31<anon_inode:[eventpoll]>, [], 16, 0) = 0
5771  epoll_wait(31<anon_inode:[eventpoll]>,  <unfinished ...>
5743  <... poll resumed>)               = 1 ([{fd=14, revents=POLLIN}])
5743  read(14<pipe:[31615]>, "!", 2)    = 1
5743  recvmsg(33<UNIX-STREAM:[31619->35114]>, {msg_namelen=0}, 0) = -1 EAGAIN (Resource temporarily unavailable)
5743  recvmsg(33<UNIX-STREAM:[31619->35114]>, {msg_namelen=0}, 0) = -1 EAGAIN (Resource temporarily unavailable)
5743  poll([{fd=13<anon_inode:[eventfd]>, events=POLLIN}, {fd=14<pipe:[31615]>, events=POLLIN}, {fd=17<UNIX-STREAM:[31618->35113]>, events=POLLIN}, {fd=33<UNIX-STREAM:[31619->35114]>, events=POLLIN}], 4, 0) = 0 (Timeout)
5743  recvmsg(33<UNIX-STREAM:[31619->35114]>, {msg_namelen=0}, 0) = -1 EAGAIN (Resource temporarily unavailable)
5743  recvmsg(33<UNIX-STREAM:[31619->35114]>, {msg_namelen=0}, 0) = -1 EAGAIN (Resource temporarily unavailable)
5743  poll([{fd=13<anon_inode:[eventfd]>, events=POLLIN}, {fd=14<pipe:[31615]>, events=POLLIN}, {fd=17<UNIX-STREAM:[31618->35113]>, events=POLLIN}, {fd=33<UNIX-STREAM:[31619->35114]>, events=POLLIN}], 4, 2352 <unfinished ...>
5832  <... epoll_wait resumed>[{events=EPOLLIN, data={u32=2367488412, u64=94152345584028}}], 128, -1) = 1
5832  timerfd_settime(92<anon_inode:[timerfd]>, 0, {it_interval={tv_sec=0, tv_nsec=0}, it_value={tv_sec=300, tv_nsec=0}}, {it_interval={tv_sec=0, tv_nsec=0}, it_value={tv_sec=0, tv_nsec=0}}) = 0
5832  timerfd_settime(92<anon_inode:[timerfd]>, 0, {it_interval={tv_sec=0, tv_nsec=0}, it_value={tv_sec=0, tv_nsec=48998000}}, {it_interval={tv_sec=0, tv_nsec=0}, it_value={tv_sec=299, tv_nsec=999921586}}) = 0
5832  epoll_wait(91<anon_inode:[eventpoll]>,  <unfinished ...>
5875  <... futex resumed>)              = -1 ETIMEDOUT (Connection timed out)
5875  futex(0x743848096ce8, FUTEX_WAKE_PRIVATE, 1) = 0
5875  futex(0x74384808468c, FUTEX_WAIT_BITSET_PRIVATE, 0, {tv_sec=2431, tv_nsec=555152986}, FUTEX_BITSET_MATCH_ANY <unfinished ...>
5868  <... poll resumed>)               = 0 (Timeout)
5868  poll([{fd=110<pipe:[27405]>, events=POLLIN}, {fd=112<TCP:[192.168.30.128:37006->35.186.224.35:443]>, events=POLLIN}], 2, 50 <unfinished ...>
5832  <... epoll_wait resumed>[{events=EPOLLIN, data={u32=2367488412, u64=94152345584028}}], 128, -1) = 1
5832  timerfd_settime(92<anon_inode:[timerfd]>, 0, {it_interval={tv_sec=0, tv_nsec=0}, it_value={tv_sec=300, tv_nsec=0}}, {it_interval={tv_sec=0, tv_nsec=0}, it_value={tv_sec=0, tv_nsec=0}}) = 0
5832  timerfd_settime(92<anon_inode:[timerfd]>, 0, {it_interval={tv_sec=0, tv_nsec=0}, it_value={tv_sec=0, tv_nsec=49998000}}, {it_interval={tv_sec=0, tv_nsec=0}, it_value={tv_sec=299, tv_nsec=999917832}}) = 0
5832  epoll_wait(91<anon_inode:[eventpoll]>,  <unfinished ...>
5868  <... poll resumed>)               = 0 (Timeout)
5868  poll([{fd=110<pipe:[27405]>, events=POLLIN}, {fd=112<TCP:[192.168.30.128:37006->35.186.224.35:443]>, events=POLLIN}], 2, 50 <unfinished ...>
5891  <... clock_nanosleep resumed>0x743880bfe140) = 0
5891  clock_nanosleep(CLOCK_REALTIME, 0, {tv_sec=0, tv_nsec=100000000},  <unfinished ...>
5832  <... epoll_wait resumed>[{events=EPOLLIN, data={u32=2367488412, u64=94152345584028}}], 128, -1) = 1
5832  timerfd_settime(92<anon_inode:[timerfd]>, 0, {it_interval={tv_sec=0, tv_nsec=0}, it_value={tv_sec=300, tv_nsec=0}}, {it_interval={tv_sec=0, tv_nsec=0}, it_value={tv_sec=0, tv_nsec=0}}) = 0
5832  timerfd_settime(92<anon_inode:[timerfd]>, 0, {it_interval={tv_sec=0, tv_nsec=0}, it_value={tv_sec=0, tv_nsec=49998000}}, {it_interval={tv_sec=0, tv_nsec=0}, it_value={tv_sec=299, tv_nsec=999887877}}) = 0
5832  epoll_wait(91<anon_inode:[eventpoll]>,  <unfinished ...>
5875  <... futex resumed>)              = -1 ETIMEDOUT (Connection timed out)
5875  futex(0x743848096ce8, FUTEX_WAKE_PRIVATE, 1) = 0
5875  futex(0x74384808468c, FUTEX_WAIT_BITSET_PRIVATE, 0, {tv_sec=2431, tv_nsec=655516860}, FUTEX_BITSET_MATCH_ANY <unfinished ...>
5868  <... poll resumed>)               = 0 (Timeout)
5868  poll([{fd=110<pipe:[27405]>, events=POLLIN}, {fd=112<TCP:[192.168.30.128:37006->35.186.224.35:443]>, events=POLLIN}], 2, 50 <unfinished ...>
5832  <... epoll_wait resumed>[{events=EPOLLIN, data={u32=2367488412, u64=94152345584028}}], 128, -1) = 1
5832  timerfd_settime(92<anon_inode:[timerfd]>, 0, {it_interval={tv_sec=0, tv_nsec=0}, it_value={tv_sec=300, tv_nsec=0}}, {it_interval={tv_sec=0, tv_nsec=0}, it_value={tv_sec=0, tv_nsec=0}}) = 0
5832  timerfd_settime(92<anon_inode:[timerfd]>, 0, {it_interval={tv_sec=0, tv_nsec=0}, it_value={tv_sec=0, tv_nsec=48998000}}, {it_interval={tv_sec=0, tv_nsec=0}, it_value={tv_sec=299, tv_nsec=999796780}}) = 0
5832  epoll_wait(91<anon_inode:[eventpoll]>,  <unfinished ...>
5868  <... poll resumed>)               = 0 (Timeout)
5868  poll([{fd=110<pipe:[27405]>, events=POLLIN}, {fd=112<TCP:[192.168.30.128:37006->35.186.224.35:443]>, events=POLLIN}], 2, 50 <unfinished ...>
5891  <... clock_nanosleep resumed>0x743880bfe140) = 0
5891  clock_nanosleep(CLOCK_REALTIME, 0, {tv_sec=0, tv_nsec=100000000},  <unfinished ...>
5832  <... epoll_wait resumed>[{events=EPOLLIN, data={u32=2367488412, u64=94152345584028}}], 128, -1) = 1
5832  timerfd_settime(92<anon_inode:[timerfd]>, 0, {it_interval={tv_sec=0, tv_nsec=0}, it_value={tv_sec=300, tv_nsec=0}}, {it_interval={tv_sec=0, tv_nsec=0}, it_value={tv_sec=0, tv_nsec=0}}) = 0
5832  timerfd_settime(92<anon_inode:[timerfd]>, 0, {it_interval={tv_sec=0, tv_nsec=0}, it_value={tv_sec=0, tv_nsec=49998000}}, {it_interval={tv_sec=0, tv_nsec=0}, it_value={tv_sec=299, tv_nsec=999916381}}) = 0
5832  epoll_wait(91<anon_inode:[eventpoll]>,  <unfinished ...>
5875  <... futex resumed>)              = -1 ETIMEDOUT (Connection timed out)
5875  futex(0x743848096ce8, FUTEX_WAKE_PRIVATE, 1) = 0
5875  futex(0x74384808468c, FUTEX_WAIT_BITSET_PRIVATE, 0, {tv_sec=2431, tv_nsec=755908403}, FUTEX_BITSET_MATCH_ANY <unfinished ...>
5868  <... poll resumed>)               = 0 (Timeout)
5868  poll([{fd=110<pipe:[27405]>, events=POLLIN}, {fd=112<TCP:[192.168.30.128:37006->35.186.224.35:443]>, events=POLLIN}], 2, 50 <unfinished ...>
5832  <... epoll_wait resumed>[{events=EPOLLIN, data={u32=2367488412, u64=94152345584028}}], 128, -1) = 1
5832  timerfd_settime(92<anon_inode:[timerfd]>, 0, {it_interval={tv_sec=0, tv_nsec=0}, it_value={tv_sec=300, tv_nsec=0}}, {it_interval={tv_sec=0, tv_nsec=0}, it_value={tv_sec=0, tv_nsec=0}}) = 0
5832  timerfd_settime(92<anon_inode:[timerfd]>, 0, {it_interval={tv_sec=0, tv_nsec=0}, it_value={tv_sec=0, tv_nsec=48998000}}, {it_interval={tv_sec=0, tv_nsec=0}, it_value={tv_sec=299, tv_nsec=999814088}}) = 0
5832  epoll_wait(91<anon_inode:[eventpoll]>,  <unfinished ...>
5891  <... clock_nanosleep resumed>0x743880bfe140) = 0
5891  clock_nanosleep(CLOCK_REALTIME, 0, {tv_sec=0, tv_nsec=100000000},  <unfinished ...>
5868  <... poll resumed>)               = 0 (Timeout)
5868  poll([{fd=110<pipe:[27405]>, events=POLLIN}, {fd=112<TCP:[192.168.30.128:37006->35.186.224.35:443]>, events=POLLIN}], 2, 50 <unfinished ...>
5832  <... epoll_wait resumed>[{events=EPOLLIN, data={u32=2367488412, u64=94152345584028}}], 128, -1) = 1
5832  timerfd_settime(92<anon_inode:[timerfd]>, 0, {it_interval={tv_sec=0, tv_nsec=0}, it_value={tv_sec=300, tv_nsec=0}}, {it_interval={tv_sec=0, tv_nsec=0}, it_value={tv_sec=0, tv_nsec=0}}) = 0
5832  timerfd_settime(92<anon_inode:[timerfd]>, 0, {it_interval={tv_sec=0, tv_nsec=0}, it_value={tv_sec=0, tv_nsec=48998000}}, {it_interval={tv_sec=0, tv_nsec=0}, it_value={tv_sec=299, tv_nsec=999878290}}) = 0
5832  epoll_wait(91<anon_inode:[eventpoll]>,  <unfinished ...>
5875  <... futex resumed>)              = -1 ETIMEDOUT (Connection timed out)
5875  futex(0x743848096ce8, FUTEX_WAKE_PRIVATE, 1) = 0
5875  futex(0x74384808468c, FUTEX_WAIT_BITSET_PRIVATE, 0, {tv_sec=2431, tv_nsec=855298452}, FUTEX_BITSET_MATCH_ANY <unfinished ...>
5868  <... poll resumed>)               = 0 (Timeout)
5868  poll([{fd=110<pipe:[27405]>, events=POLLIN}, {fd=112<TCP:[192.168.30.128:37006->35.186.224.35:443]>, events=POLLIN}], 2, 50 <unfinished ...>
5832  <... epoll_wait resumed>[{events=EPOLLIN, data={u32=2367488412, u64=94152345584028}}], 128, -1) = 1
5832  timerfd_settime(92<anon_inode:[timerfd]>, 0, {it_interval={tv_sec=0, tv_nsec=0}, it_value={tv_sec=300, tv_nsec=0}}, {it_interval={tv_sec=0, tv_nsec=0}, it_value={tv_sec=0, tv_nsec=0}}) = 0
5832  timerfd_settime(92<anon_inode:[timerfd]>, 0, {it_interval={tv_sec=0, tv_nsec=0}, it_value={tv_sec=0, tv_nsec=49998000}}, {it_interval={tv_sec=0, tv_nsec=0}, it_value={tv_sec=299, tv_nsec=999918286}}) = 0
5832  epoll_wait(91<anon_inode:[eventpoll]>,  <unfinished ...>
5891  <... clock_nanosleep resumed>0x743880bfe140) = 0
5891  clock_nanosleep(CLOCK_REALTIME, 0, {tv_sec=0, tv_nsec=100000000},  <unfinished ...>
5868  <... poll resumed>)               = 0 (Timeout)
5868  poll([{fd=110<pipe:[27405]>, events=POLLIN}, {fd=112<TCP:[192.168.30.128:37006->35.186.224.35:443]>, events=POLLIN}], 2, 50 <unfinished ...>
5832  <... epoll_wait resumed>[{events=EPOLLIN, data={u32=2367488412, u64=94152345584028}}], 128, -1) = 1
5832  timerfd_settime(92<anon_inode:[timerfd]>, 0, {it_interval={tv_sec=0, tv_nsec=0}, it_value={tv_sec=300, tv_nsec=0}}, {it_interval={tv_sec=0, tv_nsec=0}, it_value={tv_sec=0, tv_nsec=0}}) = 0
5832  timerfd_settime(92<anon_inode:[timerfd]>, 0, {it_interval={tv_sec=0, tv_nsec=0}, it_value={tv_sec=0, tv_nsec=49998000}}, {it_interval={tv_sec=0, tv_nsec=0}, it_value={tv_sec=299, tv_nsec=999919148}}) = 0
5832  epoll_wait(91<anon_inode:[eventpoll]>,  <unfinished ...>
5890  <... poll resumed>)               = 0 (Timeout)
5890  getpid()                          = 5743
5890  write(169<pipe:[30101]>, "W", 1)  = 1
5890  write(169<pipe:[30101]>, "W", 1)  = 1
5890  write(169<pipe:[30101]>, "W", 1)  = 1
5890  read(168<pipe:[30101]>, "WWW", 10) = 3
