5875  futex(0x74384808468c, FUTEX_WAIT_BITSET_PRIVATE, 0, {tv_sec=1415, tv_nsec=414057478}, FUTEX_BITSET_MATCH_ANY <unfinished ...>
5868  <... poll resumed>)               = 0 (Timeout)
5868  poll([{fd=110<pipe:[27405]>, events=POLLIN}, {fd=112<TCP:[192.168.30.128:37006->35.186.224.35:443]>, events=POLLIN}], 2, 50 <unfinished ...>
5771  <... epoll_wait resumed>[{events=EPOLLIN, data={u32=3825230760, u64=127787692221352}}], 16, 30516) = 1
5771  recvmsg(195<UNIX-STREAM:[37142->37143]>, {msg_name=NULL, msg_namelen=0, msg_iov=[{iov_base="\10\0\0\0h\0\0\0\30\0\24\0\0\0\0\0fM\0\0\0\0\0\0\0\0\0\0\0\0\0\0"..., iov_len=4096}], msg_iovlen=1, msg_controllen=0, msg_flags=0}, MSG_DONTWAIT) = 424
5771  futex(0x7438efdfdf10, FUTEX_WAKE_PRIVATE, 2147483647 <unfinished ...>
5803  <... futex resumed>)              = 0
5771  <... futex resumed>)              = 1
5803  futex(0x7438efdfdec0, FUTEX_WAIT_PRIVATE, 2, NULL <unfinished ...>
5771  futex(0x7438efdfdec0, FUTEX_WAKE_PRIVATE, 1 <unfinished ...>
5803  <... futex resumed>)              = -1 EAGAIN (Resource temporarily unavailable)
5771  <... futex resumed>)              = 0
5803  futex(0x7438efdfdec0, FUTEX_WAKE_PRIVATE, 1 <unfinished ...>
5771  sendto(48<UNIX-STREAM:[37079->37080]>, "\10\0\0\0\340\0\0\0\30\0\24\0\0\0\0\0\373\v\0\0\0\0\0\0\0\0\0\0\0\0\0\0"..., 224, MSG_NOSIGNAL, NULL, 0 <unfinished ...>
5803  <... futex resumed>)              = 0
5771  <... sendto resumed>)             = 224
5803  futex(0x743917dfdf10, FUTEX_WAKE_PRIVATE, 2147483647) = 1
5771  openat(AT_FDCWD</home/venice/Desktop/music>, "/home/venice/.local/share/spotify-launcher/install/usr/share/spotify/Apps/xpui/9967.js", O_RDONLY|O_CLOEXEC <unfinished ...>
5768  <... futex resumed>)              = 0
5803  futex(0x743917dfdec0, FUTEX_WAKE_PRIVATE, 1 <unfinished ...>
5771  <... openat resumed>)             = 212</home/venice/.local/share/spotify-launcher/install/usr/share/spotify/Apps/xpui/9967.js>
5768  futex(0x743917dfdec0, FUTEX_WAIT_PRIVATE, 2, NULL <unfinished ...>
5803  <... futex resumed>)              = 0
5771  write(32<anon_inode:[eventfd]>, "\1\0\0\0\0\0\0\0", 8 <unfinished ...>
5768  <... futex resumed>)              = -1 EAGAIN (Resource temporarily unavailable)
5803  futex(0x7438efdfdf10, FUTEX_WAIT_BITSET_PRIVATE|FUTEX_CLOCK_REALTIME, 0, NULL, FUTEX_BITSET_MATCH_ANY <unfinished ...>
5771  <... write resumed>)              = 8
5768  futex(0x743917dfdec0, FUTEX_WAKE_PRIVATE, 1 <unfinished ...>
5771  epoll_wait(31<anon_inode:[eventpoll]>,  <unfinished ...>
5768  <... futex resumed>)              = 0
5771  <... epoll_wait resumed>[{events=EPOLLIN, data={u32=3825230760, u64=127787692221352}}, {events=EPOLLIN, data={u32=4026539168, u64=127787893529760}}], 16, 0) = 2
5768  openat(AT_FDCWD</home/venice/Desktop/music>, "/home/venice/.cache/spotify/Default/Code Cache/js/91e3a9d6ce371554_0", O_RDWR <unfinished ...>
5771  read(32<anon_inode:[eventfd]>,  <unfinished ...>
5768  <... openat resumed>)             = 224</home/venice/.cache/spotify/Default/Code Cache/js/91e3a9d6ce371554_0>
5771  <... read resumed>"\1\0\0\0\0\0\0\0", 8) = 8
5768  openat(AT_FDCWD</home/venice/Desktop/music>, "/home/venice/.cache/spotify/Default/Code Cache/js/91e3a9d6ce371554_1", O_RDWR <unfinished ...>
5771  recvmsg(195<UNIX-STREAM:[37142->37143]>, {msg_name=NULL, msg_namelen=0, msg_iov=[{iov_base="\10\0\0\0@\1\0\0\30\0\24\0\0\0\0\0hM\0\0\0\0\0\0\0\0\0\0\0\0\0\0"..., iov_len=4096}], msg_iovlen=1, msg_controllen=0, msg_flags=0}, MSG_DONTWAIT) = 744
5768  <... openat resumed>)             = -1 ENOENT (No such file or directory)
5771  sendto(48<UNIX-STREAM:[37079->37080]>, "\10\0\0\0\340\0\0\0\30\0\24\0\0\0\0\0\374\v\0\0\0\0\0\0\0\0\0\0\0\0\0\0"..., 224, MSG_NOSIGNAL, NULL, 0 <unfinished ...>
5768  fstat(224</home/venice/.cache/spotify/Default/Code Cache/js/91e3a9d6ce371554_0>,  <unfinished ...>
5771  <... sendto resumed>)             = 224
5768  <... fstat resumed>{st_mode=S_IFREG|0600, st_size=182, ...}) = 0
5771  openat(AT_FDCWD</home/venice/Desktop/music>, "/home/venice/.local/share/spotify-launcher/install/usr/share/spotify/Apps/xpui/xpui-routes-search.css", O_RDONLY|O_CLOEXEC <unfinished ...>
5768  pread64(224</home/venice/.cache/spotify/Default/Code Cache/js/91e3a9d6ce371554_0>,  <unfinished ...>
5771  <... openat resumed>)             = 227</home/venice/.local/share/spotify-launcher/install/usr/share/spotify/Apps/xpui/xpui-routes-search.css>
5771  futex(0x7438efdfdf10, FUTEX_WAKE_PRIVATE, 2147483647 <unfinished ...>
5768  <... pread64 resumed>"\330A\r\227Eo\372\364\3\0\0\0004\341\203v$\0\0\0\0\0\0\0", 24, 158) = 24
5803  <... futex resumed>)              = 0
5771  <... futex resumed>)              = 1
5768  pread64(224</home/venice/.cache/spotify/Default/Code Cache/js/91e3a9d6ce371554_0>,  <unfinished ...>
5803  futex(0x7438efdfdec0, FUTEX_WAIT_PRIVATE, 2, NULL <unfinished ...>
5771  futex(0x7438efdfdec0, FUTEX_WAKE_PRIVATE, 1 <unfinished ...>
5768  <... pread64 resumed>"\0\0\0\0\0\0\0\0\30\0\0\0\3\0\0\0Tw\307G\0\0\0\0\0\0\0\0\202L\4\2"..., 68, 90) = 68
5803  <... futex resumed>)              = -1 EAGAIN (Resource temporarily unavailable)
5771  <... futex resumed>)              = 0
5768  openat(AT_FDCWD</home/venice/Desktop/music>, "/home/venice/.cache/spotify/Default/Code Cache/js/91e3a9d6ce371554_s", O_RDWR <unfinished ...>
5803  futex(0x7438efdfdec0, FUTEX_WAKE_PRIVATE, 1 <unfinished ...>
5771  sendto(48<UNIX-STREAM:[37079->37080]>, "\10\0\0\0\340\0\0\0\30\0\24\0\0\0\0\0\375\v\0\0\0\0\0\0\0\0\0\0\0\0\0\0"..., 224, MSG_NOSIGNAL, NULL, 0 <unfinished ...>
5768  <... openat resumed>)             = -1 ENOENT (No such file or directory)
5803  <... futex resumed>)              = 0
5771  <... sendto resumed>)             = 224
5768  futex(0x743917dfdf10, FUTEX_WAIT_BITSET_PRIVATE|FUTEX_CLOCK_REALTIME, 0, NULL, FUTEX_BITSET_MATCH_ANY <unfinished ...>
5803  futex(0x743917dfdf10, FUTEX_WAKE_PRIVATE, 2147483647 <unfinished ...>
5771  openat(AT_FDCWD</home/venice/Desktop/music>, "/home/venice/.local/share/spotify-launcher/install/usr/share/spotify/Apps/xpui/xpui-routes-search.js", O_RDONLY|O_CLOEXEC <unfinished ...>
5768  <... futex resumed>)              = -1 EAGAIN (Resource temporarily unavailable)
5803  <... futex resumed>)              = 0
5803  futex(0x743917dfdec0, FUTEX_WAKE_PRIVATE, 1 <unfinished ...>
5771  <... openat resumed>)             = 231</home/venice/.local/share/spotify-launcher/install/usr/share/spotify/Apps/xpui/xpui-routes-search.js>
5768  futex(0x743917dfdec0, FUTEX_WAIT_PRIVATE, 2, NULL <unfinished ...>
5803  <... futex resumed>)              = 0
5771  futex(0x7439169fdf10, FUTEX_WAKE_PRIVATE, 2147483647 <unfinished ...>
5768  <... futex resumed>)              = -1 EAGAIN (Resource temporarily unavailable)
5768  futex(0x743917dfdec0, FUTEX_WAKE_PRIVATE, 1 <unfinished ...>
5803  sendto(195<UNIX-STREAM:[37142->37143]>, "\10\0\0\0h\0\0\0\30\0\24\0\0\0\0\0\306\25\0\0\0\0\0\0\0\0\0\0\0\0\0\0"..., 104, MSG_NOSIGNAL, NULL, 0 <unfinished ...>
5771  <... futex resumed>)              = 1
5768  <... futex resumed>)              = 0
5771  epoll_wait(31<anon_inode:[eventpoll]>,  <unfinished ...>
5770  <... futex resumed>)              = 0
5768  openat(AT_FDCWD</home/venice/Desktop/music>, "/home/venice/.cache/spotify/Default/Code Cache/js/4e41d1de16f882d5_0", O_RDWR <unfinished ...>
5803  <... sendto resumed>)             = 104
5771  <... epoll_wait resumed>[], 16, 0) = 0
5770  futex(0x7439169fdec0, FUTEX_WAKE_PRIVATE, 1 <unfinished ...>
5803  futex(0x7439155fdf10, FUTEX_WAKE_PRIVATE, 2147483647 <unfinished ...>
5771  epoll_wait(31<anon_inode:[eventpoll]>,  <unfinished ...>
5768  <... openat resumed>)             = 234</home/venice/.cache/spotify/Default/Code Cache/js/4e41d1de16f882d5_0>
5770  <... futex resumed>)              = 0
5803  <... futex resumed>)              = 1
5803  futex(0x7438efdfdf10, FUTEX_WAIT_BITSET_PRIVATE|FUTEX_CLOCK_REALTIME, 0, NULL, FUTEX_BITSET_MATCH_ANY <unfinished ...>
5771  <... epoll_wait resumed>[], 16, 0) = 0
5768  openat(AT_FDCWD</home/venice/Desktop/music>, "/home/venice/.cache/spotify/Default/Code Cache/js/4e41d1de16f882d5_1", O_RDWR) = -1 ENOENT (No such file or directory)
5771  epoll_wait(31<anon_inode:[eventpoll]>,  <unfinished ...>
5768  fstat(234</home/venice/.cache/spotify/Default/Code Cache/js/4e41d1de16f882d5_0>,  <unfinished ...>
5772  <... futex resumed>)              = 0
5771  <... epoll_wait resumed>[], 16, 0) = 0
5770  close(224</home/venice/.cache/spotify/Default/Code Cache/js/91e3a9d6ce371554_0> <unfinished ...>
5768  <... fstat resumed>{st_mode=S_IFREG|0600, st_size=196, ...}) = 0
5772  futex(0x7439155fdec0, FUTEX_WAKE_PRIVATE, 1 <unfinished ...>
5771  epoll_wait(31<anon_inode:[eventpoll]>,  <unfinished ...>
5770  <... close resumed>)              = 0
5768  pread64(234</home/venice/.cache/spotify/Default/Code Cache/js/4e41d1de16f882d5_0>,  <unfinished ...>
5772  <... futex resumed>)              = 0
5771  <... epoll_wait resumed>[], 16, 0) = 0
5770  futex(0x7438efdfdf10, FUTEX_WAKE_PRIVATE, 2147483647 <unfinished ...>
5803  <... futex resumed>)              = 0
5772  futex(0x7439155fdf10, FUTEX_WAIT_BITSET_PRIVATE|FUTEX_CLOCK_REALTIME, 0, NULL, FUTEX_BITSET_MATCH_ANY <unfinished ...>
5771  futex(0x7439155fdf10, FUTEX_WAKE_PRIVATE, 2147483647 <unfinished ...>
5770  <... futex resumed>)              = 1
5803  futex(0x7438efdfdec0, FUTEX_WAIT_PRIVATE, 2, NULL <unfinished ...>
5772  <... futex resumed>)              = -1 EAGAIN (Resource temporarily unavailable)
5771  <... futex resumed>)              = 0
5770  futex(0x7438efdfdec0, FUTEX_WAKE_PRIVATE, 1 <unfinished ...>
5803  <... futex resumed>)              = -1 EAGAIN (Resource temporarily unavailable)
5772  futex(0x7439155fdec0, FUTEX_WAIT_PRIVATE, 2, NULL <unfinished ...>
5771  futex(0x7439155fdec0, FUTEX_WAKE_PRIVATE, 1 <unfinished ...>
5770  <... futex resumed>)              = 0
5768  <... pread64 resumed>"\330A\r\227Eo\372\364\3\0\0\0I\314RW$\0\0\0\0\0\0\0", 24, 172) = 24
5803  futex(0x7438efdfdec0, FUTEX_WAKE_PRIVATE, 1 <unfinished ...>
5772  <... futex resumed>)              = -1 EAGAIN (Resource temporarily unavailable)
5771  <... futex resumed>)              = 0
5770  futex(0x7439169fdf10, FUTEX_WAIT_BITSET_PRIVATE|FUTEX_CLOCK_REALTIME, 0, NULL, FUTEX_BITSET_MATCH_ANY <unfinished ...>
5768  pread64(234</home/venice/.cache/spotify/Default/Code Cache/js/4e41d1de16f882d5_0>,  <unfinished ...>
5803  <... futex resumed>)              = 0
5772  futex(0x7439155fdec0, FUTEX_WAKE_PRIVATE, 1 <unfinished ...>
5771  epoll_wait(31<anon_inode:[eventpoll]>,  <unfinished ...>
5768  <... pread64 resumed>"\0\0\0\0\0\0\0\0\30\0\0\0\3\0\0\0Tw\307G\0\0\0\0\0\0\0\0\231L\4\2"..., 68, 104) = 68
5803  futex(0x7438efdfdf10, FUTEX_WAIT_BITSET_PRIVATE|FUTEX_CLOCK_REALTIME, 0, NULL, FUTEX_BITSET_MATCH_ANY <unfinished ...>
5772  <... futex resumed>)              = 0
5771  <... epoll_wait resumed>[], 16, 0) = 0
5768  openat(AT_FDCWD</home/venice/Desktop/music>, "/home/venice/.cache/spotify/Default/Code Cache/js/4e41d1de16f882d5_s", O_RDWR <unfinished ...>
5772  futex(0x7439155fdf10, FUTEX_WAIT_BITSET_PRIVATE|FUTEX_CLOCK_REALTIME, 0, NULL, FUTEX_BITSET_MATCH_ANY <unfinished ...>
5771  epoll_wait(31<anon_inode:[eventpoll]>,  <unfinished ...>
5768  <... openat resumed>)             = -1 ENOENT (No such file or directory)
5771  <... epoll_wait resumed>[], 16, 0) = 0
5768  futex(0x7438efdfdf10, FUTEX_WAKE_PRIVATE, 2147483647 <unfinished ...>
5832  <... epoll_wait resumed>[{events=EPOLLIN, data={u32=2367488412, u64=94152345584028}}], 128, -1) = 1
5803  <... futex resumed>)              = 0
5771  epoll_wait(31<anon_inode:[eventpoll]>,  <unfinished ...>
5768  <... futex resumed>)              = 1
5832  timerfd_settime(92<anon_inode:[timerfd]>, 0, {it_interval={tv_sec=0, tv_nsec=0}, it_value={tv_sec=300, tv_nsec=0}},  <unfinished ...>
5803  futex(0x7438efdfdec0, FUTEX_WAIT_PRIVATE, 2, NULL <unfinished ...>
5771  <... epoll_wait resumed>[], 16, 0) = 0
5768  futex(0x7438efdfdec0, FUTEX_WAKE_PRIVATE, 1 <unfinished ...>
5803  <... futex resumed>)              = -1 EAGAIN (Resource temporarily unavailable)
5771  epoll_wait(31<anon_inode:[eventpoll]>,  <unfinished ...>
5768  <... futex resumed>)              = 0
5832  <... timerfd_settime resumed>{it_interval={tv_sec=0, tv_nsec=0}, it_value={tv_sec=0, tv_nsec=0}}) = 0
5803  futex(0x7438efdfdec0, FUTEX_WAKE_PRIVATE, 1 <unfinished ...>
5771  <... epoll_wait resumed>[], 16, 0) = 0
5768  futex(0x743917dfdf10, FUTEX_WAIT_BITSET_PRIVATE|FUTEX_CLOCK_REALTIME, 0, NULL, FUTEX_BITSET_MATCH_ANY <unfinished ...>
5803  <... futex resumed>)              = 0
5832  timerfd_settime(92<anon_inode:[timerfd]>, 0, {it_interval={tv_sec=0, tv_nsec=0}, it_value={tv_sec=0, tv_nsec=46996000}},  <unfinished ...>
5771  epoll_wait(31<anon_inode:[eventpoll]>,  <unfinished ...>
5803  sendto(195<UNIX-STREAM:[37142->37143]>, "\10\0\0\0h\0\0\0\30\0\24\0\0\0\0\0\307\25\0\0\0\0\0\0\0\0\0\0\0\0\0\0"..., 104, MSG_NOSIGNAL, NULL, 0 <unfinished ...>
5832  <... timerfd_settime resumed>{it_interval={tv_sec=0, tv_nsec=0}, it_value={tv_sec=299, tv_nsec=999069810}}) = 0
5803  <... sendto resumed>)             = 104
5771  <... epoll_wait resumed>[], 16, 0) = 0
5832  epoll_wait(91<anon_inode:[eventpoll]>,  <unfinished ...>
5803  futex(0x743917dfdf10, FUTEX_WAKE_PRIVATE, 2147483647 <unfinished ...>
5771  epoll_wait(31<anon_inode:[eventpoll]>,  <unfinished ...>
5803  <... futex resumed>)              = 1
5771  <... epoll_wait resumed>[], 16, 0) = 0
5768  <... futex resumed>)              = 0
5803  futex(0x7438efdfdf10, FUTEX_WAIT_BITSET_PRIVATE|FUTEX_CLOCK_REALTIME, 0, NULL, FUTEX_BITSET_MATCH_ANY <unfinished ...>
5771  epoll_wait(31<anon_inode:[eventpoll]>,  <unfinished ...>
5768  futex(0x743917dfdec0, FUTEX_WAKE_PRIVATE, 1 <unfinished ...>
5771  <... epoll_wait resumed>[], 16, 0) = 0
5768  <... futex resumed>)              = 0
5771  openat(AT_FDCWD</home/venice/Desktop/music>, "/dev/shm/.org.chromium.Chromium.I1JuJn", O_RDWR|O_CREAT|O_EXCL, 0600 <unfinished ...>
5768  close(234</home/venice/.cache/spotify/Default/Code Cache/js/4e41d1de16f882d5_0> <unfinished ...>
5771  <... openat resumed>)             = 224</dev/shm/.org.chromium.Chromium.I1JuJn>
5768  <... close resumed>)              = 0
5771  fstat(224</dev/shm/.org.chromium.Chromium.I1JuJn>,  <unfinished ...>
5768  futex(0x7438efdfdf10, FUTEX_WAKE_PRIVATE, 2147483647 <unfinished ...>
5803  <... futex resumed>)              = 0
5771  <... fstat resumed>{st_mode=S_IFREG|0600, st_size=0, ...}) = 0
5768  <... futex resumed>)              = 1
5803  futex(0x7438efdfdec0, FUTEX_WAIT_PRIVATE, 2, NULL <unfinished ...>
5771  ftruncate(224</dev/shm/.org.chromium.Chromium.I1JuJn>, 65536 <unfinished ...>
5768  futex(0x7438efdfdec0, FUTEX_WAKE_PRIVATE, 1 <unfinished ...>
5803  <... futex resumed>)              = -1 EAGAIN (Resource temporarily unavailable)
5771  <... ftruncate resumed>)          = 0
5768  <... futex resumed>)              = 0
5803  futex(0x7438efdfdec0, FUTEX_WAKE_PRIVATE, 1 <unfinished ...>
5771  fallocate(224</dev/shm/.org.chromium.Chromium.I1JuJn>, 0, 0, 65536 <unfinished ...>
5768  futex(0x743917dfdf10, FUTEX_WAIT_BITSET_PRIVATE|FUTEX_CLOCK_REALTIME, 0, NULL, FUTEX_BITSET_MATCH_ANY <unfinished ...>
5803  <... futex resumed>)              = 0
5771  <... fallocate resumed>)          = 0
5803  futex(0x7438efdfdf10, FUTEX_WAIT_BITSET_PRIVATE|FUTEX_CLOCK_REALTIME, 0, NULL, FUTEX_BITSET_MATCH_ANY <unfinished ...>
5771  getrandom("\xed\xa1\xbd\xa8\xd6\x7d\xec\xb4\x8f\x15\x92\x81\x36\x94\xcf\xe6", 16, 0) = 16
5771  unlink("/dev/shm/.org.chromium.Chromium.I1JuJn") = 0
5771  dup(224</dev/shm/.org.chromium.Chromium.I1JuJn>(deleted)) = 234</dev/shm/.org.chromium.Chromium.I1JuJn>(deleted)
5771  mmap(NULL, 65536, PROT_READ|PROT_WRITE, MAP_SHARED, 224</dev/shm/.org.chromium.Chromium.I1JuJn>(deleted), 0) = 0x74391601a000
5771  mmap(NULL, 65536, PROT_READ|PROT_WRITE, MAP_SHARED, 234</dev/shm/.org.chromium.Chromium.I1JuJn>(deleted), 0) = 0x74391600a000
5771  futex(0x743917dfdf10, FUTEX_WAKE_PRIVATE, 2147483647) = 1
5768  <... futex resumed>)              = 0
5771  epoll_wait(31<anon_inode:[eventpoll]>,  <unfinished ...>
5768  futex(0x743917dfdec0, FUTEX_WAKE_PRIVATE, 1 <unfinished ...>
5771  <... epoll_wait resumed>[], 16, 0) = 0
5768  <... futex resumed>)              = 0
5771  openat(AT_FDCWD</home/venice/Desktop/music>, "/dev/shm/.org.chromium.Chromium.TJbVEi", O_RDWR|O_CREAT|O_EXCL, 0600 <unfinished ...>
5768  fstat(212</home/venice/.local/share/spotify-launcher/install/usr/share/spotify/Apps/xpui/9967.js>,  <unfinished ...>
5868  <... poll resumed>)               = 0 (Timeout)
5868  poll([{fd=110<pipe:[27405]>, events=POLLIN}, {fd=112<TCP:[192.168.30.128:37006->35.186.224.35:443]>, events=POLLIN}], 2, 50 <unfinished ...>
5771  <... openat resumed>)             = 235</dev/shm/.org.chromium.Chromium.TJbVEi>
5768  <... fstat resumed>{st_mode=S_IFREG|0700, st_size=16217, ...}) = 0
5771  fstat(235</dev/shm/.org.chromium.Chromium.TJbVEi>,  <unfinished ...>
5768  read(212</home/venice/.local/share/spotify-launcher/install/usr/share/spotify/Apps/xpui/9967.js>,  <unfinished ...>
5771  <... fstat resumed>{st_mode=S_IFREG|0600, st_size=0, ...}) = 0
5768  <... read resumed>"\"use strict\";((\"undefined\"!=type"..., 65536) = 16217
5771  ftruncate(235</dev/shm/.org.chromium.Chromium.TJbVEi>, 65536 <unfinished ...>
5768  read(212</home/venice/.local/share/spotify-launcher/install/usr/share/spotify/Apps/xpui/9967.js>,  <unfinished ...>
5771  <... ftruncate resumed>)          = 0
5768  <... read resumed>"", 49152)      = 0
5771  fallocate(235</dev/shm/.org.chromium.Chromium.TJbVEi>, 0, 0, 65536 <unfinished ...>
5768  read(212</home/venice/.local/share/spotify-launcher/install/usr/share/spotify/Apps/xpui/9967.js>,  <unfinished ...>
5771  <... fallocate resumed>)          = 0
5768  <... read resumed>"", 49152)      = 0
5771  getrandom( <unfinished ...>
5768  futex(0x743917dfdf10, FUTEX_WAIT_BITSET_PRIVATE|FUTEX_CLOCK_REALTIME, 0, NULL, FUTEX_BITSET_MATCH_ANY <unfinished ...>
5771  <... getrandom resumed>"\x96\x08\xaa\x51\x49\x67\x63\x57\x35\x99\x27\x0d\xe3\x0b\x40\x25", 16, 0) = 16
5771  unlink("/dev/shm/.org.chromium.Chromium.TJbVEi") = 0
5771  dup(235</dev/shm/.org.chromium.Chromium.TJbVEi>(deleted)) = 236</dev/shm/.org.chromium.Chromium.TJbVEi>(deleted)
5771  mmap(NULL, 65536, PROT_READ|PROT_WRITE, MAP_SHARED, 235</dev/shm/.org.chromium.Chromium.TJbVEi>(deleted), 0) = 0x7439156ed000
5771  mmap(NULL, 65536, PROT_READ|PROT_WRITE, MAP_SHARED, 236</dev/shm/.org.chromium.Chromium.TJbVEi>(deleted), 0) = 0x7439156dd000
5771  futex(0x743917dfdf10, FUTEX_WAKE_PRIVATE, 2147483647) = 1
5768  <... futex resumed>)              = 0
5771  epoll_wait(31<anon_inode:[eventpoll]>,  <unfinished ...>
5768  futex(0x743917dfdec0, FUTEX_WAKE_PRIVATE, 1 <unfinished ...>
5771  <... epoll_wait resumed>[], 16, 0) = 0
5768  <... futex resumed>)              = 0
5771  openat(AT_FDCWD</home/venice/Desktop/music>, "/dev/shm/.org.chromium.Chromium.UZdtrj", O_RDWR|O_CREAT|O_EXCL, 0600 <unfinished ...>
5768  fstat(227</home/venice/.local/share/spotify-launcher/install/usr/share/spotify/Apps/xpui/xpui-routes-search.css>,  <unfinished ...>
5771  <... openat resumed>)             = 237</dev/shm/.org.chromium.Chromium.UZdtrj>
5768  <... fstat resumed>{st_mode=S_IFREG|0700, st_size=17755, ...}) = 0
5771  fstat(237</dev/shm/.org.chromium.Chromium.UZdtrj>,  <unfinished ...>
5768  read(227</home/venice/.local/share/spotify-launcher/install/usr/share/spotify/Apps/xpui/xpui-routes-search.css>,  <unfinished ...>
5771  <... fstat resumed>{st_mode=S_IFREG|0600, st_size=0, ...}) = 0
5768  <... read resumed>".CqCtb3wr4SK8AiZwxeH0{position:r"..., 65536) = 17755
5771  ftruncate(237</dev/shm/.org.chromium.Chromium.UZdtrj>, 65536 <unfinished ...>
5768  read(227</home/venice/.local/share/spotify-launcher/install/usr/share/spotify/Apps/xpui/xpui-routes-search.css>,  <unfinished ...>
5771  <... ftruncate resumed>)          = 0
5768  <... read resumed>"", 45056)      = 0
5771  fallocate(237</dev/shm/.org.chromium.Chromium.UZdtrj>, 0, 0, 65536 <unfinished ...>
5768  read(227</home/venice/.local/share/spotify-launcher/install/usr/share/spotify/Apps/xpui/xpui-routes-search.css>,  <unfinished ...>
5771  <... fallocate resumed>)          = 0
5768  <... read resumed>"", 45056)      = 0
5771  getrandom( <unfinished ...>
5768  futex(0x743917dfdf10, FUTEX_WAIT_BITSET_PRIVATE|FUTEX_CLOCK_REALTIME, 0, NULL, FUTEX_BITSET_MATCH_ANY <unfinished ...>
5771  <... getrandom resumed>"\x69\x54\x34\x5e\x98\x67\xc5\x6f\xd6\xf7\x86\xfd\xd0\xc1\xd2\x26", 16, 0) = 16
5771  unlink("/dev/shm/.org.chromium.Chromium.UZdtrj") = 0
5771  dup(237</dev/shm/.org.chromium.Chromium.UZdtrj>(deleted)) = 238</dev/shm/.org.chromium.Chromium.UZdtrj>(deleted)
5771  mmap(NULL, 65536, PROT_READ|PROT_WRITE, MAP_SHARED, 237</dev/shm/.org.chromium.Chromium.UZdtrj>(deleted), 0) = 0x7439156cd000
5771  mmap(NULL, 65536, PROT_READ|PROT_WRITE, MAP_SHARED, 238</dev/shm/.org.chromium.Chromium.UZdtrj>(deleted), 0) = 0x7439156bd000
5771  futex(0x743917dfdf10, FUTEX_WAKE_PRIVATE, 2147483647) = 1
5768  <... futex resumed>)              = 0
5771  epoll_wait(31<anon_inode:[eventpoll]>,  <unfinished ...>
5768  futex(0x743917dfdec0, FUTEX_WAKE_PRIVATE, 1 <unfinished ...>
5771  <... epoll_wait resumed>[{events=EPOLLIN, data={u32=3825230760, u64=127787692221352}}], 16, 0) = 1
5768  <... futex resumed>)              = 0
5771  recvmsg(195<UNIX-STREAM:[37142->37143]>,  <unfinished ...>
5768  fstat(231</home/venice/.local/share/spotify-launcher/install/usr/share/spotify/Apps/xpui/xpui-routes-search.js>,  <unfinished ...>
5771  <... recvmsg resumed>{msg_name=NULL, msg_namelen=0, msg_iov=[{iov_base="\10\0\0\0h\0\0\0\30\0\24\0\0\0\0\0kM\0\0\0\0\0\0\0\0\0\0\0\0\0\0"..., iov_len=4096}], msg_iovlen=1, msg_controllen=0, msg_flags=0}, MSG_DONTWAIT) = 312
5768  <... fstat resumed>{st_mode=S_IFREG|0700, st_size=61702, ...}) = 0
5771  write(15<pipe:[31615]>, "!", 1 <unfinished ...>
5768  read(231</home/venice/.local/share/spotify-launcher/install/usr/share/spotify/Apps/xpui/xpui-routes-search.js>,  <unfinished ...>
5771  <... write resumed>)              = 1
5768  <... read resumed>"\"use strict\";((\"undefined\"!=type"..., 65536) = 61702
5743  <... poll resumed>)               = 1 ([{fd=14, revents=POLLIN}])
5771  munmap(0x74391601a000, 65536 <unfinished ...>
5768  read(231</home/venice/.local/share/spotify-launcher/install/usr/share/spotify/Apps/xpui/xpui-routes-search.js>,  <unfinished ...>
5743  recvmsg(17<UNIX-STREAM:[31618->35113]>,  <unfinished ...>
5771  <... munmap resumed>)             = 0
5768  <... read resumed>"", 4096)       = 0
5743  <... recvmsg resumed>{msg_namelen=0}, 0) = -1 EAGAIN (Resource temporarily unavailable)
5771  sendmsg(195<UNIX-STREAM:[37142->37143]>, {msg_name=NULL, msg_namelen=0, msg_iov=[{iov_base="\10\0\1\08\1\0\0\30\0\24\0\0\0\0\0\310\25\0\0\0\0\0\0\330\0\0\0\0\0\0\0"..., iov_len=312}], msg_iovlen=1, msg_control=[{cmsg_len=20, cmsg_level=SOL_SOCKET, cmsg_type=SCM_RIGHTS, cmsg_data=[224</dev/shm/.org.chromium.Chromium.I1JuJn>(deleted)]}], msg_controllen=20, msg_flags=0}, MSG_NOSIGNAL <unfinished ...>
5768  futex(0x743917dfdf10, FUTEX_WAIT_BITSET_PRIVATE|FUTEX_CLOCK_REALTIME, 0, NULL, FUTEX_BITSET_MATCH_ANY <unfinished ...>
5771  <... sendmsg resumed>)            = 312
5743  read(14<pipe:[31615]>,  <unfinished ...>
5771  close(224</dev/shm/.org.chromium.Chromium.I1JuJn>(deleted)) = 0
5743  <... read resumed>"!", 2)         = 1
5832  <... epoll_wait resumed>[{events=EPOLLIN, data={u32=2367488412, u64=94152345584028}}], 128, -1) = 1
5771  epoll_wait(31<anon_inode:[eventpoll]>,  <unfinished ...>
5832  timerfd_settime(92<anon_inode:[timerfd]>, 0, {it_interval={tv_sec=0, tv_nsec=0}, it_value={tv_sec=300, tv_nsec=0}},  <unfinished ...>
5771  <... epoll_wait resumed>[], 16, 0) = 0
5743  epoll_ctl(91<anon_inode:[eventpoll]>, EPOLL_CTL_MOD, 90<anon_inode:[eventfd]>, {events=EPOLLIN|EPOLLERR|EPOLLET, data={u32=2367488400, u64=94152345584016}} <unfinished ...>
5832  <... timerfd_settime resumed>{it_interval={tv_sec=0, tv_nsec=0}, it_value={tv_sec=0, tv_nsec=0}}) = 0
5771  sendto(195<UNIX-STREAM:[37142->37143]>, "\10\0\0\0h\0\0\0\30\0\24\0\0\0\0\0\311\25\0\0\0\0\0\0\0\0\0\0\0\0\0\0"..., 104, MSG_NOSIGNAL, NULL, 0 <unfinished ...>
5743  <... epoll_ctl resumed>)          = 0
5832  futex(0x55a18d1ce288, FUTEX_WAIT_PRIVATE, 2, NULL <unfinished ...>
5771  <... sendto resumed>)             = 104
5743  futex(0x55a18d1ce288, FUTEX_WAKE_PRIVATE, 1 <unfinished ...>
5832  <... futex resumed>)              = -1 EAGAIN (Resource temporarily unavailable)
5771  epoll_wait(31<anon_inode:[eventpoll]>,  <unfinished ...>
5743  <... futex resumed>)              = 0
5832  futex(0x55a18d1ce288, FUTEX_WAKE_PRIVATE, 1 <unfinished ...>
5771  <... epoll_wait resumed>[], 16, 0) = 0
5832  <... futex resumed>)              = 0
5771  munmap(0x7439156ed000, 65536 <unfinished ...>
5743  recvmsg(17<UNIX-STREAM:[31618->35113]>,  <unfinished ...>
5771  <... munmap resumed>)             = 0
5832  getrandom( <unfinished ...>
5743  <... recvmsg resumed>{msg_namelen=0}, 0) = -1 EAGAIN (Resource temporarily unavailable)
5832  <... getrandom resumed>"\x7d\xa8\xeb\xb6\xe0\x8e\xb1\x12\x67\xeb\xa6\xe5\x13\x00\x1e\xbb", 16, 0) = 16
5771  sendmsg(195<UNIX-STREAM:[37142->37143]>, {msg_name=NULL, msg_namelen=0, msg_iov=[{iov_base="\10\0\1\08\1\0\0\30\0\24\0\0\0\0\0\312\25\0\0\0\0\0\0\330\0\0\0\0\0\0\0"..., iov_len=312}], msg_iovlen=1, msg_control=[{cmsg_len=20, cmsg_level=SOL_SOCKET, cmsg_type=SCM_RIGHTS, cmsg_data=[235</dev/shm/.org.chromium.Chromium.TJbVEi>(deleted)]}], msg_controllen=20, msg_flags=0}, MSG_NOSIGNAL <unfinished ...>
5743  recvmsg(33<UNIX-STREAM:[31619->35114]>,  <unfinished ...>
5832  openat(AT_FDCWD</home/venice/Desktop/music>, "/home/venice/.config/spotify/Users/31waz63mxefnxl5bakboiai4mnbu-user/ad-state-storage.bnk.tmp", O_WRONLY|O_CREAT|O_TRUNC, 0664 <unfinished ...>
5771  <... sendmsg resumed>)            = 312
5743  <... recvmsg resumed>{msg_namelen=0}, 0) = -1 EAGAIN (Resource temporarily unavailable)
5832  <... openat resumed>)             = 224</home/venice/.config/spotify/Users/31waz63mxefnxl5bakboiai4mnbu-user/ad-state-storage.bnk.tmp>
5771  close(235</dev/shm/.org.chromium.Chromium.TJbVEi>(deleted) <unfinished ...>
5743  recvmsg(33<UNIX-STREAM:[31619->35114]>,  <unfinished ...>
5832  fcntl(224</home/venice/.config/spotify/Users/31waz63mxefnxl5bakboiai4mnbu-user/ad-state-storage.bnk.tmp>, F_SETFD, FD_CLOEXEC <unfinished ...>
5743  <... recvmsg resumed>{msg_namelen=0}, 0) = -1 EAGAIN (Resource temporarily unavailable)
5771  <... close resumed>)              = 0
5832  <... fcntl resumed>)              = 0
5743  poll([{fd=13<anon_inode:[eventfd]>, events=POLLIN}, {fd=14<pipe:[31615]>, events=POLLIN}, {fd=17<UNIX-STREAM:[31618->35113]>, events=POLLIN}, {fd=33<UNIX-STREAM:[31619->35114]>, events=POLLIN}], 4, 0 <unfinished ...>
5891  <... clock_nanosleep resumed>0x743880bfe140) = 0
5832  write(224</home/venice/.config/spotify/Users/31waz63mxefnxl5bakboiai4mnbu-user/ad-state-storage.bnk.tmp>, "\n\n\n\6stream\20\0\20\0\32\34\n\25triggered_ad_d"..., 218 <unfinished ...>
5771  epoll_wait(31<anon_inode:[eventpoll]>,  <unfinished ...>
5891  clock_nanosleep(CLOCK_REALTIME, 0, {tv_sec=0, tv_nsec=100000000},  <unfinished ...>
5771  <... epoll_wait resumed>[], 16, 0) = 0
5743  <... poll resumed>)               = 0 (Timeout)
5832  <... write resumed>)              = 218
5771  sendto(195<UNIX-STREAM:[37142->37143]>, "\10\0\0\0h\0\0\0\30\0\24\0\0\0\0\0\313\25\0\0\0\0\0\0\0\0\0\0\0\0\0\0"..., 104, MSG_NOSIGNAL, NULL, 0 <unfinished ...>
5743  recvmsg(17<UNIX-STREAM:[31618->35113]>,  <unfinished ...>
5832  close(224</home/venice/.config/spotify/Users/31waz63mxefnxl5bakboiai4mnbu-user/ad-state-storage.bnk.tmp> <unfinished ...>
5771  <... sendto resumed>)             = 104
5743  <... recvmsg resumed>{msg_namelen=0}, 0) = -1 EAGAIN (Resource temporarily unavailable)
5832  <... close resumed>)              = 0
5771  epoll_wait(31<anon_inode:[eventpoll]>,  <unfinished ...>
5743  recvmsg(17<UNIX-STREAM:[31618->35113]>,  <unfinished ...>
5832  rename("/home/venice/.config/spotify/Users/31waz63mxefnxl5bakboiai4mnbu-user/ad-state-storage.bnk.tmp", "/home/venice/.config/spotify/Users/31waz63mxefnxl5bakboiai4mnbu-user/ad-state-storage.bnk" <unfinished ...>
5771  <... epoll_wait resumed>[], 16, 0) = 0
5743  <... recvmsg resumed>{msg_namelen=0}, 0) = -1 EAGAIN (Resource temporarily unavailable)
5771  munmap(0x7439156cd000, 65536 <unfinished ...>
5832  <... rename resumed>)             = 0
5743  recvmsg(33<UNIX-STREAM:[31619->35114]>,  <unfinished ...>
5771  <... munmap resumed>)             = 0
5832  futex(0x55a18d1c6e1c, FUTEX_WAKE_PRIVATE, 2147483647 <unfinished ...>
5743  <... recvmsg resumed>{msg_namelen=0}, 0) = -1 EAGAIN (Resource temporarily unavailable)
5771  sendmsg(195<UNIX-STREAM:[37142->37143]>, {msg_name=NULL, msg_namelen=0, msg_iov=[{iov_base="\10\0\1\08\1\0\0\30\0\24\0\0\0\0\0\314\25\0\0\0\0\0\0\330\0\0\0\0\0\0\0"..., iov_len=312}], msg_iovlen=1, msg_control=[{cmsg_len=20, cmsg_level=SOL_SOCKET, cmsg_type=SCM_RIGHTS, cmsg_data=[237</dev/shm/.org.chromium.Chromium.UZdtrj>(deleted)]}], msg_controllen=20, msg_flags=0}, MSG_NOSIGNAL <unfinished ...>
5833  <... restart_syscall resumed>)    = 0
5832  <... futex resumed>)              = 1
5833  futex(0x55a18ceaa048, FUTEX_WAKE_PRIVATE, 1) = 0
5833  futex(0x55a18d1c6dc8, FUTEX_WAIT_PRIVATE, 2, NULL <unfinished ...>
5743  recvmsg(33<UNIX-STREAM:[31619->35114]>,  <unfinished ...>
5771  <... sendmsg resumed>)            = 312
5832  futex(0x55a18d1c6dc8, FUTEX_WAKE_PRIVATE, 1 <unfinished ...>
5743  <... recvmsg resumed>{msg_namelen=0}, 0) = -1 EAGAIN (Resource temporarily unavailable)
5771  close(237</dev/shm/.org.chromium.Chromium.UZdtrj>(deleted) <unfinished ...>
5832  <... futex resumed>)              = 1
5833  <... futex resumed>)              = 0
5833  futex(0x55a18d1c6dc8, FUTEX_WAKE_PRIVATE, 1) = 0
5771  <... close resumed>)              = 0
5743  poll([{fd=13<anon_inode:[eventfd]>, events=POLLIN}, {fd=14<pipe:[31615]>, events=POLLIN}, {fd=17<UNIX-STREAM:[31618->35113]>, events=POLLIN}, {fd=33<UNIX-STREAM:[31619->35114]>, events=POLLIN}], 4, 721 <unfinished ...>
5833  read(105</dev/urandom>, "$\212\211\363", 4) = 4
5832  timerfd_settime(92<anon_inode:[timerfd]>, 0, {it_interval={tv_sec=0, tv_nsec=0}, it_value={tv_sec=0, tv_nsec=45995000}},  <unfinished ...>
5771  epoll_wait(31<anon_inode:[eventpoll]>,  <unfinished ...>
5833  read(105</dev/urandom>,  <unfinished ...>
5832  <... timerfd_settime resumed>{it_interval={tv_sec=0, tv_nsec=0}, it_value={tv_sec=299, tv_nsec=985284822}}) = 0
5833  <... read resumed>"\353~6\266", 4) = 4
5771  <... epoll_wait resumed>[{events=EPOLLIN, data={u32=3825230760, u64=127787692221352}}], 16, 0) = 1
5833  read(105</dev/urandom>,  <unfinished ...>
5875  <... futex resumed>)              = -1 ETIMEDOUT (Connection timed out)
5832  epoll_wait(91<anon_inode:[eventpoll]>,  <unfinished ...>
5833  <... read resumed>"\211\v\4\230", 4) = 4
5875  futex(0x743848096ce8, FUTEX_WAKE_PRIVATE, 1 <unfinished ...>
5833  read(105</dev/urandom>,  <unfinished ...>
5875  <... futex resumed>)              = 0
5771  recvmsg(195<UNIX-STREAM:[37142->37143]>,  <unfinished ...>
5833  <... read resumed>"Esr\222", 4)   = 4
5832  <... epoll_wait resumed>[{events=EPOLLIN, data={u32=2367488400, u64=94152345584016}}], 128, 0) = 1
5875  futex(0x74384808468c, FUTEX_WAIT_BITSET_PRIVATE, 0, {tv_sec=1415, tv_nsec=514960789}, FUTEX_BITSET_MATCH_ANY <unfinished ...>
5833  read(105</dev/urandom>,  <unfinished ...>
5771  <... recvmsg resumed>{msg_name=NULL, msg_namelen=0, msg_iov=[{iov_base="\10\0\0\0h\0\0\0\30\0\24\0\0\0\0\0nM\0\0\0\0\0\0\0\0\0\0\0\0\0\0"..., iov_len=4096}], msg_iovlen=1, msg_controllen=0, msg_flags=0}, MSG_DONTWAIT) = 1120
5833  <... read resumed>"\273A\347p", 4) = 4
5771  write(15<pipe:[31615]>, "!", 1 <unfinished ...>
5833  write(96</home/venice/.cache/spotify/public.ldb/000416.log>, "\337\262D\366y\3\1#\202\2\0\0\0\0\0\5\0\0\0\1&!es#sn#\24\325\225\255"..., 896 <unfinished ...>
5832  timerfd_settime(92<anon_inode:[timerfd]>, 0, {it_interval={tv_sec=0, tv_nsec=0}, it_value={tv_sec=0, tv_nsec=31996000}},  <unfinished ...>
5771  <... write resumed>)              = 1
5833  <... write resumed>)              = 896
5832  <... timerfd_settime resumed>{it_interval={tv_sec=0, tv_nsec=0}, it_value={tv_sec=0, tv_nsec=43676770}}) = 0
5743  <... poll resumed>)               = 1 ([{fd=14, revents=POLLIN}])
5833  futex(0x55a18d1c6e18, FUTEX_WAIT_BITSET_PRIVATE, 0, {tv_sec=1416, tv_nsec=4432324}, FUTEX_BITSET_MATCH_ANY <unfinished ...>
5771  epoll_wait(31<anon_inode:[eventpoll]>,  <unfinished ...>
5743  recvmsg(17<UNIX-STREAM:[31618->35113]>,  <unfinished ...>
5832  futex(0x7438a5ffdec0, FUTEX_WAKE_PRIVATE, 2147483647 <unfinished ...>
5771  <... epoll_wait resumed>[{events=EPOLLIN, data={u32=3825230760, u64=127787692221352}}], 16, 0) = 1
5743  <... recvmsg resumed>{msg_namelen=0}, 0) = -1 EAGAIN (Resource temporarily unavailable)
5832  <... futex resumed>)              = 1
5771  recvmsg(195<UNIX-STREAM:[37142->37143]>,  <unfinished ...>
5861  <... futex resumed>)              = 0
5743  read(14<pipe:[31615]>,  <unfinished ...>
5832  timerfd_settime(92<anon_inode:[timerfd]>, 0, {it_interval={tv_sec=0, tv_nsec=0}, it_value={tv_sec=0, tv_nsec=30996000}},  <unfinished ...>
5861  futex(0x7438a5ffde70, FUTEX_WAKE_PRIVATE, 1 <unfinished ...>
5771  <... recvmsg resumed>{msg_name=NULL, msg_namelen=0, msg_iov=[{iov_base="\10\0\0\0h\0\0\0\30\0\24\0\0\0\0\0vM\0\0\0\0\0\0\0\0\0\0\0\0\0\0"..., iov_len=4096}], msg_iovlen=1, msg_controllen=0, msg_flags=0}, MSG_DONTWAIT) = 104
5861  <... futex resumed>)              = 0
5832  <... timerfd_settime resumed>{it_interval={tv_sec=0, tv_nsec=0}, it_value={tv_sec=0, tv_nsec=29954783}}) = 0
5743  <... read resumed>"!", 2)         = 1
5771  sendto(195<UNIX-STREAM:[37142->37143]>, "\10\0\0\0h\0\0\0\30\0\24\0\0\0\0\0\315\25\0\0\0\0\0\0\0\0\0\0\0\0\0\0"..., 104, MSG_NOSIGNAL, NULL, 0 <unfinished ...>
5861  futex(0x7438a5ffdec0, FUTEX_WAIT_BITSET_PRIVATE|FUTEX_CLOCK_REALTIME, 0, NULL, FUTEX_BITSET_MATCH_ANY <unfinished ...>
5868  <... poll resumed>)               = 0 (Timeout)
5832  epoll_wait(91<anon_inode:[eventpoll]>,  <unfinished ...>
5868  poll([{fd=110<pipe:[27405]>, events=POLLIN}, {fd=112<TCP:[192.168.30.128:37006->35.186.224.35:443]>, events=POLLIN}], 2, 50 <unfinished ...>
5771  <... sendto resumed>)             = 104
5743  recvmsg(17<UNIX-STREAM:[31618->35113]>,  <unfinished ...>
5832  <... epoll_wait resumed>[], 128, 0) = 0
5771  epoll_wait(31<anon_inode:[eventpoll]>,  <unfinished ...>
5743  <... recvmsg resumed>{msg_namelen=0}, 0) = -1 EAGAIN (Resource temporarily unavailable)
5832  timerfd_settime(92<anon_inode:[timerfd]>, 0, {it_interval={tv_sec=0, tv_nsec=0}, it_value={tv_sec=0, tv_nsec=27996000}},  <unfinished ...>
5771  <... epoll_wait resumed>[{events=EPOLLIN, data={u32=3825230760, u64=127787692221352}}], 16, 0) = 1
5743  recvmsg(33<UNIX-STREAM:[31619->35114]>,  <unfinished ...>
5832  <... timerfd_settime resumed>{it_interval={tv_sec=0, tv_nsec=0}, it_value={tv_sec=0, tv_nsec=28971192}}) = 0
5771  recvmsg(195<UNIX-STREAM:[37142->37143]>,  <unfinished ...>
5743  <... recvmsg resumed>{msg_namelen=0}, 0) = -1 EAGAIN (Resource temporarily unavailable)
5832  epoll_wait(91<anon_inode:[eventpoll]>,  <unfinished ...>
5771  <... recvmsg resumed>{msg_name=NULL, msg_namelen=0, msg_iov=[{iov_base="\10\0\0\0h\0\0\0\30\0\24\0\0\0\0\0wM\0\0\0\0\0\0\0\0\0\0\0\0\0\0"..., iov_len=4096}], msg_iovlen=1, msg_controllen=0, msg_flags=0}, MSG_DONTWAIT) = 104
5832  <... epoll_wait resumed>[], 128, 0) = 0
5743  recvmsg(33<UNIX-STREAM:[31619->35114]>,  <unfinished ...>
5832  epoll_wait(91<anon_inode:[eventpoll]>,  <unfinished ...>
5771  sendto(195<UNIX-STREAM:[37142->37143]>, "\10\0\0\0h\0\0\0\30\0\24\0\0\0\0\0\316\25\0\0\0\0\0\0\0\0\0\0\0\0\0\0"..., 104, MSG_NOSIGNAL, NULL, 0 <unfinished ...>
5743  <... recvmsg resumed>{msg_namelen=0}, 0) = -1 EAGAIN (Resource temporarily unavailable)
5771  <... sendto resumed>)             = 104
5743  poll([{fd=13<anon_inode:[eventfd]>, events=POLLIN}, {fd=14<pipe:[31615]>, events=POLLIN}, {fd=17<UNIX-STREAM:[31618->35113]>, events=POLLIN}, {fd=33<UNIX-STREAM:[31619->35114]>, events=POLLIN}], 4, 0 <unfinished ...>
5771  epoll_wait(31<anon_inode:[eventpoll]>,  <unfinished ...>
5743  <... poll resumed>)               = 0 (Timeout)
5771  <... epoll_wait resumed>[], 16, 0) = 0
5743  recvmsg(17<UNIX-STREAM:[31618->35113]>,  <unfinished ...>
5771  futex(0x743917dfdf10, FUTEX_WAKE_PRIVATE, 2147483647 <unfinished ...>
5743  <... recvmsg resumed>{msg_namelen=0}, 0) = -1 EAGAIN (Resource temporarily unavailable)
5771  <... futex resumed>)              = 1
5768  <... futex resumed>)              = 0
5743  write(89<anon_inode:[eventfd]>, "\1\0\0\0\0\0\0\0", 8 <unfinished ...>
5831  <... restart_syscall resumed>)    = 1
5771  epoll_wait(31<anon_inode:[eventpoll]>,  <unfinished ...>
5768  futex(0x743917dfdec0, FUTEX_WAKE_PRIVATE, 1 <unfinished ...>
5743  <... write resumed>)              = 8
5831  futex(0x74385c005a60, FUTEX_WAIT_PRIVATE, 2, NULL <unfinished ...>
5771  <... epoll_wait resumed>[], 16, 0) = 0
5768  <... futex resumed>)              = 0
5831  <... futex resumed>)              = -1 EAGAIN (Resource temporarily unavailable)
5771  sendto(195<UNIX-STREAM:[37142->37143]>, "\10\0\0\0h\0\0\0\30\0\24\0\0\0\0\0\317\25\0\0\0\0\0\0\0\0\0\0\0\0\0\0"..., 104, MSG_NOSIGNAL, NULL, 0 <unfinished ...>
5768  read(212</home/venice/.local/share/spotify-launcher/install/usr/share/spotify/Apps/xpui/9967.js>,  <unfinished ...>
5743  futex(0x74385c005a60, FUTEX_WAKE_PRIVATE, 1 <unfinished ...>
5831  read(89<anon_inode:[eventfd]>,  <unfinished ...>
5771  <... sendto resumed>)             = 104
5768  <... read resumed>"", 49152)      = 0
5743  <... futex resumed>)              = 0
5831  <... read resumed>"\1\0\0\0\0\0\0\0", 8) = 8
5771  epoll_wait(31<anon_inode:[eventpoll]>,  <unfinished ...>
5768  futex(0x743917dfdf10, FUTEX_WAIT_BITSET_PRIVATE|FUTEX_CLOCK_REALTIME, 0, NULL, FUTEX_BITSET_MATCH_ANY <unfinished ...>
5743  futex(0x74385c005a60, FUTEX_WAIT_PRIVATE, 2, NULL <unfinished ...>
5831  futex(0x74385c005a60, FUTEX_WAKE_PRIVATE, 1 <unfinished ...>
5771  <... epoll_wait resumed>[], 16, 0) = 0
5831  <... futex resumed>)              = 0
5743  <... futex resumed>)              = -1 EAGAIN (Resource temporarily unavailable)
5771  futex(0x743917dfdf10, FUTEX_WAKE_PRIVATE, 2147483647 <unfinished ...>
5831  futex(0x74385c007d90, FUTEX_WAIT_PRIVATE, 2, NULL <unfinished ...>
5743  futex(0x74385c005a60, FUTEX_WAKE_PRIVATE, 1 <unfinished ...>
5771  <... futex resumed>)              = 0
5743  <... futex resumed>)              = 0
5771  epoll_wait(31<anon_inode:[eventpoll]>, [], 16, 0) = 0
5743  futex(0x74385c007d90, FUTEX_WAKE_PRIVATE, 1 <unfinished ...>
5831  <... futex resumed>)              = 0
5771  sendto(195<UNIX-STREAM:[37142->37143]>, "\10\0\0\0h\0\0\0\30\0\24\0\0\0\0\0\320\25\0\0\0\0\0\0\0\0\0\0\0\0\0\0"..., 104, MSG_NOSIGNAL, NULL, 0 <unfinished ...>
5743  <... futex resumed>)              = 1
5831  futex(0x74385c007d90, FUTEX_WAKE_PRIVATE, 1 <unfinished ...>
5771  <... sendto resumed>)             = 104
5743  futex(0x7438b4003878, FUTEX_WAIT_PRIVATE, 2, NULL <unfinished ...>
5831  <... futex resumed>)              = 0
5771  futex(0x7438b4003878, FUTEX_WAKE_PRIVATE, 1 <unfinished ...>
5743  <... futex resumed>)              = -1 EAGAIN (Resource temporarily unavailable)
5831  sendmsg(219<UNIX-STREAM:[30168->30169]>, {msg_name=NULL, msg_namelen=0, msg_iov=[{iov_base="l\1\1\1\0\0\0\0\r\0\0\0x\0\0\0\1\1o\0&\0\0\0/org/fre"..., iov_len=136}], msg_iovlen=1, msg_controllen=0, msg_flags=0}, MSG_NOSIGNAL <unfinished ...>
5771  <... futex resumed>)              = 0
5743  sendto(195<UNIX-STREAM:[37142->37143]>, "\10\0\0\0h\0\0\0\30\0\24\0\0\0\0\0\321\25\0\0\0\0\0\0\0\0\0\0\0\0\0\0"..., 104, MSG_NOSIGNAL, NULL, 0 <unfinished ...>
5831  <... sendmsg resumed>)            = 136
5831  poll([{fd=89<anon_inode:[eventfd]>, events=POLLIN}, {fd=106<UNIX-STREAM:[37090->32641]>, events=POLLIN}, {fd=135<UNIX-STREAM:[37095->32643]>, events=POLLIN}, {fd=219<UNIX-STREAM:[30168->30169]>, events=POLLIN}], 4, 0 <unfinished ...>
5771  epoll_wait(31<anon_inode:[eventpoll]>,  <unfinished ...>
5743  <... sendto resumed>)             = 104
5831  <... poll resumed>)               = 0 (Timeout)
5771  <... epoll_wait resumed>[], 16, 0) = 0
5743  futex(0x7438b4003878, FUTEX_WAKE_PRIVATE, 1 <unfinished ...>
5831  poll([{fd=89<anon_inode:[eventfd]>, events=POLLIN}, {fd=106<UNIX-STREAM:[37090->32641]>, events=POLLIN}, {fd=135<UNIX-STREAM:[37095->32643]>, events=POLLIN}, {fd=219<UNIX-STREAM:[30168->30169]>, events=POLLIN}], 4, -1 <unfinished ...>
5771  futex(0x7439169fdf10, FUTEX_WAKE_PRIVATE, 2147483647 <unfinished ...>
5743  <... futex resumed>)              = 0
5771  <... futex resumed>)              = 1
5770  <... futex resumed>)              = 0
5743  recvmsg(17<UNIX-STREAM:[31618->35113]>,  <unfinished ...>
5771  epoll_wait(31<anon_inode:[eventpoll]>,  <unfinished ...>
5770  futex(0x7439169fdec0, FUTEX_WAKE_PRIVATE, 1 <unfinished ...>
5743  <... recvmsg resumed>{msg_namelen=0}, 0) = -1 EAGAIN (Resource temporarily unavailable)
5768  <... futex resumed>)              = -1 EAGAIN (Resource temporarily unavailable)
5831  <... poll resumed>)               = 1 ([{fd=219, revents=POLLIN}])
5771  <... epoll_wait resumed>[], 16, 0) = 0
5770  <... futex resumed>)              = 0
5768  futex(0x743917dfdec0, FUTEX_WAKE_PRIVATE, 1 <unfinished ...>
5743  recvmsg(33<UNIX-STREAM:[31619->35114]>,  <unfinished ...>
5768  <... futex resumed>)              = 0
5831  write(89<anon_inode:[eventfd]>, "\1\0\0\0\0\0\0\0", 8 <unfinished ...>
5771  sendto(195<UNIX-STREAM:[37142->37143]>, "\10\0\0\08\0\0\0\30\0\26\0\0\0\0\0\322\25\0\0\0\0\0\0\0\0\0\0\0\0\0\0"..., 56, MSG_NOSIGNAL, NULL, 0 <unfinished ...>
5768  read(227</home/venice/.local/share/spotify-launcher/install/usr/share/spotify/Apps/xpui/xpui-routes-search.css>,  <unfinished ...>
5831  <... write resumed>)              = 8
5768  <... read resumed>"", 45056)      = 0
5831  recvmsg(219<UNIX-STREAM:[30168->30169]>,  <unfinished ...>
5771  <... sendto resumed>)             = 56
5770  futex(0x7439169fdf10, FUTEX_WAIT_BITSET_PRIVATE|FUTEX_CLOCK_REALTIME, 0, NULL, FUTEX_BITSET_MATCH_ANY <unfinished ...>
5768  futex(0x743917dfdf10, FUTEX_WAIT_BITSET_PRIVATE|FUTEX_CLOCK_REALTIME, 0, NULL, FUTEX_BITSET_MATCH_ANY <unfinished ...>
5743  <... recvmsg resumed>{msg_namelen=0}, 0) = -1 EAGAIN (Resource temporarily unavailable)
5831  <... recvmsg resumed>{msg_name=NULL, msg_namelen=0, msg_iov=[{iov_base="l\4\1\0013\0\0\0[\0\0\0\236\0\0\0", iov_len=16}], msg_iovlen=1, msg_controllen=0, msg_flags=MSG_CMSG_CLOEXEC}, MSG_CMSG_CLOEXEC) = 16
5771  munmap(0x74391600a000, 65536 <unfinished ...>
5743  recvmsg(33<UNIX-STREAM:[31619->35114]>,  <unfinished ...>
5831  poll([{fd=219<UNIX-STREAM:[30168->30169]>, events=POLLIN}], 1, 0 <unfinished ...>
5771  <... munmap resumed>)             = 0
5743  <... recvmsg resumed>{msg_namelen=0}, 0) = -1 EAGAIN (Resource temporarily unavailable)
5831  <... poll resumed>)               = 1 ([{fd=219, revents=POLLIN}])
5771  close(234</dev/shm/.org.chromium.Chromium.I1JuJn>(deleted) <unfinished ...>
5743  poll([{fd=13<anon_inode:[eventfd]>, events=POLLIN}, {fd=14<pipe:[31615]>, events=POLLIN}, {fd=17<UNIX-STREAM:[31618->35113]>, events=POLLIN}, {fd=33<UNIX-STREAM:[31619->35114]>, events=POLLIN}], 4, 0 <unfinished ...>
5831  recvmsg(219<UNIX-STREAM:[30168->30169]>,  <unfinished ...>
5771  <... close resumed>)              = 0
5743  <... poll resumed>)               = 0 (Timeout)
5831  <... recvmsg resumed>{msg_name=NULL, msg_namelen=0, msg_iov=[{iov_base="\1\1o\0&\0\0\0/org/freedesktop/portal/"..., iov_len=211}], msg_iovlen=1, msg_controllen=0, msg_flags=MSG_CMSG_CLOEXEC}, MSG_CMSG_CLOEXEC) = 211
5771  epoll_wait(31<anon_inode:[eventpoll]>,  <unfinished ...>
5743  recvmsg(17<UNIX-STREAM:[31618->35113]>,  <unfinished ...>
5831  write(89<anon_inode:[eventfd]>, "\1\0\0\0\0\0\0\0", 8 <unfinished ...>
5771  <... epoll_wait resumed>[], 16, 0) = 0
5743  <... recvmsg resumed>{msg_namelen=0}, 0) = -1 EAGAIN (Resource temporarily unavailable)
5831  <... write resumed>)              = 8
5771  sendto(195<UNIX-STREAM:[37142->37143]>, "\10\0\0\08\0\0\0\30\0\26\0\0\0\0\0\323\25\0\0\0\0\0\0\0\0\0\0\0\0\0\0"..., 56, MSG_NOSIGNAL, NULL, 0 <unfinished ...>
5743  futex(0x74385c005a60, FUTEX_WAIT_PRIVATE, 2, NULL <unfinished ...>
5831  futex(0x74385c005a60, FUTEX_WAKE_PRIVATE, 1 <unfinished ...>
5771  <... sendto resumed>)             = 56
5831  <... futex resumed>)              = 0
5743  <... futex resumed>)              = -1 EAGAIN (Resource temporarily unavailable)
5831  futex(0x74385c005a60, FUTEX_WAIT_PRIVATE, 2, NULL <unfinished ...>
5771  munmap(0x7439156dd000, 65536 <unfinished ...>
5743  write(89<anon_inode:[eventfd]>, "\1\0\0\0\0\0\0\0", 8 <unfinished ...>
5771  <... munmap resumed>)             = 0
5743  <... write resumed>)              = 8
5771  close(236</dev/shm/.org.chromium.Chromium.TJbVEi>(deleted) <unfinished ...>
5743  futex(0x74385c005a60, FUTEX_WAKE_PRIVATE, 1 <unfinished ...>
5771  <... close resumed>)              = 0
5831  <... futex resumed>)              = 0
5771  epoll_wait(31<anon_inode:[eventpoll]>,  <unfinished ...>
5743  <... futex resumed>)              = 1
5831  write(89<anon_inode:[eventfd]>, "\1\0\0\0\0\0\0\0", 8 <unfinished ...>
5771  <... epoll_wait resumed>[{events=EPOLLIN, data={u32=3825230760, u64=127787692221352}}], 16, 0) = 1
5743  futex(0x74385c005a60, FUTEX_WAIT_PRIVATE, 2, NULL <unfinished ...>
5831  <... write resumed>)              = 8
5771  recvmsg(195<UNIX-STREAM:[37142->37143]>,  <unfinished ...>
5831  futex(0x74385c005a60, FUTEX_WAKE_PRIVATE, 1 <unfinished ...>
5743  <... futex resumed>)              = -1 EAGAIN (Resource temporarily unavailable)
5831  <... futex resumed>)              = 0
5771  <... recvmsg resumed>{msg_name=NULL, msg_namelen=0, msg_iov=[{iov_base="\10\0\0\0h\0\0\0\30\0\24\0\0\0\0\0xM\0\0\0\0\0\0\0\0\0\0\0\0\0\0"..., iov_len=4096}], msg_iovlen=1, msg_controllen=0, msg_flags=0}, MSG_DONTWAIT) = 208
5743  futex(0x74385c005a60, FUTEX_WAKE_PRIVATE, 1 <unfinished ...>
5831  poll([{fd=89<anon_inode:[eventfd]>, events=POLLIN}, {fd=106<UNIX-STREAM:[37090->32641]>, events=POLLIN}, {fd=135<UNIX-STREAM:[37095->32643]>, events=POLLIN}], 3, 0 <unfinished ...>
5771  futex(0x7438efdfdf10, FUTEX_WAKE_PRIVATE, 2147483647 <unfinished ...>
5743  <... futex resumed>)              = 0
5831  <... poll resumed>)               = 1 ([{fd=89, revents=POLLIN}])
5803  <... futex resumed>)              = 0
5771  <... futex resumed>)              = 1
5743  write(89<anon_inode:[eventfd]>, "\1\0\0\0\0\0\0\0", 8 <unfinished ...>
5831  futex(0x74385c005a60, FUTEX_WAIT_PRIVATE, 2, NULL <unfinished ...>
5803  futex(0x7438efdfdec0, FUTEX_WAKE_PRIVATE, 1 <unfinished ...>
5771  sendto(195<UNIX-STREAM:[37142->37143]>, "\10\0\0\08\0\0\0\30\0\26\0\0\0\0\0\324\25\0\0\0\0\0\0\0\0\0\0\0\0\0\0"..., 56, MSG_NOSIGNAL, NULL, 0 <unfinished ...>
5743  <... write resumed>)              = 8
5803  <... futex resumed>)              = 0
5771  <... sendto resumed>)             = 56
5743  futex(0x74385c005a60, FUTEX_WAKE_PRIVATE, 1 <unfinished ...>
5831  <... futex resumed>)              = 0
5743  <... futex resumed>)              = 1
5771  munmap(0x7439156bd000, 65536 <unfinished ...>
5831  read(89<anon_inode:[eventfd]>,  <unfinished ...>
5803  sendto(195<UNIX-STREAM:[37142->37143]>, "\10\0\0\0h\0\0\0\30\0\24\0\0\0\0\0\325\25\0\0\0\0\0\0\0\0\0\0\0\0\0\0"..., 104, MSG_NOSIGNAL, NULL, 0 <unfinished ...>
5771  <... munmap resumed>)             = 0
5743  futex(0x74385c005a60, FUTEX_WAIT_PRIVATE, 2, NULL <unfinished ...>
5831  <... read resumed>"\5\0\0\0\0\0\0\0", 8) = 8
5803  <... sendto resumed>)             = 104
5771  close(238</dev/shm/.org.chromium.Chromium.UZdtrj>(deleted) <unfinished ...>
5832  <... epoll_wait resumed>[{events=EPOLLIN, data={u32=2367488412, u64=94152345584028}}], 128, -1) = 1
5771  <... close resumed>)              = 0
5803  futex(0x7438efdfdf10, FUTEX_WAIT_BITSET_PRIVATE|FUTEX_CLOCK_REALTIME, 0, NULL, FUTEX_BITSET_MATCH_ANY <unfinished ...>
5832  timerfd_settime(92<anon_inode:[timerfd]>, 0, {it_interval={tv_sec=0, tv_nsec=0}, it_value={tv_sec=300, tv_nsec=0}},  <unfinished ...>
5831  futex(0x74385c005a60, FUTEX_WAKE_PRIVATE, 1 <unfinished ...>
5771  epoll_wait(31<anon_inode:[eventpoll]>,  <unfinished ...>
5832  <... timerfd_settime resumed>{it_interval={tv_sec=0, tv_nsec=0}, it_value={tv_sec=0, tv_nsec=0}}) = 0
5831  <... futex resumed>)              = 1
5771  <... epoll_wait resumed>[{events=EPOLLIN, data={u32=3825230760, u64=127787692221352}}], 16, 0) = 1
5832  timerfd_settime(92<anon_inode:[timerfd]>, 0, {it_interval={tv_sec=0, tv_nsec=0}, it_value={tv_sec=0, tv_nsec=46996000}},  <unfinished ...>
5743  <... futex resumed>)              = 0
5832  <... timerfd_settime resumed>{it_interval={tv_sec=0, tv_nsec=0}, it_value={tv_sec=299, tv_nsec=998709580}}) = 0
5831  futex(0x55a18d743d98, FUTEX_WAIT_PRIVATE, 2, NULL <unfinished ...>
5771  recvmsg(195<UNIX-STREAM:[37142->37143]>,  <unfinished ...>
5743  futex(0x74385c005a60, FUTEX_WAKE_PRIVATE, 1 <unfinished ...>
5832  epoll_wait(91<anon_inode:[eventpoll]>,  <unfinished ...>
5771  <... recvmsg resumed>{msg_name=NULL, msg_namelen=0, msg_iov=[{iov_base="\10\0\0\0@\1\0\0\30\0\24\0\0\0\0\0zM\0\0\0\0\0\0\0\0\0\0\0\0\0\0"..., iov_len=4096}], msg_iovlen=1, msg_controllen=0, msg_flags=0}, MSG_DONTWAIT) = 1232
5743  <... futex resumed>)              = 0
5771  sendto(48<UNIX-STREAM:[37079->37080]>, "\10\0\0\0\340\0\0\0\30\0\24\0\0\0\0\0\376\v\0\0\0\0\0\0\0\0\0\0\0\0\0\0"..., 224, MSG_NOSIGNAL, NULL, 0 <unfinished ...>
5743  futex(0x55a18d743d98, FUTEX_WAKE_PRIVATE, 1 <unfinished ...>
5771  <... sendto resumed>)             = 224
5743  <... futex resumed>)              = 1
