5770  <... openat resumed>)             = 227</home/venice/.cache/spotify/Default/Code Cache/js/4e41d1de16f882d5_0>
5771  futex(0x7438a5ffdec0, FUTEX_WAKE_PRIVATE, 2147483647 <unfinished ...>
5770  fcntl(227</home/venice/.cache/spotify/Default/Code Cache/js/4e41d1de16f882d5_0>, F_GETFL <unfinished ...>
5768  <... fcntl resumed>)              = 0x8002 (flags O_RDWR|O_LARGEFILE)
5743  recvmsg(17<UNIX-STREAM:[31618->35113]>,  <unfinished ...>
5771  <... futex resumed>)              = 1
5770  <... fcntl resumed>)              = 0x8002 (flags O_RDWR|O_LARGEFILE)
5768  pwrite64(212</home/venice/.cache/spotify/Default/Code Cache/js/91e3a9d6ce371554_0>, "0\\r\247\33m\373\374\5\0\0\0*\0\0\0^I\24\340\0\0\0\0", 24, 0 <unfinished ...>
5771  sendto(48<UNIX-STREAM:[37079->37080]>, "\10\0\0\0h\0\0\0\30\0\24\0\0\0\0\0\7\f\0\0\0\0\0\0\0\0\0\0\0\0\0\0"..., 104, MSG_NOSIGNAL, NULL, 0 <unfinished ...>
5770  pwrite64(227</home/venice/.cache/spotify/Default/Code Cache/js/4e41d1de16f882d5_0>, "0\\r\247\33m\373\374\5\0\0\08\0\0\0\27270k\0\0\0\0", 24, 0 <unfinished ...>
5743  <... recvmsg resumed>{msg_namelen=0}, 0) = -1 EAGAIN (Resource temporarily unavailable)
5771  <... sendto resumed>)             = 104
5768  <... pwrite64 resumed>)           = 24
5861  <... futex resumed>)              = 0
5771  fcntl(224</dev/shm/.org.chromium.Chromium.G6C3zw>(deleted), F_GETFL <unfinished ...>
5770  <... pwrite64 resumed>)           = 24
5861  futex(0x7438a5ffde70, FUTEX_WAKE_PRIVATE, 1 <unfinished ...>
5771  <... fcntl resumed>)              = 0x8002 (flags O_RDWR|O_LARGEFILE)
5768  fcntl(212</home/venice/.cache/spotify/Default/Code Cache/js/91e3a9d6ce371554_0>, F_GETFL <unfinished ...>
5743  getrandom( <unfinished ...>
5861  <... futex resumed>)              = 0
5771  mmap(NULL, 2097152, PROT_READ|PROT_WRITE, MAP_SHARED, 224</dev/shm/.org.chromium.Chromium.G6C3zw>(deleted), 0 <unfinished ...>
5770  fcntl(227</home/venice/.cache/spotify/Default/Code Cache/js/4e41d1de16f882d5_0>, F_GETFL <unfinished ...>
5768  <... fcntl resumed>)              = 0x8002 (flags O_RDWR|O_LARGEFILE)
5861  epoll_ctl(91<anon_inode:[eventpoll]>, EPOLL_CTL_MOD, 90<anon_inode:[eventfd]>, {events=EPOLLIN|EPOLLERR|EPOLLET, data={u32=2367488400, u64=94152345584016}} <unfinished ...>
5771  <... mmap resumed>)               = 0x743914000000
5770  <... fcntl resumed>)              = 0x8002 (flags O_RDWR|O_LARGEFILE)
5743  <... getrandom resumed>"\xbd\xf2\x2c\x22\x83\xe5\xa4\x89\xa8\x99\xe9\xbf\x6c\xc7\x59\x6c", 16, 0) = 16
5771  sendto(48<UNIX-STREAM:[37079->37080]>, "\10\0\0\0000\0\0\0\30\0$\0\0\0\0\0\10\f\0\0\0\0\0\0\0\0\0\0\0\0\0\0"..., 48, MSG_NOSIGNAL, NULL, 0 <unfinished ...>
5770  pwrite64(227</home/venice/.cache/spotify/Default/Code Cache/js/4e41d1de16f882d5_0>, "_keyhttps://xpui.app.spotify.com"..., 56, 24 <unfinished ...>
5768  pwrite64(212</home/venice/.cache/spotify/Default/Code Cache/js/91e3a9d6ce371554_0>, "_keyhttps://xpui.app.spotify.com"..., 42, 24 <unfinished ...>
5861  <... epoll_ctl resumed>)          = 0
5832  <... epoll_wait resumed>[{events=EPOLLIN, data={u32=2367488400, u64=94152345584016}}], 128, -1) = 1
5771  <... sendto resumed>)             = 48
5770  <... pwrite64 resumed>)           = 56
5743  getrandom( <unfinished ...>
5861  write(32<anon_inode:[eventfd]>, "\1\0\0\0\0\0\0\0", 8 <unfinished ...>
5832  timerfd_settime(92<anon_inode:[timerfd]>, 0, {it_interval={tv_sec=0, tv_nsec=0}, it_value={tv_sec=0, tv_nsec=11995000}},  <unfinished ...>
5768  <... pwrite64 resumed>)           = 42
5861  <... write resumed>)              = 8
5832  <... timerfd_settime resumed>{it_interval={tv_sec=0, tv_nsec=0}, it_value={tv_sec=0, tv_nsec=12414090}}) = 0
5771  recvmsg(195<UNIX-STREAM:[37142->37143]>,  <unfinished ...>
5770  futex(0x7438efdfdf10, FUTEX_WAKE_PRIVATE, 2147483647 <unfinished ...>
5743  <... getrandom resumed>"\x85\x97\x0a\x29\xd5\x16\x23\x4d\x23\x71\xc9\x2d\x64\xb1\xb1\xab", 16, 0) = 16
5861  futex(0x7438a5ffdec0, FUTEX_WAIT_BITSET_PRIVATE|FUTEX_CLOCK_REALTIME, 0, NULL, FUTEX_BITSET_MATCH_ANY <unfinished ...>
5832  epoll_wait(91<anon_inode:[eventpoll]>,  <unfinished ...>
5771  <... recvmsg resumed>{msg_name=NULL, msg_namelen=0, msg_iov=[{iov_base="\10\0\0\0h\0\0\0\30\0\24\0\0\0\0\0\223M\0\0\0\0\0\0\0\0\0\0\0\0\0\0"..., iov_len=4096}], msg_iovlen=1, msg_controllen=0, msg_flags=0}, MSG_DONTWAIT) = 312
5768  futex(0x743917dfdf10, FUTEX_WAIT_BITSET_PRIVATE|FUTEX_CLOCK_REALTIME, 0, NULL, FUTEX_BITSET_MATCH_ANY <unfinished ...>
5832  <... epoll_wait resumed>[], 128, 0) = 0
5803  <... futex resumed>)              = 0
5770  <... futex resumed>)              = 1
5832  epoll_wait(91<anon_inode:[eventpoll]>,  <unfinished ...>
5803  futex(0x7438efdfdec0, FUTEX_WAIT_PRIVATE, 2, NULL <unfinished ...>
5771  epoll_wait(31<anon_inode:[eventpoll]>,  <unfinished ...>
5770  futex(0x7438efdfdec0, FUTEX_WAKE_PRIVATE, 1 <unfinished ...>
5743  futex(0x743917dfdf10, FUTEX_WAKE_PRIVATE, 2147483647 <unfinished ...>
5803  <... futex resumed>)              = -1 EAGAIN (Resource temporarily unavailable)
5771  <... epoll_wait resumed>[{events=EPOLLIN, data={u32=4026554232, u64=127787893544824}}, {events=EPOLLIN, data={u32=4026539168, u64=127787893529760}}], 16, 0) = 2
5770  <... futex resumed>)              = 0
5768  <... futex resumed>)              = 0
5803  futex(0x7438efdfdec0, FUTEX_WAKE_PRIVATE, 1 <unfinished ...>
5743  <... futex resumed>)              = 1
5771  read(32<anon_inode:[eventfd]>,  <unfinished ...>
5803  <... futex resumed>)              = 0
5768  futex(0x743917dfdec0, FUTEX_WAIT_PRIVATE, 2, NULL <unfinished ...>
5771  <... read resumed>"\1\0\0\0\0\0\0\0", 8) = 8
5770  futex(0x7439169fdf10, FUTEX_WAIT_BITSET_PRIVATE|FUTEX_CLOCK_REALTIME, 0, NULL, FUTEX_BITSET_MATCH_ANY <unfinished ...>
5743  futex(0x743917dfdec0, FUTEX_WAKE_PRIVATE, 1 <unfinished ...>
5803  futex(0x7439169fdf10, FUTEX_WAKE_PRIVATE, 2147483647 <unfinished ...>
5771  recvmsg(48<UNIX-STREAM:[37079->37080]>,  <unfinished ...>
5770  <... futex resumed>)              = -1 EAGAIN (Resource temporarily unavailable)
5768  <... futex resumed>)              = -1 EAGAIN (Resource temporarily unavailable)
5743  <... futex resumed>)              = 0
5803  <... futex resumed>)              = 0
5771  <... recvmsg resumed>{msg_name=NULL, msg_namelen=0, msg_iov=[{iov_base="\10\0\0\0h\0\0\0\30\0\24\0\0\0\0\0x\23\0\0\0\0\0\0\0\0\0\0\0\0\0\0"..., iov_len=4096}], msg_iovlen=1, msg_controllen=0, msg_flags=0}, MSG_DONTWAIT) = 536
5770  futex(0x7439169fdec0, FUTEX_WAIT_PRIVATE, 2, NULL <unfinished ...>
5768  futex(0x743917dfdec0, FUTEX_WAKE_PRIVATE, 1 <unfinished ...>
5803  futex(0x7439169fdec0, FUTEX_WAKE_PRIVATE, 1 <unfinished ...>
5771  futex(0x7438a5ffdec0, FUTEX_WAKE_PRIVATE, 2147483647 <unfinished ...>
5770  <... futex resumed>)              = -1 EAGAIN (Resource temporarily unavailable)
5743  recvmsg(17<UNIX-STREAM:[31618->35113]>,  <unfinished ...>
5803  <... futex resumed>)              = 0
5771  <... futex resumed>)              = 1
5770  futex(0x7439169fdec0, FUTEX_WAKE_PRIVATE, 1 <unfinished ...>
5768  <... futex resumed>)              = 0
5861  <... futex resumed>)              = 0
5803  futex(0x7438efdfdf10, FUTEX_WAIT_BITSET_PRIVATE|FUTEX_CLOCK_REALTIME, 0, NULL, FUTEX_BITSET_MATCH_ANY <unfinished ...>
5770  <... futex resumed>)              = 0
5743  <... recvmsg resumed>{msg_namelen=0}, 0) = -1 EAGAIN (Resource temporarily unavailable)
5861  futex(0x7438a5ffde70, FUTEX_WAKE_PRIVATE, 1 <unfinished ...>
5771  epoll_wait(31<anon_inode:[eventpoll]>,  <unfinished ...>
5768  fcntl(212</home/venice/.cache/spotify/Default/Code Cache/js/91e3a9d6ce371554_0>, F_GETFL <unfinished ...>
5861  <... futex resumed>)              = 0
5771  <... epoll_wait resumed>[], 16, 0) = 0
5770  fcntl(227</home/venice/.cache/spotify/Default/Code Cache/js/4e41d1de16f882d5_0>, F_GETFL <unfinished ...>
5743  recvmsg(33<UNIX-STREAM:[31619->35114]>,  <unfinished ...>
5771  epoll_wait(31<anon_inode:[eventpoll]>,  <unfinished ...>
5770  <... fcntl resumed>)              = 0x8002 (flags O_RDWR|O_LARGEFILE)
5768  <... fcntl resumed>)              = 0x8002 (flags O_RDWR|O_LARGEFILE)
5861  epoll_ctl(91<anon_inode:[eventpoll]>, EPOLL_CTL_MOD, 90<anon_inode:[eventfd]>, {events=EPOLLIN|EPOLLERR|EPOLLET, data={u32=2367488400, u64=94152345584016}} <unfinished ...>
5771  <... epoll_wait resumed>[], 16, 0) = 0
5770  pwrite64(227</home/venice/.cache/spotify/Default/Code Cache/js/4e41d1de16f882d5_0>, "\0\0\0\0\0\0\0\0\30\0\0\0\3\0\0\0Tw\307G\0\0\0\0\0\0\0\0\217\231\25\0"..., 36, 104 <unfinished ...>
5743  <... recvmsg resumed>{msg_namelen=0}, 0) = -1 EAGAIN (Resource temporarily unavailable)
5861  <... epoll_ctl resumed>)          = 0
5771  epoll_wait(31<anon_inode:[eventpoll]>,  <unfinished ...>
5768  pwrite64(212</home/venice/.cache/spotify/Default/Code Cache/js/91e3a9d6ce371554_0>, "\0\0\0\0\0\0\0\0\30\0\0\0\3\0\0\0Tw\307G\0\0\0\0\0\0\0\0\203\231\25\0"..., 36, 90 <unfinished ...>
5861  write(32<anon_inode:[eventfd]>, "\1\0\0\0\0\0\0\0", 8 <unfinished ...>
5832  <... epoll_wait resumed>[{events=EPOLLIN, data={u32=2367488400, u64=94152345584016}}], 128, -1) = 1
5770  <... pwrite64 resumed>)           = 36
5743  recvmsg(33<UNIX-STREAM:[31619->35114]>,  <unfinished ...>
5832  timerfd_settime(92<anon_inode:[timerfd]>, 0, {it_interval={tv_sec=0, tv_nsec=0}, it_value={tv_sec=0, tv_nsec=2995000}},  <unfinished ...>
5768  <... pwrite64 resumed>)           = 36
5861  <... write resumed>)              = 8
5832  <... timerfd_settime resumed>{it_interval={tv_sec=0, tv_nsec=0}, it_value={tv_sec=0, tv_nsec=3595658}}) = 0
5771  <... epoll_wait resumed>[{events=EPOLLIN, data={u32=4026539168, u64=127787893529760}}], 16, 30111) = 1
5770  fcntl(227</home/venice/.cache/spotify/Default/Code Cache/js/4e41d1de16f882d5_0>, F_GETFL <unfinished ...>
5743  <... recvmsg resumed>{msg_namelen=0}, 0) = -1 EAGAIN (Resource temporarily unavailable)
5861  munmap(0x743914000000, 2097152 <unfinished ...>
5832  epoll_wait(91<anon_inode:[eventpoll]>,  <unfinished ...>
5771  read(32<anon_inode:[eventfd]>,  <unfinished ...>
5770  <... fcntl resumed>)              = 0x8002 (flags O_RDWR|O_LARGEFILE)
5768  fcntl(212</home/venice/.cache/spotify/Default/Code Cache/js/91e3a9d6ce371554_0>, F_GETFL <unfinished ...>
5861  <... munmap resumed>)             = 0
5832  <... epoll_wait resumed>[], 128, 0) = 0
5771  <... read resumed>"\1\0\0\0\0\0\0\0", 8) = 8
5770  pwrite64(227</home/venice/.cache/spotify/Default/Code Cache/js/4e41d1de16f882d5_0>, "\6\36\351t\7\2\355\201\324rq1s\247\262\371<\24\261\266\26\214(\310\304\301v\237TtD\357", 32, 140 <unfinished ...>
5743  poll([{fd=13<anon_inode:[eventfd]>, events=POLLIN}, {fd=14<pipe:[31615]>, events=POLLIN}, {fd=17<UNIX-STREAM:[31618->35113]>, events=POLLIN}, {fd=33<UNIX-STREAM:[31619->35114]>, events=POLLIN}], 4, 0 <unfinished ...>
5861  close(224</dev/shm/.org.chromium.Chromium.G6C3zw>(deleted) <unfinished ...>
5832  epoll_wait(91<anon_inode:[eventpoll]>,  <unfinished ...>
5771  sendto(48<UNIX-STREAM:[37079->37080]>, "\10\0\0\08\0\0\0\30\0\26\0\0\0\0\0\t\f\0\0\0\0\0\0\0\0\0\0\0\0\0\0"..., 56, MSG_NOSIGNAL, NULL, 0 <unfinished ...>
5770  <... pwrite64 resumed>)           = 32
5768  <... fcntl resumed>)              = 0x8002 (flags O_RDWR|O_LARGEFILE)
5771  <... sendto resumed>)             = 56
5743  <... poll resumed>)               = 0 (Timeout)
5770  ftruncate(227</home/venice/.cache/spotify/Default/Code Cache/js/4e41d1de16f882d5_0>, 172 <unfinished ...>
5768  pwrite64(212</home/venice/.cache/spotify/Default/Code Cache/js/91e3a9d6ce371554_0>, "\33\225\33z\4\222\221\336D\315\272\231\375\27\245\3u\206\262u\325|l=\2468[\262\5\237\27t", 32, 126 <unfinished ...>
5743  recvmsg(17<UNIX-STREAM:[31618->35113]>,  <unfinished ...>
5861  <... close resumed>)              = 0
5771  epoll_wait(31<anon_inode:[eventpoll]>,  <unfinished ...>
5861  epoll_ctl(91<anon_inode:[eventpoll]>, EPOLL_CTL_MOD, 90<anon_inode:[eventfd]>, {events=EPOLLIN|EPOLLERR|EPOLLET, data={u32=2367488400, u64=94152345584016}} <unfinished ...>
5832  <... epoll_wait resumed>[{events=EPOLLIN, data={u32=2367488412, u64=94152345584028}}], 128, -1) = 1
5771  <... epoll_wait resumed>[], 16, 0) = 0
5770  <... ftruncate resumed>)          = 0
5768  <... pwrite64 resumed>)           = 32
5743  <... recvmsg resumed>{msg_namelen=0}, 0) = -1 EAGAIN (Resource temporarily unavailable)
5861  <... epoll_ctl resumed>)          = 0
5832  timerfd_settime(92<anon_inode:[timerfd]>, 0, {it_interval={tv_sec=0, tv_nsec=0}, it_value={tv_sec=300, tv_nsec=0}},  <unfinished ...>
5771  epoll_wait(31<anon_inode:[eventpoll]>,  <unfinished ...>
5770  fcntl(227</home/venice/.cache/spotify/Default/Code Cache/js/4e41d1de16f882d5_0>, F_GETFL <unfinished ...>
5861  write(32<anon_inode:[eventfd]>, "\1\0\0\0\0\0\0\0", 8 <unfinished ...>
5832  <... timerfd_settime resumed>{it_interval={tv_sec=0, tv_nsec=0}, it_value={tv_sec=0, tv_nsec=0}}) = 0
5771  <... epoll_wait resumed>[], 16, 0) = 0
5768  ftruncate(212</home/venice/.cache/spotify/Default/Code Cache/js/91e3a9d6ce371554_0>, 158 <unfinished ...>
5743  recvmsg(17<UNIX-STREAM:[31618->35113]>,  <unfinished ...>
5861  <... write resumed>)              = 8
5832  timerfd_settime(92<anon_inode:[timerfd]>, 0, {it_interval={tv_sec=0, tv_nsec=0}, it_value={tv_sec=0, tv_nsec=46997000}},  <unfinished ...>
5771  epoll_wait(31<anon_inode:[eventpoll]>,  <unfinished ...>
5770  <... fcntl resumed>)              = 0x8002 (flags O_RDWR|O_LARGEFILE)
5768  <... ftruncate resumed>)          = 0
5861  futex(0x7438a5ffdec0, FUTEX_WAIT_BITSET_PRIVATE|FUTEX_CLOCK_REALTIME, 0, NULL, FUTEX_BITSET_MATCH_ANY <unfinished ...>
5832  <... timerfd_settime resumed>{it_interval={tv_sec=0, tv_nsec=0}, it_value={tv_sec=299, tv_nsec=999184609}}) = 0
5770  pwrite64(227</home/venice/.cache/spotify/Default/Code Cache/js/4e41d1de16f882d5_0>, "\330A\r\227Eo\372\364\3\0\0\0YZ7\246$\0\0\0\0\0\0\0", 24, 172 <unfinished ...>
5743  <... recvmsg resumed>{msg_namelen=0}, 0) = -1 EAGAIN (Resource temporarily unavailable)
5771  <... epoll_wait resumed>[{events=EPOLLIN, data={u32=4026539168, u64=127787893529760}}], 16, 30104) = 1
5770  <... pwrite64 resumed>)           = 24
5768  fcntl(212</home/venice/.cache/spotify/Default/Code Cache/js/91e3a9d6ce371554_0>, F_GETFL <unfinished ...>
5832  futex(0x55a18d1c6e18, FUTEX_WAKE_PRIVATE, 2147483647 <unfinished ...>
5770  fcntl(227</home/venice/.cache/spotify/Default/Code Cache/js/4e41d1de16f882d5_0>, F_GETFL <unfinished ...>
5743  recvmsg(33<UNIX-STREAM:[31619->35114]>,  <unfinished ...>
5771  read(32<anon_inode:[eventfd]>,  <unfinished ...>
5770  <... fcntl resumed>)              = 0x8002 (flags O_RDWR|O_LARGEFILE)
5768  <... fcntl resumed>)              = 0x8002 (flags O_RDWR|O_LARGEFILE)
5743  <... recvmsg resumed>{msg_namelen=0}, 0) = -1 EAGAIN (Resource temporarily unavailable)
5770  pwrite64(227</home/venice/.cache/spotify/Default/Code Cache/js/4e41d1de16f882d5_0>, "\330A\r\227Eo\372\364\1\0\0\0\0\0\0\0\0\0\0\0\0\0\0\0", 24, 80 <unfinished ...>
5743  recvmsg(33<UNIX-STREAM:[31619->35114]>,  <unfinished ...>
5770  <... pwrite64 resumed>)           = 24
5743  <... recvmsg resumed>{msg_namelen=0}, 0) = -1 EAGAIN (Resource temporarily unavailable)
5770  close(227</home/venice/.cache/spotify/Default/Code Cache/js/4e41d1de16f882d5_0> <unfinished ...>
5743  poll([{fd=13<anon_inode:[eventfd]>, events=POLLIN}, {fd=14<pipe:[31615]>, events=POLLIN}, {fd=17<UNIX-STREAM:[31618->35113]>, events=POLLIN}, {fd=33<UNIX-STREAM:[31619->35114]>, events=POLLIN}], 4, 0 <unfinished ...>
5770  <... close resumed>)              = 0
5832  <... futex resumed>)              = 1
5743  <... poll resumed>)               = 0 (Timeout)
5770  futex(0x7438efdfdf10, FUTEX_WAKE_PRIVATE, 2147483647) = 1
5743  recvmsg(17<UNIX-STREAM:[31618->35113]>,  <unfinished ...>
5771  <... read resumed>"\1\0\0\0\0\0\0\0", 8) = 8
5833  <... futex resumed>)              = 0
5803  <... futex resumed>)              = 0
5770  futex(0x7439169fdf10, FUTEX_WAIT_BITSET_PRIVATE|FUTEX_CLOCK_REALTIME, 0, NULL, FUTEX_BITSET_MATCH_ANY <unfinished ...>
5768  pwrite64(212</home/venice/.cache/spotify/Default/Code Cache/js/91e3a9d6ce371554_0>, "\330A\r\227Eo\372\364\3\0\0\0\26O\230\361$\0\0\0\0\0\0\0", 24, 158 <unfinished ...>
5743  <... recvmsg resumed>{msg_namelen=0}, 0) = -1 EAGAIN (Resource temporarily unavailable)
5832  futex(0x7438a5ffdec0, FUTEX_WAKE_PRIVATE, 2147483647) = 1
5832  timerfd_settime(92<anon_inode:[timerfd]>, 0, {it_interval={tv_sec=0, tv_nsec=0}, it_value={tv_sec=0, tv_nsec=45995000}}, {it_interval={tv_sec=0, tv_nsec=0}, it_value={tv_sec=0, tv_nsec=43743171}}) = 0
5743  recvmsg(17<UNIX-STREAM:[31618->35113]>,  <unfinished ...>
5832  epoll_wait(91<anon_inode:[eventpoll]>,  <unfinished ...>
5743  <... recvmsg resumed>{msg_namelen=0}, 0) = -1 EAGAIN (Resource temporarily unavailable)
5832  <... epoll_wait resumed>[{events=EPOLLIN, data={u32=2367488400, u64=94152345584016}}], 128, 0) = 1
5832  timerfd_settime(92<anon_inode:[timerfd]>, 0, {it_interval={tv_sec=0, tv_nsec=0}, it_value={tv_sec=0, tv_nsec=41997000}},  <unfinished ...>
5743  recvmsg(33<UNIX-STREAM:[31619->35114]>,  <unfinished ...>
5832  <... timerfd_settime resumed>{it_interval={tv_sec=0, tv_nsec=0}, it_value={tv_sec=0, tv_nsec=45376477}}) = 0
5743  <... recvmsg resumed>{msg_namelen=0}, 0) = -1 EAGAIN (Resource temporarily unavailable)
5832  epoll_wait(91<anon_inode:[eventpoll]>,  <unfinished ...>
5833  futex(0x55a18ceaa048, FUTEX_WAKE_PRIVATE, 1 <unfinished ...>
5743  recvmsg(33<UNIX-STREAM:[31619->35114]>,  <unfinished ...>
5833  <... futex resumed>)              = 0
5768  <... pwrite64 resumed>)           = 24
5743  <... recvmsg resumed>{msg_namelen=0}, 0) = -1 EAGAIN (Resource temporarily unavailable)
5832  <... epoll_wait resumed>[], 128, 0) = 0
5833  read(105</dev/urandom>,  <unfinished ...>
5743  poll([{fd=13<anon_inode:[eventfd]>, events=POLLIN}, {fd=14<pipe:[31615]>, events=POLLIN}, {fd=17<UNIX-STREAM:[31618->35113]>, events=POLLIN}, {fd=33<UNIX-STREAM:[31619->35114]>, events=POLLIN}], 4, 0 <unfinished ...>
5768  fcntl(212</home/venice/.cache/spotify/Default/Code Cache/js/91e3a9d6ce371554_0>, F_GETFL <unfinished ...>
5833  <... read resumed>"\212\f\32\276", 4) = 4
5861  <... futex resumed>)              = 0
5743  <... poll resumed>)               = 0 (Timeout)
5861  futex(0x7438a5ffde70, FUTEX_WAKE_PRIVATE, 1 <unfinished ...>
5832  epoll_wait(91<anon_inode:[eventpoll]>,  <unfinished ...>
5743  recvmsg(17<UNIX-STREAM:[31618->35113]>,  <unfinished ...>
5861  <... futex resumed>)              = 0
5861  futex(0x7438a5ffdec0, FUTEX_WAIT_BITSET_PRIVATE|FUTEX_CLOCK_REALTIME, 0, NULL, FUTEX_BITSET_MATCH_ANY <unfinished ...>
5833  read(105</dev/urandom>,  <unfinished ...>
5803  futex(0x7438efdfdec0, FUTEX_WAKE_PRIVATE, 1 <unfinished ...>
5771  sendto(48<UNIX-STREAM:[37079->37080]>, "\10\0\0\08\0\0\0\30\0\26\0\0\0\0\0\n\f\0\0\0\0\0\0\0\0\0\0\0\0\0\0"..., 56, MSG_NOSIGNAL, NULL, 0 <unfinished ...>
5768  <... fcntl resumed>)              = 0x8002 (flags O_RDWR|O_LARGEFILE)
5743  <... recvmsg resumed>{msg_namelen=0}, 0) = -1 EAGAIN (Resource temporarily unavailable)
5833  <... read resumed>"\34~Z*", 4)    = 4
5803  <... futex resumed>)              = 0
5768  pwrite64(212</home/venice/.cache/spotify/Default/Code Cache/js/91e3a9d6ce371554_0>, "\330A\r\227Eo\372\364\1\0\0\0\0\0\0\0\0\0\0\0\0\0\0\0", 24, 66 <unfinished ...>
5743  epoll_ctl(91<anon_inode:[eventpoll]>, EPOLL_CTL_MOD, 90<anon_inode:[eventfd]>, {events=EPOLLIN|EPOLLERR|EPOLLET, data={u32=2367488400, u64=94152345584016}} <unfinished ...>
5833  read(105</dev/urandom>,  <unfinished ...>
5803  futex(0x7438efdfdf10, FUTEX_WAIT_BITSET_PRIVATE|FUTEX_CLOCK_REALTIME, 0, NULL, FUTEX_BITSET_MATCH_ANY <unfinished ...>
5771  <... sendto resumed>)             = 56
5768  <... pwrite64 resumed>)           = 24
5743  <... epoll_ctl resumed>)          = 0
5832  <... epoll_wait resumed>[{events=EPOLLIN, data={u32=2367488400, u64=94152345584016}}], 128, -1) = 1
5832  futex(0x743923597ac0, FUTEX_WAIT_PRIVATE, 2, NULL <unfinished ...>
5743  futex(0x743923597ac0, FUTEX_WAKE_PRIVATE, 1 <unfinished ...>
5832  <... futex resumed>)              = -1 EAGAIN (Resource temporarily unavailable)
5832  futex(0x743923597ac0, FUTEX_WAKE_PRIVATE, 1 <unfinished ...>
5743  <... futex resumed>)              = 0
5832  <... futex resumed>)              = 0
5833  <... read resumed>"N\272D\374", 4) = 4
5768  close(212</home/venice/.cache/spotify/Default/Code Cache/js/91e3a9d6ce371554_0> <unfinished ...>
5743  recvmsg(17<UNIX-STREAM:[31618->35113]>,  <unfinished ...>
5875  <... futex resumed>)              = -1 ETIMEDOUT (Connection timed out)
5833  read(105</dev/urandom>,  <unfinished ...>
5743  <... recvmsg resumed>{msg_namelen=0}, 0) = -1 EAGAIN (Resource temporarily unavailable)
5832  epoll_wait(91<anon_inode:[eventpoll]>,  <unfinished ...>
5768  <... close resumed>)              = 0
5875  futex(0x743848096ce8, FUTEX_WAKE_PRIVATE, 1 <unfinished ...>
5833  <... read resumed>"\316\324\202\213", 4) = 4
5743  recvmsg(33<UNIX-STREAM:[31619->35114]>,  <unfinished ...>
5875  <... futex resumed>)              = 0
5833  read(105</dev/urandom>,  <unfinished ...>
5771  epoll_wait(31<anon_inode:[eventpoll]>,  <unfinished ...>
5768  futex(0x7438efdfdf10, FUTEX_WAKE_PRIVATE, 2147483647 <unfinished ...>
5875  futex(0x74384808468c, FUTEX_WAIT_BITSET_PRIVATE, 0, {tv_sec=1415, tv_nsec=814796601}, FUTEX_BITSET_MATCH_ANY <unfinished ...>
5833  <... read resumed>"\25\177\254X", 4) = 4
5771  <... epoll_wait resumed>[{events=EPOLLIN, data={u32=3825230760, u64=127787692221352}}], 16, 0) = 1
5743  <... recvmsg resumed>{msg_namelen=0}, 0) = -1 EAGAIN (Resource temporarily unavailable)
5803  <... futex resumed>)              = 0
5768  <... futex resumed>)              = 1
5771  recvmsg(195<UNIX-STREAM:[37142->37143]>,  <unfinished ...>
5768  futex(0x743917dfdf10, FUTEX_WAIT_BITSET_PRIVATE|FUTEX_CLOCK_REALTIME, 0, NULL, FUTEX_BITSET_MATCH_ANY <unfinished ...>
5743  recvmsg(33<UNIX-STREAM:[31619->35114]>,  <unfinished ...>
5833  write(96</home/venice/.cache/spotify/public.ldb/000416.log>, "\275#\306\341\200\3\1(\202\2\0\0\0\0\0\5\0\0\0\1-!es#sn#\24\325\225\255"..., 903 <unfinished ...>
5803  futex(0x7438efdfdec0, FUTEX_WAKE_PRIVATE, 1 <unfinished ...>
5771  <... recvmsg resumed>{msg_name=NULL, msg_namelen=0, msg_iov=[{iov_base="\10\0\0\0h\0\0\0\30\0\24\0\0\0\0\0\226M\0\0\0\0\0\0\0\0\0\0\0\0\0\0"..., iov_len=4096}], msg_iovlen=1, msg_controllen=0, msg_flags=0}, MSG_DONTWAIT) = 104
5833  <... write resumed>)              = 903
5803  <... futex resumed>)              = 0
5743  <... recvmsg resumed>{msg_namelen=0}, 0) = -1 EAGAIN (Resource temporarily unavailable)
5833  futex(0x55a18d1c6e1c, FUTEX_WAIT_BITSET_PRIVATE, 0, {tv_sec=1416, tv_nsec=10995767}, FUTEX_BITSET_MATCH_ANY <unfinished ...>
5771  epoll_wait(31<anon_inode:[eventpoll]>,  <unfinished ...>
5803  futex(0x7438efdfdf10, FUTEX_WAIT_BITSET_PRIVATE|FUTEX_CLOCK_REALTIME, 0, NULL, FUTEX_BITSET_MATCH_ANY <unfinished ...>
5743  poll([{fd=13<anon_inode:[eventfd]>, events=POLLIN}, {fd=14<pipe:[31615]>, events=POLLIN}, {fd=17<UNIX-STREAM:[31618->35113]>, events=POLLIN}, {fd=33<UNIX-STREAM:[31619->35114]>, events=POLLIN}], 4, 0 <unfinished ...>
5771  <... epoll_wait resumed>[], 16, 0) = 0
5743  <... poll resumed>)               = 0 (Timeout)
5771  epoll_wait(31<anon_inode:[eventpoll]>,  <unfinished ...>
5743  recvmsg(17<UNIX-STREAM:[31618->35113]>, {msg_namelen=0}, 0) = -1 EAGAIN (Resource temporarily unavailable)
5743  sendto(195<UNIX-STREAM:[37142->37143]>, "\10\0\0\0h\0\0\0\30\0\24\0\0\0\0\0\337\25\0\0\0\0\0\0\0\0\0\0\0\0\0\0"..., 104, MSG_NOSIGNAL, NULL, 0) = 104
5743  recvmsg(17<UNIX-STREAM:[31618->35113]>, {msg_namelen=0}, 0) = -1 EAGAIN (Resource temporarily unavailable)
5743  recvmsg(33<UNIX-STREAM:[31619->35114]>, {msg_namelen=0}, 0) = -1 EAGAIN (Resource temporarily unavailable)
5743  recvmsg(33<UNIX-STREAM:[31619->35114]>, {msg_namelen=0}, 0) = -1 EAGAIN (Resource temporarily unavailable)
5743  poll([{fd=13<anon_inode:[eventfd]>, events=POLLIN}, {fd=14<pipe:[31615]>, events=POLLIN}, {fd=17<UNIX-STREAM:[31618->35113]>, events=POLLIN}, {fd=33<UNIX-STREAM:[31619->35114]>, events=POLLIN}], 4, 0) = 0 (Timeout)
5743  recvmsg(17<UNIX-STREAM:[31618->35113]>, {msg_namelen=0}, 0) = -1 EAGAIN (Resource temporarily unavailable)
5743  sendto(195<UNIX-STREAM:[37142->37143]>, "\10\0\0\0h\0\0\0\30\0\24\0\0\0\0\0\340\25\0\0\0\0\0\0\0\0\0\0\0\0\0\0"..., 104, MSG_NOSIGNAL, NULL, 0) = 104
5743  recvmsg(17<UNIX-STREAM:[31618->35113]>, {msg_namelen=0}, 0) = -1 EAGAIN (Resource temporarily unavailable)
5743  recvmsg(33<UNIX-STREAM:[31619->35114]>, {msg_namelen=0}, 0) = -1 EAGAIN (Resource temporarily unavailable)
5743  recvmsg(33<UNIX-STREAM:[31619->35114]>, {msg_namelen=0}, 0) = -1 EAGAIN (Resource temporarily unavailable)
5743  poll([{fd=13<anon_inode:[eventfd]>, events=POLLIN}, {fd=14<pipe:[31615]>, events=POLLIN}, {fd=17<UNIX-STREAM:[31618->35113]>, events=POLLIN}, {fd=33<UNIX-STREAM:[31619->35114]>, events=POLLIN}], 4, 0) = 0 (Timeout)
5743  recvmsg(17<UNIX-STREAM:[31618->35113]>, {msg_namelen=0}, 0) = -1 EAGAIN (Resource temporarily unavailable)
5743  write(32<anon_inode:[eventfd]>, "\1\0\0\0\0\0\0\0", 8 <unfinished ...>
5771  <... epoll_wait resumed>[{events=EPOLLIN, data={u32=4026539168, u64=127787893529760}}], 16, 30087) = 1
5743  <... write resumed>)              = 8
5771  read(32<anon_inode:[eventfd]>,  <unfinished ...>
5743  getrandom("\x7d\xd8\xf4\xd8\x8b\x38\x67\x07\x1b\xfd\x79\x65\x35\x1a\x21\xa3", 16, 0) = 16
5771  <... read resumed>"\1\0\0\0\0\0\0\0", 8) = 8
5743  getrandom( <unfinished ...>
5771  sendto(195<UNIX-STREAM:[37142->37143]>, "\10\0\0\0h\0\0\0\30\0\24\0\0\0\0\0\341\25\0\0\0\0\0\0\0\0\0\0\0\0\0\0"..., 104, MSG_NOSIGNAL, NULL, 0 <unfinished ...>
5743  <... getrandom resumed>"\x54\xc8\x31\x81\x55\xa2\x16\x14\xf5\xa3\x57\x8a\x4a\x3c\xc4\xa5", 16, 0) = 16
5771  <... sendto resumed>)             = 104
5743  sendto(48<UNIX-STREAM:[37079->37080]>, "\10\0\0\0@\1\0\0\30\0\24\0\0\0\0\0\v\f\0\0\0\0\0\0\0\0\0\0\0\0\0\0"..., 320, MSG_NOSIGNAL, NULL, 0 <unfinished ...>
5771  epoll_wait(31<anon_inode:[eventpoll]>,  <unfinished ...>
5743  <... sendto resumed>)             = 320
5743  recvmsg(17<UNIX-STREAM:[31618->35113]>, {msg_namelen=0}, 0) = -1 EAGAIN (Resource temporarily unavailable)
5743  recvmsg(33<UNIX-STREAM:[31619->35114]>,  <unfinished ...>
5771  <... epoll_wait resumed>[{events=EPOLLIN, data={u32=4026554232, u64=127787893544824}}], 16, 0) = 1
5868  <... poll resumed>)               = 0 (Timeout)
5743  <... recvmsg resumed>{msg_namelen=0}, 0) = -1 EAGAIN (Resource temporarily unavailable)
5771  recvmsg(48<UNIX-STREAM:[37079->37080]>,  <unfinished ...>
5743  recvmsg(33<UNIX-STREAM:[31619->35114]>,  <unfinished ...>
5868  poll([{fd=110<pipe:[27405]>, events=POLLIN}, {fd=112<TCP:[192.168.30.128:37006->35.186.224.35:443]>, events=POLLIN}], 2, 50 <unfinished ...>
5743  <... recvmsg resumed>{msg_namelen=0}, 0) = -1 EAGAIN (Resource temporarily unavailable)
5743  poll([{fd=13<anon_inode:[eventfd]>, events=POLLIN}, {fd=14<pipe:[31615]>, events=POLLIN}, {fd=17<UNIX-STREAM:[31618->35113]>, events=POLLIN}, {fd=33<UNIX-STREAM:[31619->35114]>, events=POLLIN}], 4, 0 <unfinished ...>
5771  <... recvmsg resumed>{msg_name=NULL, msg_namelen=0, msg_iov=[{iov_base="\10\0\0\0h\0\0\0\30\0\24\0\0\0\0\0\177\23\0\0\0\0\0\0\0\0\0\0\0\0\0\0"..., iov_len=4096}], msg_iovlen=1, msg_controllen=0, msg_flags=0}, MSG_DONTWAIT) = 104
5743  <... poll resumed>)               = 0 (Timeout)
5771  futex(0x743917dfdf10, FUTEX_WAKE_PRIVATE, 2147483647 <unfinished ...>
5743  recvmsg(17<UNIX-STREAM:[31618->35113]>, {msg_namelen=0}, 0) = -1 EAGAIN (Resource temporarily unavailable)
5771  <... futex resumed>)              = 1
5768  <... futex resumed>)              = 0
5743  sendto(54<UNIX-STREAM:[30089->30090]>, "\10\0\0\0h\0\0\0\30\0\24\0\0\0\0\0\311\0\0\0\0\0\0\0\0\0\0\0\0\0\0\0"..., 104, MSG_NOSIGNAL, NULL, 0 <unfinished ...>
5771  futex(0x743917dfdec0, FUTEX_WAKE_PRIVATE, 1 <unfinished ...>
5768  futex(0x743917dfdec0, FUTEX_WAIT_PRIVATE, 2, NULL <unfinished ...>
5743  <... sendto resumed>)             = 104
5771  <... futex resumed>)              = 0
5768  <... futex resumed>)              = -1 EAGAIN (Resource temporarily unavailable)
5743  futex(0x7439169fdf10, FUTEX_WAKE_PRIVATE, 2147483647 <unfinished ...>
5771  epoll_wait(31<anon_inode:[eventpoll]>,  <unfinished ...>
5770  <... futex resumed>)              = 0
5768  futex(0x743917dfdec0, FUTEX_WAKE_PRIVATE, 1 <unfinished ...>
5743  <... futex resumed>)              = 1
5770  futex(0x7439169fdec0, FUTEX_WAIT_PRIVATE, 2, NULL <unfinished ...>
5743  futex(0x7439169fdec0, FUTEX_WAKE_PRIVATE, 1 <unfinished ...>
5770  <... futex resumed>)              = -1 EAGAIN (Resource temporarily unavailable)
5743  <... futex resumed>)              = 0
5770  futex(0x7439169fdec0, FUTEX_WAKE_PRIVATE, 1 <unfinished ...>
5768  <... futex resumed>)              = 0
5743  recvmsg(17<UNIX-STREAM:[31618->35113]>,  <unfinished ...>
5770  <... futex resumed>)              = 0
5743  <... recvmsg resumed>{msg_namelen=0}, 0) = -1 EAGAIN (Resource temporarily unavailable)
5771  <... epoll_wait resumed>[{events=EPOLLIN, data={u32=3825230760, u64=127787692221352}}], 16, 0) = 1
5770  futex(0x7439155fdf10, FUTEX_WAKE_PRIVATE, 2147483647 <unfinished ...>
5768  socket(AF_NETLINK, SOCK_RAW|SOCK_CLOEXEC, NETLINK_ROUTE <unfinished ...>
5743  recvmsg(33<UNIX-STREAM:[31619->35114]>,  <unfinished ...>
5772  <... futex resumed>)              = 0
5770  <... futex resumed>)              = 1
5768  <... socket resumed>)             = 212<NETLINK:[33552]>
5743  <... recvmsg resumed>{msg_namelen=0}, 0) = -1 EAGAIN (Resource temporarily unavailable)
5772  futex(0x7439155fdec0, FUTEX_WAIT_PRIVATE, 2, NULL <unfinished ...>
5771  recvmsg(195<UNIX-STREAM:[37142->37143]>,  <unfinished ...>
5770  futex(0x7439155fdec0, FUTEX_WAKE_PRIVATE, 1 <unfinished ...>
5772  <... futex resumed>)              = -1 EAGAIN (Resource temporarily unavailable)
5768  bind(212<NETLINK:[33552]>, {sa_family=AF_NETLINK, nl_pid=0, nl_groups=00000000}, 12 <unfinished ...>
5743  recvmsg(33<UNIX-STREAM:[31619->35114]>,  <unfinished ...>
5772  futex(0x7439155fdec0, FUTEX_WAKE_PRIVATE, 1 <unfinished ...>
5771  <... recvmsg resumed>{msg_name=NULL, msg_namelen=0, msg_iov=[{iov_base="\10\0\0\0h\0\0\0\30\0\24\0\0\0\0\0\227M\0\0\0\0\0\0\0\0\0\0\0\0\0\0"..., iov_len=4096}], msg_iovlen=1, msg_controllen=0, msg_flags=0}, MSG_DONTWAIT) = 104
5770  <... futex resumed>)              = 0
5772  <... futex resumed>)              = 0
5768  <... bind resumed>)               = 0
5743  <... recvmsg resumed>{msg_namelen=0}, 0) = -1 EAGAIN (Resource temporarily unavailable)
5770  futex(0x7439169fdf10, FUTEX_WAIT_BITSET_PRIVATE|FUTEX_CLOCK_REALTIME, 0, NULL, FUTEX_BITSET_MATCH_ANY <unfinished ...>
5772  futex(0x7439155fdf10, FUTEX_WAIT_BITSET_PRIVATE|FUTEX_CLOCK_REALTIME, 0, NULL, FUTEX_BITSET_MATCH_ANY <unfinished ...>
5743  poll([{fd=13<anon_inode:[eventfd]>, events=POLLIN}, {fd=14<pipe:[31615]>, events=POLLIN}, {fd=17<UNIX-STREAM:[31618->35113]>, events=POLLIN}, {fd=33<UNIX-STREAM:[31619->35114]>, events=POLLIN}], 4, 0 <unfinished ...>
5768  getsockname(212<NETLINK:[ROUTE:3445390251]>,  <unfinished ...>
5771  epoll_wait(31<anon_inode:[eventpoll]>,  <unfinished ...>
5743  <... poll resumed>)               = 0 (Timeout)
5768  <... getsockname resumed>{sa_family=AF_NETLINK, nl_pid=-849577045, nl_groups=00000000}, [12]) = 0
5771  <... epoll_wait resumed>[], 16, 0) = 0
5743  recvmsg(17<UNIX-STREAM:[31618->35113]>,  <unfinished ...>
5771  epoll_wait(31<anon_inode:[eventpoll]>,  <unfinished ...>
5768  sendto(212<NETLINK:[ROUTE:3445390251]>, [{nlmsg_len=20, nlmsg_type=RTM_GETADDR, nlmsg_flags=NLM_F_REQUEST|NLM_F_DUMP, nlmsg_seq=1721274185, nlmsg_pid=0}, {ifa_family=AF_UNSPEC, ...}], 20, 0, {sa_family=AF_NETLINK, nl_pid=0, nl_groups=00000000}, 12 <unfinished ...>
5743  <... recvmsg resumed>{msg_namelen=0}, 0) = -1 EAGAIN (Resource temporarily unavailable)
5768  <... sendto resumed>)             = 20
5768  recvmsg(212<NETLINK:[ROUTE:3445390251]>, {msg_name={sa_family=AF_NETLINK, nl_pid=0, nl_groups=00000000}, msg_namelen=12, msg_iov=[{iov_base=[[{nlmsg_len=76, nlmsg_type=RTM_NEWADDR, nlmsg_flags=NLM_F_MULTI, nlmsg_seq=1721274185, nlmsg_pid=-849577045}, {ifa_family=AF_INET, ifa_prefixlen=8, ifa_flags=IFA_F_PERMANENT, ifa_scope=RT_SCOPE_HOST, ifa_index=if_nametoindex("lo")}, [[{nla_len=8, nla_type=IFA_ADDRESS}, inet_addr("127.0.0.1")], [{nla_len=8, nla_type=IFA_LOCAL}, inet_addr("127.0.0.1")], [{nla_len=7, nla_type=IFA_LABEL}, "lo"], [{nla_len=8, nla_type=IFA_FLAGS}, IFA_F_PERMANENT], [{nla_len=20, nla_type=IFA_CACHEINFO}, {ifa_prefered=4294967295, ifa_valid=4294967295, cstamp=2101, tstamp=2101}]]], [{nlmsg_len=88, nlmsg_type=RTM_NEWADDR, nlmsg_flags=NLM_F_MULTI, nlmsg_seq=1721274185, nlmsg_pid=-849577045}, {ifa_family=AF_INET, ifa_prefixlen=24, ifa_flags=0, ifa_scope=RT_SCOPE_UNIVERSE, ifa_index=if_nametoindex("ens33")}, [[{nla_len=8, nla_type=IFA_ADDRESS}, inet_addr("192.168.30.128")], [{nla_len=8, nla_type=IFA_LOCAL}, inet_addr("192.168.30.128")], [{nla_len=8, nla_type=IFA_BROADCAST}, inet_addr("192.168.30.255")], [{nla_len=10, nla_type=IFA_LABEL}, "ens33"], [{nla_len=8, nla_type=IFA_FLAGS}, IFA_F_NOPREFIXROUTE], [{nla_len=20, nla_type=IFA_CACHEINFO}, {ifa_prefered=1318, ifa_valid=1318, cstamp=2627, tstamp=92603}]]], [{nlmsg_len=72, nlmsg_type=RTM_NEWADDR, nlmsg_flags=NLM_F_MULTI, nlmsg_seq=1721274185, nlmsg_pid=-849577045}, {ifa_family=AF_INET6, ifa_prefixlen=128, ifa_flags=IFA_F_PERMANENT, ifa_scope=RT_SCOPE_HOST, ifa_index=if_nametoindex("lo")}, [[{nla_len=20, nla_type=IFA_ADDRESS}, inet_pton(AF_INET6, "::1")], [{nla_len=20, nla_type=IFA_CACHEINFO}, {ifa_prefered=4294967295, ifa_valid=4294967295, cstamp=2101, tstamp=2101}], [{nla_len=8, nla_type=IFA_FLAGS}, IFA_F_PERMANENT|IFA_F_NOPREFIXROUTE]]], [{nlmsg_len=72, nlmsg_type=RTM_NEWADDR, nlmsg_flags=NLM_F_MULTI, nlmsg_seq=1721274185, nlmsg_pid=-849577045}, {ifa_family=AF_INET6, ifa_prefixlen=64, ifa_flags=IFA_F_PERMANENT, ifa_scope=RT_SCOPE_LINK, ifa_index=if_nametoindex("ens33")}, [[{nla_len=20, nla_type=IFA_ADDRESS}, inet_pton(AF_INET6, "fe80::b467:d64c:b809:d25d")], [{nla_len=20, nla_type=IFA_CACHEINFO}, {ifa_prefered=4294967295, ifa_valid=4294967295, cstamp=2602, tstamp=2602}], [{nla_len=8, nla_type=IFA_FLAGS}, IFA_F_PERMANENT|IFA_F_NOPREFIXROUTE]]]], iov_len=4096}], msg_iovlen=1, msg_controllen=0, msg_flags=0}, 0) = 308
5743  recvmsg(17<UNIX-STREAM:[31618->35113]>,  <unfinished ...>
5768  recvmsg(212<NETLINK:[ROUTE:3445390251]>,  <unfinished ...>
5743  <... recvmsg resumed>{msg_namelen=0}, 0) = -1 EAGAIN (Resource temporarily unavailable)
5768  <... recvmsg resumed>{msg_name={sa_family=AF_NETLINK, nl_pid=0, nl_groups=00000000}, msg_namelen=12, msg_iov=[{iov_base=[{nlmsg_len=20, nlmsg_type=NLMSG_DONE, nlmsg_flags=NLM_F_MULTI, nlmsg_seq=1721274185, nlmsg_pid=-849577045}, 0], iov_len=4096}], msg_iovlen=1, msg_controllen=0, msg_flags=0}, 0) = 20
5743  recvmsg(33<UNIX-STREAM:[31619->35114]>,  <unfinished ...>
5768  close(212<NETLINK:[ROUTE:3445390251]> <unfinished ...>
5743  <... recvmsg resumed>{msg_namelen=0}, 0) = -1 EAGAIN (Resource temporarily unavailable)
5768  <... close resumed>)              = 0
5743  recvmsg(33<UNIX-STREAM:[31619->35114]>,  <unfinished ...>
5768  newfstatat(AT_FDCWD</home/venice/Desktop/music>, "/etc/nsswitch.conf",  <unfinished ...>
5743  <... recvmsg resumed>{msg_namelen=0}, 0) = -1 EAGAIN (Resource temporarily unavailable)
5768  <... newfstatat resumed>{st_mode=S_IFREG|0644, st_size=359, ...}, 0) = 0
5743  poll([{fd=13<anon_inode:[eventfd]>, events=POLLIN}, {fd=14<pipe:[31615]>, events=POLLIN}, {fd=17<UNIX-STREAM:[31618->35113]>, events=POLLIN}, {fd=33<UNIX-STREAM:[31619->35114]>, events=POLLIN}], 4, 0 <unfinished ...>
5768  newfstatat(AT_FDCWD</home/venice/Desktop/music>, "/etc/resolv.conf",  <unfinished ...>
5743  <... poll resumed>)               = 0 (Timeout)
5768  <... newfstatat resumed>{st_mode=S_IFREG|0644, st_size=73, ...}, 0) = 0
5768  rt_sigprocmask(SIG_BLOCK, [HUP USR1 USR2 PIPE ALRM CHLD TSTP URG VTALRM PROF WINCH IO],  <unfinished ...>
5743  recvmsg(17<UNIX-STREAM:[31618->35113]>,  <unfinished ...>
5768  <... rt_sigprocmask resumed>[], 8) = 0
5743  <... recvmsg resumed>{msg_namelen=0}, 0) = -1 EAGAIN (Resource temporarily unavailable)
5768  openat(AT_FDCWD</home/venice/Desktop/music>, "/run/systemd/machines/content-autofill.googleapis.com", O_RDONLY|O_CLOEXEC) = -1 ENOENT (No such file or directory)
5743  sendto(195<UNIX-STREAM:[37142->37143]>, "\10\0\0\0h\0\0\0\30\0\24\0\0\0\0\0\342\25\0\0\0\0\0\0\0\0\0\0\0\0\0\0"..., 104, MSG_NOSIGNAL, NULL, 0 <unfinished ...>
5768  rt_sigprocmask(SIG_SETMASK, [],  <unfinished ...>
5743  <... sendto resumed>)             = 104
5768  <... rt_sigprocmask resumed>NULL, 8) = 0
5768  rt_sigprocmask(SIG_BLOCK, [HUP USR1 USR2 PIPE ALRM CHLD TSTP URG VTALRM PROF WINCH IO],  <unfinished ...>
5743  recvmsg(17<UNIX-STREAM:[31618->35113]>,  <unfinished ...>
5768  <... rt_sigprocmask resumed>[], 8) = 0
5743  <... recvmsg resumed>{msg_namelen=0}, 0) = -1 EAGAIN (Resource temporarily unavailable)
5768  socket(AF_UNIX, SOCK_STREAM|SOCK_CLOEXEC|SOCK_NONBLOCK, 0 <unfinished ...>
5743  recvmsg(33<UNIX-STREAM:[31619->35114]>,  <unfinished ...>
5768  <... socket resumed>)             = 212<UNIX-STREAM:[33553]>
5743  <... recvmsg resumed>{msg_namelen=0}, 0) = -1 EAGAIN (Resource temporarily unavailable)
5768  connect(212<UNIX-STREAM:[33553]>, {sa_family=AF_UNIX, sun_path="/run/systemd/resolve/io.systemd.Resolve"}, 42 <unfinished ...>
5743  recvmsg(33<UNIX-STREAM:[31619->35114]>,  <unfinished ...>
5768  <... connect resumed>)            = -1 ENOENT (No such file or directory)
5743  <... recvmsg resumed>{msg_namelen=0}, 0) = -1 EAGAIN (Resource temporarily unavailable)
5768  close(212<UNIX-STREAM:[33553]> <unfinished ...>
5743  poll([{fd=13<anon_inode:[eventfd]>, events=POLLIN}, {fd=14<pipe:[31615]>, events=POLLIN}, {fd=17<UNIX-STREAM:[31618->35113]>, events=POLLIN}, {fd=33<UNIX-STREAM:[31619->35114]>, events=POLLIN}], 4, 0 <unfinished ...>
5768  <... close resumed>)              = 0
5743  <... poll resumed>)               = 0 (Timeout)
5768  rt_sigprocmask(SIG_SETMASK, [],  <unfinished ...>
5832  <... epoll_wait resumed>[{events=EPOLLIN, data={u32=2367488412, u64=94152345584028}}], 128, -1) = 1
5768  <... rt_sigprocmask resumed>NULL, 8) = 0
5743  recvmsg(17<UNIX-STREAM:[31618->35113]>, {msg_namelen=0}, 0) = -1 EAGAIN (Resource temporarily unavailable)
5832  timerfd_settime(92<anon_inode:[timerfd]>, 0, {it_interval={tv_sec=0, tv_nsec=0}, it_value={tv_sec=300, tv_nsec=0}},  <unfinished ...>
5768  openat(AT_FDCWD</home/venice/Desktop/music>, "/etc/hosts", O_RDONLY|O_CLOEXEC <unfinished ...>
5832  <... timerfd_settime resumed>{it_interval={tv_sec=0, tv_nsec=0}, it_value={tv_sec=0, tv_nsec=0}}) = 0
5771  <... epoll_wait resumed>[{events=EPOLLIN, data={u32=3825230760, u64=127787692221352}}], 16, 30065) = 1
5768  <... openat resumed>)             = 212</etc/hosts>
5743  recvmsg(17<UNIX-STREAM:[31618->35113]>,  <unfinished ...>
5832  timerfd_settime(92<anon_inode:[timerfd]>, 0, {it_interval={tv_sec=0, tv_nsec=0}, it_value={tv_sec=0, tv_nsec=47996000}},  <unfinished ...>
5743  <... recvmsg resumed>{msg_namelen=0}, 0) = -1 EAGAIN (Resource temporarily unavailable)
5771  recvmsg(195<UNIX-STREAM:[37142->37143]>,  <unfinished ...>
5768  fstat(212</etc/hosts>,  <unfinished ...>
5743  recvmsg(33<UNIX-STREAM:[31619->35114]>,  <unfinished ...>
5832  <... timerfd_settime resumed>{it_interval={tv_sec=0, tv_nsec=0}, it_value={tv_sec=299, tv_nsec=998352129}}) = 0
5768  <... fstat resumed>{st_mode=S_IFREG|0644, st_size=65, ...}) = 0
5743  <... recvmsg resumed>{msg_namelen=0}, 0) = -1 EAGAIN (Resource temporarily unavailable)
5832  epoll_wait(91<anon_inode:[eventpoll]>,  <unfinished ...>
5771  <... recvmsg resumed>{msg_name=NULL, msg_namelen=0, msg_iov=[{iov_base="\10\0\0\0h\0\0\0\30\0\24\0\0\0\0\0\230M\0\0\0\0\0\0\0\0\0\0\0\0\0\0"..., iov_len=4096}], msg_iovlen=1, msg_controllen=0, msg_flags=0}, MSG_DONTWAIT) = 104
5768  lseek(212</etc/hosts>, 0, SEEK_SET <unfinished ...>
5743  recvmsg(33<UNIX-STREAM:[31619->35114]>,  <unfinished ...>
5768  <... lseek resumed>)              = 0
5743  <... recvmsg resumed>{msg_namelen=0}, 0) = -1 EAGAIN (Resource temporarily unavailable)
5771  epoll_wait(31<anon_inode:[eventpoll]>,  <unfinished ...>
5768  read(212</etc/hosts>,  <unfinished ...>
5743  poll([{fd=13<anon_inode:[eventfd]>, events=POLLIN}, {fd=14<pipe:[31615]>, events=POLLIN}, {fd=17<UNIX-STREAM:[31618->35113]>, events=POLLIN}, {fd=33<UNIX-STREAM:[31619->35114]>, events=POLLIN}], 4, 0 <unfinished ...>
5771  <... epoll_wait resumed>[], 16, 0) = 0
5768  <... read resumed>"# Static table lookup for hostna"..., 4096) = 65
5743  <... poll resumed>)               = 0 (Timeout)
5771  epoll_wait(31<anon_inode:[eventpoll]>,  <unfinished ...>
5768  read(212</etc/hosts>,  <unfinished ...>
5743  recvmsg(17<UNIX-STREAM:[31618->35113]>,  <unfinished ...>
5768  <... read resumed>"", 4096)       = 0
5743  <... recvmsg resumed>{msg_namelen=0}, 0) = -1 EAGAIN (Resource temporarily unavailable)
5768  close(212</etc/hosts>)            = 0
5771  <... epoll_wait resumed>[], 16, 0) = 0
5743  recvmsg(17<UNIX-STREAM:[31618->35113]>,  <unfinished ...>
5768  rt_sigprocmask(SIG_BLOCK, [HUP USR1 USR2 PIPE ALRM CHLD TSTP URG VTALRM PROF WINCH IO],  <unfinished ...>
5743  <... recvmsg resumed>{msg_namelen=0}, 0) = -1 EAGAIN (Resource temporarily unavailable)
5771  epoll_wait(31<anon_inode:[eventpoll]>,  <unfinished ...>
5743  recvmsg(33<UNIX-STREAM:[31619->35114]>,  <unfinished ...>
5768  <... rt_sigprocmask resumed>[], 8) = 0
5743  <... recvmsg resumed>{msg_namelen=0}, 0) = -1 EAGAIN (Resource temporarily unavailable)
5768  uname( <unfinished ...>
5743  recvmsg(33<UNIX-STREAM:[31619->35114]>,  <unfinished ...>
5768  <... uname resumed>{sysname="Linux", nodename="sommer", ...}) = 0
5743  <... recvmsg resumed>{msg_namelen=0}, 0) = -1 EAGAIN (Resource temporarily unavailable)
5743  poll([{fd=13<anon_inode:[eventfd]>, events=POLLIN}, {fd=14<pipe:[31615]>, events=POLLIN}, {fd=17<UNIX-STREAM:[31618->35113]>, events=POLLIN}, {fd=33<UNIX-STREAM:[31619->35114]>, events=POLLIN}], 4, 0 <unfinished ...>
5768  rt_sigprocmask(SIG_SETMASK, [],  <unfinished ...>
5743  <... poll resumed>)               = 0 (Timeout)
5768  <... rt_sigprocmask resumed>NULL, 8) = 0
5743  recvmsg(17<UNIX-STREAM:[31618->35113]>,  <unfinished ...>
5768  socket(AF_INET, SOCK_DGRAM|SOCK_CLOEXEC|SOCK_NONBLOCK, IPPROTO_IP <unfinished ...>
5743  <... recvmsg resumed>{msg_namelen=0}, 0) = -1 EAGAIN (Resource temporarily unavailable)
5768  <... socket resumed>)             = 212<UDP:[33554]>
5743  recvmsg(17<UNIX-STREAM:[31618->35113]>,  <unfinished ...>
5768  setsockopt(212<UDP:[33554]>, SOL_IP, IP_RECVERR, [1], 4 <unfinished ...>
5743  <... recvmsg resumed>{msg_namelen=0}, 0) = -1 EAGAIN (Resource temporarily unavailable)
5743  recvmsg(33<UNIX-STREAM:[31619->35114]>,  <unfinished ...>
5768  <... setsockopt resumed>)         = 0
5743  <... recvmsg resumed>{msg_namelen=0}, 0) = -1 EAGAIN (Resource temporarily unavailable)
5768  connect(212<UDP:[33554]>, {sa_family=AF_INET, sin_port=htons(53), sin_addr=inet_addr("192.168.30.2")}, 16 <unfinished ...>
5743  recvmsg(33<UNIX-STREAM:[31619->35114]>,  <unfinished ...>
5768  <... connect resumed>)            = 0
5743  <... recvmsg resumed>{msg_namelen=0}, 0) = -1 EAGAIN (Resource temporarily unavailable)
5768  poll([{fd=212<UDP:[192.168.30.128:47208->192.168.30.2:53]>, events=POLLOUT}], 1, 0 <unfinished ...>
5743  poll([{fd=13<anon_inode:[eventfd]>, events=POLLIN}, {fd=14<pipe:[31615]>, events=POLLIN}, {fd=17<UNIX-STREAM:[31618->35113]>, events=POLLIN}, {fd=33<UNIX-STREAM:[31619->35114]>, events=POLLIN}], 4, 0 <unfinished ...>
5768  <... poll resumed>)               = 1 ([{fd=212, revents=POLLOUT}])
5743  <... poll resumed>)               = 0 (Timeout)
5768  sendmmsg(212<UDP:[192.168.30.128:47208->192.168.30.2:53]>,  <unfinished ...>
5743  recvmsg(17<UNIX-STREAM:[31618->35113]>, {msg_namelen=0}, 0) = -1 EAGAIN (Resource temporarily unavailable)
5768  <... sendmmsg resumed>[{msg_hdr={msg_name=NULL, msg_namelen=0, msg_iov=[{iov_base="\326\261\1\0\0\1\0\0\0\0\0\0\20content-autofill\ngo"..., iov_len=49}], msg_iovlen=1, msg_controllen=0, msg_flags=0}, msg_len=49}, {msg_hdr={msg_name=NULL, msg_namelen=0, msg_iov=[{iov_base="\361\273\1\0\0\1\0\0\0\0\0\0\20content-autofill\ngo"..., iov_len=49}], msg_iovlen=1, msg_controllen=0, msg_flags=0}, msg_len=49}], 2, MSG_NOSIGNAL) = 2
5743  recvmsg(17<UNIX-STREAM:[31618->35113]>,  <unfinished ...>
5768  poll([{fd=212<UDP:[192.168.30.128:47208->192.168.30.2:53]>, events=POLLIN}], 1, 5000 <unfinished ...>
5743  <... recvmsg resumed>{msg_namelen=0}, 0) = -1 EAGAIN (Resource temporarily unavailable)
5768  <... poll resumed>)               = 1 ([{fd=212, revents=POLLIN}])
5743  recvmsg(33<UNIX-STREAM:[31619->35114]>,  <unfinished ...>
5768  ioctl(212<UDP:[192.168.30.128:47208->192.168.30.2:53]>, FIONREAD <unfinished ...>
5743  <... recvmsg resumed>{msg_namelen=0}, 0) = -1 EAGAIN (Resource temporarily unavailable)
5768  <... ioctl resumed>, [129])       = 0
5743  recvmsg(33<UNIX-STREAM:[31619->35114]>,  <unfinished ...>
5768  recvfrom(212<UDP:[192.168.30.128:47208->192.168.30.2:53]>,  <unfinished ...>
5743  <... recvmsg resumed>{msg_namelen=0}, 0) = -1 EAGAIN (Resource temporarily unavailable)
5768  <... recvfrom resumed>"\326\261\201\200\0\1\0\5\0\0\0\0\20content-autofill\ngo"..., 2048, 0, {sa_family=AF_INET, sin_port=htons(53), sin_addr=inet_addr("192.168.30.2")}, [28 => 16]) = 129
5743  poll([{fd=13<anon_inode:[eventfd]>, events=POLLIN}, {fd=14<pipe:[31615]>, events=POLLIN}, {fd=17<UNIX-STREAM:[31618->35113]>, events=POLLIN}, {fd=33<UNIX-STREAM:[31619->35114]>, events=POLLIN}], 4, 0 <unfinished ...>
5768  poll([{fd=212<UDP:[192.168.30.128:47208->192.168.30.2:53]>, events=POLLIN}], 1, 4991 <unfinished ...>
5743  <... poll resumed>)               = 0 (Timeout)
5768  <... poll resumed>)               = 1 ([{fd=212, revents=POLLIN}])
5743  recvmsg(17<UNIX-STREAM:[31618->35113]>,  <unfinished ...>
5768  ioctl(212<UDP:[192.168.30.128:47208->192.168.30.2:53]>, FIONREAD <unfinished ...>
5743  <... recvmsg resumed>{msg_namelen=0}, 0) = -1 EAGAIN (Resource temporarily unavailable)
5768  <... ioctl resumed>, [161])       = 0
5743  recvmsg(17<UNIX-STREAM:[31618->35113]>,  <unfinished ...>
5768  recvfrom(212<UDP:[192.168.30.128:47208->192.168.30.2:53]>,  <unfinished ...>
5743  <... recvmsg resumed>{msg_namelen=0}, 0) = -1 EAGAIN (Resource temporarily unavailable)
5768  <... recvfrom resumed>"\361\273\201\200\0\1\0\4\0\0\0\0\20content-autofill\ngo"..., 65536, 0, {sa_family=AF_INET, sin_port=htons(53), sin_addr=inet_addr("192.168.30.2")}, [28 => 16]) = 161
5768  close(212<UDP:[192.168.30.128:47208->192.168.30.2:53]> <unfinished ...>
5743  recvmsg(33<UNIX-STREAM:[31619->35114]>,  <unfinished ...>
5768  <... close resumed>)              = 0
5743  <... recvmsg resumed>{msg_namelen=0}, 0) = -1 EAGAIN (Resource temporarily unavailable)
5768  socket(AF_INET, SOCK_DGRAM|SOCK_CLOEXEC, IPPROTO_IP <unfinished ...>
5743  recvmsg(33<UNIX-STREAM:[31619->35114]>,  <unfinished ...>
5768  <... socket resumed>)             = 212<UDP:[33555]>
5743  <... recvmsg resumed>{msg_namelen=0}, 0) = -1 EAGAIN (Resource temporarily unavailable)
5768  connect(212<UDP:[33555]>, {sa_family=AF_INET, sin_port=htons(0), sin_addr=inet_addr("172.217.160.106")}, 16 <unfinished ...>
5743  poll([{fd=13<anon_inode:[eventfd]>, events=POLLIN}, {fd=14<pipe:[31615]>, events=POLLIN}, {fd=17<UNIX-STREAM:[31618->35113]>, events=POLLIN}, {fd=33<UNIX-STREAM:[31619->35114]>, events=POLLIN}], 4, 0 <unfinished ...>
5768  <... connect resumed>)            = 0
5743  <... poll resumed>)               = 0 (Timeout)
5768  getsockname(212<UDP:[192.168.30.128:47578->172.217.160.106:0]>,  <unfinished ...>
5743  recvmsg(17<UNIX-STREAM:[31618->35113]>,  <unfinished ...>
5768  <... getsockname resumed>{sa_family=AF_INET, sin_port=htons(47578), sin_addr=inet_addr("192.168.30.128")}, [28 => 16]) = 0
5743  <... recvmsg resumed>{msg_namelen=0}, 0) = -1 EAGAIN (Resource temporarily unavailable)
5768  connect(212<UDP:[192.168.30.128:47578->172.217.160.106:0]>, {sa_family=AF_UNSPEC, sa_data="\0\0\0\0\0\0\0\0\0\0\0\0\0\0"}, 16) = 0
5768  connect(212<UDP:[192.168.30.128:47578->172.217.160.106:0]>, {sa_family=AF_INET, sin_port=htons(0), sin_addr=inet_addr("142.251.43.10")}, 16 <unfinished ...>
5743  recvmsg(17<UNIX-STREAM:[31618->35113]>,  <unfinished ...>
5768  <... connect resumed>)            = 0
5743  <... recvmsg resumed>{msg_namelen=0}, 0) = -1 EAGAIN (Resource temporarily unavailable)
5768  getsockname(212<UDP:[192.168.30.128:47578->172.217.160.106:0]>,  <unfinished ...>
5743  recvmsg(33<UNIX-STREAM:[31619->35114]>,  <unfinished ...>
5768  <... getsockname resumed>{sa_family=AF_INET, sin_port=htons(57855), sin_addr=inet_addr("192.168.30.128")}, [28 => 16]) = 0
5743  <... recvmsg resumed>{msg_namelen=0}, 0) = -1 EAGAIN (Resource temporarily unavailable)
5768  connect(212<UDP:[192.168.30.128:47578->172.217.160.106:0]>, {sa_family=AF_UNSPEC, sa_data="\0\0\0\0\0\0\0\0\0\0\0\0\0\0"}, 16 <unfinished ...>
5743  recvmsg(33<UNIX-STREAM:[31619->35114]>,  <unfinished ...>
5768  <... connect resumed>)            = 0
5743  <... recvmsg resumed>{msg_namelen=0}, 0) = -1 EAGAIN (Resource temporarily unavailable)
5768  connect(212<UDP:[192.168.30.128:47578->172.217.160.106:0]>, {sa_family=AF_INET, sin_port=htons(0), sin_addr=inet_addr("172.217.160.74")}, 16 <unfinished ...>
5743  poll([{fd=13<anon_inode:[eventfd]>, events=POLLIN}, {fd=14<pipe:[31615]>, events=POLLIN}, {fd=17<UNIX-STREAM:[31618->35113]>, events=POLLIN}, {fd=33<UNIX-STREAM:[31619->35114]>, events=POLLIN}], 4, 0 <unfinished ...>
5768  <... connect resumed>)            = 0
5743  <... poll resumed>)               = 0 (Timeout)
