5771  write(32<anon_inode:[eventfd]>, "\1\0\0\0\0\0\0\0", 8) = 8
5771  epoll_wait(31<anon_inode:[eventpoll]>, [{events=EPOLLIN, data={u32=4026539168, u64=127787893529760}}], 16, 0) = 1
5771  read(32<anon_inode:[eventfd]>, "\1\0\0\0\0\0\0\0", 8) = 8
5771  epoll_wait(31<anon_inode:[eventpoll]>, [], 16, 0) = 0
5771  epoll_wait(31<anon_inode:[eventpoll]>,  <unfinished ...>
5743  <... poll resumed>)               = 1 ([{fd=17, revents=POLLIN}])
5890  <... write resumed>)              = 1
5890  recvmsg(171<UNIX-STREAM:[37133->31625]>,  <unfinished ...>
5743  recvmsg(33<UNIX-STREAM:[31619->35114]>,  <unfinished ...>
5890  <... recvmsg resumed>{msg_name=NULL, msg_namelen=0, msg_iov=[{iov_base="L\0\0\0=L\377\377\377\377L\0\0\0\0L\0\0:\310", iov_len=20}], msg_iovlen=1, msg_control=[{cmsg_len=28, cmsg_level=SOL_SOCKET, cmsg_type=SCM_CREDENTIALS, cmsg_data={pid=1539, uid=1000, gid=1000}}], msg_controllen=32, msg_flags=0}, 0) = 20
5743  <... recvmsg resumed>{msg_namelen=0}, 0) = -1 EAGAIN (Resource temporarily unavailable)
5890  write(169<pipe:[30101]>, "W", 1 <unfinished ...>
5743  recvmsg(33<UNIX-STREAM:[31619->35114]>,  <unfinished ...>
5890  <... write resumed>)              = 1
5743  <... recvmsg resumed>{msg_namelen=0}, 0) = -1 EAGAIN (Resource temporarily unavailable)
5890  read(168<pipe:[30101]>, "WW", 10) = 2
5743  recvmsg(33<UNIX-STREAM:[31619->35114]>,  <unfinished ...>
5890  poll([{fd=168<pipe:[30101]>, events=POLLIN}, {fd=171<UNIX-STREAM:[37133->31625]>, events=POLLIN}], 2, 650 <unfinished ...>
5743  <... recvmsg resumed>{msg_namelen=0}, 0) = -1 EAGAIN (Resource temporarily unavailable)
5890  <... poll resumed>)               = 1 ([{fd=171, revents=POLLIN}])
5743  recvmsg(33<UNIX-STREAM:[31619->35114]>,  <unfinished ...>
5890  write(169<pipe:[30101]>, "W", 1 <unfinished ...>
5743  <... recvmsg resumed>{msg_namelen=0}, 0) = -1 EAGAIN (Resource temporarily unavailable)
5890  <... write resumed>)              = 1
5743  poll([{fd=13<anon_inode:[eventfd]>, events=POLLIN}, {fd=17<UNIX-STREAM:[31618->35113]>, events=POLLIN}, {fd=33<UNIX-STREAM:[31619->35114]>, events=POLLIN}], 3, 0 <unfinished ...>
5890  recvmsg(171<UNIX-STREAM:[37133->31625]>,  <unfinished ...>
5743  <... poll resumed>)               = 1 ([{fd=17, revents=POLLIN}])
5890  <... recvmsg resumed>{msg_name=NULL, msg_namelen=0, msg_iov=[{iov_base="\0\0\0S\377\377\377\377\0\0\0\0\0\0\0\0\0\0\0\0", iov_len=20}], msg_iovlen=1, msg_control=[{cmsg_len=28, cmsg_level=SOL_SOCKET, cmsg_type=SCM_CREDENTIALS, cmsg_data={pid=1539, uid=1000, gid=1000}}], msg_controllen=32, msg_flags=0}, 0) = 20
5743  recvmsg(17<UNIX-STREAM:[31618->35113]>,  <unfinished ...>
5890  write(169<pipe:[30101]>, "W", 1 <unfinished ...>
5743  <... recvmsg resumed>{msg_name=NULL, msg_namelen=0, msg_iov=[{iov_base="\241  \2\4\0\0\2!\1\0\0.\1\0\0q\245\34\0\0\0\0\0\0\0\0\0\0\0\0\0"..., iov_len=4096}], msg_iovlen=1, msg_controllen=0, msg_flags=0}, 0) = 272
5890  <... write resumed>)              = 1
5828  <... poll resumed>)               = 1 ([{fd=218, revents=POLLIN}])
5828  write(87<anon_inode:[eventfd]>, "\1\0\0\0\0\0\0\0", 8 <unfinished ...>
5743  recvmsg(17<UNIX-STREAM:[31618->35113]>,  <unfinished ...>
5828  <... write resumed>)              = 8
5828  read(218<anon_inode:inotify>,  <unfinished ...>
5743  <... recvmsg resumed>{msg_namelen=0}, 0) = -1 EAGAIN (Resource temporarily unavailable)
5890  read(168<pipe:[30101]>,  <unfinished ...>
5828  <... read resumed>"\1\0\0\0\0\1\0\0\0\0\0\0 \0\0\0pinyin.conf_223c"..., 4096) = 144
5828  write(87<anon_inode:[eventfd]>, "\1\0\0\0\0\0\0\0", 8) = 8
5890  <... read resumed>"WW", 10)       = 2
5828  write(87<anon_inode:[eventfd]>, "\1\0\0\0\0\0\0\0", 8 <unfinished ...>
5743  recvmsg(33<UNIX-STREAM:[31619->35114]>,  <unfinished ...>
5890  poll([{fd=168<pipe:[30101]>, events=POLLIN}, {fd=171<UNIX-STREAM:[37133->31625]>, events=POLLIN}], 2, 645 <unfinished ...>
5743  <... recvmsg resumed>{msg_namelen=0}, 0) = -1 EAGAIN (Resource temporarily unavailable)
5828  <... write resumed>)              = 8
5743  recvmsg(33<UNIX-STREAM:[31619->35114]>,  <unfinished ...>
5890  <... poll resumed>)               = 1 ([{fd=171, revents=POLLIN}])
5828  poll([{fd=87<anon_inode:[eventfd]>, events=POLLIN}, {fd=218<anon_inode:inotify>, events=0}], 2, 99 <unfinished ...>
5890  write(169<pipe:[30101]>, "W", 1 <unfinished ...>
5828  <... poll resumed>)               = 1 ([{fd=87, revents=POLLIN}])
5743  <... recvmsg resumed>{msg_namelen=0}, 0) = -1 EAGAIN (Resource temporarily unavailable)
5890  <... write resumed>)              = 1
5828  read(87<anon_inode:[eventfd]>, "\3\0\0\0\0\0\0\0", 8) = 8
5743  poll([{fd=13<anon_inode:[eventfd]>, events=POLLIN}, {fd=17<UNIX-STREAM:[31618->35113]>, events=POLLIN}, {fd=33<UNIX-STREAM:[31619->35114]>, events=POLLIN}], 3, 0 <unfinished ...>
5828  poll([{fd=87<anon_inode:[eventfd]>, events=POLLIN}, {fd=218<anon_inode:inotify>, events=0}], 2, 98 <unfinished ...>
5743  <... poll resumed>)               = 0 (Timeout)
5890  recvmsg(171<UNIX-STREAM:[37133->31625]>,  <unfinished ...>
5743  recvmsg(17<UNIX-STREAM:[31618->35113]>,  <unfinished ...>
5890  <... recvmsg resumed>{msg_name=NULL, msg_namelen=0, msg_iov=[{iov_base="L\0\0\0\2L\0\0q\366U\0\0\0\0\0\1P*U\0\0\0\0\0\0\0\0001Tf\230"..., iov_len=83}], msg_iovlen=1, msg_control=[{cmsg_len=28, cmsg_level=SOL_SOCKET, cmsg_type=SCM_CREDENTIALS, cmsg_data={pid=1539, uid=1000, gid=1000}}], msg_controllen=32, msg_flags=0}, 0) = 83
5743  <... recvmsg resumed>{msg_namelen=0}, 0) = -1 EAGAIN (Resource temporarily unavailable)
5890  write(169<pipe:[30101]>, "W", 1)  = 1
5743  recvmsg(17<UNIX-STREAM:[31618->35113]>,  <unfinished ...>
5890  futex(0x74384824898c, FUTEX_WAKE_PRIVATE, 2147483647 <unfinished ...>
5743  <... recvmsg resumed>{msg_namelen=0}, 0) = -1 EAGAIN (Resource temporarily unavailable)
5890  <... futex resumed>)              = 1
5863  <... futex resumed>)              = 0
5743  recvmsg(33<UNIX-STREAM:[31619->35114]>,  <unfinished ...>
5890  read(168<pipe:[30101]>,  <unfinished ...>
5863  futex(0x7438482956f0, FUTEX_LOCK_PI_PRIVATE, NULL <unfinished ...>
5743  <... recvmsg resumed>{msg_namelen=0}, 0) = -1 EAGAIN (Resource temporarily unavailable)
5890  <... read resumed>"WW", 10)       = 2
5743  recvmsg(33<UNIX-STREAM:[31619->35114]>, {msg_namelen=0}, 0) = -1 EAGAIN (Resource temporarily unavailable)
5890  futex(0x7438482956f0, FUTEX_UNLOCK_PI_PRIVATE <unfinished ...>
5743  poll([{fd=13<anon_inode:[eventfd]>, events=POLLIN}, {fd=17<UNIX-STREAM:[31618->35113]>, events=POLLIN}, {fd=33<UNIX-STREAM:[31619->35114]>, events=POLLIN}], 3, 0 <unfinished ...>
5890  <... futex resumed>)              = 0
5863  <... futex resumed>)              = 0
5743  <... poll resumed>)               = 0 (Timeout)
5863  getpid( <unfinished ...>
5890  poll([{fd=168<pipe:[30101]>, events=POLLIN}, {fd=171<UNIX-STREAM:[37133->31625]>, events=POLLIN}], 2, 640 <unfinished ...>
5863  <... getpid resumed>)             = 5743
5868  <... poll resumed>)               = 0 (Timeout)
5743  recvmsg(17<UNIX-STREAM:[31618->35113]>,  <unfinished ...>
5863  futex(0x7438482956f0, FUTEX_UNLOCK_PI_PRIVATE <unfinished ...>
5868  poll([{fd=110<pipe:[27405]>, events=POLLIN}, {fd=112<TCP:[192.168.30.128:37006->35.186.224.35:443]>, events=POLLIN}], 2, 50 <unfinished ...>
5863  <... futex resumed>)              = 0
5743  <... recvmsg resumed>{msg_namelen=0}, 0) = -1 EAGAIN (Resource temporarily unavailable)
5863  futex(0x7438484a2948, FUTEX_WAKE_PRIVATE, 1) = 1
5863  getpid( <unfinished ...>
5743  recvmsg(17<UNIX-STREAM:[31618->35113]>,  <unfinished ...>
5891  <... futex resumed>)              = 0
5863  <... getpid resumed>)             = 5743
5743  <... recvmsg resumed>{msg_namelen=0}, 0) = -1 EAGAIN (Resource temporarily unavailable)
5891  futex(0x7438484a2948, FUTEX_WAIT_PRIVATE, 2, NULL <unfinished ...>
5863  write(169<pipe:[30101]>, "W", 1 <unfinished ...>
5743  recvmsg(33<UNIX-STREAM:[31619->35114]>,  <unfinished ...>
5863  <... write resumed>)              = 1
5863  write(169<pipe:[30101]>, "W", 1 <unfinished ...>
5890  <... poll resumed>)               = 1 ([{fd=168, revents=POLLIN}])
5863  <... write resumed>)              = 1
5743  <... recvmsg resumed>{msg_namelen=0}, 0) = -1 EAGAIN (Resource temporarily unavailable)
5890  futex(0x7438482956f0, FUTEX_LOCK_PI_PRIVATE, NULL <unfinished ...>
5863  futex(0x743848248988, FUTEX_WAIT_BITSET_PRIVATE|FUTEX_CLOCK_REALTIME, 0, NULL, FUTEX_BITSET_MATCH_ANY <unfinished ...>
5743  recvmsg(33<UNIX-STREAM:[31619->35114]>,  <unfinished ...>
5890  <... futex resumed>)              = 0
5743  <... recvmsg resumed>{msg_namelen=0}, 0) = -1 EAGAIN (Resource temporarily unavailable)
5890  sendto(171<UNIX-STREAM:[37133->31625]>, "\0\0\0\30\377\377\377\377\0\0\0\0\0\0\0\0\0\0\0\0L\0\0\0\16L\0\0q\367L\0"..., 44, MSG_NOSIGNAL, NULL, 0 <unfinished ...>
5743  poll([{fd=13<anon_inode:[eventfd]>, events=POLLIN}, {fd=17<UNIX-STREAM:[31618->35113]>, events=POLLIN}, {fd=33<UNIX-STREAM:[31619->35114]>, events=POLLIN}], 3, 0) = 0 (Timeout)
5743  recvmsg(17<UNIX-STREAM:[31618->35113]>, {msg_namelen=0}, 0) = -1 EAGAIN (Resource temporarily unavailable)
5743  recvmsg(17<UNIX-STREAM:[31618->35113]>, {msg_namelen=0}, 0) = -1 EAGAIN (Resource temporarily unavailable)
5743  poll([{fd=17<UNIX-STREAM:[31618->35113]>, events=POLLIN|POLLOUT}], 1, -1 <unfinished ...>
5890  <... sendto resumed>)             = 44
5743  <... poll resumed>)               = 1 ([{fd=17, revents=POLLOUT}])
5890  read(168<pipe:[30101]>,  <unfinished ...>
5743  writev(17<UNIX-STREAM:[31618->35113]>, [{iov_base="\31\0\v\0 \4\0\0\0\0\30\0!  \2 \4\0\0!\1\0\0.\1\0\0q\245\34\0"..., iov_len=44}], 1 <unfinished ...>
5890  <... read resumed>"WW", 10)       = 2
5743  <... writev resumed>)             = 44
5743  recvmsg(33<UNIX-STREAM:[31619->35114]>,  <unfinished ...>
5890  poll([{fd=168<pipe:[30101]>, events=POLLIN}, {fd=171<UNIX-STREAM:[37133->31625]>, events=POLLIN}], 2, 631 <unfinished ...>
5743  <... recvmsg resumed>{msg_namelen=0}, 0) = -1 EAGAIN (Resource temporarily unavailable)
5890  <... poll resumed>)               = 1 ([{fd=171, revents=POLLIN}])
5890  write(169<pipe:[30101]>, "W", 1 <unfinished ...>
5743  recvmsg(33<UNIX-STREAM:[31619->35114]>,  <unfinished ...>
5890  <... write resumed>)              = 1
5743  <... recvmsg resumed>{msg_namelen=0}, 0) = -1 EAGAIN (Resource temporarily unavailable)
5743  poll([{fd=13<anon_inode:[eventfd]>, events=POLLIN}, {fd=17<UNIX-STREAM:[31618->35113]>, events=POLLIN}, {fd=33<UNIX-STREAM:[31619->35114]>, events=POLLIN}], 3, 0 <unfinished ...>
5890  recvmsg(171<UNIX-STREAM:[37133->31625]>,  <unfinished ...>
5743  <... poll resumed>)               = 0 (Timeout)
5743  recvmsg(17<UNIX-STREAM:[31618->35113]>, {msg_namelen=0}, 0) = -1 EAGAIN (Resource temporarily unavailable)
5890  <... recvmsg resumed>{msg_name=NULL, msg_namelen=0, msg_iov=[{iov_base="\0\0\0S\377\377\377\377\0\0\0\0\0\0\0\0\0\0\0\0", iov_len=20}], msg_iovlen=1, msg_control=[{cmsg_len=28, cmsg_level=SOL_SOCKET, cmsg_type=SCM_CREDENTIALS, cmsg_data={pid=1539, uid=1000, gid=1000}}], msg_controllen=32, msg_flags=0}, 0) = 20
5743  recvmsg(17<UNIX-STREAM:[31618->35113]>,  <unfinished ...>
5890  write(169<pipe:[30101]>, "W", 1 <unfinished ...>
5743  <... recvmsg resumed>{msg_namelen=0}, 0) = -1 EAGAIN (Resource temporarily unavailable)
5890  <... write resumed>)              = 1
5743  getpid( <unfinished ...>
5890  read(168<pipe:[30101]>,  <unfinished ...>
5743  <... getpid resumed>)             = 5743
5743  getpid()                          = 5743
5743  write(89<anon_inode:[eventfd]>, "\1\0\0\0\0\0\0\0", 8 <unfinished ...>
5890  <... read resumed>"WW", 10)       = 2
5743  <... write resumed>)              = 8
5831  <... restart_syscall resumed>)    = 1
5743  openat(AT_FDCWD</home/venice/Desktop/music>, "/etc/localtime", O_RDONLY|O_CLOEXEC <unfinished ...>
5890  poll([{fd=168<pipe:[30101]>, events=POLLIN}, {fd=171<UNIX-STREAM:[37133->31625]>, events=POLLIN}], 2, 623) = 1 ([{fd=171, revents=POLLIN}])
5831  read(89<anon_inode:[eventfd]>,  <unfinished ...>
5743  <... openat resumed>)             = -1 ENOENT (No such file or directory)
5890  write(169<pipe:[30101]>, "W", 1 <unfinished ...>
5831  <... read resumed>"\1\0\0\0\0\0\0\0", 8) = 8
5890  <... write resumed>)              = 1
5743  openat(AT_FDCWD</home/venice/Desktop/music>, "/etc/localtime", O_RDONLY|O_CLOEXEC <unfinished ...>
5831  sendmsg(219<UNIX-STREAM:[30168->30169]>, {msg_name=NULL, msg_namelen=0, msg_iov=[{iov_base="l\1\1\1\0\0\0\0004\0\0\0v\0\0\0\1\1o\0&\0\0\0/org/fre"..., iov_len=136}], msg_iovlen=1, msg_controllen=0, msg_flags=0}, MSG_NOSIGNAL <unfinished ...>
5890  recvmsg(171<UNIX-STREAM:[37133->31625]>,  <unfinished ...>
5743  <... openat resumed>)             = -1 ENOENT (No such file or directory)
5890  <... recvmsg resumed>{msg_name=NULL, msg_namelen=0, msg_iov=[{iov_base="L\0\0\0\2L\0\0q\367U\0\0\0\0\0\1P*U\0\0\0\0\0\0\0\0001Tf\230"..., iov_len=83}], msg_iovlen=1, msg_control=[{cmsg_len=28, cmsg_level=SOL_SOCKET, cmsg_type=SCM_CREDENTIALS, cmsg_data={pid=1539, uid=1000, gid=1000}}], msg_controllen=32, msg_flags=0}, 0) = 83
5831  <... sendmsg resumed>)            = 136
5743  sendto(195<UNIX-STREAM:[37142->37143]>, "\10\0\0\0h\0\0\0\30\0\24\0\0\0\0\0\224\33\0\0\0\0\0\0\0\0\0\0\0\0\0\0"..., 104, MSG_NOSIGNAL, NULL, 0 <unfinished ...>
5890  write(169<pipe:[30101]>, "W", 1 <unfinished ...>
5743  <... sendto resumed>)             = 104
5890  <... write resumed>)              = 1
5743  recvmsg(17<UNIX-STREAM:[31618->35113]>,  <unfinished ...>
5890  futex(0x743848248988, FUTEX_WAKE_PRIVATE, 2147483647 <unfinished ...>
5831  poll([{fd=89<anon_inode:[eventfd]>, events=POLLIN}, {fd=106<UNIX-STREAM:[37090->32641]>, events=POLLIN}, {fd=135<UNIX-STREAM:[37095->32643]>, events=POLLIN}, {fd=219<UNIX-STREAM:[30168->30169]>, events=POLLIN}], 4, 0 <unfinished ...>
5743  <... recvmsg resumed>{msg_namelen=0}, 0) = -1 EAGAIN (Resource temporarily unavailable)
5890  <... futex resumed>)              = 1
5863  <... futex resumed>)              = 0
5743  poll([{fd=17<UNIX-STREAM:[31618->35113]>, events=POLLIN|POLLOUT}], 1, -1 <unfinished ...>
5890  read(168<pipe:[30101]>,  <unfinished ...>
5863  futex(0x7438482956f0, FUTEX_LOCK_PI_PRIVATE, NULL <unfinished ...>
5743  <... poll resumed>)               = 1 ([{fd=17, revents=POLLOUT}])
5890  <... read resumed>"WW", 10)       = 2
5743  writev(17<UNIX-STREAM:[31618->35113]>, [{iov_base="\22\0\7\0\4\0\0\2F\1\0\0\6\0\0\0 \0\0\0\1\0\0\0q\245\34\0\2033\7\0"..., iov_len=56}], 1 <unfinished ...>
5890  futex(0x7438482956f0, FUTEX_UNLOCK_PI_PRIVATE <unfinished ...>
5743  <... writev resumed>)             = 56
5890  <... futex resumed>)              = 0
5863  <... futex resumed>)              = 0
5831  <... poll resumed>)               = 0 (Timeout)
5771  <... epoll_wait resumed>[{events=EPOLLIN, data={u32=3825230760, u64=127787692221352}}], 16, 48515) = 1
5743  poll([{fd=17<UNIX-STREAM:[31618->35113]>, events=POLLIN}], 1, -1 <unfinished ...>
5890  poll([{fd=168<pipe:[30101]>, events=POLLIN}, {fd=171<UNIX-STREAM:[37133->31625]>, events=POLLIN}], 2, 619 <unfinished ...>
5863  getpid( <unfinished ...>
5831  poll([{fd=89<anon_inode:[eventfd]>, events=POLLIN}, {fd=106<UNIX-STREAM:[37090->32641]>, events=POLLIN}, {fd=135<UNIX-STREAM:[37095->32643]>, events=POLLIN}, {fd=219<UNIX-STREAM:[30168->30169]>, events=POLLIN}], 4, -1 <unfinished ...>
5743  <... poll resumed>)               = 1 ([{fd=17, revents=POLLIN}])
5863  <... getpid resumed>)             = 5743
5771  recvmsg(195<UNIX-STREAM:[37142->37143]>,  <unfinished ...>
5743  recvmsg(17<UNIX-STREAM:[31618->35113]>,  <unfinished ...>
5863  futex(0x7438482956f0, FUTEX_UNLOCK_PI_PRIVATE) = 0
5743  <... recvmsg resumed>{msg_name=NULL, msg_namelen=0, msg_iov=[{iov_base="\34\0\"\2\4\0\0\2F\1\0\0\235\245\34\0\0\0\0\0\0\0\0\0\0\0\0\0\0\0\0\0"..., iov_len=4096}], msg_iovlen=1, msg_controllen=0, msg_flags=0}, 0) = 64
5863  futex(0x7438484a2948, FUTEX_WAKE_PRIVATE, 1 <unfinished ...>
5743  recvmsg(33<UNIX-STREAM:[31619->35114]>,  <unfinished ...>
5863  <... futex resumed>)              = 1
5743  <... recvmsg resumed>{msg_namelen=0}, 0) = -1 EAGAIN (Resource temporarily unavailable)
5863  getpid( <unfinished ...>
5743  recvmsg(33<UNIX-STREAM:[31619->35114]>, {msg_namelen=0}, 0) = -1 EAGAIN (Resource temporarily unavailable)
5743  poll([{fd=13<anon_inode:[eventfd]>, events=POLLIN}, {fd=17<UNIX-STREAM:[31618->35113]>, events=POLLIN}, {fd=33<UNIX-STREAM:[31619->35114]>, events=POLLIN}], 3, 0) = 0 (Timeout)
5743  recvmsg(33<UNIX-STREAM:[31619->35114]>, {msg_namelen=0}, 0) = -1 EAGAIN (Resource temporarily unavailable)
5743  recvmsg(33<UNIX-STREAM:[31619->35114]>, {msg_namelen=0}, 0) = -1 EAGAIN (Resource temporarily unavailable)
5743  poll([{fd=13<anon_inode:[eventfd]>, events=POLLIN}, {fd=17<UNIX-STREAM:[31618->35113]>, events=POLLIN}, {fd=33<UNIX-STREAM:[31619->35114]>, events=POLLIN}], 3, 0) = 0 (Timeout)
5743  recvmsg(33<UNIX-STREAM:[31619->35114]>, {msg_namelen=0}, 0) = -1 EAGAIN (Resource temporarily unavailable)
5743  recvmsg(33<UNIX-STREAM:[31619->35114]>, {msg_namelen=0}, 0) = -1 EAGAIN (Resource temporarily unavailable)
5743  poll([{fd=13<anon_inode:[eventfd]>, events=POLLIN}, {fd=17<UNIX-STREAM:[31618->35113]>, events=POLLIN}, {fd=33<UNIX-STREAM:[31619->35114]>, events=POLLIN}], 3, 0) = 0 (Timeout)
5743  recvmsg(33<UNIX-STREAM:[31619->35114]>, {msg_namelen=0}, 0) = -1 EAGAIN (Resource temporarily unavailable)
5743  recvmsg(33<UNIX-STREAM:[31619->35114]>, {msg_namelen=0}, 0) = -1 EAGAIN (Resource temporarily unavailable)
5743  poll([{fd=13<anon_inode:[eventfd]>, events=POLLIN}, {fd=17<UNIX-STREAM:[31618->35113]>, events=POLLIN}, {fd=33<UNIX-STREAM:[31619->35114]>, events=POLLIN}], 3, 0) = 0 (Timeout)
5743  recvmsg(33<UNIX-STREAM:[31619->35114]>, {msg_namelen=0}, 0) = -1 EAGAIN (Resource temporarily unavailable)
5743  recvmsg(33<UNIX-STREAM:[31619->35114]>, {msg_namelen=0}, 0) = -1 EAGAIN (Resource temporarily unavailable)
5743  poll([{fd=13<anon_inode:[eventfd]>, events=POLLIN}, {fd=17<UNIX-STREAM:[31618->35113]>, events=POLLIN}, {fd=33<UNIX-STREAM:[31619->35114]>, events=POLLIN}], 3, 0) = 0 (Timeout)
5743  sendto(195<UNIX-STREAM:[37142->37143]>, "\10\0\0\0h\0\0\0\30\0\24\0\0\0\0\0\225\33\0\0\0\0\0\0\0\0\0\0\0\0\0\0"..., 104, MSG_NOSIGNAL, NULL, 0) = 104
5863  <... getpid resumed>)             = 5743
5743  sendto(195<UNIX-STREAM:[37142->37143]>, "\10\0\0\0h\0\0\0\30\0\24\0\0\0\0\0\226\33\0\0\0\0\0\0\0\0\0\0\0\0\0\0"..., 104, MSG_NOSIGNAL, NULL, 0) = 104
5743  poll([{fd=17<UNIX-STREAM:[31618->35113]>, events=POLLIN|POLLOUT}], 1, -1 <unfinished ...>
5863  write(169<pipe:[30101]>, "W", 1 <unfinished ...>
5891  <... futex resumed>)              = 0
5771  <... recvmsg resumed>{msg_name=NULL, msg_namelen=0, msg_iov=[{iov_base="\10\0\0\0h\0\0\0\30\0\24\0\0\0\0\0|\\\0\0\0\0\0\0\0\0\0\0\0\0\0\0"..., iov_len=4096}], msg_iovlen=1, msg_controllen=0, msg_flags=0}, MSG_DONTWAIT) = 104
5743  <... poll resumed>)               = 1 ([{fd=17, revents=POLLOUT}])
5891  futex(0x7438484a2948, FUTEX_WAIT_PRIVATE, 2, NULL <unfinished ...>
5863  <... write resumed>)              = 1
5743  writev(17<UNIX-STREAM:[31618->35113]>, [{iov_base="\2034\3\0\0\0\0\0\2\0\0\0\33\0\2\0\0\0\0\0", iov_len=20}], 1 <unfinished ...>
5863  write(169<pipe:[30101]>, "W", 1 <unfinished ...>
5743  <... writev resumed>)             = 20
5863  <... write resumed>)              = 1
5890  <... poll resumed>)               = 1 ([{fd=168, revents=POLLIN}])
5771  write(32<anon_inode:[eventfd]>, "\1\0\0\0\0\0\0\0", 8 <unfinished ...>
5890  sendto(171<UNIX-STREAM:[37133->31625]>, "\0\0\0\30\377\377\377\377\0\0\0\0\0\0\0\0\0\0\0\0L\0\0\0\16L\0\0q\370L\0"..., 44, MSG_NOSIGNAL, NULL, 0 <unfinished ...>
5863  futex(0x74384824898c, FUTEX_WAIT_BITSET_PRIVATE|FUTEX_CLOCK_REALTIME, 0, NULL, FUTEX_BITSET_MATCH_ANY <unfinished ...>
5743  recvmsg(33<UNIX-STREAM:[31619->35114]>,  <unfinished ...>
5771  <... write resumed>)              = 8
5890  <... sendto resumed>)             = 44
5890  read(168<pipe:[30101]>,  <unfinished ...>
5743  <... recvmsg resumed>{msg_namelen=0}, 0) = -1 EAGAIN (Resource temporarily unavailable)
5771  write(15<pipe:[31615]>, "!", 1 <unfinished ...>
5890  <... read resumed>"WW", 10)       = 2
5743  recvmsg(33<UNIX-STREAM:[31619->35114]>,  <unfinished ...>
5771  <... write resumed>)              = 1
5890  poll([{fd=168<pipe:[30101]>, events=POLLIN}, {fd=171<UNIX-STREAM:[37133->31625]>, events=POLLIN}], 2, 605 <unfinished ...>
5743  <... recvmsg resumed>{msg_namelen=0}, 0) = -1 EAGAIN (Resource temporarily unavailable)
5771  epoll_wait(31<anon_inode:[eventpoll]>, [{events=EPOLLIN, data={u32=4026539168, u64=127787893529760}}], 16, 0) = 1
5890  <... poll resumed>)               = 1 ([{fd=171, revents=POLLIN}])
5771  read(32<anon_inode:[eventfd]>,  <unfinished ...>
5890  write(169<pipe:[30101]>, "W", 1 <unfinished ...>
5743  poll([{fd=13<anon_inode:[eventfd]>, events=POLLIN}, {fd=17<UNIX-STREAM:[31618->35113]>, events=POLLIN}, {fd=33<UNIX-STREAM:[31619->35114]>, events=POLLIN}], 3, 0 <unfinished ...>
5771  <... read resumed>"\1\0\0\0\0\0\0\0", 8) = 8
5890  <... write resumed>)              = 1
5771  epoll_wait(31<anon_inode:[eventpoll]>,  <unfinished ...>
5890  recvmsg(171<UNIX-STREAM:[37133->31625]>,  <unfinished ...>
5743  <... poll resumed>)               = 0 (Timeout)
5771  <... epoll_wait resumed>[], 16, 0) = 0
5890  <... recvmsg resumed>{msg_name=NULL, msg_namelen=0, msg_iov=[{iov_base="\0\0\0S\377\377\377\377\0\0\0\0\0\0\0\0\0\0\0\0", iov_len=20}], msg_iovlen=1, msg_control=[{cmsg_len=28, cmsg_level=SOL_SOCKET, cmsg_type=SCM_CREDENTIALS, cmsg_data={pid=1539, uid=1000, gid=1000}}], msg_controllen=32, msg_flags=0}, 0) = 20
5771  epoll_wait(31<anon_inode:[eventpoll]>,  <unfinished ...>
5743  recvmsg(17<UNIX-STREAM:[31618->35113]>,  <unfinished ...>
5890  write(169<pipe:[30101]>, "W", 1 <unfinished ...>
5743  <... recvmsg resumed>{msg_namelen=0}, 0) = -1 EAGAIN (Resource temporarily unavailable)
5890  <... write resumed>)              = 1
5743  recvmsg(17<UNIX-STREAM:[31618->35113]>,  <unfinished ...>
5890  read(168<pipe:[30101]>,  <unfinished ...>
5743  <... recvmsg resumed>{msg_namelen=0}, 0) = -1 EAGAIN (Resource temporarily unavailable)
5890  <... read resumed>"WW", 10)       = 2
5743  recvmsg(17<UNIX-STREAM:[31618->35113]>, {msg_namelen=0}, 0) = -1 EAGAIN (Resource temporarily unavailable)
5743  recvmsg(33<UNIX-STREAM:[31619->35114]>, {msg_namelen=0}, 0) = -1 EAGAIN (Resource temporarily unavailable)
5890  poll([{fd=168<pipe:[30101]>, events=POLLIN}, {fd=171<UNIX-STREAM:[37133->31625]>, events=POLLIN}], 2, 599 <unfinished ...>
5743  recvmsg(33<UNIX-STREAM:[31619->35114]>, {msg_namelen=0}, 0) = -1 EAGAIN (Resource temporarily unavailable)
5890  <... poll resumed>)               = 1 ([{fd=171, revents=POLLIN}])
5743  poll([{fd=13<anon_inode:[eventfd]>, events=POLLIN}, {fd=14<pipe:[31615]>, events=POLLIN}, {fd=17<UNIX-STREAM:[31618->35113]>, events=POLLIN}, {fd=33<UNIX-STREAM:[31619->35114]>, events=POLLIN}], 4, 0 <unfinished ...>
5890  write(169<pipe:[30101]>, "W", 1 <unfinished ...>
5743  <... poll resumed>)               = 1 ([{fd=14, revents=POLLIN}])
5890  <... write resumed>)              = 1
5890  recvmsg(171<UNIX-STREAM:[37133->31625]>, {msg_name=NULL, msg_namelen=0, msg_iov=[{iov_base="L\0\0\0\2L\0\0q\370U\0\0\0\0\0\1P*U\0\0\0\0\0\0\0\0001Tf\230"..., iov_len=83}], msg_iovlen=1, msg_control=[{cmsg_len=28, cmsg_level=SOL_SOCKET, cmsg_type=SCM_CREDENTIALS, cmsg_data={pid=1539, uid=1000, gid=1000}}], msg_controllen=32, msg_flags=0}, 0) = 83
5890  write(169<pipe:[30101]>, "W", 1)  = 1
5743  recvmsg(17<UNIX-STREAM:[31618->35113]>,  <unfinished ...>
5890  futex(0x74384824898c, FUTEX_WAKE_PRIVATE, 2147483647 <unfinished ...>
5743  <... recvmsg resumed>{msg_namelen=0}, 0) = -1 EAGAIN (Resource temporarily unavailable)
5890  <... futex resumed>)              = 1
5743  read(14<pipe:[31615]>,  <unfinished ...>
5863  <... futex resumed>)              = 0
5890  read(168<pipe:[30101]>,  <unfinished ...>
5743  <... read resumed>"!!", 2)        = 2
5863  futex(0x7438482956f0, FUTEX_LOCK_PI_PRIVATE, NULL <unfinished ...>
5890  <... read resumed>"WW", 10)       = 2
5743  recvmsg(17<UNIX-STREAM:[31618->35113]>,  <unfinished ...>
5890  futex(0x7438482956f0, FUTEX_UNLOCK_PI_PRIVATE <unfinished ...>
5743  <... recvmsg resumed>{msg_namelen=0}, 0) = -1 EAGAIN (Resource temporarily unavailable)
5743  recvmsg(33<UNIX-STREAM:[31619->35114]>, {msg_namelen=0}, 0) = -1 EAGAIN (Resource temporarily unavailable)
5890  <... futex resumed>)              = 0
5743  recvmsg(33<UNIX-STREAM:[31619->35114]>,  <unfinished ...>
5890  poll([{fd=168<pipe:[30101]>, events=POLLIN}, {fd=171<UNIX-STREAM:[37133->31625]>, events=POLLIN}], 2, 596 <unfinished ...>
5863  <... futex resumed>)              = 0
5743  <... recvmsg resumed>{msg_namelen=0}, 0) = -1 EAGAIN (Resource temporarily unavailable)
5863  getpid( <unfinished ...>
5743  poll([{fd=13<anon_inode:[eventfd]>, events=POLLIN}, {fd=14<pipe:[31615]>, events=POLLIN}, {fd=17<UNIX-STREAM:[31618->35113]>, events=POLLIN}, {fd=33<UNIX-STREAM:[31619->35114]>, events=POLLIN}], 4, 0 <unfinished ...>
5863  <... getpid resumed>)             = 5743
5863  futex(0x7438482956f0, FUTEX_UNLOCK_PI_PRIVATE) = 0
5863  futex(0x7438484a2948, FUTEX_WAKE_PRIVATE, 1 <unfinished ...>
5743  <... poll resumed>)               = 1 ([{fd=14, revents=POLLIN}])
5863  <... futex resumed>)              = 1
5891  <... futex resumed>)              = 0
5743  recvmsg(17<UNIX-STREAM:[31618->35113]>,  <unfinished ...>
5863  getpid( <unfinished ...>
5875  <... futex resumed>)              = -1 ETIMEDOUT (Connection timed out)
5863  <... getpid resumed>)             = 5743
5891  futex(0x7438484a2948, FUTEX_WAIT_PRIVATE, 2, NULL <unfinished ...>
5743  <... recvmsg resumed>{msg_namelen=0}, 0) = -1 EAGAIN (Resource temporarily unavailable)
5875  futex(0x743848096ce8, FUTEX_WAKE_PRIVATE, 1 <unfinished ...>
5863  write(169<pipe:[30101]>, "W", 1 <unfinished ...>
5875  <... futex resumed>)              = 0
5743  read(14<pipe:[31615]>,  <unfinished ...>
5890  <... poll resumed>)               = 1 ([{fd=168, revents=POLLIN}])
5875  futex(0x743848084688, FUTEX_WAIT_BITSET_PRIVATE, 0, {tv_sec=1877, tv_nsec=532277203}, FUTEX_BITSET_MATCH_ANY <unfinished ...>
5863  <... write resumed>)              = 1
5890  futex(0x7438482956f0, FUTEX_LOCK_PI_PRIVATE, NULL <unfinished ...>
5743  <... read resumed>"!", 2)         = 1
5863  write(169<pipe:[30101]>, "W", 1 <unfinished ...>
5743  recvmsg(17<UNIX-STREAM:[31618->35113]>,  <unfinished ...>
5863  <... write resumed>)              = 1
5743  <... recvmsg resumed>{msg_namelen=0}, 0) = -1 EAGAIN (Resource temporarily unavailable)
5863  futex(0x743848248988, FUTEX_WAIT_BITSET_PRIVATE|FUTEX_CLOCK_REALTIME, 0, NULL, FUTEX_BITSET_MATCH_ANY <unfinished ...>
5743  recvmsg(33<UNIX-STREAM:[31619->35114]>,  <unfinished ...>
5890  <... futex resumed>)              = 0
5743  <... recvmsg resumed>{msg_namelen=0}, 0) = -1 EAGAIN (Resource temporarily unavailable)
5890  sendto(171<UNIX-STREAM:[37133->31625]>, "\0\0\0\30\377\377\377\377\0\0\0\0\0\0\0\0\0\0\0\0L\0\0\0\16L\0\0q\371L\0"..., 44, MSG_NOSIGNAL, NULL, 0) = 44
5890  read(168<pipe:[30101]>, "WW", 10) = 2
5890  poll([{fd=168<pipe:[30101]>, events=POLLIN}, {fd=171<UNIX-STREAM:[37133->31625]>, events=POLLIN}], 2, 589) = 1 ([{fd=171, revents=POLLIN}])
5890  write(169<pipe:[30101]>, "W", 1)  = 1
5890  recvmsg(171<UNIX-STREAM:[37133->31625]>,  <unfinished ...>
5868  <... poll resumed>)               = 0 (Timeout)
5890  <... recvmsg resumed>{msg_name=NULL, msg_namelen=0, msg_iov=[{iov_base="\0\0\0S\377\377\377\377\0\0\0\0\0\0\0\0\0\0\0\0", iov_len=20}], msg_iovlen=1, msg_control=[{cmsg_len=28, cmsg_level=SOL_SOCKET, cmsg_type=SCM_CREDENTIALS, cmsg_data={pid=1539, uid=1000, gid=1000}}], msg_controllen=32, msg_flags=0}, 0) = 20
5868  poll([{fd=110<pipe:[27405]>, events=POLLIN}, {fd=112<TCP:[192.168.30.128:37006->35.186.224.35:443]>, events=POLLIN}], 2, 50 <unfinished ...>
5890  write(169<pipe:[30101]>, "W", 1 <unfinished ...>
5743  recvmsg(33<UNIX-STREAM:[31619->35114]>,  <unfinished ...>
5890  <... write resumed>)              = 1
5743  <... recvmsg resumed>{msg_namelen=0}, 0) = -1 EAGAIN (Resource temporarily unavailable)
5890  read(168<pipe:[30101]>,  <unfinished ...>
5743  poll([{fd=13<anon_inode:[eventfd]>, events=POLLIN}, {fd=14<pipe:[31615]>, events=POLLIN}, {fd=17<UNIX-STREAM:[31618->35113]>, events=POLLIN}, {fd=33<UNIX-STREAM:[31619->35114]>, events=POLLIN}], 4, 0 <unfinished ...>
5890  <... read resumed>"WW", 10)       = 2
5743  <... poll resumed>)               = 0 (Timeout)
5890  poll([{fd=168<pipe:[30101]>, events=POLLIN}, {fd=171<UNIX-STREAM:[37133->31625]>, events=POLLIN}], 2, 587 <unfinished ...>
5743  recvmsg(17<UNIX-STREAM:[31618->35113]>,  <unfinished ...>
5890  <... poll resumed>)               = 1 ([{fd=171, revents=POLLIN}])
5743  <... recvmsg resumed>{msg_namelen=0}, 0) = -1 EAGAIN (Resource temporarily unavailable)
5890  write(169<pipe:[30101]>, "W", 1 <unfinished ...>
5743  recvmsg(17<UNIX-STREAM:[31618->35113]>, {msg_namelen=0}, 0) = -1 EAGAIN (Resource temporarily unavailable)
5743  recvmsg(33<UNIX-STREAM:[31619->35114]>,  <unfinished ...>
5890  <... write resumed>)              = 1
5743  <... recvmsg resumed>{msg_namelen=0}, 0) = -1 EAGAIN (Resource temporarily unavailable)
5890  recvmsg(171<UNIX-STREAM:[37133->31625]>,  <unfinished ...>
5743  recvmsg(33<UNIX-STREAM:[31619->35114]>, {msg_namelen=0}, 0) = -1 EAGAIN (Resource temporarily unavailable)
5890  <... recvmsg resumed>{msg_name=NULL, msg_namelen=0, msg_iov=[{iov_base="L\0\0\0\2L\0\0q\371U\0\0\0\0\0\1P*U\0\0\0\0\0\0\0\0001Tf\230"..., iov_len=83}], msg_iovlen=1, msg_control=[{cmsg_len=28, cmsg_level=SOL_SOCKET, cmsg_type=SCM_CREDENTIALS, cmsg_data={pid=1539, uid=1000, gid=1000}}], msg_controllen=32, msg_flags=0}, 0) = 83
5743  poll([{fd=13<anon_inode:[eventfd]>, events=POLLIN}, {fd=14<pipe:[31615]>, events=POLLIN}, {fd=17<UNIX-STREAM:[31618->35113]>, events=POLLIN}, {fd=33<UNIX-STREAM:[31619->35114]>, events=POLLIN}], 4, 1240 <unfinished ...>
5890  write(169<pipe:[30101]>, "W", 1 <unfinished ...>
5771  <... epoll_wait resumed>[{events=EPOLLIN, data={u32=3825230760, u64=127787692221352}}], 16, 48465) = 1
5890  <... write resumed>)              = 1
5890  futex(0x743848248988, FUTEX_WAKE_PRIVATE, 2147483647 <unfinished ...>
5771  recvmsg(195<UNIX-STREAM:[37142->37143]>,  <unfinished ...>
5890  <... futex resumed>)              = 1
5863  <... futex resumed>)              = 0
5863  futex(0x7438482956f0, FUTEX_LOCK_PI_PRIVATE, NULL <unfinished ...>
5771  <... recvmsg resumed>{msg_name=NULL, msg_namelen=0, msg_iov=[{iov_base="\10\0\0\0h\0\0\0\30\0\24\0\0\0\0\0}\\\0\0\0\0\0\0\0\0\0\0\0\0\0\0"..., iov_len=4096}], msg_iovlen=1, msg_controllen=0, msg_flags=0}, MSG_DONTWAIT) = 520
5890  read(168<pipe:[30101]>,  <unfinished ...>
5771  write(15<pipe:[31615]>, "!", 1 <unfinished ...>
5890  <... read resumed>"WW", 10)       = 2
5771  <... write resumed>)              = 1
5743  <... poll resumed>)               = 1 ([{fd=14, revents=POLLIN}])
5890  futex(0x7438482956f0, FUTEX_UNLOCK_PI_PRIVATE) = 0
5863  <... futex resumed>)              = 0
5771  write(32<anon_inode:[eventfd]>, "\1\0\0\0\0\0\0\0", 8 <unfinished ...>
5743  recvmsg(17<UNIX-STREAM:[31618->35113]>,  <unfinished ...>
5863  getpid( <unfinished ...>
5743  <... recvmsg resumed>{msg_namelen=0}, 0) = -1 EAGAIN (Resource temporarily unavailable)
5863  <... getpid resumed>)             = 5743
5890  poll([{fd=168<pipe:[30101]>, events=POLLIN}, {fd=171<UNIX-STREAM:[37133->31625]>, events=POLLIN}], 2, 582 <unfinished ...>
5863  futex(0x7438482956f0, FUTEX_UNLOCK_PI_PRIVATE <unfinished ...>
5771  <... write resumed>)              = 8
5743  read(14<pipe:[31615]>,  <unfinished ...>
5863  <... futex resumed>)              = 0
5743  <... read resumed>"!", 2)         = 1
5863  futex(0x7438484a2948, FUTEX_WAKE_PRIVATE, 1 <unfinished ...>
5771  epoll_wait(31<anon_inode:[eventpoll]>,  <unfinished ...>
5743  recvmsg(17<UNIX-STREAM:[31618->35113]>,  <unfinished ...>
5863  <... futex resumed>)              = 1
5771  <... epoll_wait resumed>[{events=EPOLLIN, data={u32=4026539168, u64=127787893529760}}], 16, 0) = 1
5743  <... recvmsg resumed>{msg_namelen=0}, 0) = -1 EAGAIN (Resource temporarily unavailable)
5891  <... futex resumed>)              = 0
5863  getpid( <unfinished ...>
5771  read(32<anon_inode:[eventfd]>,  <unfinished ...>
5891  futex(0x7438484a2948, FUTEX_WAIT_PRIVATE, 2, NULL <unfinished ...>
5743  recvmsg(33<UNIX-STREAM:[31619->35114]>,  <unfinished ...>
5863  <... getpid resumed>)             = 5743
5771  <... read resumed>"\1\0\0\0\0\0\0\0", 8) = 8
5771  epoll_wait(31<anon_inode:[eventpoll]>,  <unfinished ...>
5743  <... recvmsg resumed>{msg_namelen=0}, 0) = -1 EAGAIN (Resource temporarily unavailable)
5863  write(169<pipe:[30101]>, "W", 1 <unfinished ...>
5771  <... epoll_wait resumed>[{events=EPOLLIN, data={u32=3825230760, u64=127787692221352}}], 16, 0) = 1
5743  recvmsg(33<UNIX-STREAM:[31619->35114]>,  <unfinished ...>
5863  <... write resumed>)              = 1
5890  <... poll resumed>)               = 1 ([{fd=168, revents=POLLIN}])
5771  recvmsg(195<UNIX-STREAM:[37142->37143]>,  <unfinished ...>
5743  <... recvmsg resumed>{msg_namelen=0}, 0) = -1 EAGAIN (Resource temporarily unavailable)
5890  futex(0x7438482956f0, FUTEX_LOCK_PI_PRIVATE, NULL <unfinished ...>
5863  write(169<pipe:[30101]>, "W", 1 <unfinished ...>
5771  <... recvmsg resumed>{msg_name=NULL, msg_namelen=0, msg_iov=[{iov_base="\10\0\0\0h\0\0\0\30\0\24\0\0\0\0\0\202\\\0\0\0\0\0\0\0\0\0\0\0\0\0\0"..., iov_len=4096}], msg_iovlen=1, msg_controllen=0, msg_flags=0}, MSG_DONTWAIT) = 416
5743  poll([{fd=13<anon_inode:[eventfd]>, events=POLLIN}, {fd=14<pipe:[31615]>, events=POLLIN}, {fd=17<UNIX-STREAM:[31618->35113]>, events=POLLIN}, {fd=33<UNIX-STREAM:[31619->35114]>, events=POLLIN}], 4, 0 <unfinished ...>
5863  <... write resumed>)              = 1
5771  write(32<anon_inode:[eventfd]>, "\1\0\0\0\0\0\0\0", 8 <unfinished ...>
5743  <... poll resumed>)               = 0 (Timeout)
5863  futex(0x7438482956f0, FUTEX_UNLOCK_PI_PRIVATE <unfinished ...>
5771  <... write resumed>)              = 8
5743  recvmsg(17<UNIX-STREAM:[31618->35113]>,  <unfinished ...>
5863  <... futex resumed>)              = 0
5890  <... futex resumed>)              = 0
5771  epoll_wait(31<anon_inode:[eventpoll]>,  <unfinished ...>
5743  <... recvmsg resumed>{msg_namelen=0}, 0) = -1 EAGAIN (Resource temporarily unavailable)
5890  sendto(171<UNIX-STREAM:[37133->31625]>, "\0\0\0\30\377\377\377\377\0\0\0\0\0\0\0\0\0\0\0\0L\0\0\0\16L\0\0q\372L\0"..., 44, MSG_NOSIGNAL, NULL, 0 <unfinished ...>
5863  futex(0x74384824898c, FUTEX_WAIT_BITSET_PRIVATE|FUTEX_CLOCK_REALTIME, 0, NULL, FUTEX_BITSET_MATCH_ANY <unfinished ...>
5771  <... epoll_wait resumed>[{events=EPOLLIN, data={u32=4026539168, u64=127787893529760}}], 16, 0) = 1
5743  write(89<anon_inode:[eventfd]>, "\1\0\0\0\0\0\0\0", 8 <unfinished ...>
5890  <... sendto resumed>)             = 44
5771  read(32<anon_inode:[eventfd]>,  <unfinished ...>
5831  <... poll resumed>)               = 1 ([{fd=89, revents=POLLIN}])
5743  <... write resumed>)              = 8
5890  read(168<pipe:[30101]>,  <unfinished ...>
5831  futex(0x74385c005a60, FUTEX_WAIT_PRIVATE, 2, NULL <unfinished ...>
5771  <... read resumed>"\1\0\0\0\0\0\0\0", 8) = 8
5831  <... futex resumed>)              = -1 EAGAIN (Resource temporarily unavailable)
5743  futex(0x74385c005a60, FUTEX_WAKE_PRIVATE, 1 <unfinished ...>
5890  <... read resumed>"WW", 10)       = 2
5831  read(89<anon_inode:[eventfd]>,  <unfinished ...>
5771  epoll_wait(31<anon_inode:[eventpoll]>,  <unfinished ...>
5831  <... read resumed>"\1\0\0\0\0\0\0\0", 8) = 8
5831  futex(0x74385c005a60, FUTEX_WAKE_PRIVATE, 1 <unfinished ...>
5743  <... futex resumed>)              = 0
5831  <... futex resumed>)              = 0
5831  futex(0x74385c007d90, FUTEX_WAIT_PRIVATE, 2, NULL <unfinished ...>
5890  futex(0x7438482956f0, FUTEX_UNLOCK_PI_PRIVATE <unfinished ...>
5771  <... epoll_wait resumed>[{events=EPOLLIN, data={u32=3825230760, u64=127787692221352}}], 16, 0) = 1
5743  futex(0x74385c007d90, FUTEX_WAKE_PRIVATE, 1 <unfinished ...>
5890  <... futex resumed>)              = 0
5743  <... futex resumed>)              = 1
5831  <... futex resumed>)              = 0
5831  futex(0x74385c007d90, FUTEX_WAKE_PRIVATE, 1) = 0
5771  recvmsg(195<UNIX-STREAM:[37142->37143]>,  <unfinished ...>
5890  poll([{fd=168<pipe:[30101]>, events=POLLIN}, {fd=171<UNIX-STREAM:[37133->31625]>, events=POLLIN}], 2, 570 <unfinished ...>
5831  sendmsg(219<UNIX-STREAM:[30168->30169]>, {msg_name=NULL, msg_namelen=0, msg_iov=[{iov_base="l\1\1\1\0\0\0\0005\0\0\0v\0\0\0\1\1o\0&\0\0\0/org/fre"..., iov_len=136}], msg_iovlen=1, msg_controllen=0, msg_flags=0}, MSG_NOSIGNAL <unfinished ...>
5743  recvmsg(17<UNIX-STREAM:[31618->35113]>,  <unfinished ...>
5771  <... recvmsg resumed>{msg_name=NULL, msg_namelen=0, msg_iov=[{iov_base="\10\0\0\0h\0\0\0\30\0\24\0\0\0\0\0\206\\\0\0\0\0\0\0\0\0\0\0\0\0\0\0"..., iov_len=4096}], msg_iovlen=1, msg_controllen=0, msg_flags=0}, MSG_DONTWAIT) = 312
5831  <... sendmsg resumed>)            = 136
5890  <... poll resumed>)               = 1 ([{fd=171, revents=POLLIN}])
5831  poll([{fd=89<anon_inode:[eventfd]>, events=POLLIN}, {fd=106<UNIX-STREAM:[37090->32641]>, events=POLLIN}, {fd=135<UNIX-STREAM:[37095->32643]>, events=POLLIN}, {fd=219<UNIX-STREAM:[30168->30169]>, events=POLLIN}], 4, 0) = 0 (Timeout)
5743  <... recvmsg resumed>{msg_namelen=0}, 0) = -1 EAGAIN (Resource temporarily unavailable)
5771  write(32<anon_inode:[eventfd]>, "\1\0\0\0\0\0\0\0", 8 <unfinished ...>
5831  poll([{fd=89<anon_inode:[eventfd]>, events=POLLIN}, {fd=106<UNIX-STREAM:[37090->32641]>, events=POLLIN}, {fd=135<UNIX-STREAM:[37095->32643]>, events=POLLIN}, {fd=219<UNIX-STREAM:[30168->30169]>, events=POLLIN}], 4, -1 <unfinished ...>
5890  write(169<pipe:[30101]>, "W", 1 <unfinished ...>
5743  recvmsg(33<UNIX-STREAM:[31619->35114]>,  <unfinished ...>
5771  <... write resumed>)              = 8
5890  <... write resumed>)              = 1
5743  <... recvmsg resumed>{msg_namelen=0}, 0) = -1 EAGAIN (Resource temporarily unavailable)
5771  epoll_wait(31<anon_inode:[eventpoll]>,  <unfinished ...>
5890  recvmsg(171<UNIX-STREAM:[37133->31625]>,  <unfinished ...>
5743  recvmsg(33<UNIX-STREAM:[31619->35114]>,  <unfinished ...>
5771  <... epoll_wait resumed>[{events=EPOLLIN, data={u32=4026539168, u64=127787893529760}}], 16, 0) = 1
5890  <... recvmsg resumed>{msg_name=NULL, msg_namelen=0, msg_iov=[{iov_base="\0\0\0S\377\377\377\377\0\0\0\0\0\0\0\0\0\0\0\0", iov_len=20}], msg_iovlen=1, msg_control=[{cmsg_len=28, cmsg_level=SOL_SOCKET, cmsg_type=SCM_CREDENTIALS, cmsg_data={pid=1539, uid=1000, gid=1000}}], msg_controllen=32, msg_flags=0}, 0) = 20
5743  <... recvmsg resumed>{msg_namelen=0}, 0) = -1 EAGAIN (Resource temporarily unavailable)
5771  read(32<anon_inode:[eventfd]>,  <unfinished ...>
5743  poll([{fd=13<anon_inode:[eventfd]>, events=POLLIN}, {fd=14<pipe:[31615]>, events=POLLIN}, {fd=17<UNIX-STREAM:[31618->35113]>, events=POLLIN}, {fd=33<UNIX-STREAM:[31619->35114]>, events=POLLIN}], 4, 0 <unfinished ...>
5890  write(169<pipe:[30101]>, "W", 1 <unfinished ...>
5771  <... read resumed>"\1\0\0\0\0\0\0\0", 8) = 8
5890  <... write resumed>)              = 1
5771  epoll_wait(31<anon_inode:[eventpoll]>,  <unfinished ...>
5743  <... poll resumed>)               = 0 (Timeout)
5890  read(168<pipe:[30101]>,  <unfinished ...>
5771  <... epoll_wait resumed>[{events=EPOLLIN, data={u32=3825230760, u64=127787692221352}}], 16, 0) = 1
5743  recvmsg(17<UNIX-STREAM:[31618->35113]>, {msg_namelen=0}, 0) = -1 EAGAIN (Resource temporarily unavailable)
5890  <... read resumed>"WW", 10)       = 2
5890  poll([{fd=168<pipe:[30101]>, events=POLLIN}, {fd=171<UNIX-STREAM:[37133->31625]>, events=POLLIN}], 2, 560 <unfinished ...>
5743  recvmsg(17<UNIX-STREAM:[31618->35113]>, {msg_namelen=0}, 0) = -1 EAGAIN (Resource temporarily unavailable)
5890  <... poll resumed>)               = 1 ([{fd=171, revents=POLLIN}])
5743  recvmsg(33<UNIX-STREAM:[31619->35114]>,  <unfinished ...>
5890  write(169<pipe:[30101]>, "W", 1)  = 1
5743  <... recvmsg resumed>{msg_namelen=0}, 0) = -1 EAGAIN (Resource temporarily unavailable)
5890  recvmsg(171<UNIX-STREAM:[37133->31625]>,  <unfinished ...>
5743  recvmsg(33<UNIX-STREAM:[31619->35114]>,  <unfinished ...>
5890  <... recvmsg resumed>{msg_name=NULL, msg_namelen=0, msg_iov=[{iov_base="L\0\0\0\2L\0\0q\372U\0\0\0\0\0\1P*U\0\0\0\0\0\0\0\0001Tf\230"..., iov_len=83}], msg_iovlen=1, msg_control=[{cmsg_len=28, cmsg_level=SOL_SOCKET, cmsg_type=SCM_CREDENTIALS, cmsg_data={pid=1539, uid=1000, gid=1000}}], msg_controllen=32, msg_flags=0}, 0) = 83
5743  <... recvmsg resumed>{msg_namelen=0}, 0) = -1 EAGAIN (Resource temporarily unavailable)
5771  recvmsg(195<UNIX-STREAM:[37142->37143]>, {msg_name=NULL, msg_namelen=0, msg_iov=[{iov_base="\10\0\0\0h\0\0\0\30\0\24\0\0\0\0\0\211\\\0\0\0\0\0\0\0\0\0\0\0\0\0\0"..., iov_len=4096}], msg_iovlen=1, msg_controllen=0, msg_flags=0}, MSG_DONTWAIT) = 208
5743  poll([{fd=13<anon_inode:[eventfd]>, events=POLLIN}, {fd=14<pipe:[31615]>, events=POLLIN}, {fd=17<UNIX-STREAM:[31618->35113]>, events=POLLIN}, {fd=33<UNIX-STREAM:[31619->35114]>, events=POLLIN}], 4, 0 <unfinished ...>
5890  write(169<pipe:[30101]>, "W", 1 <unfinished ...>
5771  epoll_wait(31<anon_inode:[eventpoll]>, [], 16, 0) = 0
5743  <... poll resumed>)               = 0 (Timeout)
5890  <... write resumed>)              = 1
5771  epoll_wait(31<anon_inode:[eventpoll]>,  <unfinished ...>
5743  recvmsg(17<UNIX-STREAM:[31618->35113]>,  <unfinished ...>
5890  futex(0x74384824898c, FUTEX_WAKE_PRIVATE, 2147483647 <unfinished ...>
5743  <... recvmsg resumed>{msg_namelen=0}, 0) = -1 EAGAIN (Resource temporarily unavailable)
5890  <... futex resumed>)              = 1
5863  <... futex resumed>)              = 0
5743  recvmsg(17<UNIX-STREAM:[31618->35113]>,  <unfinished ...>
5890  read(168<pipe:[30101]>,  <unfinished ...>
5863  futex(0x7438482956f0, FUTEX_LOCK_PI_PRIVATE, NULL <unfinished ...>
5743  <... recvmsg resumed>{msg_namelen=0}, 0) = -1 EAGAIN (Resource temporarily unavailable)
5890  <... read resumed>"WW", 10)       = 2
5743  recvmsg(33<UNIX-STREAM:[31619->35114]>,  <unfinished ...>
5890  futex(0x7438482956f0, FUTEX_UNLOCK_PI_PRIVATE <unfinished ...>
5743  <... recvmsg resumed>{msg_namelen=0}, 0) = -1 EAGAIN (Resource temporarily unavailable)
5890  <... futex resumed>)              = 0
5863  <... futex resumed>)              = 0
5743  recvmsg(33<UNIX-STREAM:[31619->35114]>,  <unfinished ...>
5890  poll([{fd=168<pipe:[30101]>, events=POLLIN}, {fd=171<UNIX-STREAM:[37133->31625]>, events=POLLIN}], 2, 555 <unfinished ...>
5863  getpid( <unfinished ...>
5743  <... recvmsg resumed>{msg_namelen=0}, 0) = -1 EAGAIN (Resource temporarily unavailable)
5890  <... poll resumed>)               = 1 ([{fd=171, revents=POLLIN}])
5863  <... getpid resumed>)             = 5743
5743  poll([{fd=13<anon_inode:[eventfd]>, events=POLLIN}, {fd=14<pipe:[31615]>, events=POLLIN}, {fd=17<UNIX-STREAM:[31618->35113]>, events=POLLIN}, {fd=33<UNIX-STREAM:[31619->35114]>, events=POLLIN}], 4, 0 <unfinished ...>
5890  futex(0x7438482956f0, FUTEX_LOCK_PI_PRIVATE, NULL <unfinished ...>
5863  futex(0x7438482956f0, FUTEX_UNLOCK_PI_PRIVATE <unfinished ...>
5743  <... poll resumed>)               = 0 (Timeout)
5863  <... futex resumed>)              = 0
5890  <... futex resumed>)              = 0
5743  recvmsg(17<UNIX-STREAM:[31618->35113]>,  <unfinished ...>
5863  futex(0x7438484a2948, FUTEX_WAKE_PRIVATE, 1 <unfinished ...>
5890  write(169<pipe:[30101]>, "W", 1 <unfinished ...>
5743  <... recvmsg resumed>{msg_namelen=0}, 0) = -1 EAGAIN (Resource temporarily unavailable)
5863  <... futex resumed>)              = 1
5891  <... futex resumed>)              = 0
5890  <... write resumed>)              = 1
5891  futex(0x7438482956f0, FUTEX_LOCK_PI_PRIVATE, NULL <unfinished ...>
5890  recvmsg(171<UNIX-STREAM:[37133->31625]>,  <unfinished ...>
5743  write(89<anon_inode:[eventfd]>, "\1\0\0\0\0\0\0\0", 8 <unfinished ...>
5863  futex(0x7438484a2948, FUTEX_WAIT_PRIVATE, 2, NULL <unfinished ...>
5743  <... write resumed>)              = 8
5890  <... recvmsg resumed>{msg_name=NULL, msg_namelen=0, msg_iov=[{iov_base="\0\0\0\24\377\377\377\377\0\0\0\0\0\0\0\0\0\0\0\0", iov_len=20}], msg_iovlen=1, msg_control=[{cmsg_len=28, cmsg_level=SOL_SOCKET, cmsg_type=SCM_CREDENTIALS, cmsg_data={pid=1539, uid=1000, gid=1000}}], msg_controllen=32, msg_flags=0}, 0) = 20
5743  recvmsg(17<UNIX-STREAM:[31618->35113]>,  <unfinished ...>
5890  write(169<pipe:[30101]>, "W", 1 <unfinished ...>
5743  <... recvmsg resumed>{msg_namelen=0}, 0) = -1 EAGAIN (Resource temporarily unavailable)
5890  <... write resumed>)              = 1
5831  <... poll resumed>)               = 1 ([{fd=89, revents=POLLIN}])
5743  recvmsg(33<UNIX-STREAM:[31619->35114]>,  <unfinished ...>
5831  read(89<anon_inode:[eventfd]>,  <unfinished ...>
5890  read(168<pipe:[30101]>,  <unfinished ...>
5831  <... read resumed>"\1\0\0\0\0\0\0\0", 8) = 8
5743  <... recvmsg resumed>{msg_namelen=0}, 0) = -1 EAGAIN (Resource temporarily unavailable)
5890  <... read resumed>"WW", 10)       = 2
5831  sendmsg(219<UNIX-STREAM:[30168->30169]>, {msg_name=NULL, msg_namelen=0, msg_iov=[{iov_base="l\1\1\1\0\0\0\0006\0\0\0v\0\0\0\1\1o\0&\0\0\0/org/fre"..., iov_len=136}], msg_iovlen=1, msg_controllen=0, msg_flags=0}, MSG_NOSIGNAL <unfinished ...>
5743  recvmsg(33<UNIX-STREAM:[31619->35114]>,  <unfinished ...>
5831  <... sendmsg resumed>)            = 136
5890  futex(0x7438482956f0, FUTEX_UNLOCK_PI_PRIVATE <unfinished ...>
5831  poll([{fd=89<anon_inode:[eventfd]>, events=POLLIN}, {fd=106<UNIX-STREAM:[37090->32641]>, events=POLLIN}, {fd=135<UNIX-STREAM:[37095->32643]>, events=POLLIN}, {fd=219<UNIX-STREAM:[30168->30169]>, events=POLLIN}], 4, 0 <unfinished ...>
5743  <... recvmsg resumed>{msg_namelen=0}, 0) = -1 EAGAIN (Resource temporarily unavailable)
5890  <... futex resumed>)              = 0
5891  <... futex resumed>)              = 0
5831  <... poll resumed>)               = 0 (Timeout)
5743  poll([{fd=13<anon_inode:[eventfd]>, events=POLLIN}, {fd=14<pipe:[31615]>, events=POLLIN}, {fd=17<UNIX-STREAM:[31618->35113]>, events=POLLIN}, {fd=33<UNIX-STREAM:[31619->35114]>, events=POLLIN}], 4, 0 <unfinished ...>
5890  poll([{fd=168<pipe:[30101]>, events=POLLIN}, {fd=171<UNIX-STREAM:[37133->31625]>, events=POLLIN}], 2, 549 <unfinished ...>
5891  getpid( <unfinished ...>
5890  <... poll resumed>)               = 1 ([{fd=171, revents=POLLIN}])
5831  poll([{fd=89<anon_inode:[eventfd]>, events=POLLIN}, {fd=106<UNIX-STREAM:[37090->32641]>, events=POLLIN}, {fd=135<UNIX-STREAM:[37095->32643]>, events=POLLIN}, {fd=219<UNIX-STREAM:[30168->30169]>, events=POLLIN}], 4, -1 <unfinished ...>
5743  <... poll resumed>)               = 0 (Timeout)
5891  <... getpid resumed>)             = 5743
5890  futex(0x7438482956f0, FUTEX_LOCK_PI_PRIVATE, NULL <unfinished ...>
5891  write(169<pipe:[30101]>, "W", 1 <unfinished ...>
5743  recvmsg(17<UNIX-STREAM:[31618->35113]>,  <unfinished ...>
5891  <... write resumed>)              = 1
5743  <... recvmsg resumed>{msg_namelen=0}, 0) = -1 EAGAIN (Resource temporarily unavailable)
5891  write(169<pipe:[30101]>, "W", 1 <unfinished ...>
5828  <... poll resumed>)               = 0 (Timeout)
5743  recvmsg(17<UNIX-STREAM:[31618->35113]>,  <unfinished ...>
5891  <... write resumed>)              = 1
5828  write(87<anon_inode:[eventfd]>, "\1\0\0\0\0\0\0\0", 8 <unfinished ...>
5743  <... recvmsg resumed>{msg_namelen=0}, 0) = -1 EAGAIN (Resource temporarily unavailable)
5891  futex(0x7438482956f0, FUTEX_UNLOCK_PI_PRIVATE) = 0
5828  <... write resumed>)              = 8
5890  <... futex resumed>)              = 0
5743  recvmsg(33<UNIX-STREAM:[31619->35114]>,  <unfinished ...>
5891  futex(0x743848248988, FUTEX_WAIT_BITSET_PRIVATE|FUTEX_CLOCK_REALTIME, 0, NULL, FUTEX_BITSET_MATCH_ANY <unfinished ...>
5828  read(218<anon_inode:inotify>,  <unfinished ...>
5743  <... recvmsg resumed>{msg_namelen=0}, 0) = -1 EAGAIN (Resource temporarily unavailable)
5890  sendto(171<UNIX-STREAM:[37133->31625]>, "\0\0\0\30\377\377\377\377\0\0\0\0\0\0\0\0\0\0\0\0L\0\0\0\16L\0\0q\373L\0"..., 44, MSG_NOSIGNAL, NULL, 0) = 44
5828  <... read resumed>"\1\0\0\0\10\0\0\0\0\0\0\0 \0\0\0pinyin.conf_223c"..., 4096) = 704
5743  recvmsg(33<UNIX-STREAM:[31619->35114]>,  <unfinished ...>
5890  read(168<pipe:[30101]>, "WW", 10) = 2
5890  futex(0x7438482956f0, FUTEX_UNLOCK_PI_PRIVATE <unfinished ...>
5828  write(87<anon_inode:[eventfd]>, "\1\0\0\0\0\0\0\0", 8 <unfinished ...>
5743  <... recvmsg resumed>{msg_namelen=0}, 0) = -1 EAGAIN (Resource temporarily unavailable)
5890  <... futex resumed>)              = 0
5828  <... write resumed>)              = 8
5743  poll([{fd=13<anon_inode:[eventfd]>, events=POLLIN}, {fd=14<pipe:[31615]>, events=POLLIN}, {fd=17<UNIX-STREAM:[31618->35113]>, events=POLLIN}, {fd=33<UNIX-STREAM:[31619->35114]>, events=POLLIN}], 4, 0 <unfinished ...>
5828  write(87<anon_inode:[eventfd]>, "\1\0\0\0\0\0\0\0", 8 <unfinished ...>
5890  poll([{fd=168<pipe:[30101]>, events=POLLIN}, {fd=171<UNIX-STREAM:[37133->31625]>, events=POLLIN}], 2, 541) = 1 ([{fd=171, revents=POLLIN}])
5828  <... write resumed>)              = 8
5743  <... poll resumed>)               = 0 (Timeout)
5890  write(169<pipe:[30101]>, "W", 1 <unfinished ...>
5828  poll([{fd=87<anon_inode:[eventfd]>, events=POLLIN}, {fd=218<anon_inode:inotify>, events=POLLIN}], 2, 2456 <unfinished ...>
5743  recvmsg(17<UNIX-STREAM:[31618->35113]>,  <unfinished ...>
5890  <... write resumed>)              = 1
5828  <... poll resumed>)               = 1 ([{fd=87, revents=POLLIN}])
5890  recvmsg(171<UNIX-STREAM:[37133->31625]>,  <unfinished ...>
5743  <... recvmsg resumed>{msg_namelen=0}, 0) = -1 EAGAIN (Resource temporarily unavailable)
