5743  recvmsg(33<UNIX-STREAM:[31619->35114]>,  <unfinished ...>
5890  <... write resumed>)              = 1
5743  <... recvmsg resumed>{msg_namelen=0}, 0) = -1 EAGAIN (Resource temporarily unavailable)
5890  recvmsg(171<UNIX-STREAM:[37133->31625]>,  <unfinished ...>
5743  recvmsg(33<UNIX-STREAM:[31619->35114]>,  <unfinished ...>
5890  <... recvmsg resumed>{msg_name=NULL, msg_namelen=0, msg_iov=[{iov_base="L\0\0\0=L\377\377\377\377L\0\0\0\0L\0\0:\310", iov_len=20}], msg_iovlen=1, msg_control=[{cmsg_len=28, cmsg_level=SOL_SOCKET, cmsg_type=SCM_CREDENTIALS, cmsg_data={pid=1539, uid=1000, gid=1000}}], msg_controllen=32, msg_flags=0}, 0) = 20
5743  <... recvmsg resumed>{msg_namelen=0}, 0) = -1 EAGAIN (Resource temporarily unavailable)
5890  write(169<pipe:[30101]>, "W", 1 <unfinished ...>
5743  poll([{fd=13<anon_inode:[eventfd]>, events=POLLIN}, {fd=14<pipe:[31615]>, events=POLLIN}, {fd=17<UNIX-STREAM:[31618->35113]>, events=POLLIN}, {fd=33<UNIX-STREAM:[31619->35114]>, events=POLLIN}], 4, 0 <unfinished ...>
5890  <... write resumed>)              = 1
5743  <... poll resumed>)               = 0 (Timeout)
5743  recvmsg(17<UNIX-STREAM:[31618->35113]>,  <unfinished ...>
5890  read(168<pipe:[30101]>,  <unfinished ...>
5743  <... recvmsg resumed>{msg_namelen=0}, 0) = -1 EAGAIN (Resource temporarily unavailable)
5890  <... read resumed>"WW", 10)       = 2
5743  recvmsg(17<UNIX-STREAM:[31618->35113]>,  <unfinished ...>
5890  poll([{fd=168<pipe:[30101]>, events=POLLIN}, {fd=171<UNIX-STREAM:[37133->31625]>, events=POLLIN}], 2, 423 <unfinished ...>
5771  <... epoll_wait resumed>[{events=EPOLLIN, data={u32=3825230760, u64=127787692221352}}], 16, 49801) = 1
5743  <... recvmsg resumed>{msg_namelen=0}, 0) = -1 EAGAIN (Resource temporarily unavailable)
5771  recvmsg(195<UNIX-STREAM:[37142->37143]>,  <unfinished ...>
5890  <... poll resumed>)               = 1 ([{fd=171, revents=POLLIN}])
5743  recvmsg(33<UNIX-STREAM:[31619->35114]>,  <unfinished ...>
5771  <... recvmsg resumed>{msg_name=NULL, msg_namelen=0, msg_iov=[{iov_base="\10\0\0\0h\0\0\0\30\0\24\0\0\0\0\0n\\\0\0\0\0\0\0\0\0\0\0\0\0\0\0"..., iov_len=4096}], msg_iovlen=1, msg_controllen=0, msg_flags=0}, MSG_DONTWAIT) = 208
5743  <... recvmsg resumed>{msg_namelen=0}, 0) = -1 EAGAIN (Resource temporarily unavailable)
5890  write(169<pipe:[30101]>, "W", 1 <unfinished ...>
5771  write(15<pipe:[31615]>, "!", 1 <unfinished ...>
5890  <... write resumed>)              = 1
5743  recvmsg(33<UNIX-STREAM:[31619->35114]>,  <unfinished ...>
5771  <... write resumed>)              = 1
5890  recvmsg(171<UNIX-STREAM:[37133->31625]>,  <unfinished ...>
5743  <... recvmsg resumed>{msg_namelen=0}, 0) = -1 EAGAIN (Resource temporarily unavailable)
5771  write(32<anon_inode:[eventfd]>, "\1\0\0\0\0\0\0\0", 8) = 8
5743  poll([{fd=13<anon_inode:[eventfd]>, events=POLLIN}, {fd=14<pipe:[31615]>, events=POLLIN}, {fd=17<UNIX-STREAM:[31618->35113]>, events=POLLIN}, {fd=33<UNIX-STREAM:[31619->35114]>, events=POLLIN}], 4, 691 <unfinished ...>
5771  epoll_wait(31<anon_inode:[eventpoll]>,  <unfinished ...>
5743  <... poll resumed>)               = 1 ([{fd=14, revents=POLLIN}])
5771  <... epoll_wait resumed>[{events=EPOLLIN, data={u32=4026539168, u64=127787893529760}}], 16, 0) = 1
5890  <... recvmsg resumed>{msg_name=NULL, msg_namelen=0, msg_iov=[{iov_base="\0\0\0S\377\377\377\377\0\0\0\0\0\0\0\0\0\0\0\0", iov_len=20}], msg_iovlen=1, msg_control=[{cmsg_len=28, cmsg_level=SOL_SOCKET, cmsg_type=SCM_CREDENTIALS, cmsg_data={pid=1539, uid=1000, gid=1000}}], msg_controllen=32, msg_flags=0}, 0) = 20
5771  read(32<anon_inode:[eventfd]>,  <unfinished ...>
5743  recvmsg(17<UNIX-STREAM:[31618->35113]>,  <unfinished ...>
5890  write(169<pipe:[30101]>, "W", 1 <unfinished ...>
5771  <... read resumed>"\1\0\0\0\0\0\0\0", 8) = 8
5743  <... recvmsg resumed>{msg_namelen=0}, 0) = -1 EAGAIN (Resource temporarily unavailable)
5890  <... write resumed>)              = 1
5771  epoll_wait(31<anon_inode:[eventpoll]>,  <unfinished ...>
5743  read(14<pipe:[31615]>,  <unfinished ...>
5771  <... epoll_wait resumed>[], 16, 0) = 0
5890  read(168<pipe:[30101]>,  <unfinished ...>
5743  <... read resumed>"!", 2)         = 1
5771  epoll_wait(31<anon_inode:[eventpoll]>,  <unfinished ...>
5890  <... read resumed>"WW", 10)       = 2
5890  poll([{fd=168<pipe:[30101]>, events=POLLIN}, {fd=171<UNIX-STREAM:[37133->31625]>, events=POLLIN}], 2, 420 <unfinished ...>
5743  recvmsg(17<UNIX-STREAM:[31618->35113]>,  <unfinished ...>
5890  <... poll resumed>)               = 1 ([{fd=171, revents=POLLIN}])
5743  <... recvmsg resumed>{msg_namelen=0}, 0) = -1 EAGAIN (Resource temporarily unavailable)
5890  write(169<pipe:[30101]>, "W", 1 <unfinished ...>
5743  recvmsg(33<UNIX-STREAM:[31619->35114]>,  <unfinished ...>
5890  <... write resumed>)              = 1
5743  <... recvmsg resumed>{msg_namelen=0}, 0) = -1 EAGAIN (Resource temporarily unavailable)
5890  recvmsg(171<UNIX-STREAM:[37133->31625]>,  <unfinished ...>
5743  recvmsg(33<UNIX-STREAM:[31619->35114]>,  <unfinished ...>
5890  <... recvmsg resumed>{msg_name=NULL, msg_namelen=0, msg_iov=[{iov_base="L\0\0\0\2L\0\0q\345U\0\0\0\0\0\1P*U\0\0\0\0\0\0\0\0001Tf\230"..., iov_len=83}], msg_iovlen=1, msg_control=[{cmsg_len=28, cmsg_level=SOL_SOCKET, cmsg_type=SCM_CREDENTIALS, cmsg_data={pid=1539, uid=1000, gid=1000}}], msg_controllen=32, msg_flags=0}, 0) = 83
5743  <... recvmsg resumed>{msg_namelen=0}, 0) = -1 EAGAIN (Resource temporarily unavailable)
5890  write(169<pipe:[30101]>, "W", 1 <unfinished ...>
5868  <... poll resumed>)               = 0 (Timeout)
5868  poll([{fd=110<pipe:[27405]>, events=POLLIN}, {fd=112<TCP:[192.168.30.128:37006->35.186.224.35:443]>, events=POLLIN}], 2, 50 <unfinished ...>
5743  poll([{fd=13<anon_inode:[eventfd]>, events=POLLIN}, {fd=14<pipe:[31615]>, events=POLLIN}, {fd=17<UNIX-STREAM:[31618->35113]>, events=POLLIN}, {fd=33<UNIX-STREAM:[31619->35114]>, events=POLLIN}], 4, 0 <unfinished ...>
5890  <... write resumed>)              = 1
5743  <... poll resumed>)               = 0 (Timeout)
5890  futex(0x74384824898c, FUTEX_WAKE_PRIVATE, 2147483647 <unfinished ...>
5743  recvmsg(17<UNIX-STREAM:[31618->35113]>,  <unfinished ...>
5890  <... futex resumed>)              = 1
5743  <... recvmsg resumed>{msg_namelen=0}, 0) = -1 EAGAIN (Resource temporarily unavailable)
5890  read(168<pipe:[30101]>,  <unfinished ...>
5743  recvmsg(17<UNIX-STREAM:[31618->35113]>,  <unfinished ...>
5890  <... read resumed>"WW", 10)       = 2
5743  <... recvmsg resumed>{msg_namelen=0}, 0) = -1 EAGAIN (Resource temporarily unavailable)
5890  poll([{fd=168<pipe:[30101]>, events=POLLIN}, {fd=171<UNIX-STREAM:[37133->31625]>, events=POLLIN}], 2, 416 <unfinished ...>
5743  recvmsg(33<UNIX-STREAM:[31619->35114]>, {msg_namelen=0}, 0) = -1 EAGAIN (Resource temporarily unavailable)
5743  recvmsg(33<UNIX-STREAM:[31619->35114]>, {msg_namelen=0}, 0) = -1 EAGAIN (Resource temporarily unavailable)
5743  poll([{fd=13<anon_inode:[eventfd]>, events=POLLIN}, {fd=14<pipe:[31615]>, events=POLLIN}, {fd=17<UNIX-STREAM:[31618->35113]>, events=POLLIN}, {fd=33<UNIX-STREAM:[31619->35114]>, events=POLLIN}], 4, 684 <unfinished ...>
5771  <... epoll_wait resumed>[{events=EPOLLIN, data={u32=3825230760, u64=127787692221352}}], 16, 49789) = 1
5771  recvmsg(195<UNIX-STREAM:[37142->37143]>, {msg_name=NULL, msg_namelen=0, msg_iov=[{iov_base="\10\0\0\0h\0\0\0\30\0\24\0\0\0\0\0p\\\0\0\0\0\0\0\0\0\0\0\0\0\0\0"..., iov_len=4096}], msg_iovlen=1, msg_controllen=0, msg_flags=0}, MSG_DONTWAIT) = 104
5771  write(15<pipe:[31615]>, "!", 1)   = 1
5743  <... poll resumed>)               = 1 ([{fd=14, revents=POLLIN}])
5771  epoll_wait(31<anon_inode:[eventpoll]>,  <unfinished ...>
5743  recvmsg(17<UNIX-STREAM:[31618->35113]>,  <unfinished ...>
5771  <... epoll_wait resumed>[], 16, 0) = 0
5743  <... recvmsg resumed>{msg_namelen=0}, 0) = -1 EAGAIN (Resource temporarily unavailable)
5771  epoll_wait(31<anon_inode:[eventpoll]>,  <unfinished ...>
5743  read(14<pipe:[31615]>,  <unfinished ...>
5771  <... epoll_wait resumed>[], 16, 0) = 0
5743  <... read resumed>"!", 2)         = 1
5771  epoll_wait(31<anon_inode:[eventpoll]>,  <unfinished ...>
5743  recvmsg(17<UNIX-STREAM:[31618->35113]>, {msg_namelen=0}, 0) = -1 EAGAIN (Resource temporarily unavailable)
5743  recvmsg(33<UNIX-STREAM:[31619->35114]>, {msg_namelen=0}, 0) = -1 EAGAIN (Resource temporarily unavailable)
5743  recvmsg(33<UNIX-STREAM:[31619->35114]>, {msg_namelen=0}, 0) = -1 EAGAIN (Resource temporarily unavailable)
5743  poll([{fd=13<anon_inode:[eventfd]>, events=POLLIN}, {fd=14<pipe:[31615]>, events=POLLIN}, {fd=17<UNIX-STREAM:[31618->35113]>, events=POLLIN}, {fd=33<UNIX-STREAM:[31619->35114]>, events=POLLIN}], 4, 0) = 0 (Timeout)
5743  recvmsg(17<UNIX-STREAM:[31618->35113]>, {msg_namelen=0}, 0) = -1 EAGAIN (Resource temporarily unavailable)
5743  recvmsg(17<UNIX-STREAM:[31618->35113]>, {msg_namelen=0}, 0) = -1 EAGAIN (Resource temporarily unavailable)
5743  recvmsg(33<UNIX-STREAM:[31619->35114]>, {msg_namelen=0}, 0) = -1 EAGAIN (Resource temporarily unavailable)
5743  recvmsg(33<UNIX-STREAM:[31619->35114]>, {msg_namelen=0}, 0) = -1 EAGAIN (Resource temporarily unavailable)
5743  poll([{fd=13<anon_inode:[eventfd]>, events=POLLIN}, {fd=14<pipe:[31615]>, events=POLLIN}, {fd=17<UNIX-STREAM:[31618->35113]>, events=POLLIN}, {fd=33<UNIX-STREAM:[31619->35114]>, events=POLLIN}], 4, 662 <unfinished ...>
5875  <... futex resumed>)              = -1 ETIMEDOUT (Connection timed out)
5875  futex(0x743848096ce8, FUTEX_WAKE_PRIVATE, 1) = 0
5875  futex(0x743848084688, FUTEX_WAIT_BITSET_PRIVATE, 0, {tv_sec=1876, tv_nsec=232562169}, FUTEX_BITSET_MATCH_ANY <unfinished ...>
5868  <... poll resumed>)               = 0 (Timeout)
5868  poll([{fd=110<pipe:[27405]>, events=POLLIN}, {fd=112<TCP:[192.168.30.128:37006->35.186.224.35:443]>, events=POLLIN}], 2, 50) = 0 (Timeout)
5868  poll([{fd=110<pipe:[27405]>, events=POLLIN}, {fd=112<TCP:[192.168.30.128:37006->35.186.224.35:443]>, events=POLLIN}], 2, 50 <unfinished ...>
5771  <... epoll_wait resumed>[{events=EPOLLIN, data={u32=3825230760, u64=127787692221352}}], 16, 49770) = 1
5771  recvmsg(195<UNIX-STREAM:[37142->37143]>, {msg_name=NULL, msg_namelen=0, msg_iov=[{iov_base="\10\0\0\0h\0\0\0\30\0\24\0\0\0\0\0q\\\0\0\0\0\0\0\0\0\0\0\0\0\0\0"..., iov_len=4096}], msg_iovlen=1, msg_controllen=0, msg_flags=0}, MSG_DONTWAIT) = 104
5771  write(32<anon_inode:[eventfd]>, "\1\0\0\0\0\0\0\0", 8) = 8
5771  write(15<pipe:[31615]>, "!", 1)   = 1
5743  <... poll resumed>)               = 1 ([{fd=14, revents=POLLIN}])
5771  epoll_wait(31<anon_inode:[eventpoll]>,  <unfinished ...>
5743  recvmsg(17<UNIX-STREAM:[31618->35113]>,  <unfinished ...>
5771  <... epoll_wait resumed>[{events=EPOLLIN, data={u32=4026539168, u64=127787893529760}}], 16, 0) = 1
5743  <... recvmsg resumed>{msg_namelen=0}, 0) = -1 EAGAIN (Resource temporarily unavailable)
5771  read(32<anon_inode:[eventfd]>,  <unfinished ...>
5743  read(14<pipe:[31615]>,  <unfinished ...>
5771  <... read resumed>"\1\0\0\0\0\0\0\0", 8) = 8
5743  <... read resumed>"!", 2)         = 1
5771  epoll_wait(31<anon_inode:[eventpoll]>, [], 16, 0) = 0
5743  recvmsg(17<UNIX-STREAM:[31618->35113]>,  <unfinished ...>
5771  epoll_wait(31<anon_inode:[eventpoll]>,  <unfinished ...>
5743  <... recvmsg resumed>{msg_namelen=0}, 0) = -1 EAGAIN (Resource temporarily unavailable)
5743  recvmsg(33<UNIX-STREAM:[31619->35114]>, {msg_namelen=0}, 0) = -1 EAGAIN (Resource temporarily unavailable)
5743  recvmsg(33<UNIX-STREAM:[31619->35114]>, {msg_namelen=0}, 0) = -1 EAGAIN (Resource temporarily unavailable)
5743  poll([{fd=13<anon_inode:[eventfd]>, events=POLLIN}, {fd=14<pipe:[31615]>, events=POLLIN}, {fd=17<UNIX-STREAM:[31618->35113]>, events=POLLIN}, {fd=33<UNIX-STREAM:[31619->35114]>, events=POLLIN}], 4, 0) = 0 (Timeout)
5743  recvmsg(17<UNIX-STREAM:[31618->35113]>, {msg_namelen=0}, 0) = -1 EAGAIN (Resource temporarily unavailable)
5743  recvmsg(17<UNIX-STREAM:[31618->35113]>, {msg_namelen=0}, 0) = -1 EAGAIN (Resource temporarily unavailable)
5743  recvmsg(33<UNIX-STREAM:[31619->35114]>, {msg_namelen=0}, 0) = -1 EAGAIN (Resource temporarily unavailable)
5743  recvmsg(33<UNIX-STREAM:[31619->35114]>, {msg_namelen=0}, 0) = -1 EAGAIN (Resource temporarily unavailable)
5743  poll([{fd=13<anon_inode:[eventfd]>, events=POLLIN}, {fd=14<pipe:[31615]>, events=POLLIN}, {fd=17<UNIX-STREAM:[31618->35113]>, events=POLLIN}, {fd=33<UNIX-STREAM:[31619->35114]>, events=POLLIN}], 4, 568 <unfinished ...>
5875  <... futex resumed>)              = -1 ETIMEDOUT (Connection timed out)
5875  futex(0x743848096ce8, FUTEX_WAKE_PRIVATE, 1) = 0
5875  futex(0x743848084688, FUTEX_WAIT_BITSET_PRIVATE, 0, {tv_sec=1876, tv_nsec=332953673}, FUTEX_BITSET_MATCH_ANY <unfinished ...>
5868  <... poll resumed>)               = 0 (Timeout)
5868  poll([{fd=110<pipe:[27405]>, events=POLLIN}, {fd=112<TCP:[192.168.30.128:37006->35.186.224.35:443]>, events=POLLIN}], 2, 50) = 0 (Timeout)
5868  poll([{fd=110<pipe:[27405]>, events=POLLIN}, {fd=112<TCP:[192.168.30.128:37006->35.186.224.35:443]>, events=POLLIN}], 2, 50 <unfinished ...>
5771  <... epoll_wait resumed>[{events=EPOLLIN, data={u32=3825230760, u64=127787692221352}}], 16, 49671) = 1
5771  recvmsg(195<UNIX-STREAM:[37142->37143]>, {msg_name=NULL, msg_namelen=0, msg_iov=[{iov_base="\10\0\0\0h\0\0\0\30\0\24\0\0\0\0\0r\\\0\0\0\0\0\0\0\0\0\0\0\0\0\0"..., iov_len=4096}], msg_iovlen=1, msg_controllen=0, msg_flags=0}, MSG_DONTWAIT) = 104
5771  write(32<anon_inode:[eventfd]>, "\1\0\0\0\0\0\0\0", 8) = 8
5771  write(15<pipe:[31615]>, "!", 1)   = 1
5743  <... poll resumed>)               = 1 ([{fd=14, revents=POLLIN}])
5771  epoll_wait(31<anon_inode:[eventpoll]>,  <unfinished ...>
5743  recvmsg(17<UNIX-STREAM:[31618->35113]>,  <unfinished ...>
5771  <... epoll_wait resumed>[{events=EPOLLIN, data={u32=4026539168, u64=127787893529760}}], 16, 0) = 1
5743  <... recvmsg resumed>{msg_namelen=0}, 0) = -1 EAGAIN (Resource temporarily unavailable)
5875  <... futex resumed>)              = -1 ETIMEDOUT (Connection timed out)
5875  futex(0x743848096ce8, FUTEX_WAKE_PRIVATE, 1) = 0
5875  futex(0x743848084688, FUTEX_WAIT_BITSET_PRIVATE, 0, {tv_sec=1876, tv_nsec=432554108}, FUTEX_BITSET_MATCH_ANY <unfinished ...>
5771  read(32<anon_inode:[eventfd]>,  <unfinished ...>
5743  read(14<pipe:[31615]>,  <unfinished ...>
5771  <... read resumed>"\1\0\0\0\0\0\0\0", 8) = 8
5743  <... read resumed>"!", 2)         = 1
5771  epoll_wait(31<anon_inode:[eventpoll]>,  <unfinished ...>
5743  recvmsg(17<UNIX-STREAM:[31618->35113]>,  <unfinished ...>
5771  <... epoll_wait resumed>[], 16, 0) = 0
5743  <... recvmsg resumed>{msg_namelen=0}, 0) = -1 EAGAIN (Resource temporarily unavailable)
5771  epoll_wait(31<anon_inode:[eventpoll]>,  <unfinished ...>
5743  recvmsg(33<UNIX-STREAM:[31619->35114]>, {msg_namelen=0}, 0) = -1 EAGAIN (Resource temporarily unavailable)
5743  recvmsg(33<UNIX-STREAM:[31619->35114]>, {msg_namelen=0}, 0) = -1 EAGAIN (Resource temporarily unavailable)
5743  poll([{fd=13<anon_inode:[eventfd]>, events=POLLIN}, {fd=14<pipe:[31615]>, events=POLLIN}, {fd=17<UNIX-STREAM:[31618->35113]>, events=POLLIN}, {fd=33<UNIX-STREAM:[31619->35114]>, events=POLLIN}], 4, 0) = 0 (Timeout)
5743  recvmsg(17<UNIX-STREAM:[31618->35113]>, {msg_namelen=0}, 0) = -1 EAGAIN (Resource temporarily unavailable)
5743  recvmsg(17<UNIX-STREAM:[31618->35113]>, {msg_namelen=0}, 0) = -1 EAGAIN (Resource temporarily unavailable)
5743  recvmsg(33<UNIX-STREAM:[31619->35114]>, {msg_namelen=0}, 0) = -1 EAGAIN (Resource temporarily unavailable)
5743  recvmsg(33<UNIX-STREAM:[31619->35114]>, {msg_namelen=0}, 0) = -1 EAGAIN (Resource temporarily unavailable)
5743  poll([{fd=13<anon_inode:[eventfd]>, events=POLLIN}, {fd=14<pipe:[31615]>, events=POLLIN}, {fd=17<UNIX-STREAM:[31618->35113]>, events=POLLIN}, {fd=33<UNIX-STREAM:[31619->35114]>, events=POLLIN}], 4, 446 <unfinished ...>
5868  <... poll resumed>)               = 0 (Timeout)
5868  poll([{fd=110<pipe:[27405]>, events=POLLIN}, {fd=112<TCP:[192.168.30.128:37006->35.186.224.35:443]>, events=POLLIN}], 2, 50) = 0 (Timeout)
5868  poll([{fd=110<pipe:[27405]>, events=POLLIN}, {fd=112<TCP:[192.168.30.128:37006->35.186.224.35:443]>, events=POLLIN}], 2, 50 <unfinished ...>
5875  <... futex resumed>)              = -1 ETIMEDOUT (Connection timed out)
5875  futex(0x743848096ce8, FUTEX_WAKE_PRIVATE, 1) = 0
5875  futex(0x743848084688, FUTEX_WAIT_BITSET_PRIVATE, 0, {tv_sec=1876, tv_nsec=532113325}, FUTEX_BITSET_MATCH_ANY <unfinished ...>
5868  <... poll resumed>)               = 0 (Timeout)
5868  poll([{fd=110<pipe:[27405]>, events=POLLIN}, {fd=112<TCP:[192.168.30.128:37006->35.186.224.35:443]>, events=POLLIN}], 2, 50) = 0 (Timeout)
5868  poll([{fd=110<pipe:[27405]>, events=POLLIN}, {fd=112<TCP:[192.168.30.128:37006->35.186.224.35:443]>, events=POLLIN}], 2, 50 <unfinished ...>
5890  <... poll resumed>)               = 0 (Timeout)
5890  getpid()                          = 5743
5890  write(169<pipe:[30101]>, "W", 1)  = 1
5890  write(169<pipe:[30101]>, "W", 1)  = 1
5890  write(169<pipe:[30101]>, "W", 1)  = 1
5890  read(168<pipe:[30101]>, "WWW", 10) = 3
5890  sendto(171<UNIX-STREAM:[37133->31625]>, "\0\0\0\30\377\377\377\377\0\0\0\0\0\0\0\0\0\0\0\0L\0\0\0\16L\0\0q\346L\0"..., 44, MSG_NOSIGNAL, NULL, 0) = 44
5890  read(168<pipe:[30101]>, 0x7438815fdf7e, 10) = -1 EAGAIN (Resource temporarily unavailable)
5890  poll([{fd=168<pipe:[30101]>, events=POLLIN}, {fd=171<UNIX-STREAM:[37133->31625]>, events=POLLIN}], 2, 1498) = 1 ([{fd=171, revents=POLLIN}])
5890  write(169<pipe:[30101]>, "W", 1)  = 1
5890  recvmsg(171<UNIX-STREAM:[37133->31625]>, {msg_name=NULL, msg_namelen=0, msg_iov=[{iov_base="\0\0\0S\377\377\377\377\0\0\0\0\0\0\0\0\0\0\0\0", iov_len=20}], msg_iovlen=1, msg_control=[{cmsg_len=28, cmsg_level=SOL_SOCKET, cmsg_type=SCM_CREDENTIALS, cmsg_data={pid=1539, uid=1000, gid=1000}}], msg_controllen=32, msg_flags=0}, 0) = 20
5890  write(169<pipe:[30101]>, "W", 1)  = 1
5890  read(168<pipe:[30101]>, "WW", 10) = 2
5890  poll([{fd=168<pipe:[30101]>, events=POLLIN}, {fd=171<UNIX-STREAM:[37133->31625]>, events=POLLIN}], 2, 1494) = 1 ([{fd=171, revents=POLLIN}])
5890  write(169<pipe:[30101]>, "W", 1)  = 1
5890  recvmsg(171<UNIX-STREAM:[37133->31625]>, {msg_name=NULL, msg_namelen=0, msg_iov=[{iov_base="L\0\0\0\2L\0\0q\346U\0\0\0\0\0\1P*U\0\0\0\0\0\0\0\0001Tf\230"..., iov_len=83}], msg_iovlen=1, msg_control=[{cmsg_len=28, cmsg_level=SOL_SOCKET, cmsg_type=SCM_CREDENTIALS, cmsg_data={pid=1539, uid=1000, gid=1000}}], msg_controllen=32, msg_flags=0}, 0) = 83
5890  write(169<pipe:[30101]>, "W", 1)  = 1
5875  <... futex resumed>)              = -1 ETIMEDOUT (Connection timed out)
5890  read(168<pipe:[30101]>,  <unfinished ...>
5875  futex(0x743848096ce8, FUTEX_WAKE_PRIVATE, 1 <unfinished ...>
5890  <... read resumed>"WW", 10)       = 2
5875  <... futex resumed>)              = 0
5890  poll([{fd=168<pipe:[30101]>, events=POLLIN}, {fd=171<UNIX-STREAM:[37133->31625]>, events=POLLIN}], 2, 1491 <unfinished ...>
5875  futex(0x743848084688, FUTEX_WAIT_BITSET_PRIVATE, 0, {tv_sec=1876, tv_nsec=632262115}, FUTEX_BITSET_MATCH_ANY <unfinished ...>
5868  <... poll resumed>)               = 0 (Timeout)
5868  poll([{fd=110<pipe:[27405]>, events=POLLIN}, {fd=112<TCP:[192.168.30.128:37006->35.186.224.35:443]>, events=POLLIN}], 2, 50 <unfinished ...>
5863  <... futex resumed>)              = 0
5868  <... poll resumed>)               = 0 (Timeout)
5863  getpid( <unfinished ...>
5868  poll([{fd=110<pipe:[27405]>, events=POLLIN}, {fd=112<TCP:[192.168.30.128:37006->35.186.224.35:443]>, events=POLLIN}], 2, 50 <unfinished ...>
5863  <... getpid resumed>)             = 5743
5890  <... poll resumed>)               = 1 ([{fd=171, revents=POLLIN}])
5863  futex(0x7438482956f0, FUTEX_UNLOCK_PI_PRIVATE) = 0
5890  write(169<pipe:[30101]>, "W", 1 <unfinished ...>
5863  futex(0x7438484a2948, FUTEX_WAKE_PRIVATE, 1 <unfinished ...>
5890  <... write resumed>)              = 1
5891  <... futex resumed>)              = 0
5890  recvmsg(171<UNIX-STREAM:[37133->31625]>,  <unfinished ...>
5863  <... futex resumed>)              = 1
5771  <... epoll_wait resumed>[{events=EPOLLIN, data={u32=3825230760, u64=127787692221352}}], 16, 49552) = 1
5891  futex(0x7438482956f0, FUTEX_LOCK_PI_PRIVATE, NULL <unfinished ...>
5890  <... recvmsg resumed>{msg_name=NULL, msg_namelen=0, msg_iov=[{iov_base="\0\0\0\24\377\377\377\377\0\0\0\0\0\0\0\0\0\0\0\0", iov_len=20}], msg_iovlen=1, msg_control=[{cmsg_len=28, cmsg_level=SOL_SOCKET, cmsg_type=SCM_CREDENTIALS, cmsg_data={pid=1539, uid=1000, gid=1000}}], msg_controllen=32, msg_flags=0}, 0) = 20
5863  futex(0x7438484a2948, FUTEX_WAIT_PRIVATE, 2, NULL <unfinished ...>
5771  recvmsg(195<UNIX-STREAM:[37142->37143]>,  <unfinished ...>
5890  write(169<pipe:[30101]>, "W", 1 <unfinished ...>
5771  <... recvmsg resumed>{msg_name=NULL, msg_namelen=0, msg_iov=[{iov_base="\10\0\0\0h\0\0\0\30\0\24\0\0\0\0\0s\\\0\0\0\0\0\0\0\0\0\0\0\0\0\0"..., iov_len=4096}], msg_iovlen=1, msg_controllen=0, msg_flags=0}, MSG_DONTWAIT) = 104
5890  <... write resumed>)              = 1
5771  write(32<anon_inode:[eventfd]>, "\1\0\0\0\0\0\0\0", 8 <unfinished ...>
5890  read(168<pipe:[30101]>,  <unfinished ...>
5771  <... write resumed>)              = 8
5890  <... read resumed>"WW", 10)       = 2
5771  write(15<pipe:[31615]>, "!", 1 <unfinished ...>
5890  futex(0x7438482956f0, FUTEX_UNLOCK_PI_PRIVATE <unfinished ...>
5891  <... futex resumed>)              = 0
5890  <... futex resumed>)              = 0
5771  <... write resumed>)              = 1
5743  <... poll resumed>)               = 1 ([{fd=14, revents=POLLIN}])
5890  poll([{fd=168<pipe:[30101]>, events=POLLIN}, {fd=171<UNIX-STREAM:[37133->31625]>, events=POLLIN}], 2, 1398 <unfinished ...>
5771  epoll_wait(31<anon_inode:[eventpoll]>,  <unfinished ...>
5891  getpid( <unfinished ...>
5890  <... poll resumed>)               = 1 ([{fd=171, revents=POLLIN}])
5771  <... epoll_wait resumed>[{events=EPOLLIN, data={u32=4026539168, u64=127787893529760}}], 16, 0) = 1
5743  recvmsg(17<UNIX-STREAM:[31618->35113]>,  <unfinished ...>
5891  <... getpid resumed>)             = 5743
5891  write(169<pipe:[30101]>, "W", 1 <unfinished ...>
5890  futex(0x7438482956f0, FUTEX_LOCK_PI_PRIVATE, NULL <unfinished ...>
5771  read(32<anon_inode:[eventfd]>,  <unfinished ...>
5743  <... recvmsg resumed>{msg_namelen=0}, 0) = -1 EAGAIN (Resource temporarily unavailable)
5891  <... write resumed>)              = 1
5771  <... read resumed>"\1\0\0\0\0\0\0\0", 8) = 8
5743  read(14<pipe:[31615]>,  <unfinished ...>
5891  write(169<pipe:[30101]>, "W", 1 <unfinished ...>
5743  <... read resumed>"!", 2)         = 1
5771  epoll_wait(31<anon_inode:[eventpoll]>,  <unfinished ...>
5891  <... write resumed>)              = 1
5771  <... epoll_wait resumed>[], 16, 0) = 0
5743  recvmsg(17<UNIX-STREAM:[31618->35113]>,  <unfinished ...>
5891  futex(0x7438482956f0, FUTEX_UNLOCK_PI_PRIVATE) = 0
5771  epoll_wait(31<anon_inode:[eventpoll]>,  <unfinished ...>
5743  <... recvmsg resumed>{msg_namelen=0}, 0) = -1 EAGAIN (Resource temporarily unavailable)
5891  futex(0x743848248988, FUTEX_WAIT_BITSET_PRIVATE|FUTEX_CLOCK_REALTIME, 0, NULL, FUTEX_BITSET_MATCH_ANY <unfinished ...>
5890  <... futex resumed>)              = 0
5743  recvmsg(33<UNIX-STREAM:[31619->35114]>,  <unfinished ...>
5890  sendto(171<UNIX-STREAM:[37133->31625]>, "\0\0\0\30\377\377\377\377\0\0\0\0\0\0\0\0\0\0\0\0L\0\0\0\16L\0\0q\347L\0"..., 44, MSG_NOSIGNAL, NULL, 0 <unfinished ...>
5743  <... recvmsg resumed>{msg_namelen=0}, 0) = -1 EAGAIN (Resource temporarily unavailable)
5890  <... sendto resumed>)             = 44
5890  read(168<pipe:[30101]>,  <unfinished ...>
5743  recvmsg(33<UNIX-STREAM:[31619->35114]>,  <unfinished ...>
5890  <... read resumed>"WW", 10)       = 2
5890  futex(0x7438482956f0, FUTEX_UNLOCK_PI_PRIVATE <unfinished ...>
5875  <... futex resumed>)              = -1 ETIMEDOUT (Connection timed out)
5743  <... recvmsg resumed>{msg_namelen=0}, 0) = -1 EAGAIN (Resource temporarily unavailable)
5890  <... futex resumed>)              = 0
5890  poll([{fd=168<pipe:[30101]>, events=POLLIN}, {fd=171<UNIX-STREAM:[37133->31625]>, events=POLLIN}], 2, 1392 <unfinished ...>
5875  futex(0x743848096ce8, FUTEX_WAKE_PRIVATE, 1 <unfinished ...>
5743  poll([{fd=13<anon_inode:[eventfd]>, events=POLLIN}, {fd=14<pipe:[31615]>, events=POLLIN}, {fd=17<UNIX-STREAM:[31618->35113]>, events=POLLIN}, {fd=33<UNIX-STREAM:[31619->35114]>, events=POLLIN}], 4, 0 <unfinished ...>
5875  <... futex resumed>)              = 0
5743  <... poll resumed>)               = 0 (Timeout)
5875  futex(0x743848084688, FUTEX_WAIT_BITSET_PRIVATE, 0, {tv_sec=1876, tv_nsec=732498901}, FUTEX_BITSET_MATCH_ANY <unfinished ...>
5890  <... poll resumed>)               = 1 ([{fd=171, revents=POLLIN}])
5743  recvmsg(17<UNIX-STREAM:[31618->35113]>,  <unfinished ...>
5890  write(169<pipe:[30101]>, "W", 1 <unfinished ...>
5743  <... recvmsg resumed>{msg_namelen=0}, 0) = -1 EAGAIN (Resource temporarily unavailable)
5890  <... write resumed>)              = 1
5743  recvmsg(17<UNIX-STREAM:[31618->35113]>,  <unfinished ...>
5890  recvmsg(171<UNIX-STREAM:[37133->31625]>,  <unfinished ...>
5743  <... recvmsg resumed>{msg_namelen=0}, 0) = -1 EAGAIN (Resource temporarily unavailable)
5890  <... recvmsg resumed>{msg_name=NULL, msg_namelen=0, msg_iov=[{iov_base="L\0\0\0=L\377\377\377\377L\0\0\0\0L\0\0:\320", iov_len=20}], msg_iovlen=1, msg_control=[{cmsg_len=28, cmsg_level=SOL_SOCKET, cmsg_type=SCM_CREDENTIALS, cmsg_data={pid=1539, uid=1000, gid=1000}}], msg_controllen=32, msg_flags=0}, 0) = 20
5743  recvmsg(33<UNIX-STREAM:[31619->35114]>,  <unfinished ...>
5890  write(169<pipe:[30101]>, "W", 1 <unfinished ...>
5743  <... recvmsg resumed>{msg_namelen=0}, 0) = -1 EAGAIN (Resource temporarily unavailable)
5890  <... write resumed>)              = 1
5743  recvmsg(33<UNIX-STREAM:[31619->35114]>,  <unfinished ...>
5890  read(168<pipe:[30101]>,  <unfinished ...>
5743  <... recvmsg resumed>{msg_namelen=0}, 0) = -1 EAGAIN (Resource temporarily unavailable)
5890  <... read resumed>"WW", 10)       = 2
5743  poll([{fd=13<anon_inode:[eventfd]>, events=POLLIN}, {fd=14<pipe:[31615]>, events=POLLIN}, {fd=17<UNIX-STREAM:[31618->35113]>, events=POLLIN}, {fd=33<UNIX-STREAM:[31619->35114]>, events=POLLIN}], 4, 146 <unfinished ...>
5890  poll([{fd=168<pipe:[30101]>, events=POLLIN}, {fd=171<UNIX-STREAM:[37133->31625]>, events=POLLIN}], 2, 1383) = 1 ([{fd=171, revents=POLLIN}])
5890  write(169<pipe:[30101]>, "W", 1)  = 1
5890  recvmsg(171<UNIX-STREAM:[37133->31625]>, {msg_name=NULL, msg_namelen=0, msg_iov=[{iov_base="\0\0\0S\377\377\377\377\0\0\0\0\0\0\0\0\0\0\0\0", iov_len=20}], msg_iovlen=1, msg_control=[{cmsg_len=28, cmsg_level=SOL_SOCKET, cmsg_type=SCM_CREDENTIALS, cmsg_data={pid=1539, uid=1000, gid=1000}}], msg_controllen=32, msg_flags=0}, 0) = 20
5890  write(169<pipe:[30101]>, "W", 1)  = 1
5890  read(168<pipe:[30101]>, "WW", 10) = 2
5890  poll([{fd=168<pipe:[30101]>, events=POLLIN}, {fd=171<UNIX-STREAM:[37133->31625]>, events=POLLIN}], 2, 1375) = 1 ([{fd=171, revents=POLLIN}])
5890  write(169<pipe:[30101]>, "W", 1)  = 1
5890  recvmsg(171<UNIX-STREAM:[37133->31625]>,  <unfinished ...>
5766  <... restart_syscall resumed>)    = -1 ETIMEDOUT (Connection timed out)
5890  <... recvmsg resumed>{msg_name=NULL, msg_namelen=0, msg_iov=[{iov_base="L\0\0\0\2L\0\0q\347U\0\0\0\0\0\1P*U\0\0\0\0\0\0\0\0001Tf\230"..., iov_len=83}], msg_iovlen=1, msg_control=[{cmsg_len=28, cmsg_level=SOL_SOCKET, cmsg_type=SCM_CREDENTIALS, cmsg_data={pid=1539, uid=1000, gid=1000}}], msg_controllen=32, msg_flags=0}, 0) = 83
5771  <... epoll_wait resumed>[{events=EPOLLIN, data={u32=3825230760, u64=127787692221352}}], 16, 49256) = 1
5766  futex(0x74391d3fdfb0, FUTEX_WAKE_PRIVATE, 1 <unfinished ...>
5890  write(169<pipe:[30101]>, "W", 1 <unfinished ...>
5771  recvmsg(195<UNIX-STREAM:[37142->37143]>,  <unfinished ...>
5766  <... futex resumed>)              = 0
5890  <... write resumed>)              = 1
5890  futex(0x743848248988, FUTEX_WAKE_PRIVATE, 2147483647 <unfinished ...>
5771  <... recvmsg resumed>{msg_name=NULL, msg_namelen=0, msg_iov=[{iov_base="\10\0\0\0h\0\0\0\30\0\24\0\0\0\0\0t\\\0\0\0\0\0\0\0\0\0\0\0\0\0\0"..., iov_len=4096}], msg_iovlen=1, msg_controllen=0, msg_flags=0}, MSG_DONTWAIT) = 208
5766  futex(0x74391d3fe000, FUTEX_WAIT_BITSET_PRIVATE, 0, {tv_sec=1886, tv_nsec=658729589}, FUTEX_BITSET_MATCH_ANY <unfinished ...>
5890  <... futex resumed>)              = 1
5771  write(15<pipe:[31615]>, "!", 1 <unfinished ...>
5891  <... futex resumed>)              = 0
5891  futex(0x7438482956f0, FUTEX_LOCK_PI_PRIVATE, NULL <unfinished ...>
5890  read(168<pipe:[30101]>,  <unfinished ...>
5771  <... write resumed>)              = 1
5743  <... poll resumed>)               = 1 ([{fd=14, revents=POLLIN}])
5890  <... read resumed>"WW", 10)       = 2
5771  write(32<anon_inode:[eventfd]>, "\1\0\0\0\0\0\0\0", 8 <unfinished ...>
5743  recvmsg(17<UNIX-STREAM:[31618->35113]>,  <unfinished ...>
5890  futex(0x7438482956f0, FUTEX_UNLOCK_PI_PRIVATE <unfinished ...>
5771  <... write resumed>)              = 8
5743  <... recvmsg resumed>{msg_namelen=0}, 0) = -1 EAGAIN (Resource temporarily unavailable)
5891  <... futex resumed>)              = 0
5890  <... futex resumed>)              = 0
5891  getpid( <unfinished ...>
5890  poll([{fd=168<pipe:[30101]>, events=POLLIN}, {fd=171<UNIX-STREAM:[37133->31625]>, events=POLLIN}], 2, 1363 <unfinished ...>
5743  read(14<pipe:[31615]>,  <unfinished ...>
5771  epoll_wait(31<anon_inode:[eventpoll]>,  <unfinished ...>
5891  <... getpid resumed>)             = 5743
5771  <... epoll_wait resumed>[{events=EPOLLIN, data={u32=4026539168, u64=127787893529760}}], 16, 0) = 1
5891  futex(0x7438482956f0, FUTEX_UNLOCK_PI_PRIVATE <unfinished ...>
5743  <... read resumed>"!", 2)         = 1
5771  read(32<anon_inode:[eventfd]>,  <unfinished ...>
5891  <... futex resumed>)              = 0
5743  recvmsg(17<UNIX-STREAM:[31618->35113]>,  <unfinished ...>
5771  <... read resumed>"\1\0\0\0\0\0\0\0", 8) = 8
5891  futex(0x7438484a2948, FUTEX_WAKE_PRIVATE, 1 <unfinished ...>
5743  <... recvmsg resumed>{msg_namelen=0}, 0) = -1 EAGAIN (Resource temporarily unavailable)
5771  epoll_wait(31<anon_inode:[eventpoll]>,  <unfinished ...>
5891  <... futex resumed>)              = 1
5863  <... futex resumed>)              = 0
5863  getpid( <unfinished ...>
5771  <... epoll_wait resumed>[], 16, 0) = 0
5743  recvmsg(33<UNIX-STREAM:[31619->35114]>,  <unfinished ...>
5891  futex(0x74384857fc48, FUTEX_WAIT_PRIVATE, 2, NULL <unfinished ...>
5863  <... getpid resumed>)             = 5743
5771  epoll_wait(31<anon_inode:[eventpoll]>,  <unfinished ...>
5743  <... recvmsg resumed>{msg_namelen=0}, 0) = -1 EAGAIN (Resource temporarily unavailable)
5863  write(169<pipe:[30101]>, "W", 1 <unfinished ...>
5743  recvmsg(33<UNIX-STREAM:[31619->35114]>,  <unfinished ...>
5863  <... write resumed>)              = 1
5863  write(169<pipe:[30101]>, "W", 1 <unfinished ...>
5890  <... poll resumed>)               = 1 ([{fd=168, revents=POLLIN}])
5743  <... recvmsg resumed>{msg_namelen=0}, 0) = -1 EAGAIN (Resource temporarily unavailable)
5863  <... write resumed>)              = 1
5890  sendto(171<UNIX-STREAM:[37133->31625]>, "\0\0\0\30\377\377\377\377\0\0\0\0\0\0\0\0\0\0\0\0L\0\0\0\16L\0\0q\350L\0"..., 44, MSG_NOSIGNAL, NULL, 0 <unfinished ...>
5863  futex(0x74384824898c, FUTEX_WAIT_BITSET_PRIVATE|FUTEX_CLOCK_REALTIME, 0, NULL, FUTEX_BITSET_MATCH_ANY <unfinished ...>
5743  poll([{fd=13<anon_inode:[eventfd]>, events=POLLIN}, {fd=14<pipe:[31615]>, events=POLLIN}, {fd=17<UNIX-STREAM:[31618->35113]>, events=POLLIN}, {fd=33<UNIX-STREAM:[31619->35114]>, events=POLLIN}], 4, 0 <unfinished ...>
5890  <... sendto resumed>)             = 44
5743  <... poll resumed>)               = 0 (Timeout)
5890  read(168<pipe:[30101]>,  <unfinished ...>
5743  recvmsg(17<UNIX-STREAM:[31618->35113]>,  <unfinished ...>
5890  <... read resumed>"WW", 10)       = 2
5743  <... recvmsg resumed>{msg_namelen=0}, 0) = -1 EAGAIN (Resource temporarily unavailable)
5890  poll([{fd=168<pipe:[30101]>, events=POLLIN}, {fd=171<UNIX-STREAM:[37133->31625]>, events=POLLIN}], 2, 1352 <unfinished ...>
5743  recvmsg(17<UNIX-STREAM:[31618->35113]>,  <unfinished ...>
5890  <... poll resumed>)               = 1 ([{fd=171, revents=POLLIN}])
5743  <... recvmsg resumed>{msg_namelen=0}, 0) = -1 EAGAIN (Resource temporarily unavailable)
5868  <... poll resumed>)               = 0 (Timeout)
5890  write(169<pipe:[30101]>, "W", 1 <unfinished ...>
5743  recvmsg(33<UNIX-STREAM:[31619->35114]>,  <unfinished ...>
5868  poll([{fd=110<pipe:[27405]>, events=POLLIN}, {fd=112<TCP:[192.168.30.128:37006->35.186.224.35:443]>, events=POLLIN}], 2, 50 <unfinished ...>
5890  <... write resumed>)              = 1
5743  <... recvmsg resumed>{msg_namelen=0}, 0) = -1 EAGAIN (Resource temporarily unavailable)
5890  recvmsg(171<UNIX-STREAM:[37133->31625]>,  <unfinished ...>
5743  recvmsg(33<UNIX-STREAM:[31619->35114]>,  <unfinished ...>
5890  <... recvmsg resumed>{msg_name=NULL, msg_namelen=0, msg_iov=[{iov_base="\0\0\0S\377\377\377\377\0\0\0\0\0\0\0\0\0\0\0\0", iov_len=20}], msg_iovlen=1, msg_control=[{cmsg_len=28, cmsg_level=SOL_SOCKET, cmsg_type=SCM_CREDENTIALS, cmsg_data={pid=1539, uid=1000, gid=1000}}], msg_controllen=32, msg_flags=0}, 0) = 20
5743  <... recvmsg resumed>{msg_namelen=0}, 0) = -1 EAGAIN (Resource temporarily unavailable)
5890  write(169<pipe:[30101]>, "W", 1 <unfinished ...>
5743  poll([{fd=13<anon_inode:[eventfd]>, events=POLLIN}, {fd=14<pipe:[31615]>, events=POLLIN}, {fd=17<UNIX-STREAM:[31618->35113]>, events=POLLIN}, {fd=33<UNIX-STREAM:[31619->35114]>, events=POLLIN}], 4, 114 <unfinished ...>
5890  <... write resumed>)              = 1
5890  read(168<pipe:[30101]>, "WW", 10) = 2
5890  poll([{fd=168<pipe:[30101]>, events=POLLIN}, {fd=171<UNIX-STREAM:[37133->31625]>, events=POLLIN}], 2, 1350) = 1 ([{fd=171, revents=POLLIN}])
5890  write(169<pipe:[30101]>, "W", 1)  = 1
5890  recvmsg(171<UNIX-STREAM:[37133->31625]>, {msg_name=NULL, msg_namelen=0, msg_iov=[{iov_base="L\0\0\0\2L\0\0q\350U\0\0\0\0\0\1P*U\0\0\0\0\0\0\0\0001Tf\230"..., iov_len=83}], msg_iovlen=1, msg_control=[{cmsg_len=28, cmsg_level=SOL_SOCKET, cmsg_type=SCM_CREDENTIALS, cmsg_data={pid=1539, uid=1000, gid=1000}}], msg_controllen=32, msg_flags=0}, 0) = 83
5890  write(169<pipe:[30101]>, "W", 1)  = 1
5890  futex(0x74384824898c, FUTEX_WAKE_PRIVATE, 2147483647) = 1
5863  <... futex resumed>)              = 0
5863  futex(0x7438482956f0, FUTEX_LOCK_PI_PRIVATE, NULL <unfinished ...>
5890  read(168<pipe:[30101]>, "WW", 10) = 2
5890  futex(0x7438482956f0, FUTEX_UNLOCK_PI_PRIVATE) = 0
5863  <... futex resumed>)              = 0
5890  poll([{fd=168<pipe:[30101]>, events=POLLIN}, {fd=171<UNIX-STREAM:[37133->31625]>, events=POLLIN}], 2, 1345 <unfinished ...>
5863  getpid()                          = 5743
5863  futex(0x7438482956f0, FUTEX_UNLOCK_PI_PRIVATE) = 0
5863  futex(0x74384857fc48, FUTEX_WAKE_PRIVATE, 1 <unfinished ...>
5891  <... futex resumed>)              = 0
5863  <... futex resumed>)              = 1
5891  futex(0x74384857fc48, FUTEX_WAKE_PRIVATE, 1 <unfinished ...>
5863  futex(0x7438484a2948, FUTEX_WAKE_PRIVATE, 1 <unfinished ...>
5891  <... futex resumed>)              = 0
5863  <... futex resumed>)              = 0
5891  getpid()                          = 5743
5863  futex(0x7438482956f0, FUTEX_LOCK_PI_PRIVATE, NULL <unfinished ...>
5891  write(169<pipe:[30101]>, "W", 1)  = 1
5890  <... poll resumed>)               = 1 ([{fd=168, revents=POLLIN}])
5891  futex(0x7438482956f0, FUTEX_UNLOCK_PI_PRIVATE <unfinished ...>
5890  futex(0x7438482956f0, FUTEX_LOCK_PI_PRIVATE, NULL <unfinished ...>
5891  <... futex resumed>)              = 0
5863  <... futex resumed>)              = 0
5891  futex(0x7438482956f0, FUTEX_LOCK_PI_PRIVATE, NULL <unfinished ...>
5863  getpid()                          = 5743
5863  write(169<pipe:[30101]>, "W", 1)  = 1
5863  futex(0x7438482956f0, FUTEX_UNLOCK_PI_PRIVATE <unfinished ...>
5890  <... futex resumed>)              = 0
5863  <... futex resumed>)              = 0
5890  sendto(171<UNIX-STREAM:[37133->31625]>, "\0\0 \0\0\0\0\0\0\0\0\0\0\0\0\0\0\0\0\0", 20, MSG_NOSIGNAL, NULL, 0 <unfinished ...>
5863  futex(0x743848248988, FUTEX_WAIT_BITSET_PRIVATE|FUTEX_CLOCK_REALTIME, 0, NULL, FUTEX_BITSET_MATCH_ANY <unfinished ...>
5890  <... sendto resumed>)             = 20
5890  sendto(171<UNIX-STREAM:[37133->31625]>, "i\246T\276aW\306\276{0\202\276\273\222\272\276\242\5\233\276\310\347\254\276\254\246_\276\217\352\231\276"..., 8192, MSG_NOSIGNAL, NULL, 0) = 8192
5890  sendto(171<UNIX-STREAM:[37133->31625]>, "\0\0\0\30\377\377\377\377\0\0\0\0\0\0\0\0\0\0\0\0L\0\0\0\16L\0\0q\351L\0"..., 44, MSG_NOSIGNAL, NULL, 0) = 44
5890  read(168<pipe:[30101]>, "WW", 10) = 2
5890  futex(0x7438482956f0, FUTEX_UNLOCK_PI_PRIVATE <unfinished ...>
5891  <... futex resumed>)              = 0
5890  <... futex resumed>)              = 0
5891  getpid( <unfinished ...>
5890  poll([{fd=168<pipe:[30101]>, events=POLLIN}, {fd=171<UNIX-STREAM:[37133->31625]>, events=POLLIN}], 2, 1335 <unfinished ...>
5891  <... getpid resumed>)             = 5743
5890  <... poll resumed>)               = 1 ([{fd=171, revents=POLLIN}])
5891  futex(0x7438482956f0, FUTEX_UNLOCK_PI_PRIVATE <unfinished ...>
5890  futex(0x7438482956f0, FUTEX_LOCK_PI_PRIVATE, NULL <unfinished ...>
5891  <... futex resumed>)              = 0
5890  <... futex resumed>)              = 0
5891  futex(0x7438484a2948, FUTEX_WAIT_PRIVATE, 2, NULL <unfinished ...>
5890  write(169<pipe:[30101]>, "W", 1)  = 1
5890  recvmsg(171<UNIX-STREAM:[37133->31625]>, {msg_name=NULL, msg_namelen=0, msg_iov=[{iov_base="\0\0\0S\377\377\377\377\0\0\0\0\0\0\0\0\0\0\0\0", iov_len=20}], msg_iovlen=1, msg_control=[{cmsg_len=28, cmsg_level=SOL_SOCKET, cmsg_type=SCM_CREDENTIALS, cmsg_data={pid=1539, uid=1000, gid=1000}}], msg_controllen=32, msg_flags=0}, 0) = 20
5890  write(169<pipe:[30101]>, "W", 1)  = 1
5890  read(168<pipe:[30101]>, "WW", 10) = 2
5890  poll([{fd=168<pipe:[30101]>, events=POLLIN}, {fd=171<UNIX-STREAM:[37133->31625]>, events=POLLIN}], 2, 1332) = 1 ([{fd=171, revents=POLLIN}])
5890  write(169<pipe:[30101]>, "W", 1)  = 1
5890  recvmsg(171<UNIX-STREAM:[37133->31625]>, {msg_name=NULL, msg_namelen=0, msg_iov=[{iov_base="L\0\0\0\2L\0\0q\351U\0\0\0\0\0\1P*U\0\0\0\0\0\0\0\0001Tf\230"..., iov_len=83}], msg_iovlen=1, msg_control=[{cmsg_len=28, cmsg_level=SOL_SOCKET, cmsg_type=SCM_CREDENTIALS, cmsg_data={pid=1539, uid=1000, gid=1000}}], msg_controllen=32, msg_flags=0}, 0) = 83
5890  write(169<pipe:[30101]>, "W", 1)  = 1
5890  futex(0x743848248988, FUTEX_WAKE_PRIVATE, 2147483647) = 1
5863  <... futex resumed>)              = 0
5890  read(168<pipe:[30101]>,  <unfinished ...>
5863  futex(0x7438482956f0, FUTEX_LOCK_PI_PRIVATE, NULL <unfinished ...>
5890  <... read resumed>"WW", 10)       = 2
5890  futex(0x7438482956f0, FUTEX_UNLOCK_PI_PRIVATE) = 0
5863  <... futex resumed>)              = 0
5890  poll([{fd=168<pipe:[30101]>, events=POLLIN}, {fd=171<UNIX-STREAM:[37133->31625]>, events=POLLIN}], 2, 1328 <unfinished ...>
5863  getpid()                          = 5743
5863  futex(0x7438482956f0, FUTEX_UNLOCK_PI_PRIVATE) = 0
5863  futex(0x7438484a2948, FUTEX_WAKE_PRIVATE, 1 <unfinished ...>
5891  <... futex resumed>)              = 0
5863  <... futex resumed>)              = 1
5891  getpid( <unfinished ...>
5863  futex(0x7438484a2948, FUTEX_WAIT_PRIVATE, 2, NULL <unfinished ...>
5891  <... getpid resumed>)             = 5743
5891  write(169<pipe:[30101]>, "W", 1)  = 1
5890  <... poll resumed>)               = 1 ([{fd=168, revents=POLLIN}])
5891  write(169<pipe:[30101]>, "W", 1 <unfinished ...>
5890  futex(0x7438482956f0, FUTEX_LOCK_PI_PRIVATE, NULL <unfinished ...>
5891  <... write resumed>)              = 1
5891  futex(0x7438482956f0, FUTEX_UNLOCK_PI_PRIVATE) = 0
5890  <... futex resumed>)              = 0
5891  futex(0x74384824898c, FUTEX_WAIT_BITSET_PRIVATE|FUTEX_CLOCK_REALTIME, 0, NULL, FUTEX_BITSET_MATCH_ANY <unfinished ...>
5890  sendto(171<UNIX-STREAM:[37133->31625]>, "\0\0\0\30\377\377\377\377\0\0\0\0\0\0\0\0\0\0\0\0L\0\0\0\16L\0\0q\352L\0"..., 44, MSG_NOSIGNAL, NULL, 0) = 44
5890  read(168<pipe:[30101]>, "WW", 10) = 2
5890  futex(0x7438482956f0, FUTEX_UNLOCK_PI_PRIVATE) = 0
5890  poll([{fd=168<pipe:[30101]>, events=POLLIN}, {fd=171<UNIX-STREAM:[37133->31625]>, events=POLLIN}], 2, 1321) = 1 ([{fd=171, revents=POLLIN}])
5890  write(169<pipe:[30101]>, "W", 1)  = 1
5890  recvmsg(171<UNIX-STREAM:[37133->31625]>, {msg_name=NULL, msg_namelen=0, msg_iov=[{iov_base="\0\0\0S\377\377\377\377\0\0\0\0\0\0\0\0\0\0\0\0", iov_len=20}], msg_iovlen=1, msg_control=[{cmsg_len=28, cmsg_level=SOL_SOCKET, cmsg_type=SCM_CREDENTIALS, cmsg_data={pid=1539, uid=1000, gid=1000}}], msg_controllen=32, msg_flags=0}, 0) = 20
5890  write(169<pipe:[30101]>, "W", 1)  = 1
5890  read(168<pipe:[30101]>, "WW", 10) = 2
5890  poll([{fd=168<pipe:[30101]>, events=POLLIN}, {fd=171<UNIX-STREAM:[37133->31625]>, events=POLLIN}], 2, 1317) = 1 ([{fd=171, revents=POLLIN}])
5890  write(169<pipe:[30101]>, "W", 1)  = 1
5890  recvmsg(171<UNIX-STREAM:[37133->31625]>, {msg_name=NULL, msg_namelen=0, msg_iov=[{iov_base="L\0\0\0\2L\0\0q\352U\0\0\0\0\0\1P*U\0\0\0\0\0\0\0\0001Tf\230"..., iov_len=83}], msg_iovlen=1, msg_control=[{cmsg_len=28, cmsg_level=SOL_SOCKET, cmsg_type=SCM_CREDENTIALS, cmsg_data={pid=1539, uid=1000, gid=1000}}], msg_controllen=32, msg_flags=0}, 0) = 83
5890  write(169<pipe:[30101]>, "W", 1)  = 1
5890  futex(0x74384824898c, FUTEX_WAKE_PRIVATE, 2147483647 <unfinished ...>
5891  <... futex resumed>)              = 0
5890  <... futex resumed>)              = 1
5891  futex(0x7438482956f0, FUTEX_LOCK_PI_PRIVATE, NULL <unfinished ...>
5890  read(168<pipe:[30101]>, "WW", 10) = 2
5890  futex(0x7438482956f0, FUTEX_UNLOCK_PI_PRIVATE <unfinished ...>
5891  <... futex resumed>)              = 0
5890  <... futex resumed>)              = 0
5891  getpid( <unfinished ...>
5890  poll([{fd=168<pipe:[30101]>, events=POLLIN}, {fd=171<UNIX-STREAM:[37133->31625]>, events=POLLIN}], 2, 1315 <unfinished ...>
5891  <... getpid resumed>)             = 5743
5891  futex(0x7438482956f0, FUTEX_UNLOCK_PI_PRIVATE) = 0
5891  futex(0x7438484a2948, FUTEX_WAKE_PRIVATE, 1) = 1
5863  <... futex resumed>)              = 0
5891  getpid( <unfinished ...>
5863  futex(0x7438482956f0, FUTEX_LOCK_PI_PRIVATE, NULL <unfinished ...>
5891  <... getpid resumed>)             = 5743
5891  write(169<pipe:[30101]>, "W", 1)  = 1
5890  <... poll resumed>)               = 1 ([{fd=168, revents=POLLIN}])
5891  futex(0x7438482956f0, FUTEX_UNLOCK_PI_PRIVATE <unfinished ...>
5890  futex(0x7438482956f0, FUTEX_LOCK_PI_PRIVATE, NULL <unfinished ...>
5891  <... futex resumed>)              = 0
5863  <... futex resumed>)              = 0
5891  futex(0x7438482956f0, FUTEX_LOCK_PI_PRIVATE, NULL <unfinished ...>
5863  getpid()                          = 5743
5863  write(169<pipe:[30101]>, "W", 1)  = 1
5863  futex(0x7438482956f0, FUTEX_UNLOCK_PI_PRIVATE <unfinished ...>
5890  <... futex resumed>)              = 0
5863  <... futex resumed>)              = 0
5890  sendto(171<UNIX-STREAM:[37133->31625]>, "\0\0 \0\0\0\0\0\0\0\0\0\0\0\0\0\0\0\0\0", 20, MSG_NOSIGNAL, NULL, 0 <unfinished ...>
5863  futex(0x743848248988, FUTEX_WAIT_BITSET_PRIVATE|FUTEX_CLOCK_REALTIME, 0, NULL, FUTEX_BITSET_MATCH_ANY <unfinished ...>
5890  <... sendto resumed>)             = 20
5890  sendto(171<UNIX-STREAM:[37133->31625]>, "\3051\242>\217/\260\275\252y{>E\256\345\275\344\302\232>\263\276\212\275\212\324\270>\2547\244\275"..., 8192, MSG_NOSIGNAL, NULL, 0) = 8192
5890  sendto(171<UNIX-STREAM:[37133->31625]>, "\0\0\0\30\377\377\377\377\0\0\0\0\0\0\0\0\0\0\0\0L\0\0\0\16L\0\0q\353L\0"..., 44, MSG_NOSIGNAL, NULL, 0) = 44
5890  read(168<pipe:[30101]>, "WW", 10) = 2
5890  futex(0x7438482956f0, FUTEX_UNLOCK_PI_PRIVATE <unfinished ...>
5891  <... futex resumed>)              = 0
5890  <... futex resumed>)              = 0
5891  getpid( <unfinished ...>
5890  poll([{fd=168<pipe:[30101]>, events=POLLIN}, {fd=171<UNIX-STREAM:[37133->31625]>, events=POLLIN}], 2, 1309 <unfinished ...>
5891  <... getpid resumed>)             = 5743
5890  <... poll resumed>)               = 1 ([{fd=171, revents=POLLIN}])
5891  futex(0x7438482956f0, FUTEX_UNLOCK_PI_PRIVATE <unfinished ...>
5890  futex(0x7438482956f0, FUTEX_LOCK_PI_PRIVATE, NULL <unfinished ...>
5891  <... futex resumed>)              = 0
5890  <... futex resumed>)              = 0
5891  futex(0x7438484a2948, FUTEX_WAIT_PRIVATE, 2, NULL <unfinished ...>
5890  write(169<pipe:[30101]>, "W", 1)  = 1
5890  recvmsg(171<UNIX-STREAM:[37133->31625]>, {msg_name=NULL, msg_namelen=0, msg_iov=[{iov_base="\0\0\0S\377\377\377\377\0\0\0\0\0\0\0\0\0\0\0\0", iov_len=20}], msg_iovlen=1, msg_control=[{cmsg_len=28, cmsg_level=SOL_SOCKET, cmsg_type=SCM_CREDENTIALS, cmsg_data={pid=1539, uid=1000, gid=1000}}], msg_controllen=32, msg_flags=0}, 0) = 20
5890  write(169<pipe:[30101]>, "W", 1)  = 1
5890  read(168<pipe:[30101]>, "WW", 10) = 2
5890  poll([{fd=168<pipe:[30101]>, events=POLLIN}, {fd=171<UNIX-STREAM:[37133->31625]>, events=POLLIN}], 2, 1303) = 1 ([{fd=171, revents=POLLIN}])
5890  write(169<pipe:[30101]>, "W", 1)  = 1
5890  recvmsg(171<UNIX-STREAM:[37133->31625]>, {msg_name=NULL, msg_namelen=0, msg_iov=[{iov_base="L\0\0\0\2L\0\0q\353U\0\0\0\0\0\1P*U\0\0\0\0\0\0\0\0001Tf\230"..., iov_len=83}], msg_iovlen=1, msg_control=[{cmsg_len=28, cmsg_level=SOL_SOCKET, cmsg_type=SCM_CREDENTIALS, cmsg_data={pid=1539, uid=1000, gid=1000}}], msg_controllen=32, msg_flags=0}, 0) = 83
5890  write(169<pipe:[30101]>, "W", 1)  = 1
5868  <... poll resumed>)               = 0 (Timeout)
5890  futex(0x743848248988, FUTEX_WAKE_PRIVATE, 2147483647 <unfinished ...>
5868  poll([{fd=110<pipe:[27405]>, events=POLLIN}, {fd=112<TCP:[192.168.30.128:37006->35.186.224.35:443]>, events=POLLIN}], 2, 50 <unfinished ...>
5890  <... futex resumed>)              = 1
5863  <... futex resumed>)              = 0
5890  read(168<pipe:[30101]>,  <unfinished ...>
5863  futex(0x7438482956f0, FUTEX_LOCK_PI_PRIVATE, NULL <unfinished ...>
5890  <... read resumed>"WW", 10)       = 2
5890  futex(0x7438482956f0, FUTEX_UNLOCK_PI_PRIVATE) = 0
5863  <... futex resumed>)              = 0
5890  poll([{fd=168<pipe:[30101]>, events=POLLIN}, {fd=171<UNIX-STREAM:[37133->31625]>, events=POLLIN}], 2, 1296 <unfinished ...>
5863  getpid()                          = 5743
5863  futex(0x7438482956f0, FUTEX_UNLOCK_PI_PRIVATE) = 0
5863  futex(0x7438484a2948, FUTEX_WAKE_PRIVATE, 1 <unfinished ...>
5891  <... futex resumed>)              = 0
5863  <... futex resumed>)              = 1
5891  getpid( <unfinished ...>
5863  futex(0x7438484a2948, FUTEX_WAIT_PRIVATE, 2, NULL <unfinished ...>
5875  <... futex resumed>)              = -1 ETIMEDOUT (Connection timed out)
5891  <... getpid resumed>)             = 5743
5875  futex(0x743848096ce8, FUTEX_WAKE_PRIVATE, 1) = 0
5891  write(169<pipe:[30101]>, "W", 1 <unfinished ...>
5875  futex(0x743848084688, FUTEX_WAIT_BITSET_PRIVATE, 0, {tv_sec=1876, tv_nsec=832444495}, FUTEX_BITSET_MATCH_ANY <unfinished ...>
5891  <... write resumed>)              = 1
5890  <... poll resumed>)               = 1 ([{fd=168, revents=POLLIN}])
5891  write(169<pipe:[30101]>, "W", 1 <unfinished ...>
5890  futex(0x7438482956f0, FUTEX_LOCK_PI_PRIVATE, NULL <unfinished ...>
5891  <... write resumed>)              = 1
5891  futex(0x7438482956f0, FUTEX_UNLOCK_PI_PRIVATE) = 0
5890  <... futex resumed>)              = 0
5891  futex(0x74384824898c, FUTEX_WAIT_BITSET_PRIVATE|FUTEX_CLOCK_REALTIME, 0, NULL, FUTEX_BITSET_MATCH_ANY <unfinished ...>
5890  sendto(171<UNIX-STREAM:[37133->31625]>, "\0\0\0\30\377\377\377\377\0\0\0\0\0\0\0\0\0\0\0\0L\0\0\0\16L\0\0q\354L\0"..., 44, MSG_NOSIGNAL, NULL, 0) = 44
5890  read(168<pipe:[30101]>, "WW", 10) = 2
5890  futex(0x7438482956f0, FUTEX_UNLOCK_PI_PRIVATE) = 0
5890  poll([{fd=168<pipe:[30101]>, events=POLLIN}, {fd=171<UNIX-STREAM:[37133->31625]>, events=POLLIN}], 2, 1288) = 1 ([{fd=171, revents=POLLIN}])
5890  write(169<pipe:[30101]>, "W", 1)  = 1
5890  recvmsg(171<UNIX-STREAM:[37133->31625]>, {msg_name=NULL, msg_namelen=0, msg_iov=[{iov_base="\0\0\0S\377\377\377\377\0\0\0\0\0\0\0\0\0\0\0\0", iov_len=20}], msg_iovlen=1, msg_control=[{cmsg_len=28, cmsg_level=SOL_SOCKET, cmsg_type=SCM_CREDENTIALS, cmsg_data={pid=1539, uid=1000, gid=1000}}], msg_controllen=32, msg_flags=0}, 0) = 20
5890  write(169<pipe:[30101]>, "W", 1)  = 1
5890  read(168<pipe:[30101]>, "WW", 10) = 2
5890  poll([{fd=168<pipe:[30101]>, events=POLLIN}, {fd=171<UNIX-STREAM:[37133->31625]>, events=POLLIN}], 2, 1286) = 1 ([{fd=171, revents=POLLIN}])
5890  write(169<pipe:[30101]>, "W", 1)  = 1
5890  recvmsg(171<UNIX-STREAM:[37133->31625]>, {msg_name=NULL, msg_namelen=0, msg_iov=[{iov_base="L\0\0\0\2L\0\0q\354U\0\0\0\0\0\1P*U\0\0\0\0\0\0\0\0001Tf\230"..., iov_len=83}], msg_iovlen=1, msg_control=[{cmsg_len=28, cmsg_level=SOL_SOCKET, cmsg_type=SCM_CREDENTIALS, cmsg_data={pid=1539, uid=1000, gid=1000}}], msg_controllen=32, msg_flags=0}, 0) = 83
5890  write(169<pipe:[30101]>, "W", 1)  = 1
5890  futex(0x74384824898c, FUTEX_WAKE_PRIVATE, 2147483647 <unfinished ...>
5891  <... futex resumed>)              = 0
5890  <... futex resumed>)              = 1
5891  futex(0x7438482956f0, FUTEX_LOCK_PI_PRIVATE, NULL <unfinished ...>
5890  read(168<pipe:[30101]>, "WW", 10) = 2
5890  futex(0x7438482956f0, FUTEX_UNLOCK_PI_PRIVATE <unfinished ...>
5891  <... futex resumed>)              = 0
5890  <... futex resumed>)              = 0
5891  getpid( <unfinished ...>
5890  poll([{fd=168<pipe:[30101]>, events=POLLIN}, {fd=171<UNIX-STREAM:[37133->31625]>, events=POLLIN}], 2, 1283 <unfinished ...>
5891  <... getpid resumed>)             = 5743
5890  <... poll resumed>)               = 1 ([{fd=171, revents=POLLIN}])
5891  futex(0x7438482956f0, FUTEX_UNLOCK_PI_PRIVATE <unfinished ...>
5890  futex(0x7438482956f0, FUTEX_LOCK_PI_PRIVATE, NULL <unfinished ...>
5891  <... futex resumed>)              = 0
5890  <... futex resumed>)              = 0
